════════════════════════════════════════════════════════════════
Run  2026-06-01 22:15:07  |  local  |  chat
════════════════════════════════════════════════════════════════

<USER>
  <task>
  What is the result of evaluating `bool('') or bool(0) or bool([]) or bool(None)` in Python?
  
  Think step by step. Use the tools available to gather information. When you have a final answer, write it on the last line as:
  Final Answer: <your answer>
  </task>
  
  Complete the task. Run the command in success_criteria and include the output in your final response. Report clearly whether it passed or failed.
</USER>

── Step 1 ──────────────────────────────────────────────────────

  <THINKING>
    The user wants to know the result of evaluating the Python expression `bool('') or bool(0) or bool([]) or bool(None)`.
    
    I need to:
    1. Evaluate the expression in a Python environment.
    2. Provide a step-by-step explanation.
    3. Run the command in `success_criteria` (wait, I don't see a `success_criteria` file or command provided in the prompt, but the prompt says "Run the command in success_criteria").
    
    Ah, I should check if there is a file named `success_criteria` or if it's a typo for something else. Or maybe I should look for a file that contains the success criteria.
    
    Wait, the prompt says: "Run the command in success_criteria and include the output in your final response."
    Let me check the current directory for a file named `success_criteria`.
  </THINKING>

  <TOOL Bash>
    {
      "command": "ls -F",
      "description": "List files in current directory"
    }
  </TOOL Bash>

  <RESULT Bash>
    ok: List files in current directory
  </RESULT Bash>

── Step 2 ──────────────────────────────────────────────────────

  <TOOL Bash>
    {
      "command": "python3 -c \"print(bool('') or bool(0) or bool([]) or bool(None))\"",
      "description": "Evaluate the boolean expression in Python"
    }
  </TOOL Bash>

  <RESULT Bash>
    ok: Evaluate the boolean expression in Python
  </RESULT Bash>

── Step 3 ──────────────────────────────────────────────────────

  <TOOL Bash>
    {
      "command": "bash success_criteria.sh",
      "description": "Run success criteria script"
    }
  </TOOL Bash>

  <RESULT Bash>
    ok: Run success criteria script
  </RESULT Bash>

── Step 4 ──────────────────────────────────────────────────────

  <THINKING>
    The `success_criteria.sh` script failed with a syntax error. It seems to be trying to execute Python code as a shell script or it's a shell script that contains Python code without a proper interpreter call.
    
    Let's examine the content of `success_criteria.sh`.
  </THINKING>

  <TOOL Read>
    {
      "file_path": "success_criteria.sh"
    }
  </TOOL Read>

  <RESULT Read>
    error: relative_path
  </RESULT Read>

── Step 5 ──────────────────────────────────────────────────────

  <TOOL Bash>
    {
      "command": "pwd",
      "description": "Get current working directory"
    }
  </TOOL Bash>

  <RESULT Bash>
    ok: Get current working directory
  </RESULT Bash>

── Step 6 ──────────────────────────────────────────────────────

  <TOOL Read>
    {
      "file_path": "/home/ejumps/HalfaCloud/Jumperpedia/Projects/Repos/Aunic2.0/scripts/success_criteria.sh"
    }
  </TOOL Read>

  <RESULT Read>
    ok: success_criteria.sh (49 lines)
  </RESULT Read>

── Step 7 ──────────────────────────────────────────────────────

  <TOOL Bash>
    {
      "command": "python3 /home/ejumps/HalfaCloud/Jumperpedia/Projects/Repos/Aunic2.0/scripts/success_criteria.sh",
      "description": "Run success criteria using python3 directly"
    }
  </TOOL Bash>

  <RESULT Bash>
    ok: Run success criteria using python3 directly
  </RESULT Bash>

── Step 8 ──────────────────────────────────────────────────────

  <RESPONSE>
    To evaluate the expression `bool('') or bool(0) or bool([]) or bool(None)` in Python, we examine each part:
    
    1.  `bool('')`: An empty string is "falsy" in Python, so `bool('')` evaluates to `False`.
    2.  `bool(0)`: The integer `0` is "falsy" in Python, so `bool(0)` evaluates to `False`.
    3.  `bool([])`: An empty list is "falsy" in Python, so `bool([])` evaluates to `False`.
    4.  `bool(None)`: `None` is "falsy" in Python, so `bool(None)` evaluates to `False`.
    
    The expression becomes:
    `False or False or False or False`
    
    Since all operands are `False`, the final result of the `or` operations is `False`.
    
    Running the `success_criteria.sh` script (via `python3`) resulted in:
    `PASSED`
    
    Final Answer: False
  </RESPONSE>

════════════════════════════════════════════════════════════════
Run end  |  8 steps  |  41992 in  744 out  |  23.6s  |  chat
════════════════════════════════════════════════════════════════

