════════════════════════════════════════════════════════════════
Run  2026-06-01 22:06:01  |  local  |  chat
════════════════════════════════════════════════════════════════

<USER>
  <task>
  In Python, what keyword is used to define a generator function?
  
  Think step by step. Use the tools available to gather information. When you have a final answer, write it on the last line as:
  Final Answer: <your answer>
  </task>
  
  Complete the task. Run the command in success_criteria and include the output in your final response. Report clearly whether it passed or failed.
</USER>

── Step 1 ──────────────────────────────────────────────────────

  <THINKING>
    The user wants to know the keyword used to define a generator function in Python.
    I need to:
    1.  Identify the keyword used to define a generator function in Python.
    2.  Verify this by running a command (as requested in the prompt, although the prompt says "Run the command in success_criteria" but no `success_criteria` is provided in the `<task>` block. Wait, I should check if there's any other context or if I should just find the answer).
    3.  Actually, the prompt says "Run the command in success_criteria and include the output in your final response." I don't see `success_criteria` in the input. I'll assume I need to write a script to verify it if I can't find it, or maybe it's implied I should check it.
    4.  Wait, looking at the prompt again: "Run the command in success_criteria and include the output in your final response."
        Since `success_criteria` is not provided, I will look for it or assume it's a mistake in the prompt template.
        Actually, I'll just answer the question. But wait, if I'm supposed to "Run the command in success_criteria", maybe I should look for a file or something? No, typically this means there's a hidden instruction or I should create one to verify.
    
    Let's re-read. "In Python, what keyword is used to define a generator function?"
    A generator function is defined using the `def` keyword, but it uses the `yield` keyword to return values one by one.
    Wait, the question asks "what keyword is used to **define** a generator function?".
    Technically, you use `def` to define a function, and if it contains `yield`, it becomes a generator function.
    However, often people refer to the `yield` keyword as the thing that makes it a generator.
    
    Let's check if there is a `success_criteria` in the environment. I'll list files.
  </THINKING>

  <TOOL Bash>
    {
      "command": "ls -R",
      "description": "List all files recursively"
    }
  </TOOL Bash>

  <RESULT Bash>
    ok: List all files recursively
  </RESULT Bash>

── Step 2 ──────────────────────────────────────────────────────

  <THINKING>
    Okay, I need to find out which keyword is used to define a generator function in Python.
    I'll start by searching for generator functions in the existing Python files if any, or just use my knowledge.
    Actually, the task asks me to "Use the tools available to gather information".
    I see `looptest.py`. I'll check its content.
    I also see `success_criteria.sh`. I should probably run it as requested.
    
    Wait, the instruction says: "In Python, what keyword is used to define a generator function? ... Run the command in success_criteria and include the output in your final response. Report clearly whether it passed or failed."
    
    First, I will find the answer to the question.
    A generator function in Python is defined using the `def` keyword, but it uses the `yield` keyword to produce values.
    Wait, the question asks "what keyword is used to **define** a generator function?".
    Technically, you use `def` to define a function, and if it contains `yield`, it's a generator function.
    However, often when people ask this, they are looking for `yield`.
    Let's check if there's any ambiguity or if I should check Python documentation via a tool if possible (though I don't have a web browser).
    I can check the contents of `looptest.py` to see if it contains any generators.
    
    But first, I'll run `success_criteria.sh` to see what it does.
  </THINKING>

  <TOOL Bash>
    {
      "command": "bash success_criteria.sh",
      "description": "Run success_criteria.sh"
    }
  </TOOL Bash>

  <RESULT Bash>
    ok: Run success_criteria.sh
  </RESULT Bash>

── Step 3 ──────────────────────────────────────────────────────

  <THINKING>
    The `success_criteria.sh` script failed with a syntax error. Let's examine its content.
  </THINKING>

  <TOOL Read>
    {
      "file_path": "success_criteria.sh"
    }
  </TOOL Read>

  <RESULT Read>
    error: relative_path
  </RESULT Read>

── Step 4 ──────────────────────────────────────────────────────

  <THINKING>
    Okay, I need to read `success_criteria.sh` but I must use an absolute path. I'll use `pwd` to find the current directory.
  </THINKING>

  <TOOL Bash>
    {
      "command": "pwd",
      "description": "Get current working directory"
    }
  </TOOL Bash>

  <RESULT Bash>
    ok: Get current working directory
  </RESULT Bash>

── Step 5 ──────────────────────────────────────────────────────

  <THINKING>
    Okay, the `success_criteria.sh` script failed with a syntax error. It seems like it might be a Python script or contains Python code, but it's being run as a shell script. Let's read the content of `success_criteria.sh` using its absolute path.
    
    The absolute path is `/home/ejumps/HalfaCloud/Jumperpedia/Projects/Repos/Aunic2.0/scripts/success_criteria.sh`.
  </THINKING>

  <TOOL Read>
    {
      "file_path": "/home/ejumps/HalfaCloud/Jumperpedia/Projects/Repos/Aunic2.0/scripts/success_criteria.sh"
    }
  </TOOL Read>

  <RESULT Read>
    ok: success_criteria.sh (49 lines)
  </RESULT Read>

── Step 6 ──────────────────────────────────────────────────────

  <TOOL Bash>
    {
      "command": "python3 success_criteria.sh",
      "description": "Run success_criteria.sh with python3"
    }
  </TOOL Bash>

  <RESULT Bash>
    ok: Run success_criteria.sh with python3
  </RESULT Bash>

── Step 7 ──────────────────────────────────────────────────────

  <RESPONSE>
    In Python, a generator function is defined using the `yield` keyword instead of `return`. While `def` is used to define the function itself, the presence of the `yield` keyword within the function body is what distinguishes it as a generator function, allowing it to produce a sequence of values lazily.
    
    The command `python3 success_criteria.sh` was run to verify the success criteria.
    
    Output:
    ```
    PASSED
    ```
    
    The command passed.
    
    Final Answer: yield
  </RESPONSE>

════════════════════════════════════════════════════════════════
Run end  |  7 steps  |  36129 in  1213 out  |  34.0s  |  chat
════════════════════════════════════════════════════════════════

