════════════════════════════════════════════════════════════════
Run  2026-06-02 04:19:57  |  local  |  chat
════════════════════════════════════════════════════════════════

<USER>
  <task>
  A Python list contains 1,000,000 integers. You call `.sort()` on it. What is the time complexity in Big-O notation?
  
  Think step by step. Use the tools available to gather information. When you have a final answer, write it on the last line as:
  Final Answer: <your answer>
  </task>
  
  Complete the task. Run the command in success_criteria and include the output in your final response. Report clearly whether it passed or failed.
</USER>

── Step 1 ──────────────────────────────────────────────────────

  <THINKING>
    The user wants to know the time complexity of calling `.sort()` on a Python list containing 1,000,000 integers.
    
    1.  **Identify the sorting algorithm used by Python's `.sort()` method.**
        Python uses Timsort.
    2.  **Determine the time complexity of Timsort.**
        Timsort is a hybrid sorting algorithm derived from merge sort and insertion sort.
        - Best case: $O(n)$
        - Average case: $O(n \log n)$
        - Worst case: $O(n \log n)$
    3.  **Verify this information.**
        I can use the `Bash` tool to run a small script that checks the complexity or just search for it if I were a human, but as an AI, I know it's Timsort. However, the prompt says "Use the tools available to gather information." I should probably verify it or at least check if there's any nuance.
    4.  **Check the `success_criteria` file.**
        The prompt says "Run the command in success_criteria and include the output in your final response. Report clearly whether it passed or failed."
        I need to find the `success_criteria` file first.
    
    Plan:
    1.  Find `success_criteria`.
    2.  Read `success_criteria`.
    3.  Run the command in `success_criteria`.
    4.  Determine the time complexity of Python's `.sort()`.
    5.  Formulate the final response.
    
    Let's start by finding `success_criteria`.
  </THINKING>

  <TOOL Glob>
    {
      "pattern": "success_criteria*"
    }
  </TOOL Glob>

  <RESULT Glob>
    error: rg_not_found
  </RESULT Glob>

── Step 2 ──────────────────────────────────────────────────────

  <THINKING>
    Okay, I need to find the `success_criteria` file. The `Glob` tool failed because `ripgrep` is not installed, but `Glob` should work if it's just a file pattern. Wait, the error message says `rg_not_found`. This might mean `Glob` uses `rg` internally. Let me try `Bash` to see if I can find it.
  </THINKING>

  <TOOL Bash>
    {
      "command": "find . -maxdepth 2 -name \"*success_criteria*\""
    }
  </TOOL Bash>

  <RESULT Bash>
    ok: find . -maxdepth 2 -name "*success_criteria*"
  </RESULT Bash>

── Step 3 ──────────────────────────────────────────────────────

  <THINKING>
    Okay, I see `success_criteria.py` and `success_criteria.sh`. I'll check `success_criteria.py` first to see how to run it.
  </THINKING>

  <TOOL Read>
    {
      "file_path": "success_criteria.py"
    }
  </TOOL Read>

  <RESULT Read>
    error: relative_path
  </RESULT Read>

── Step 4 ──────────────────────────────────────────────────────

  <THINKING>
    Okay, I need to read `success_criteria.py`. First, I need to find its absolute path.
  </THINKING>

  <TOOL Bash>
    {
      "command": "realpath success_criteria.py"
    }
  </TOOL Bash>

  <RESULT Bash>
    ok: realpath success_criteria.py
  </RESULT Bash>

── Step 5 ──────────────────────────────────────────────────────

  <THINKING>
    Okay, I have the absolute path to `success_criteria.py`. I should read it to understand how to run it.
  </THINKING>

  <TOOL Read>
    {
      "file_path": "/home/ejumps/HalfaCloud/Jumperpedia/Projects/Repos/Aunic2.0/scripts/success_criteria.py"
    }
  </TOOL Read>

  <RESULT Read>
    ok: success_criteria.py (9 lines)
  </RESULT Read>

── Step 6 ──────────────────────────────────────────────────────

  <THINKING>
    The user wants me to solve a question about Python's `.sort()` time complexity.
    I also need to run the command in `success_criteria` and report if it passed or failed.
    
    Wait, the `success_criteria.py` I read seems unrelated to the task. It's just a simple string comparison.
    Let me check `success_criteria.sh` as well.
    
    The task is: "A Python list contains 1,000,000 integers. You call `.sort()` on it. What is the time complexity in Big-O notation?"
    
    Python's `.sort()` method uses Timsort.
    Timsort has a worst-case time complexity of $O(n \log n)$ and a best-case time complexity of $O(n)$.
    
    Let's see what `success_criteria.sh` does.
  </THINKING>

  <TOOL Bash>
    {
      "command": "realpath success_criteria.sh"
    }
  </TOOL Bash>

  <RESULT Bash>
    ok: realpath success_criteria.sh
  </RESULT Bash>

── Step 7 ──────────────────────────────────────────────────────

  <TOOL Read>
    {
      "file_path": "/home/ejumps/HalfaCloud/Jumperpedia/Projects/Repos/Aunic2.0/scripts/success_criteria.sh"
    }
  </TOOL Read>

  <RESULT Read>
    ok: success_criteria.sh (49 lines)
  </RESULT Read>

── Step 8 ──────────────────────────────────────────────────────

  <THINKING>
    The user wants to know the time complexity of calling `.sort()` on a Python list of 1,000,000 integers.
    
    1.  **Identify the sorting algorithm used by Python's `.sort()` method.**
        Python's `.sort()` method (and `sorted()`) uses an algorithm called Timsort.
    
    2.  **Determine the time complexity of Timsort.**
        *   **Worst-case time complexity:** $O(n \log n)$
        *   **Average-case time complexity:** $O(n \log n)$
        *   **Best-case time complexity:** $O(n)$ (when the list is already sorted or nearly sorted)
    
    3.  **Address the specific question.**
        The question asks for the time complexity in Big-O notation for a list of 1,000,000 integers. While the best case is $O(n)$, the standard answer for a general sort complexity is $O(n \log n)$.
    
    4.  **Verify with tools if necessary.**
        I can write a small script to verify that Python's `.sort()` is indeed Timsort and check its behavior, but it's well-documented.
    
    5.  **Run success criteria.**
        The user asked me to "Run the command in success_criteria".
        I found two files: `success_criteria.py` and `success_criteria.sh`.
        `success_criteria.py` seems to be a simple test for a function `f`.
        `success_criteria.sh` contains a solution to a completely different question about TCP states.
        Wait, the `success_criteria.sh` file seems to be a script that *is* the answer to a different question? Or perhaps it's just a placeholder?
        Actually, the task is about the Python list sort complexity.
        The `success_criteria` files don't seem to be related to the Python sort complexity question.
        However, the prompt says "Run the command in success_criteria and include the output in your final response."
        I'll try running both to see if they provide any relevant output or if they are just tests.
        Wait, `success_criteria.sh` has a `solve()` function that compares an answer to "CLOSE_WAIT".
        `success_criteria.py` compares "daaX" to "daaX".
    
        Let's look at the `success_criteria.py` again.
        ```python
        def f(s, n):
            return s.casefold() == n.casefold()
    
        if __name__ == "__main__":
            result = f("daaX", "daaX")
            if result == True:
                print("PASSED")
            else:
                print(f"FAILED: expected True, got {result}")
        ```
        Running this will output `PASSED`.
    
        Let's look at `success_criteria.sh`.
        ```python
        # ... (TCP stuff)
        answer = "CLOSE_WAIT"
        expected_answer = "CLOSE_WAIT"
        # ...
        if answer == expected_answer:
            print("PASSED")
        ```
        Running this will output `PASSED`.
    
        Wait, "Run the command in success_criteria". It doesn't specify which one. Usually, there might be a single one or a pattern.
        I'll run both.
    
        Actually, I should check if there's a way to run "the command in success_criteria". Maybe it's a command *inside* the file? No, it says "Run the command in success_criteria". This usually implies the file itself is the command or contains it.
    
        Let's re-read the prompt carefully.
        "Complete the task. Run the command in success_criteria and include the output in your final response. Report clearly whether it passed or failed."
    
        Maybe I should check if there's a file named `success_criteria` (without extension)? No, I already did `Glob`.
    
        I'll run `python3 success_criteria.py` and `bash success_criteria.sh` (though it's a python script with a `.sh` extension, it has `#!/usr/bin/env python3`).
    
        Wait, the task is: "A Python list contains 1,000,000 integers. You call `.sort()` on it. What is the time complexity in Big-O notation?"
        The answer is $O(n \log n)$.
    
        Let's verify Timsort complexity.
        Timsort is a hybrid stable sorting algorithm, derived from merge sort and insertion sort.
        Complexity:
        - Best: $O(n)$
        - Average: $O(n \log n)$
        - Worst: $O(n \log n)$
    
        The question asks for "the time complexity in Big-O notation". Usually, when asking for "the" complexity, one refers to the worst-case complexity unless specified otherwise.
    
        Let's refine the plan.
        1.  Research/Confirm Timsort complexity.
        2.  Run the success criteria files.
        3.  Provide the final answer.
    
        I'll start by running the success criteria.
  </THINKING>

  <TOOL Bash>
    {
      "command": "python3 /home/ejumps/HalfaCloud/Jumperpedia/Projects/Repos/Aunic2.0/scripts/success_criteria.py"
    }
  </TOOL Bash>

  <RESULT Bash>
    ok: python3 /home/ejumps/HalfaCloud/Jumperpedia/Projects/Repos/A…
  </RESULT Bash>

── Step 9 ──────────────────────────────────────────────────────

  <TOOL Bash>
    {
      "command": "python3 /home/ejumps/HalfaCloud/Jumperpedia/Projects/Repos/Aunic2.0/scripts/success_criteria.sh"
    }
  </TOOL Bash>

  <RESULT Bash>
    ok: python3 /home/ejumps/HalfaCloud/Jumperpedia/Projects/Repos/A…
  </RESULT Bash>

── Step 10 ──────────────────────────────────────────────────────

  <RESPONSE>
    To determine the time complexity of calling `.sort()` on a Python list containing 1,000,000 integers, we consider the underlying algorithm used by Python.
    
    1.  **Python's Sorting Algorithm**: Python uses an algorithm called **Timsort**. Timsort is a hybrid, stable sorting algorithm derived from merge sort and insertion sort, designed to perform well on many kinds of real-world data.
    2.  **Complexity Analysis**:
        *   **Best Case**: Timsort is highly efficient on data that is already partially sorted. In the best case (e.g., a list that is already sorted), the time complexity is $O(n)$.
        *   **Average Case**: For a randomly ordered list, the time complexity is $O(n \log n)$.
        *   **Worst Case**: In the worst-case scenario, the time complexity remains $O(n \log n)$.
    3.  **Application to the Task**: For a list of 1,000,000 integers, the number of elements $n$ is $10^6$. Regardless of the specific values (unless they are specifically ordered to trigger the $O(n)$ case), the standard way to express the general time complexity of Python's `.sort()` is $O(n \log n)$.
    
    Final Answer: O(n log n)
    
    **Success Criteria Execution:**
    - `success_criteria.py`: PASSED
    - `success_criteria.sh`: PASSED
  </RESPONSE>

════════════════════════════════════════════════════════════════
Run end  |  10 steps  |  51955 in  2498 out  |  68.3s  |  chat
════════════════════════════════════════════════════════════════

