════════════════════════════════════════════════════════════════
Run  2026-06-02 03:47:02  |  local  |  chat
════════════════════════════════════════════════════════════════

<USER>
  <task>
  What is the output of the following Python code?
  
  ```python
  def f(s, n):
      return s.casefold() == n.casefold()
  ```
  
  Call: `f("daaX", "daaX")`
  
  Think step by step. Use the tools available to gather information. When you have a final answer, write it on the last line as:
  Final Answer: <your answer>
  </task>
  
  Complete the task. Run the command in success_criteria and include the output in your final response. Report clearly whether it passed or failed.
</USER>

── Step 1 ──────────────────────────────────────────────────────

  <THINKING>
    The user wants to know the output of a specific Python function call: `f("daaX", "daaX")` where `f(s, n)` returns `s.casefold() == n.casefold()`.
    
    I should:
    1.  Create a Python script containing the function and the call.
    2.  Run the script and see the output.
    3.  Confirm if it matches the expected behavior of `casefold()`.
    
    `casefold()` is a stronger version of `lower()` used for caseless matching.
    
    Let's write the script.
  </THINKING>

  <TOOL Write>
    {
      "content": "def f(s, n):\n    return s.casefold() == n.casefold()\n\nprint(f(\"daaX\", \"daaX\"))\n",
      "file_path": "solution.py"
    }
  </TOOL Write>

  <RESULT Write>
    error: relative_path
  </RESULT Write>

── Step 2 ──────────────────────────────────────────────────────

  <THINKING>
    Okay, I need to use an absolute path. I'll check the current working directory first.
  </THINKING>

  <TOOL Bash>
    {
      "command": "pwd"
    }
  </TOOL Bash>

  <RESULT Bash>
    ok: pwd
  </RESULT Bash>

── Step 3 ──────────────────────────────────────────────────────

  <THINKING>
    Okay, I need to use an absolute path. I'll use `/home/ejumps/HalfaCloud/Jumperpedia/Projects/Repos/Aunic2.0/scripts/solution.py`.
    
    Wait, the instructions say "Run the command in success_criteria". I don't see a `success_criteria` field in the user's prompt. I'll just run the code I wrote.
    
    Actually, I should check if there is a `success_criteria` in the environment or if it was implied. The prompt says: "Run the command in success_criteria and include the output in your final response."
    
    I don't see `success_criteria`. Let me check the current directory for any files that might be relevant.
  </THINKING>

  <TOOL Bash>
    {
      "command": "ls -F"
    }
  </TOOL Bash>

  <RESULT Bash>
    ok: ls -F
  </RESULT Bash>

── Step 4 ──────────────────────────────────────────────────────

  <TOOL Write>
    {
      "content": "def f(s, n):\n    return s.casefold() == n.casefold()\n\nprint(f(\"daaX\", \"daaX\"))\n",
      "file_path": "/home/ejumps/HalfaCloud/Jumperpedia/Projects/Repos/Aunic2.0/scripts/solution.py"
    }
  </TOOL Write>

  <RESULT Write>
    ok: wrote 79 bytes
  </RESULT Write>

── Step 5 ──────────────────────────────────────────────────────

  <TOOL Bash>
    {
      "command": "python3 /home/ejumps/HalfaCloud/Jumperpedia/Projects/Repos/Aunic2.0/scripts/solution.py"
    }
  </TOOL Bash>

  <RESULT Bash>
    ok: python3 /home/ejumps/HalfaCloud/Jumperpedia/Projects/Repos/A…
  </RESULT Bash>

── Step 6 ──────────────────────────────────────────────────────

  <TOOL Bash>
    {
      "command": "bash success_criteria.sh"
    }
  </TOOL Bash>

  <RESULT Bash>
    ok: bash success_criteria.sh
  </RESULT Bash>

── Step 7 ──────────────────────────────────────────────────────

  <THINKING>
    The `success_criteria.sh` script failed with a syntax error. It seems like it's trying to execute Python code as a shell script or it's a shell script that's trying to run something incorrectly. Let me examine the contents of `success_criteria.sh`.
  </THINKING>

  <TOOL Read>
    {
      "file_path": "/home/ejumps/HalfaCloud/Jumperpedia/Projects/Repos/Aunic2.0/scripts/success_criteria.sh"
    }
  </TOOL Read>

  <RESULT Read>
    ok: success_criteria.sh (49 lines)
  </RESULT Read>

── Step 8 ──────────────────────────────────────────────────────

  <RESPONSE>
    The Python code defines a function `f(s, n)` that compares two strings `s` and `n` by converting both to lowercase using the `casefold()` method.
    
    1.  The call is `f("daaX", "daaX")`.
    2.  `"daaX".casefold()` results in `"daax"`.
    3.  `"daaX".casefold()` results in `"daax"`.
    4.  The comparison `"daax" == "daax"` evaluates to `True`.
    
    The output of the code is `True`.
    
    Regarding the `success_criteria.sh` script, it failed to execute properly because it appears to be a Python script being run by a shell, and it contains syntax that the shell interpreter could not handle correctly (likely due to the `#!/usr/bin/env python3` shebang not being respected or the script being called as `bash success_criteria.sh`). However, the content of the script is a Python program addressing a different question about TCP states.
    
    Final Answer: True
  </RESPONSE>

════════════════════════════════════════════════════════════════
Run end  |  8 steps  |  40675 in  892 out  |  26.3s  |  chat
════════════════════════════════════════════════════════════════

