════════════════════════════════════════════════════════════════
Run  2026-06-02 06:46:58  |  local  |  chat
════════════════════════════════════════════════════════════════

<USER>
  <task>
  What is the output of the following Python code?
  
  ```python
  def f(text, position, value):
     length = len(text)
     index = position % (length)
     if position < 0:
         index = length // 2
     new_text = list(text)
     new_text.insert(index, value)
     new_text.pop(length-1)
     return ''.join(new_text)
  ```
  
  Call: `f('sduyai', 1, 'y')`
  
  Think step by step. Use the tools available to gather information. When you have a final answer, write it on the last line as:
  Final Answer: <your answer>
  </task>
  
  Complete the task. Run the command in success_criteria and include the output in your final response. Report clearly whether it passed or failed.
</USER>

── Step 1 ──────────────────────────────────────────────────────

  <THINKING>
    The user wants to find the output of a specific Python function call: `f('sduyai', 1, 'y')`.
    
    Function definition:
    ```python
    def f(text, position, value):
       length = len(text)
       index = position % (length)
       if position < 0:
           index = length // 2
       new_text = list(text)
       new_text.insert(index, value)
       new_text.pop(length-1)
       return ''.join(new_text)
    ```
    
    Call: `f('sduyai', 1, 'y')`
    
    Let's trace it manually first:
    1. `text = 'sduyai'`, `position = 1`, `value = 'y'`
    2. `length = len('sduyai')` -> `6`
    3. `index = 1 % 6` -> `1`
    4. `if position < 0:` -> `1 < 0` is `False`.
    5. `new_text = list('sduyai')` -> `['s', 'd', 'u', 'y', 'a', 'i']`
    6. `new_text.insert(1, 'y')` -> `['s', 'y', 'd', 'u', 'y', 'a', 'i']`
    7. `new_text.pop(6-1)` -> `new_text.pop(5)`
       The list is `['s', 'y', 'd', 'u', 'y', 'a', 'i']`.
       Indices:
       0: 's'
       1: 'y'
       2: 'd'
       3: 'u'
       4: 'y'
       5: 'a'
       6: 'i'
       Wait, `new_text.pop(5)` will remove the element at index 5.
       Let's re-evaluate the list after `insert(1, 'y')`:
       Original: `['s', 'd', 'u', 'y', 'a', 'i']` (indices 0-5)
       After `insert(1, 'y')`: `['s', 'y', 'd', 'u', 'y', 'a', 'i']` (indices 0-6)
       `length` was 6.
       `new_text.pop(length-1)` -> `new_text.pop(5)`.
       The element at index 5 is 'a'.
       So `new_text` becomes `['s', 'y', 'd', 'u', 'y', 'i']`.
    8. `return ''.join(new_text)` -> `'syduyi'`
    
    Wait, let me double check the `pop` part.
    `new_text` after insert: `['s', 'y', 'd', 'u', 'y', 'a', 'i']`
    Index 0: s
    Index 1: y
    Index 2: d
    Index 3: u
    Index 4: y
    Index 5: a
    Index 6: i
    
    `length` was 6. `length - 1` is 5.
    `new_text.pop(5)` removes 'a'.
    Result: `['s', 'y', 'd', 'u', 'y', 'i']` -> `'syduyi'`
    
    Let's verify with a script.
  </THINKING>

  <TOOL Write>
    {
      "content": "def f(text, position, value):\n   length = len(text)\n   index = position % (length)\n   if position \u003c 0:\n       index = length // 2\n   new_text = list(text)\n   new_text.insert(index, value)\n   new_text.pop(length-1)\n   return ''.join(new_text)\n\nprint(f('sduyai', 1, 'y'))\n",
      "file_path": "solution.py"
    }
  </TOOL Write>

  <RESULT Write>
    error: relative_path
  </RESULT Write>

── Step 2 ──────────────────────────────────────────────────────

  <THINKING>
    Okay, I need to use an absolute path. I'll check the current directory first.
  </THINKING>

  <TOOL Bash>
    {
      "command": "pwd"
    }
  </TOOL Bash>

  <RESULT Bash>
    ok: pwd
  </RESULT Bash>

── Step 3 ──────────────────────────────────────────────────────

  <THINKING>
    Okay, I need to use an absolute path for `Write`. I'll use `/home/ejumps/HalfaCloud/Jumperpedia/Projects/Repos/Aunic2.0/scripts/solution.py`.
    
    Wait, I should check if there's a better way to get the absolute path of the current directory. `pwd` gave me `/home/ejumps/HalfaCloud/Jumperpedia/Projects/Repos/Aunic2.0/scripts`.
    
    Let's try writing the file again with the absolute path.
  </THINKING>

  <TOOL Write>
    {
      "content": "def f(text, position, value):\n   length = len(text)\n   index = position % (length)\n   if position \u003c 0:\n       index = length // 2\n   new_text = list(text)\n   new_text.insert(index, value)\n   new_text.pop(length-1)\n   return ''.join(new_text)\n\nprint(f('sduyai', 1, 'y'))\n",
      "file_path": "/home/ejumps/HalfaCloud/Jumperpedia/Projects/Repos/Aunic2.0/scripts/solution.py"
    }
  </TOOL Write>

  <RESULT Write>
    ok: wrote 270 bytes
  </RESULT Write>

── Step 4 ──────────────────────────────────────────────────────

  <TOOL Bash>
    {
      "command": "python3 /home/ejumps/HalfaCloud/Jumperpedia/Projects/Repos/Aunic2.0/scripts/solution.py"
    }
  </TOOL Bash>

  <RESULT Bash>
    ok: python3 /home/ejumps/HalfaCloud/Jumperpedia/Projects/Repos/A…
  </RESULT Bash>

── Step 5 ──────────────────────────────────────────────────────

  <RESPONSE>
    The Python code provided is:
    
    ```python
    def f(text, position, value):
       length = len(text)
       index = position % (length)
       if position < 0:
           index = length // 2
       new_text = list(text)
       new_text.insert(index, value)
       new_text.pop(length-1)
       return ''.join(new_text)
    ```
    
    Let's trace the execution of `f('sduyai', 1, 'y')` step by step:
    
    1.  **Input Arguments**: `text = 'sduyai'`, `position = 1`, `value = 'y'`.
    2.  **Length Calculation**: `length = len('sduyai')` which is `6`.
    3.  **Index Calculation**: `index = 1 % 6` which is `1`.
    4.  **Negative Position Check**: `position` (1) is not less than 0, so the `if` block is skipped.
    5.  **List Conversion**: `new_text = list('sduyai')` which is `['s', 'd', 'u', 'y', 'a', 'i']`.
    6.  **Insertion**: `new_text.insert(1, 'y')` inserts `'y'` at index 1.
        *   `new_text` becomes `['s', 'y', 'd', 'u', 'y', 'a', 'i']`.
    7.  **Pop Operation**: `new_text.pop(length - 1)` where `length - 1` is `6 - 1 = 5`.
        *   The element at index 5 in `['s', 'y', 'd', 'u', 'y', 'a', 'i']` is `'a'`.
        *   After popping `'a'`, `new_text` becomes `['s', 'y', 'd', 'u', 'y', 'i']`.
    8.  **Return**: `''.join(['s', 'y', 'd', 'u', 'y', 'i'])` returns `'syduyi'`.
    
    Final Answer: syduyi
  </RESPONSE>

════════════════════════════════════════════════════════════════
Run end  |  5 steps  |  24252 in  1748 out  |  45.6s  |  chat
════════════════════════════════════════════════════════════════

