════════════════════════════════════════════════════════════════
Run  2026-06-02 04:56:41  |  local  |  chat
════════════════════════════════════════════════════════════════

<USER>
  <task>
  What is the output of the following Python code?
  
  ```python
  def f(s):
      return sum([s.istitle() for s in s.split()])
  ```
  
  Call: `f('SOME OF THIS Is uknowN!')`
  
  Think step by step. Use the tools available to gather information. When you have a final answer, write it on the last line as:
  Final Answer: <your answer>
  </task>
  
  Complete the task. Run the command in success_criteria and include the output in your final response. Report clearly whether it passed or failed.
</USER>

── Step 1 ──────────────────────────────────────────────────────

  <THINKING>
    The user wants to find the output of a specific Python function `f(s)` when called with the argument `'SOME OF THIS Is uknowN!'`.
    
    Function definition:
    ```python
    def f(s):
        return sum([s.istitle() for s in s.split()])
    ```
    
    Input: `'SOME OF THIS Is uknowN!'`
    
    Steps:
    1.  Split the string into words: `'SOME OF THIS Is uknowN!'`.split()
    2.  Check `istitle()` for each word.
    3.  Sum the boolean values (True=1, False=0).
    
    Let's analyze the words:
    - `'SOME'`: `istitle()` -> False (all uppercase)
    - `'OF'`: `istitle()` -> False (all uppercase)
    - `'THIS'`: `istitle()` -> False (all uppercase)
    - `'Is'`: `istitle()` -> True (first letter uppercase, rest lowercase)
    - `'uknowN!'`: `istitle()` -> False ('u' is lowercase, 'N' is uppercase)
    
    Wait, let's double check `istitle()` behavior.
    `str.istitle()`: Return True if the string is a titlecased string and there is at least one character, for example uppercase characters may only follow uncased characters and lowercase characters only cased ones. Return False otherwise.
    
    Example:
    `"Hello World".istitle()` -> True
    `"Hello world".istitle()` -> True
    `"HELLO WORLD".istitle()` -> False
    `"Is".istitle()` -> True
    `"uknowN!".istitle()` -> False
    
    Let's verify with a python script.
  </THINKING>

  <TOOL todo_write>
    {
      "todos": [
        "Verify the Python code output using a script",
        "Confirm the final answer"
      ]
    }
  </TOOL todo_write>

  <RESULT todo_write>
    error: apply_unavailable
  </RESULT todo_write>

── Step 2 ──────────────────────────────────────────────────────

  <TOOL Bash>
    {
      "command": "cat \u003c\u003cEOF \u003e solution.py\ndef f(s):\n    return sum([s.istitle() for s in s.split()])\n\nprint(f('SOME OF THIS Is uknowN!'))\nEOF\npython3 solution.py\n",
      "description": "Run the Python code to find the output."
    }
  </TOOL Bash>

  <RESULT Bash>
    ok: Run the Python code to find the output.
  </RESULT Bash>

── Step 3 ──────────────────────────────────────────────────────

  <RESPONSE>
    The output of the code is `1`.
    
    Here's the step-by-step breakdown:
    1.  The function `f(s)` splits the input string `s` into a list of words using `s.split()`.
    2.  For the input `'SOME OF THIS Is uknowN!'`, `s.split()` produces `['SOME', 'OF', 'THIS', 'Is', 'uknowN!']`.
    3.  The list comprehension `[s.istitle() for s in s.split()]` checks if each word is "titlecase" (where the first character is uppercase and the remaining characters are lowercase).
        *   `'SOME'.istitle()` is `False`
        *   `'OF'.istitle()` is `False`
        *   `'THIS'.istitle()` is `False`
        *   `'Is'.istitle()` is `True`
        *   `'uknowN!'.istitle()` is `False`
    4.  The resulting list is `[False, False, False, True, False]`.
    5.  `sum([False, False, False, True, False])` treats `True` as `1` and `False` as `0`, resulting in `1`.
    
    Final Answer: 1
  </RESPONSE>

════════════════════════════════════════════════════════════════
Run end  |  3 steps  |  13725 in  769 out  |  20.2s  |  chat
════════════════════════════════════════════════════════════════

