════════════════════════════════════════════════════════════════
Run  2026-06-02 05:08:55  |  local  |  chat
════════════════════════════════════════════════════════════════

<USER>
  <task>
  What is the result of evaluating `bool('') or bool(0) or bool([]) or bool(None)` in Python?
  
  Think step by step. Use the tools available to gather information. When you have a final answer, write it on the last line as:
  Final Answer: <your answer>
  </task>
  
  Complete the task. Run the command in success_criteria and include the output in your final response. Report clearly whether it passed or failed.
</USER>

── Step 1 ──────────────────────────────────────────────────────

  <THINKING>
    The user wants to find the result of evaluating `bool('') or bool(0) or bool([]) or bool(None)` in Python.
    
    I will:
    1. Create a temporary python file or just run it via `Bash`.
    2. Evaluate the expression.
    3. Report the result.
    4. Check the `success_criteria` (Wait, I don't see a `success_criteria` in the prompt, but the instructions say "Run the command in success_criteria and include the output in your final response". I should check if there's a file or something named `success_criteria` or if it's part of the environment. Looking at the prompt, it's not explicitly provided. Maybe it's in a file? I'll check the current directory.)
    
    Wait, the prompt says "Run the command in success_criteria". This usually implies there's a file named `success_criteria` or something similar that contains a command to verify the answer.
    
    Let's start by exploring the environment.
  </THINKING>

  <TOOL Bash>
    {
      "command": "ls -F"
    }
  </TOOL Bash>

  <RESULT Bash>
    ok: ls -F
  </RESULT Bash>

── Step 2 ──────────────────────────────────────────────────────

  <THINKING>
    Okay, I need to evaluate `bool('') or bool(0) or bool([]) or bool(None)` in Python.
    I can use `python3` to evaluate this expression.
    I also need to run the command in `success_criteria` and include the output.
    First, I'll check the content of `success_criteria.py` or `success_criteria.sh` to see what command I should run.
  </THINKING>

  <TOOL Bash>
    {
      "command": "ls -F success_criteria*"
    }
  </TOOL Bash>

  <RESULT Bash>
    ok: ls -F success_criteria*
  </RESULT Bash>

── Step 3 ──────────────────────────────────────────────────────

  <TOOL Bash>
    {
      "command": "cat success_criteria.py"
    }
  </TOOL Bash>

  <RESULT Bash>
    ok: cat success_criteria.py
  </RESULT Bash>

── Step 4 ──────────────────────────────────────────────────────

  <THINKING>
    The user wants me to evaluate `bool('') or bool(0) or bool([]) or bool(None)` in Python.
    
    Step 1: Evaluate each `bool()` call.
    - `bool('')`: An empty string is falsy in Python. So `bool('')` is `False`.
    - `bool(0)`: The integer `0` is falsy in Python. So `bool(0)` is `False`.
    - `bool([])`: An empty list is falsy in Python. So `bool([])` is `False`.
    - `bool(None)`: `None` is falsy in Python. So `bool(None)` is `False`.
    
    Step 2: Evaluate the `or` expression.
    `False or False or False or False` evaluates to `False`.
    
    Step 3: Verify with Python.
    I will run a python command to confirm.
    
    Step 4: Run `success_criteria.py` as requested.
    The user asked to "Run the command in success_criteria and include the output in your final response. Report clearly whether it passed or failed."
    Wait, `success_criteria.py` seems to have nothing to do with the boolean evaluation. It's a script that checks some function `f`.
    The task says: "What is the result of evaluating `bool('') or bool(0) or bool([]) or bool(None)` in Python?"
    And then: "Run the command in success_criteria and include the output in your final response. Report clearly whether it passed or failed."
    
    I should probably run `python3 success_criteria.py`.
    
    Let's start by verifying the boolean expression.
  </THINKING>

  <TOOL Bash>
    {
      "command": "python3 -c \"print(bool('') or bool(0) or bool([]) or bool(None))\""
    }
  </TOOL Bash>

  <RESULT Bash>
    ok: python3 -c "print(bool('') or bool(0) or bool([]) or bool(No…
  </RESULT Bash>

── Step 5 ──────────────────────────────────────────────────────

  <TOOL Bash>
    {
      "command": "python3 success_criteria.py"
    }
  </TOOL Bash>

  <RESULT Bash>
    ok: python3 success_criteria.py
  </RESULT Bash>

── Step 6 ──────────────────────────────────────────────────────

  <RESPONSE>
    The expression `bool('') or bool(0) or bool([]) or bool(None)` evaluates as follows in Python:
    
    1.  `bool('')`: An empty string is falsy, so `bool('')` is `False`.
    2.  `bool(0)`: The integer `0` is falsy, so `bool(0)` is `False`.
    3.  `bool([])`: An empty list is falsy, so `bool([])` is `False`.
    4.  `bool(None)`: `None` is falsy, so `bool(None)` is `False`.
    
    The expression becomes `False or False or False or False`, which evaluates to `False`.
    
    Running the command in `success_criteria.py`:
    ```bash
    python3 success_criteria.py
    ```
    Output:
    ```
    PASSED
    ```
    
    Final Answer: False
  </RESPONSE>

════════════════════════════════════════════════════════════════
Run end  |  6 steps  |  29781 in  976 out  |  27.4s  |  chat
════════════════════════════════════════════════════════════════

