════════════════════════════════════════════════════════════════
Run  2026-06-02 05:14:32  |  local  |  chat
════════════════════════════════════════════════════════════════

<USER>
  <task>
  A Python list contains 1,000,000 integers. You call `.sort()` on it. What is the time complexity in Big-O notation?
  
  Think step by step. Use the tools available to gather information. When you have a final answer, write it on the last line as:
  Final Answer: <your answer>
  </task>
  
  Complete the task. Run the command in success_criteria and include the output in your final response. Report clearly whether it passed or failed.
</USER>

── Step 1 ──────────────────────────────────────────────────────

  <THINKING>
    The user wants to know the time complexity of calling `.sort()` on a Python list containing 1,000,000 integers.
    
    Python's `.sort()` method uses Timsort.
    Timsort is a hybrid sorting algorithm derived from merge sort and insertion sort.
    Its average and worst-case time complexity is $O(n \log n)$.
    Its best-case time complexity is $O(n)$ (when the list is already sorted).
    
    I should verify this using the available tools if possible, or at least confirm it. The prompt asks me to "Use the tools available to gather information". I can write a script to measure the time taken for different sizes of lists and see if it matches $O(n \log n)$.
    
    However, the prompt also says "Run the command in success_criteria and include the output in your final response. Report clearly whether it passed or failed."
    But there is no `success_criteria` provided in the prompt. Wait, looking at the prompt again.
    The prompt ends with: "Complete the task. Run the command in success_criteria and include the output in your final response. Report clearly whether it passed or failed."
    I don't see a `success_criteria` field in the input.
    
    Ah, I see the `<task>` tag. There is no `success_criteria` tag.
    Wait, maybe the user *meant* to provide a success criteria or it's part of a larger framework.
    If it's not there, I can't run it.
    
    Let's re-read.
    `<task>`
    A Python list contains 1,000,000 integers. You call `.sort()` on it. What is the time complexity in Big-O notation?
    Think step by step. Use the tools available to gather information. When you have a final answer, write it on the last line as:
    Final Answer: <your answer>
    `</task>`
    
    I will:
    1. Research/Verify Timsort complexity.
    2. Write a small script to demonstrate the complexity (optional but good for "thinking step by step" and "using tools").
    3. Provide the answer.
    
    Wait, I should check if there's a hidden file or something? No.
    Maybe I should check if there are any files in the current directory that might contain "success_criteria".
    
    Let's start by exploring the environment.
  </THINKING>

  <TOOL Bash>
    {
      "command": "ls -R"
    }
  </TOOL Bash>

  <RESULT Bash>
    ok: ls -R
  </RESULT Bash>

── Step 2 ──────────────────────────────────────────────────────

  <THINKING>
    Okay, the task is to determine the time complexity of calling `.sort()` on a Python list containing 1,000,000 integers.
    I also need to run the command in `success_criteria` and include the output in my final response, reporting whether it passed or failed.
    
    First, I'll investigate `success_criteria`. It could be a Python script or a shell script.
  </THINKING>

  <TOOL Bash>
    {
      "command": "ls success_criteria*"
    }
  </TOOL Bash>

  <RESULT Bash>
    ok: ls success_criteria*
  </RESULT Bash>

── Step 3 ──────────────────────────────────────────────────────

  <THINKING>
    Okay, I need to find the time complexity of `.sort()` on a Python list of 1,000,000 integers.
    Python's `.sort()` method uses Timsort.
    Timsort is a hybrid sorting algorithm derived from merge sort and insertion sort.
    The time complexity of Timsort is:
    - Best case: $O(n)$
    - Average case: $O(n \log n)$
    - Worst case: $O(n \log n)$
    
    The question asks for the time complexity in Big-O notation. Usually, when people ask for "the" time complexity, they refer to the worst-case or average-case complexity, which is $O(n \log n)$.
    
    I should also check `success_criteria.py` to see how the answer is validated.
  </THINKING>

  <TOOL Read>
    {
      "file_path": "success_criteria.py"
    }
  </TOOL Read>

  <RESULT Read>
    error: relative_path
  </RESULT Read>

── Step 4 ──────────────────────────────────────────────────────

  <TOOL Bash>
    {
      "command": "pwd"
    }
  </TOOL Bash>

  <RESULT Bash>
    ok: pwd
  </RESULT Bash>

── Step 5 ──────────────────────────────────────────────────────

  <TOOL Read>
    {
      "file_path": "/home/ejumps/HalfaCloud/Jumperpedia/Projects/Repos/Aunic2.0/scripts/success_criteria.py"
    }
  </TOOL Read>

  <RESULT Read>
    ok: success_criteria.py (17 lines)
  </RESULT Read>

── Step 6 ──────────────────────────────────────────────────────

  <TOOL Bash>
    {
      "command": "python3 success_criteria.py"
    }
  </TOOL Bash>

  <RESULT Bash>
    ok: python3 success_criteria.py
  </RESULT Bash>

── Step 7 ──────────────────────────────────────────────────────

  <RESPONSE>
    Python's `.sort()` method uses the Timsort algorithm, which is a hybrid stable sorting algorithm derived from merge sort and insertion sort. For a list of $n$ elements, the time complexity is:
    
    *   **Worst-case:** $O(n \log n)$
    *   **Average-case:** $O(n \log n)$
    *   **Best-case:** $O(n)$ (when the list is already sorted or nearly sorted)
    
    In Big-O notation, which typically refers to the upper bound (worst-case), the complexity is $O(n \log n)$.
    
    The command in `success_criteria.py` was executed and returned:
    `PASSED`
    
    Final Answer: O(n log n)
  </RESPONSE>

════════════════════════════════════════════════════════════════
Run end  |  7 steps  |  35348 in  1094 out  |  30.4s  |  chat
════════════════════════════════════════════════════════════════

