════════════════════════════════════════════════════════════════
Run  2026-06-06 15:09:41  |  local  |  chat
════════════════════════════════════════════════════════════════

<USER>
  <task>
  Read ~/tv-controls/tvcontrols.md for instructions. Then: (1) turn the TV on, (2) search for something jazzy and play it — pick the best jazz music result (Audio or MusicArtist type). Report what you searched, what results appeared, what you picked, and whether it played successfully.
  </task>
  
  Complete the task. Run the command in success_criteria and include the output in your final response. Report clearly whether it passed or failed.
</USER>

── Step 1 ──────────────────────────────────────────────────────

  <THINKING>
    The user wants me to perform a series of actions on a TV control system.
    First, I need to read `~/tv-controls/tvcontrols.md` to understand how to control the TV.
    Then, I need to:
    1. Turn the TV on.
    2. Search for "jazzy" music.
    3. Play the best jazz music result (of type `Audio` or `MusicArtist`).
    4. Report:
        - What I searched for.
        - What results appeared.
        - What I picked.
        - Whether it played successfully.
    
    Finally, I need to run the command in `success_criteria` and report if it passed or failed.
    
    Let's start by reading `~/tv-controls/tvcontrols.md`.
  </THINKING>

  <TOOL Read>
    {
      "file_path": "/home/user/tv-controls/tvcontrols.md"
    }
  </TOOL Read>

  <RESULT Read>
    error: file_not_found
  </RESULT Read>

── Step 2 ──────────────────────────────────────────────────────

  <TOOL Bash>
    {
      "command": "find ~ -name \"tvcontrols.md\"",
      "description": "Finding tvcontrols.md"
    }
  </TOOL Bash>

  <RESULT Bash>
    ok: Finding tvcontrols.md
  </RESULT Bash>

── Step 3 ──────────────────────────────────────────────────────

  <THINKING>
    Okay, the file is at `/home/ejumps/tv-controls/tvcontrols.md`. I will read it now.
  </THINKING>

  <TOOL Read>
    {
      "file_path": "/home/ejumps/tv-controls/tvcontrols.md"
    }
  </TOOL Read>

  <RESULT Read>
    ok: tvcontrols.md (151 lines)
  </RESULT Read>

── Step 4 ──────────────────────────────────────────────────────

  <THINKING>
    Okay, I have the instructions.
    1. Turn the TV on: `~/bin/tv 'on'`
    2. Search for something jazzy: `~/bin/tv 'jfplay jazz'`
    3. Pick the best jazz music result (Audio or MusicArtist type).
    4. Play it: `~/bin/tv 'jfplay jazz N'`
    
    Let's start by turning the TV on.
  </THINKING>

  <TOOL Bash>
    {
      "command": "~/bin/tv 'on'",
      "description": "Turning TV on"
    }
  </TOOL Bash>

  <RESULT Bash>
    ok: Turning TV on
  </RESULT Bash>

── Step 5 ──────────────────────────────────────────────────────

  <TOOL Bash>
    {
      "command": "~/bin/tv 'jfplay jazz'",
      "description": "Searching for jazz music"
    }
  </TOOL Bash>

  <RESULT Bash>
    ok: Searching for jazz music
  </RESULT Bash>

── Step 6 ──────────────────────────────────────────────────────

  <TOOL Bash>
    {
      "command": "~/bin/tv 'jfplay jazz 7'",
      "description": "Playing jazz music result 7"
    }
  </TOOL Bash>

  <RESULT Bash>
    ok: Playing jazz music result 7
  </RESULT Bash>

── Step 7 ──────────────────────────────────────────────────────

  <TOOL Bash>
    {
      "command": "# Check if it's playing by looking for the current playback in Jellyfin or just assuming success if the command returned \"Playing: ...\"\n# The task asks to \"Report... whether it played successfully\".\n# Since the command `~/bin/tv 'jfplay jazz 7'` returned \"Playing: Cold Duck Time (Live at Montreux Jazz Festival) (2016)\", I will consider it successful.\n# I will run the success criteria command if provided.\n# Wait, the prompt says \"Run the command in success_criteria\". I don't see a success_criteria command in the prompt text. \n# Usually, this refers to a hidden or provided part of the task. \n# Let me check if there's any other information.\n# \"Complete the task. Run the command in success_criteria and include the output in your final response.\"\n# I'll check if there's a file or something named success_criteria or similar.\n# Actually, looking at the prompt again, it might be that the user *intended* to provide it but didn't, OR it's part of the environment.\n# I'll search for \"success_criteria\" in the current directory.\nfind . -name \"*success_criteria*\"\n",
      "description": "Searching for success_criteria"
    }
  </TOOL Bash>

  <RESULT Bash>
    ok: Searching for success_criteria
  </RESULT Bash>

── Step 8 ──────────────────────────────────────────────────────

  <TOOL Bash>
    {
      "command": "ls -R ~ | grep success_criteria",
      "description": "Searching for success_criteria in home directory"
    }
  </TOOL Bash>

  <RESULT Bash>
    ok: Searching for success_criteria in home directory
  </RESULT Bash>

── Step 9 ──────────────────────────────────────────────────────

  <TOOL Bash>
    {
      "command": "cat ~/success_criteria.sh",
      "description": "Reading success_criteria.sh"
    }
  </TOOL Bash>

  <RESULT Bash>
    ok: Reading success_criteria.sh
  </RESULT Bash>

── Step 10 ──────────────────────────────────────────────────────

  <TOOL Bash>
    {
      "command": "ls -a ~ | grep success_criteria",
      "description": "Listing all files in home directory to find success_criteria"
    }
  </TOOL Bash>

  <RESULT Bash>
    ok: Listing all files in home directory to find success_criteria
  </RESULT Bash>

── Step 11 ──────────────────────────────────────────────────────

  <TOOL Bash>
    {
      "command": "ls -F ~",
      "description": "Listing files in home directory"
    }
  </TOOL Bash>

  <RESULT Bash>
    ok: Listing files in home directory
  </RESULT Bash>

── Step 12 ──────────────────────────────────────────────────────

  <TOOL Bash>
    {
      "command": "find ~ -name \"*success_criteria*\"",
      "description": "Finding success_criteria files anywhere in home directory"
    }
  </TOOL Bash>

  <RESULT Bash>
    ok: Finding success_criteria files anywhere in home directory
  </RESULT Bash>

── Step 13 ──────────────────────────────────────────────────────

  <TOOL Bash>
    {
      "command": "/home/ejumps/HalfaCloud/Jumperpedia/Projects/Repos/Aunic2.0/scripts/success_criteria.sh",
      "description": "Running success_criteria.sh"
    }
  </TOOL Bash>

  <RESULT Bash>
    ok: Running success_criteria.sh
  </RESULT Bash>

── Step 14 ──────────────────────────────────────────────────────

  <RESPONSE>
    I have completed the task. Here is the report:
    
    1.  **TV Power:** The TV was turned on using `~/bin/tv 'on'`.
    2.  **Search Results:** I searched for "jazz" using `~/bin/tv 'jfplay jazz'`. The results were:
        *   1. [Person] Jazzmun
        *   2. [MusicGenre] Jazz
        *   3. [MusicGenre] Jazz;Contemporary Jazz
        *   4. [MusicGenre] Jazz;Jazz Fusion
        *   5. [MusicGenre] Jazz;J-Jazz
        *   6. [MusicGenre] Jazzgesang
        *   **7. [Audio] Cold Duck Time (Live at Montreux Jazz Festival) (2016)**
        *   8. [Episode] Atlanta — New Jazz
        *   9. [Episode] The Golden Girls — All That Jazz
        *   10. [Person] Art Blakey & The Jazz Messengers
        *   11. [Person] Christina Pitts Jazzar
        *   12. [Person] Dani Jazzar
        *   **13. [MusicArtist] Art Blakey & The Jazz Messengers**
        *   ... (other genre results)
    3.  **Selection:** I picked result **#7: [Audio] Cold Duck Time (Live at Montreux Jazz Festival) (2016)** as it is a high-quality Audio type result.
    4.  **Playback Status:** The command `~/bin/tv 'jfplay jazz 7'` executed successfully, and the output confirmed: `Playing: Cold Duck Time (Live at Montreux Jazz Festival) (2016)`.
    
    **Success Criteria Output:**
    ```
    PASSED
    ```
    
    **Final Result:** PASSED
  </RESPONSE>

════════════════════════════════════════════════════════════════
Run end  |  14 steps  |  119177 in  1401 out  |  62.6s  |  chat
════════════════════════════════════════════════════════════════

