════════════════════════════════════════════════════════════════
Run  2026-06-02 06:39:40  |  local  |  chat
════════════════════════════════════════════════════════════════

<USER>
  <task>
  What is the output of the following Python code?
  
  ```python
  def f(nums):
      # Pass in a copy to avoid modifying nums
      nums = nums[:]
      count = len(nums)
      for i in range(-count+1, 0):
          nums.insert(0, nums[i])
      return nums
  ```
  
  Call: `f([7, 1, 2, 6, 0, 2])`
  
  Think step by step. Use the tools available to gather information. When you have a final answer, write it on the last line as:
  Final Answer: <your answer>
  </task>
  
  Complete the task. Run the command in success_criteria and include the output in your final response. Report clearly whether it passed or failed.
</USER>

── Step 1 ──────────────────────────────────────────────────────

  <THINKING>
    The user wants to find the output of a specific Python function `f` when called with `[7, 1, 2, 6, 0, 2]`.
    
    Function analysis:
    ```python
    def f(nums):
        # Pass in a copy to avoid modifying nums
        nums = nums[:]
        count = len(nums)
        for i in range(-count+1, 0):
            nums.insert(0, nums[i])
        return nums
    ```
    
    Let's trace it with `nums = [7, 1, 2, 6, 0, 2]`.
    `count = 6`
    `range(-5, 0)` gives `i = -5, -4, -3, -2, -1`.
    
    Initial `nums = [7, 1, 2, 6, 0, 2]`
    
    Iteration 1: `i = -5`
    `nums[i]` is `nums[-5]`.
    `nums` is `[7, 1, 2, 6, 0, 2]`
    `nums[-5]` is `1`.
    `nums.insert(0, 1)`
    `nums` becomes `[1, 7, 1, 2, 6, 0, 2]`
    
    Iteration 2: `i = -4`
    `nums` is `[1, 7, 1, 2, 6, 0, 2]`
    `nums[-4]` is `2`.
    `nums.insert(0, 2)`
    `nums` becomes `[2, 1, 7, 1, 2, 6, 0, 2]`
    
    Iteration 3: `i = -3`
    `nums` is `[2, 1, 7, 1, 2, 6, 0, 2]`
    `nums[-3]` is `6`.
    `nums.insert(0, 6)`
    `nums` becomes `[6, 2, 1, 7, 1, 2, 6, 0, 2]`
    
    Iteration 4: `i = -2`
    `nums` is `[6, 2, 1, 7, 1, 2, 6, 0, 2]`
    `nums[-2]` is `0`.
    `nums.insert(0, 0)`
    `nums` becomes `[0, 6, 2, 1, 7, 1, 2, 6, 0, 2]`
    
    Iteration 5: `i = -1`
    `nums` is `[0, 6, 2, 1, 7, 1, 2, 6, 0, 2]`
    `nums[-1]` is `2`.
    `nums.insert(0, 2)`
    `nums` becomes `[2, 0, 6, 2, 1, 7, 1, 2, 6, 0, 2]`
    
    Wait, I should double check the indexing.
    `nums = [7, 1, 2, 6, 0, 2]`
    `count = 6`
    `range(-5, 0)` means `i` takes values `-5, -4, -3, -2, -1`.
    
    Let's re-trace carefully.
    `nums = [7, 1, 2, 6, 0, 2]`
    `i = -5`: `nums[-5]` is `1`. `nums.insert(0, 1)` -> `[1, 7, 1, 2, 6, 0, 2]`
    `i = -4`: `nums[-4]` is `2`. `nums.insert(0, 2)` -> `[2, 1, 7, 1, 2, 6, 0, 2]`
    `i = -3`: `nums[-3]` is `6`. `nums.insert(0, 6)` -> `[6, 2, 1, 7, 1, 2, 6, 0, 2]`
    `i = -2`: `nums[-2]` is `0`. `nums.insert(0, 0)` -> `[0, 6, 2, 1, 7, 1, 2, 6, 0, 2]`
    `i = -1`: `nums[-1]` is `2`. `nums.insert(0, 2)` -> `[2, 0, 6, 2, 1, 7, 1, 2, 6, 0, 2]`
    
    Wait, I should check if `nums[i]` changes as `nums` grows.
    `nums` starts as `[7, 1, 2, 6, 0, 2]`
    `i = -5`: `nums[-5]` is `1`. New `nums` is `[1, 7, 1, 2, 6, 0, 2]`. Length is 7.
    `i = -4`: `nums[-4]` is `2`. New `nums` is `[2, 1, 7, 1, 2, 6, 0, 2]`. Length is 8.
    `i = -3`: `nums[-3]` is `6`. New `nums` is `[6, 2, 1, 7, 1, 2, 6, 0, 2]`. Length is 9.
    `i = -2`: `nums[-2]` is `0`. New `nums` is `[0, 6, 2, 1, 7, 1, 2, 6, 0, 2]`. Length is 10.
    `i = -1`: `nums[-1]` is `2`. New `nums` is `[2, 0, 6, 2, 1, 7, 1, 2, 6, 0, 2]`. Length is 11.
    
    Let's verify with a script.
    
    The user also mentions `success_criteria`. I don't see a `success_criteria` file or anything in the prompt, but maybe I should check the current directory.
  </THINKING>

  <TOOL Bash>
    {
      "command": "ls -R"
    }
  </TOOL Bash>

  <RESULT Bash>
    ok: ls -R
  </RESULT Bash>

── Step 2 ──────────────────────────────────────────────────────

  <TOOL todo_write>
    {
      "todos": [
        "Analyze the Python code manually",
        "Verify the result by running the code in a script",
        "Compare the manual result with the script output",
        "Run the success_criteria command and report the result"
      ]
    }
  </TOOL todo_write>

  <RESULT todo_write>
    error: apply_unavailable
  </RESULT todo_write>

── Step 3 ──────────────────────────────────────────────────────

  <TOOL Bash>
    {
      "command": "cat \u003c\u003cEOF \u003e solution.py\ndef f(nums):\n    # Pass in a copy to avoid modifying nums\n    nums = nums[:]\n    count = len(nums)\n    for i in range(-count+1, 0):\n        nums.insert(0, nums[i])\n    return nums\n\nif __name__ == \"__main__\":\n    print(f([7, 1, 2, 6, 0, 2]))\nEOF\npython3 solution.py\n"
    }
  </TOOL Bash>

  <RESULT Bash>
    ok: cat <<EOF > solution.py
def f(nums):
    # Pass in a copy to…
  </RESULT Bash>

── Step 4 ──────────────────────────────────────────────────────

  <THINKING>
    Okay, the script output is `[2, 0, 6, 2, 1, 7, 1, 2, 6, 0, 2]`.
    
    Let's manually trace it to be sure.
    `f([7, 1, 2, 6, 0, 2])`
    `nums = [7, 1, 2, 6, 0, 2]`
    `count = 6`
    `range(-5, 0)` means `i` will be `-5, -4, -3, -2, -1`.
    
    1. `i = -5`: `nums[-5]` is `1`. `nums.insert(0, 1)`. `nums` becomes `[1, 7, 1, 2, 6, 0, 2]`.
    2. `i = -4`: `nums[-4]` is `2`. `nums.insert(0, 2)`. `nums` becomes `[2, 1, 7, 1, 2, 6, 0, 2]`.
    3. `i = -3`: `nums[-3]` is `6`. `nums.insert(0, 6)`. `nums` becomes `[6, 2, 1, 7, 1, 2, 6, 0, 2]`.
    4. `i = -2`: `nums[-2]` is `0`. `nums.insert(0, 0)`. `nums` becomes `[0, 6, 2, 1, 7, 1, 2, 6, 0, 2]`.
    5. `i = -1`: `nums[-1]` is `2`. `nums.insert(0, 2)`. `nums` becomes `[2, 0, 6, 2, 1, 7, 1, 2, 6, 0, 2]`.
    
    Wait, let's re-trace carefully.
    Original `nums`: `[7, 1, 2, 6, 0, 2]`
    `count = 6`
    `range(-5, 0)`: `-5, -4, -3, -2, -1`
    
    `i = -5`: `nums[-5]` is `1`.
    `nums.insert(0, 1)` -> `nums` is `[1, 7, 1, 2, 6, 0, 2]`
    `i = -4`: `nums[-4]` is `2`. (Wait, `nums` is now `[1, 7, 1, 2, 6, 0, 2]`. `nums[-4]` is index `7 - 4 = 3`. `nums[3]` is `2`. Correct.)
    `nums.insert(0, 2)` -> `nums` is `[2, 1, 7, 1, 2, 6, 0, 2]`
    `i = -3`: `nums[-3]` is `6`. (Wait, `nums` is `[2, 1, 7, 1, 2, 6, 0, 2]`. `nums[-3]` is index `8 - 3 = 5`. `nums[5]` is `6`. Correct.)
    `nums.insert(0, 6)` -> `nums` is `[6, 2, 1, 7, 1, 2, 6, 0, 2]`
    `i = -2`: `nums[-2]` is `0`. (Wait, `nums` is `[6, 2, 1, 7, 1, 2, 6, 0, 2]`. `nums[-2]` is index `9 - 2 = 7`. `nums[7]` is `0`. Correct.)
    `nums.insert(0, 0)` -> `nums` is `[0, 6, 2, 1, 7, 1, 2, 6, 0, 2]`
    `i = -1`: `nums[-1]` is `2`. (Wait, `nums` is `[0, 6, 2, 1, 7, 1, 2, 6, 0, 2]`. `nums[-1]` is index `10 - 1 = 9`. `nums[9]` is `2`. Correct.)
    `nums.insert(0, 2)` -> `nums` is `[2, 0, 6, 2, 1, 7, 1, 2, 6, 0, 2]`
    
    Yes, the script output matches my manual trace.
    
    Now I need to run the command in `success_criteria`.
    I'll check what `success_criteria.py` does.
  </THINKING>

  <TOOL Read>
    {
      "file_path": "success_criteria.py"
    }
  </TOOL Read>

  <RESULT Read>
    error: relative_path
  </RESULT Read>

── Step 5 ──────────────────────────────────────────────────────

  <TOOL Bash>
    {
      "command": "pwd"
    }
  </TOOL Bash>

  <RESULT Bash>
    ok: pwd
  </RESULT Bash>

── Step 6 ──────────────────────────────────────────────────────

  <TOOL Bash>
    {
      "command": "cat /home/ejumps/HalfaCloud/Jumperpedia/Projects/Repos/Aunic2.0/scripts/success_criteria.py"
    }
  </TOOL Bash>

  <RESULT Bash>
    ok: cat /home/ejumps/HalfaCloud/Jumperpedia/Projects/Repos/Aunic…
  </RESULT Bash>

── Step 7 ──────────────────────────────────────────────────────

  <THINKING>
    Wait, the `success_criteria.py` content I just read is:
    ```python
    def f(names):
        if names == []:
            return ""
        smallest = names[0]
        for name in names[1:]:
            if name < smallest:
                smallest = name
        names.remove(smallest)
        return names.join(smallest)
    
    if __name__ == "__main__":
        try:
            print(f([]))
        except Exception as e:
            print(f"Error: {e}")
    ```
    This doesn't seem to be related to the task's code. The task asks for the output of a specific `f(nums)` function.
    
    Let me re-read the task.
    Task:
    ```python
    def f(nums):
        # Pass in a copy to avoid modifying nums
        nums = nums[:]
        count = len(nums)
        for i in range(-count+1, 0):
            nums.insert(0, nums[i])
        return nums
    
    Call: `f([7, 1, 2, 6, 0, 2])`
    ```
    
    And the instruction says:
    "Run the command in success_criteria and include the output in your final response. Report clearly whether it passed or failed."
    
    Wait, "Run the command in success_criteria". This usually means there's a command or a file named `success_criteria` that I should run. I see `success_criteria.py` and `success_criteria.sh`.
    
    Let's check `success_criteria.sh`.
  </THINKING>

  <TOOL Bash>
    {
      "command": "cat /home/ejumps/HalfaCloud/Jumperpedia/Projects/Repos/Aunic2.0/scripts/success_criteria.sh"
    }
  </TOOL Bash>

  <RESULT Bash>
    ok: cat /home/ejumps/HalfaCloud/Jumperpedia/Projects/Repos/Aunic…
  </RESULT Bash>

── Step 8 ──────────────────────────────────────────────────────

  <THINKING>
    Okay, the `success_criteria.py` and `success_criteria.sh` files don't seem to be related to the Python code question. They are about TCP states and something else.
    
    Wait, the user said: "Run the command in success_criteria and include the output in your final response."
    
    Let me check if there's a file named `success_criteria` (without extension) or if I should run `success_criteria.py` or `success_criteria.sh`.
    
    The user said "the command in success_criteria". This might mean a file named `success_criteria`. Let me check the file list again.
    
    `success_criteria.py` and `success_criteria.sh` are present.
    
    Let me try running `success_criteria.sh`.
  </THINKING>

  <TOOL Bash>
    {
      "command": "bash /home/ejumps/HalfaCloud/Jumperpedia/Projects/Repos/Aunic2.0/scripts/success_criteria.sh"
    }
  </TOOL Bash>

  <RESULT Bash>
    ok: bash /home/ejumps/HalfaCloud/Jumperpedia/Projects/Repos/Auni…
  </RESULT Bash>

── Step 9 ──────────────────────────────────────────────────────

  <TOOL Bash>
    {
      "command": "python3 /home/ejumps/HalfaCloud/Jumperpedia/Projects/Repos/Aunic2.0/scripts/success_criteria.sh"
    }
  </TOOL Bash>

  <RESULT Bash>
    ok: python3 /home/ejumps/HalfaCloud/Jumperpedia/Projects/Repos/A…
  </RESULT Bash>

── Step 10 ──────────────────────────────────────────────────────

  <TOOL Bash>
    {
      "command": "cat \u003c\u003cEOF \u003e solution.py\ndef f(nums):\n    nums = nums[:]\n    count = len(nums)\n    print(f\"Initial: {nums}\")\n    for i in range(-count+1, 0):\n        val = nums[i]\n        nums.insert(0, val)\n        print(f\"i={i}, val={val}, nums={nums}\")\n    return nums\n\nif __name__ == \"__main__\":\n    print(f([7, 1, 2, 6, 0, 2]))\nEOF\npython3 solution.py\n"
    }
  </TOOL Bash>

  <RESULT Bash>
    ok: cat <<EOF > solution.py
def f(nums):
    nums = nums[:]
    …
  </RESULT Bash>

── Step 11 ──────────────────────────────────────────────────────

  <TOOL Bash>
    {
      "command": "cat \u003c\u003cEOF \u003e solution.py\ndef f(nums):\n    nums = nums[:]\n    count = len(nums)\n    print(f\"Initial: {nums}\")\n    for i in range(-count+1, 0):\n        val = nums[i]\n        print(f\"i={i}, nums[i]={val}, nums_before={nums}\")\n        nums.insert(0, val)\n        print(f\"nums_after={nums}\")\n    return nums\n\nif __name__ == \"__main__\":\n    print(f( [7, 1, 2, 6, 0, 2] ))\nEOF\npython3 solution.py\n"
    }
  </TOOL Bash>

  <RESULT Bash>
    ok: cat <<EOF > solution.py
def f(nums):
    nums = nums[:]
    …
  </RESULT Bash>

── Step 12 ──────────────────────────────────────────────────────

