════════════════════════════════════════════════════════════════
Run  2026-06-02 13:26:09  |  local  |  chat
════════════════════════════════════════════════════════════════

<USER>
  <note_path>jellyfin-screensaver.md</note_path>
  
  <note_content>
  # Project
  I would like to make a screensaver that pulls images from my jellyfin server and plays them in a slideshow. The jellyfin server is at media.halfab.net
  
  ## Guide
  This should be a QML-based wallpaper plugin that fetches jellyfin images directly vir `XMLHttpRequest` and cycles them. 
  - should be appliable to either the desktop background, lockscreen and screen saver
  </note_content>
</USER>

── Step 1 ──────────────────────────────────────────────────────

  <THINKING>
    The user wants to create a QML-based wallpaper plugin that acts as a screensaver/wallpaper.
    It needs to:
    1. Pull images from a Jellyfin server (`media.halfab.net`).
    2. Play them in a slideshow.
    3. Use `XMLHttpRequest` to fetch images.
    4. Be applicable to desktop background, lockscreen, or screensaver.
    
    Since the user provided a note with the project description, I should probably start by outlining a plan or providing a basic implementation structure.
    
    However, the user hasn't actually *asked* a question yet, they just provided the note content. Usually, when a user provides a note like this, they want me to acknowledge it or start working on it.
    
    Wait, the prompt says "The user's active markdown note is provided as context, followed by their request."
    But there is no request after the note content in the provided input. The input ends with `</note_content>`.
    
    Actually, looking at the structure:
    `<note_path>jellyfin-screensaver.md</note_path>`
    `<note_content>...</note_content>`
    
    There is no user request text after the note content.
    Wait, if there's no request, I should probably ask how I can help or if they want me to start implementing it.
    
    Actually, looking at the system instruction: "The user's active markdown note is provided as context, followed by their request. Reply with a plain-text message... After reading, reply concisely and directly — state the answer, do not reason at length before writing it."
    
    If there is no request, I can't "state the answer".
    
    Let me check if I missed anything.
    The user message is:
    ```
    <note_path>jellyfin-screensaver.md</note_path>
    
    <note_content>
    # Project
    I would like to make a screensaver that pulls images from my jellyfin server and plays them in a slideshow. The jellyfin server is at media.halfab.net
    
    ## Guide
    This should be a QML-based wallpaper plugin that fetches jellyfin images directly vir `XMLHttpRequest` and cycles them. 
    - should be appliable to either the desktop background, lockscreen and screen saver
    </note_content>
    ```
    
    It seems the user *hasn't* provided a request. Or maybe the note *is* the request?
    "I would like to make..." is a statement of intent.
    
    I will assume the user wants me to start helping with this project. I'll propose a plan or ask for specifics.
    Actually, a better response would be to acknowledge the project and ask what the first step should be, or offer to draft a technical specification/initial QML code.
    
    Wait, if I am an AI assistant in chat mode, and the user provides a note, maybe they want me to refine the note or start coding.
    
    Let's look at the technical requirements:
    - QML-based.
    - Jellyfin API (needs authentication/API key).
    - `XMLHttpRequest` in QML/JS.
    - Slideshow logic.
    - Platform compatibility (desktop background, lockscreen, screensaver). This is tricky because "wallpaper plugin" varies wildly by OS (KDE Plasma uses QML for wallpapers, GNOME doesn't easily, Windows/macOS are different). Given QML, it's highly likely they are thinking of KDE Plasma.
    
    I'll ask if they want to start with the Jellyfin API integration or the QML slideshow structure, and if they are targeting a specific desktop environment (like KDE Plasma).
    
    Wait, I should check if there's any hidden request. No.
    
    Let's try to be proactive.
    "That sounds like an interesting project. Since you mentioned QML, are you targeting KDE Plasma? Also, would you like to start by drafting the Jellyfin API integration logic or the QML slideshow structure?"
    
    Actually, I'll just ask how they want to proceed.
    
    Wait, I see "The user's active markdown note is provided as context, followed by their request."
    If the request is empty, I should probably ask what they want me to do with this note.
    
    Actually, I'll assume the user wants me to help implement it.
    
    Plan:
    1.  Identify Jellyfin API endpoints for images (e.g., `/Items`, `/Users/{userId}/Items`).
    2.  Determine how to authenticate (API key or Token).
    3.  Design the QML structure: `Timer`, `Image`, `Repeater` or manual index management.
    4.  Handle the `XMLHttpRequest` in a JS file or within QML.
    
    I'll reply asking for clarification on the target platform and the first task.
  </THINKING>

  <RESPONSE>
    That sounds like an interesting project. Since you mentioned QML, are you targeting a specific desktop environment like **KDE Plasma** (which has native QML support for wallpapers)?
    
    How would you like to proceed? I can help with:
    1. **Technical Specification**: Defining the Jellyfin API endpoints and authentication flow.
    2. **QML Boilerplate**: Creating the basic slideshow structure with `Timer` and `Image` components.
    3. **API Integration**: Writing the JavaScript/`XMLHttpRequest` logic to fetch image URLs from your Jellyfin server.
  </RESPONSE>

════════════════════════════════════════════════════════════════
Run end  |  1 steps  |  2676 in  1133 out  |  28.2s  |  chat
════════════════════════════════════════════════════════════════

