════════════════════════════════════════════════════════════════
Run  2026-06-02 03:53:05  |  local  |  chat
════════════════════════════════════════════════════════════════

<USER>
  <task>
  What is the output of the following Python code?
  
  ```python
  def f(instagram, imgur, wins):
      photos = [instagram, imgur]
      if instagram == imgur:
          return wins
      if wins == 1:
          return photos.pop()
      else:
          photos.reverse()
          return photos.pop()
  ```
  
  Call: `f(['sdfs', 'drcr', '2e'], ['sdfs', 'dr2c', 'QWERTY'], 0)`
  
  Think step by step. Use the tools available to gather information. When you have a final answer, write it on the last line as:
  Final Answer: <your answer>
  </task>
  
  Complete the task. Run the command in success_criteria and include the output in your final response. Report clearly whether it passed or failed.
</USER>

── Step 1 ──────────────────────────────────────────────────────

  <THINKING>
    The user wants me to find the output of a specific Python function call.
    
    Function definition:
    ```python
    def f(instagram, imgur, wins):
        photos = [instagram, imgur]
        if instagram == imgur:
            return wins
        if wins == 1:
            return photos.pop()
        else:
            photos.reverse()
            return photos.pop()
    ```
    
    Call: `f(['sdfs', 'drcr', '2e'], ['sdfs', 'dr2c', 'QWERTY'], 0)`
    
    Arguments:
    `instagram` = `['sdfs', 'drcr', '2e']`
    `imgur` = `['sdfs', 'dr2c', 'QWERTY']`
    `wins` = `0`
    
    Step-by-step execution:
    1. `photos = [instagram, imgur]`
       `photos` = `[['sdfs', 'drcr', '2e'], ['sdfs', 'dr2c', 'QWERTY']]`
    2. `if instagram == imgur:`
       `['sdfs', 'drcr', '2e'] == ['sdfs', 'dr2c', 'QWERTY']`?
       - index 0: `'sdfs' == 'sdfs'` (True)
       - index 1: `'drcr' == 'dr2c'` (False)
       So `instagram == imgur` is `False`.
    3. `if wins == 1:`
       `0 == 1`? (False)
    4. `else:`
       `photos.reverse()`
       `photos` was `[['sdfs', 'drcr', '2e'], ['sdfs', 'dr2c', 'QWERTY']]`
       `photos.reverse()` makes `photos` = `[['sdfs', 'dr2c', 'QWERTY'], ['sdfs', 'drcr', '2e']]`
       `return photos.pop()`
       `photos.pop()` removes and returns the last element of `photos`.
       The last element is `['sdfs', 'drcr', '2e']`.
    
    Wait, let me double check.
    `photos = [instagram, imgur]`
    `instagram` is `['sdfs', 'drcr', '2e']`
    `imgur` is `['sdfs', 'dr2c', 'QWERTY']`
    `photos` = `[['sdfs', 'drcr', '2e'], ['sdfs', 'dr2c', 'QWERTY']]`
    `instagram == imgur` is False.
    `wins == 1` is False.
    `else` block:
    `photos.reverse()` -> `[['sdfs', 'dr2c', 'QWERTY'], ['sdfs', 'drcr', '2e']]`
    `photos.pop()` -> returns `['sdfs', 'drcr', '2e']`
    
    Let me verify this with a script.
  </THINKING>

  <TOOL todo_write>
    {
      "todos": [
        "Create a script to verify the output of the Python code.",
        "Run the script and check the output.",
        "Provide the final answer."
      ]
    }
  </TOOL todo_write>

  <RESULT todo_write>
    error: apply_unavailable
  </RESULT todo_write>

── Step 2 ──────────────────────────────────────────────────────

  <TOOL Bash>
    {
      "command": "cat \u003c\u003c 'EOF' \u003e solution.py\ndef f(instagram, imgur, wins):\n    photos = [instagram, imgur]\n    if instagram == imgur:\n        return wins\n    if wins == 1:\n        return photos.pop()\n    else:\n        photos.reverse()\n        return photos.pop()\n\nprint(f(['sdfs', 'drcr', '2e'], ['sdfs', 'dr2c', 'QWERTY'], 0))\nEOF\npython3 solution.py\n",
      "description": "Run the python code to find the output."
    }
  </TOOL Bash>

  <RESULT Bash>
    ok: Run the python code to find the output.
  </RESULT Bash>

── Step 3 ──────────────────────────────────────────────────────

  <TOOL Bash>
    {
      "command": "cat \u003c\u003c 'EOF' \u003e solution.py\ndef f(instagram, imgur, wins):\n    photos = [instagram, imgur]\n    if instagram == imgur:\n        return wins\n    if wins == 1:\n        return photos.pop()\n    else:\n        photos.reverse()\n        return photos.pop()\n\nprint(f(['sdfs', 'drcr', '2e'], ['sdfs', 'dr2c', 'QWERTY'], 0))\nEOF\npython3 solution.py\n",
      "description": "Run the python code to find the output."
    }
  </TOOL Bash>

  <RESULT Bash>
    ok: Run the python code to find the output.
  </RESULT Bash>

── Step 4 ──────────────────────────────────────────────────────

  <RESPONSE>
    The output of the Python code is:
    `['sdfs', 'drcr', '2e']`
    
    **Step-by-step reasoning:**
    1.  **Function Definition**: The function `f(instagram, imgur, wins)` is defined.
    2.  **Inputs**:
        *   `instagram = ['sdfs', 'drcr', '2e']`
        *   `imgur = ['sdfs', 'dr2c', 'QWERTY']`
        *   `wins = 0`
    3.  **Execution**:
        *   `photos = [instagram, imgur]` $\rightarrow$ `[['sdfs', 'drcr', '2e'], ['sdfs', 'dr2c', 'QWERTY']]`
        *   `if instagram == imgur:` $\rightarrow$ `['sdfs', 'drcr', '2e'] == ['sdfs', 'dr2c', 'QWERTY']` is `False`.
        *   `if wins == 1:` $\rightarrow$ `0 == 1` is `False`.
        *   `else:`
            *   `photos.reverse()` $\rightarrow$ `photos` becomes `[['sdfs', 'dr2c', 'QWERTY'], ['sdfs', 'drcr', '2e']]`
            *   `return photos.pop()` $\rightarrow$ Removes and returns the last element: `['sdfs', 'drcr', '2e']`.
    
    Final Answer: ['sdfs', 'drcr', '2e']
  </RESPONSE>

════════════════════════════════════════════════════════════════
Run end  |  4 steps  |  19153 in  1363 out  |  35.8s  |  chat
════════════════════════════════════════════════════════════════

