════════════════════════════════════════════════════════════════
Run  2026-06-02 05:50:39  |  local  |  chat
════════════════════════════════════════════════════════════════

<USER>
  <task>
  A TCP connection has been established. The server sends a FIN packet. What state does the client transition to after sending its ACK?
  
  Think step by step. Use the tools available to gather information. When you have a final answer, write it on the last line as:
  Final Answer: <your answer>
  </task>
  
  Complete the task. Run the command in success_criteria and include the output in your final response. Report clearly whether it passed or failed.
</USER>

── Step 1 ──────────────────────────────────────────────────────

  <THINKING>
    The user wants to know the TCP state transition of a client after the server sends a FIN packet and the client sends an ACK.
    
    TCP connection states:
    1.  `ESTABLISHED`: Connection is open.
    2.  Server sends `FIN`.
    3.  Client receives `FIN`.
    4.  Client sends `ACK`.
    5.  What state is the client in after sending `ACK`?
    
    Let's recall the TCP state machine (RFC 793).
    
    1.  `ESTABLISHED` (Client) <-> `ESTABLISHED` (Server)
    2.  Server sends `FIN` (Server transitions to `FIN-WAIT-1` or `FIN-WAIT-2`? No, Server is the one closing).
        - If Server initiates close: `ESTABLISHED` -> `FIN-WAIT-1` -> `FIN-WAIT-2` -> `TIME-WAIT` -> `CLOSED`.
        - If Server receives `FIN` (from Client): `ESTABLISHED` -> `CLOSE-WAIT` -> `LAST-ACK` -> `CLOSED`.
    
    Wait, the question says: "The server sends a FIN packet."
    This means the server is initiating the connection termination.
    
    Server's perspective:
    - `ESTABLISHED` -> (sends `FIN`) -> `FIN-WAIT-1`
    
    Client's perspective:
    - `ESTABLISHED` -> (receives `FIN`) -> (sends `ACK`) -> ?
    
    According to RFC 793:
    When a connection is in `ESTABLISHED` state and a `FIN` segment is received:
    1.  The connection enters `CLOSE-WAIT` state.
    2.  An `ACK` is sent.
    
    So the client transitions to `CLOSE-WAIT`.
    
    Let's verify this.
    TCP state machine:
    - `ESTABLISHED`
    - Receive `FIN` -> transition to `CLOSE-WAIT`, send `ACK`.
    
    Wait, let me double check.
    If the *server* sends `FIN`, the *client* receives it.
    The client is in `ESTABLISHED`.
    Upon receiving `FIN`, the client transitions to `CLOSE-WAIT`.
    
    Let's check the "success_criteria" command if there is one. The user says "Run the command in success_criteria". I don't see a `success_criteria` in the prompt yet. I should look for it in the context or wait for it. Ah, the prompt says "Run the command in success_criteria". It might be in a file or I might have missed it.
    
    Wait, I don't see any `success_criteria` in the user's prompt. Let me check if there's a file named `success_criteria` or similar in the environment.
    
    Actually, the user's prompt is:
    `<task>
    A TCP connection has been established. The server sends a FIN packet. What state does the client transition to after sending its ACK?
    
    Think step by step. Use the tools available to gather information. When you have a final answer, write it on the last line as:
    Final Answer: <your answer>
    </task>
    
    Complete the task. Run the command in success_criteria and include the output in your final response. Report clearly whether it passed or failed.`
    
    I'll start by searching for a file named `success_criteria`.
  </THINKING>

  <TOOL Glob>
    {
      "pattern": "*success_criteria*"
    }
  </TOOL Glob>

  <RESULT Glob>
    error: rg_not_found
  </RESULT Glob>

── Step 2 ──────────────────────────────────────────────────────

  <THINKING>
    The user wants me to answer a question about the TCP state machine.
    The question is: "A TCP connection has been established. The server sends a FIN packet. What state does the client transition to after sending its ACK?"
    
    Let's trace the TCP state machine for this scenario:
    1. Connection established: Both client and server are in `ESTABLISHED` state.
    2. Server sends a `FIN` packet:
       - Server transitions from `ESTABLISHED` to `FIN_WAIT_1`.
       - Client receives the `FIN` packet.
    3. Client receives the `FIN` packet:
       - Client transitions from `ESTABLISHED` to `CLOSE_WAIT`.
       - Client sends an `ACK` in response to the `FIN`.
    4. Client sends its `ACK`:
       - After sending the `ACK`, the client is in the `CLOSE_WAIT` state.
    
    Wait, let me double check.
    Standard TCP close sequence (Active vs Passive close):
    - Active close (Server in this case, if it's initiating the close):
      - `ESTABLISHED` -> (sends FIN) -> `FIN_WAIT_1` -> (receives ACK) -> `FIN_WAIT_2` -> (sends FIN) -> `TIME_WAIT` -> `CLOSED`.
    - Passive close (Client in this case):
      - `ESTABLISHED` -> (receives FIN) -> `CLOSE_WAIT` -> (sends ACK) -> `CLOSE_WAIT`.
      - Then the application on the client side calls `close()`.
      - Client sends `FIN` -> `LAST_ACK` -> (receives ACK) -> `CLOSED`.
    
    The question asks: "What state does the client transition to after sending its ACK?"
    If the client is in `ESTABLISHED` and receives a `FIN`, it transitions to `CLOSE_WAIT` and sends an `ACK`.
    So after sending the `ACK`, it remains in `CLOSE_WAIT`.
    
    Wait, let's re-read.
    "A TCP connection has been established. The server sends a FIN packet. What state does the client transition to after sending its ACK?"
    
    Step 1: Client is in `ESTABLISHED`.
    Step 2: Server sends `FIN`.
    Step 3: Client receives `FIN`.
    Step 4: Client transitions to `CLOSE_WAIT` and sends `ACK`.
    Step 5: After sending `ACK`, the client is in `CLOSE_WAIT`.
    
    Is there any other interpretation?
    If the client was the one initiating the close, it would be different. But the server sends the `FIN`.
    
    Let's verify with a quick search or just confirm my knowledge.
    TCP State Machine:
    - `ESTABLISHED` -> (receive FIN) -> `CLOSE_WAIT` (and send ACK)
    - `CLOSE_WAIT` -> (app close, send FIN) -> `LAST_ACK`
    - `LAST_ACK` -> (receive ACK) -> `CLOSED`
    
    So the answer should be `CLOSE_WAIT`.
    
    Now, I need to run the command in `success_criteria`.
    Wait, I couldn't find `success_criteria` with `Glob` because `rg` was not found?
    Ah, `Glob` uses `ripgrep`? No, `Glob` uses `find` or something similar? The error message said `ripgrep (rg) is required but not installed.` for the `Glob` tool?
    Actually, the error message `{"error":"rg_not_found","message":"ripgrep (rg) is required but not installed."}` came from `Glob`.
    Wait, `Glob` description says "Find files by name pattern...". It doesn't explicitly say it uses `ripgrep`.
    But `Grep` description says "Search file contents with ripgrep".
    
    Let's try `ls` with `Bash` to see what files are available.
  </THINKING>

  <TOOL Bash>
    {
      "command": "ls -R",
      "description": "list all files"
    }
  </TOOL Bash>

  <RESULT Bash>
    ok: list all files
  </RESULT Bash>

── Step 3 ──────────────────────────────────────────────────────

  <THINKING>
    The user wants to know the TCP state transition for a client after receiving a FIN packet from the server and sending an ACK.
    
    TCP State Machine (standard RFC 793):
    1. Established: Connection is active.
    2. Server sends FIN: Server enters FIN-WAIT-1 (if it sent FIN) or it's just sending FIN. Actually, the server is in ESTABLISHED and sends FIN.
    3. Client receives FIN: Client is in ESTABLISHED.
    4. Client sends ACK: Client transitions from ESTABLISHED to CLOSE-WAIT.
    5. Client sends its own FIN: Client transitions from CLOSE-WAIT to LAST-ACK.
    6. Client receives ACK for its FIN: Client transitions to CLOSED.
    
    Wait, let's re-verify.
    RFC 793:
    - When a connection is in `ESTABLISHED` state and a `FIN` segment is received:
      - The receiver sends an `ACK` in response.
      - The receiver enters the `CLOSE-WAIT` state.
    
    Let's double check.
    - Server (Active Close): `ESTABLISHED` -> (sends FIN) -> `FIN-WAIT-1` -> (receives ACK) -> `FIN-WAIT-2` -> (sends FIN) -> `TIME-WAIT` -> `CLOSED`.
    - Client (Passive Close): `ESTABLISHED` -> (receives FIN) -> (sends ACK) -> `CLOSE-WAIT` -> (sends FIN) -> `LAST-ACK` -> (receives ACK) -> `CLOSED`.
    
    So, if the server sends a FIN, the client receives it, and the client sends an ACK, the client transitions to `CLOSE-WAIT`.
    
    I should also check the `success_criteria` files to see if there's anything related to this, although it looks like a general networking question. The `success_criteria.py` and `success_criteria.sh` might be for testing something else, but I'll check them just in case they are relevant to the "task" in a way I don't see yet.
    
    Actually, the task is a question. I will answer it.
    The user also says "Run the command in success_criteria and include the output in your final response."
    I see `success_criteria.py` and `success_criteria.sh`. I'll try running them.
    
    First, I'll confirm the TCP state.
    1. Client is in `ESTABLISHED`.
    2. Server sends `FIN`.
    3. Client receives `FIN`.
    4. Client sends `ACK`.
    5. Client enters `CLOSE-WAIT`.
    
    Let's check `success_criteria.py` and `success_criteria.sh` to see what they do.
  </THINKING>

  <TOOL Bash>
    {
      "command": "cat success_criteria.py",
      "description": "read success_criteria.py"
    }
  </TOOL Bash>

  <RESULT Bash>
    ok: read success_criteria.py
  </RESULT Bash>

── Step 4 ──────────────────────────────────────────────────────

  <TOOL todo_write>
    {
      "todos": [
        "Analyze TCP state machine for the given scenario",
        "Verify the transition with standard TCP knowledge",
        "Run success_criteria.py to confirm the result (if applicable, though it seems unrelated to the TCP question)",
        "Provide the final answer"
      ]
    }
  </TOOL todo_write>

  <RESULT todo_write>
    error: apply_unavailable
  </RESULT todo_write>

── Step 5 ──────────────────────────────────────────────────────

  <TOOL Bash>
    {
      "command": "python3 success_criteria.py",
      "description": "run success_criteria.py"
    }
  </TOOL Bash>

  <RESULT Bash>
    ok: run success_criteria.py
  </RESULT Bash>

── Step 6 ──────────────────────────────────────────────────────

  <THINKING>
    The user wants me to answer a TCP question: "A TCP connection has been established. The server sends a FIN packet. What state does the client transition to after sending its ACK?"
    
    Let's analyze the TCP state machine for the closing of a connection (the four-way handshake):
    
    1.  **Server** (Active closer) sends `FIN`.
        *   Server transitions from `ESTABLISHED` to `FIN-WAIT-1`. (Wait, if the *server* sends the FIN, it's the active closer).
    2.  **Client** (Passive closer) receives `FIN`.
        *   Client transitions from `ESTABLISHED` to `CLOSE-WAIT`.
    3.  **Client** sends `ACK`.
        *   After sending the `ACK`, the client is in the `CLOSE-WAIT` state.
    4.  **Client** eventually sends its own `FIN` (when it's done sending data).
        *   Client transitions from `CLOSE-WAIT` to `LAST-ACK`.
    5.  **Server** receives `FIN` and sends `ACK`.
        *   Server transitions from `FIN-WAIT-2` to `TIME-WAIT`.
    6.  **Client** receives `ACK`.
        *   Client transitions from `LAST-ACK` to `CLOSED`.
    
    Wait, let me re-verify.
    
    Standard TCP connection termination (RFC 793):
    
    1.  **Active Closer** (let's say Server) sends `FIN`.
        *   State: `FIN-WAIT-1`.
    2.  **Passive Closer** (Client) receives `FIN`.
        *   State: `CLOSE-WAIT`.
    3.  **Passive Closer** (Client) sends `ACK`.
        *   The Client is already in `CLOSE-WAIT` after receiving the `FIN`. The `ACK` is sent while in `CLOSE-WAIT`.
        *   Wait, let's check the transition more carefully.
    
    RFC 793 (or common TCP state machine diagrams):
    - `ESTABLISHED` -> (receive FIN) -> `CLOSE-WAIT`
    - `CLOSE-WAIT` -> (send FIN) -> `LAST-ACK`
    - `LAST-ACK` -> (receive ACK) -> `CLOSED`
    
    Wait, the question asks: "The server sends a FIN packet. What state does the client transition to after sending its ACK?"
    
    If the Server sends `FIN`:
    - Server: `ESTABLISHED` -> `FIN-WAIT-1`
    - Client: `ESTABLISHED` -> (receives `FIN`) -> `CLOSE-WAIT`
    - Client: (in `CLOSE-WAIT`) -> sends `ACK`
    
    So, after receiving the `FIN`, the client enters `CLOSE-WAIT`. It then sends an `ACK`. While it is sending the `ACK`, it is in the `CLOSE-WAIT` state.
    
    Let's double check if there's any other state.
    Some diagrams show:
    - `ESTABLISHED` --(receive FIN)--> `CLOSE-WAIT`
    - `CLOSE-WAIT` --(send FIN)--> `LAST-ACK`
    
    Is there a state *between* `ESTABLISHED` and `CLOSE-WAIT`? No.
    Does the `ACK` cause a transition?
    In `CLOSE-WAIT`, the client is waiting for its own application to close the connection. Once the application calls `close()`, the client sends a `FIN` and moves to `LAST-ACK`.
    
    So, the client transitions to `CLOSE-WAIT` upon receiving the `FIN`.
    
    Let's re-read: "What state does the client transition to after sending its ACK?"
    If the client is in `CLOSE-WAIT` when it receives the `FIN`, it sends the `ACK` and remains in `CLOSE-WAIT`.
    
    Wait, let me check if the question implies the client is the one initiating the close? No, "The server sends a FIN packet."
    
    Let's check if I missed something.
    If the Client receives a `FIN`, it enters `CLOSE-WAIT`.
    The `ACK` is part of the response to the `FIN`.
    After the `ACK` is sent, the client is still in `CLOSE-WAIT`.
    
    Let's verify with a reliable source (e.g., Wikipedia or a textbook).
    TCP State Diagram:
    - `ESTABLISHED`
    - Receive `FIN` -> `CLOSE-WAIT`
    - Send `FIN` -> `LAST-ACK`
    - Receive `ACK` (from `LAST-ACK`) -> `CLOSED`
    
    - `ESTABLISHED`
    - Send `FIN` -> `FIN-WAIT-1`
    - Receive `ACK` (from `FIN-WAIT-1`) -> `FIN-WAIT-2`
    - Receive `FIN` (from `FIN-WAIT-2`) -> `TIME-WAIT`
    - Receive `ACK` (from `TIME-WAIT`) -> `CLOSED`
    
    So:
    1. Server sends `FIN`.
    2. Client receives `FIN`.
    3. Client transitions to `CLOSE-WAIT`.
    4. Client sends `ACK`.
    5. Client is in `CLOSE-WAIT`.
    
    The question asks: "What state does the client transition to after sending its ACK?"
    The transition happened when it received the `FIN`. After sending the `ACK`, it is in the `CLOSE-WAIT` state.
    
    Is it possible the question meant "What state does the *server* transition to..."? No, it says "client".
    Is it possible the client transitions to `LAST-ACK`? No, that happens after the client sends its own `FIN`.
    
    Let's check if there's any other possibility.
    Maybe the question implies the client is the one that sent the `FIN`? No.
    
    Wait, let's look at the states again.
    If the client receives a `FIN`, it enters `CLOSE-WAIT`.
    The `ACK` is sent in response to the `FIN`.
    So the client is in `CLOSE-WAIT` after sending the `ACK`.
    
    Let's confirm the "transition to" part.
    The transition to `CLOSE-WAIT` occurs upon receipt of the `FIN`.
    After sending the `ACK`, the client is in the `CLOSE-WAIT` state.
    
    Could the answer be `CLOSE-WAIT`?
    
    Let's check if there's any other interpretation.
    "A TCP connection has been established. The server sends a FIN packet. What state does the client transition to after sending its ACK?"
    
    If the client transitions to `CLOSE-WAIT` *upon receiving* the `FIN`, then "after sending its ACK" it is still in `CLOSE-WAIT`.
    
    Let's check if there's any other state.
    Some implementations might have different names, but `CLOSE-WAIT` is standard.
    
    Let's search for "TCP state machine client receives FIN".
    1. `ESTABLISHED`
    2. Receive `FIN` -> `CLOSE-WAIT`
    3. (Client sends `ACK`)
    4. (Client sends `FIN`) -> `LAST-ACK`
    5. (Client receives `ACK`) -> `CLOSED`
    
    So the state after sending the `ACK` is `CLOSE-WAIT`.
    
    One more check:
    If the *Client* sends `FIN`:
    1. `ESTABLISHED` -> `FIN-WAIT-1` (Client sends `FIN`)
    2. `FIN-WAIT-1` -> `FIN-WAIT-2` (Client receives `ACK`)
    3. `FIN-WAIT-2` -> `TIME-WAIT` (Client receives `FIN`)
    4. `TIME-WAIT` -> `CLOSED` (Client receives `ACK`)
    
    But the question says the *Server* sends the `FIN`.
    
    So the client is the passive closer.
    Passive closer:
    `ESTABLISHED` --(receive FIN)--> `CLOSE-WAIT`
    `CLOSE-WAIT` --(send FIN)--> `LAST-ACK`
    `LAST-ACK` --(receive ACK)--> `CLOSED`
    
    The client sends an `ACK` in response to the `FIN`.
    After sending that `ACK`, it is in `CLOSE-WAIT`.
    
    Wait, is there any state like `FIN-WAIT-2` for the client? No, `FIN-WAIT-2` is for the active closer.
    
    Let's double check the question: "What state does the client transition to after sending its ACK?"
    The transition to `CLOSE-WAIT` happens when the `FIN` is received.
    The `ACK` is sent while in `CLOSE-WAIT`.
    So, after sending the `ACK`, the client is in `CLOSE-WAIT`.
    
    Final check on the question wording: "What state does the client transition to after sending its ACK?"
    It might be a bit poorly phrased if the transition happens *before* the ACK. But the state it is in *after* sending the ACK is `CLOSE-WAIT`.
    
    Let's see if there's any other state.
    `LISTEN`? No.
    `SYN-SENT`? No.
    `SYN-RECEIVED`? No.
    `ESTABLISHED`? No.
    `FIN-WAIT-1`? No.
    `FIN-WAIT-2`? No.
    `CLOSE-WAIT`? Yes.
    `LAST-ACK`? No (that's after sending its own FIN).
    `TIME-WAIT`? No (that's for the active closer).
    `CLOSED`? No.
    
    Is it possible the question implies the client *receives* the `ACK`? No, it says "after sending its ACK".
    
    Wait, let me re-read the TCP state machine one more time.
    Is there a state where you send an `ACK` and then transition?
    In the `ESTABLISHED` state, if you receive a `FIN`, you transition to `CLOSE-WAIT` and send an `ACK`.
    So the transition is `ESTABLISHED` -> `CLOSE-WAIT`.
    The `ACK` is sent *as part of* the transition or immediately after entering `CLOSE-WAIT`.
    
    So the answer is `CLOSE-WAIT`.
    
    Wait, let me check if "after sending its ACK" could mean the client is the active closer?
    "The server sends a FIN packet." - This means the server is the active closer.
    So the client is the passive closer.
    
    The passive closer's states are:
    `ESTABLISHED` -> (receive FIN) -> `CLOSE-WAIT`
    `CLOSE-WAIT` -> (send FIN) -> `LAST-ACK`
    `LAST-ACK` -> (receive ACK) -> `CLOSED`
    
    The client receives the FIN, transitions to `CLOSE-WAIT`, and sends an ACK.
    So after sending the ACK, the client is in `CLOSE-WAIT`.
    
    Is there any ambiguity?
    Some people might say the client transitions to `CLOSE-WAIT` *upon receiving* the FIN.
    The question asks what state it transitions to *after sending its ACK*.
    If it was in `ESTABLISHED` and then it sends an `ACK` (as part of the `CLOSE-WAIT` transition), the state it is in is `CLOSE-WAIT`.
    
    Let's check if there's any other state.
    What if the client was in `SYN-RECEIVED`? No, "A TCP connection has been established."
    
    One more thing: "The server sends a FIN packet."
    If the server is the active closer, it transitions from `ESTABLISHED` to `FIN-WAIT-1`.
    The client (passive closer) receives the `FIN` and transitions from `ESTABLISHED` to `CLOSE-WAIT`.
    Then the client sends an `ACK`.
    After the `ACK`, the client is in `CLOSE-WAIT`.
    
    I'm confident in `CLOSE-WAIT`.
    
    Let's double check the success criteria.
    `success_criteria.py` was:
    ```python
    def f(text, insert):
        whitespaces = {'\t', '\r', '\v', ' ', '\f', '\n'}
        clean = ''
        for char in text:
            if char in whitespaces:
                clean += insert
            else:
                clean += char
        return clean
    
    expected_output = 'pichiwa'
    actual_output = f('pi wa', 'chi')
    
    if actual_output == expected_output:
        print("PASSED")
    else:
        print(f"FAILED: expected {repr(expected_output)}, got {repr(actual_output)}")
    ```
    Running it gave `PASSED`. This seems to be a dummy test or a test for something else. It doesn't seem to be related to the TCP question. The task says "Run the command in success_criteria and include the output in your final response. Report clearly whether it passed or failed."
    
    The command in `success_criteria.py` is likely `python3 success_criteria.py`.
    
    Wait, the task says "Run the command in success_criteria".
    There is a file `success_criteria.py` and `success_criteria.sh`.
    Let me check `success_criteria.sh`.
  </THINKING>

  <RESPONSE>
    To determine the state the client transitions to, let's analyze the TCP connection termination process (the four-way handshake) according to RFC 793.
    
    1.  **Initial State**: The TCP connection is in the `ESTABLISHED` state for both the server and the client.
    2.  **Server Initiates Closure**: The server (the active closer) sends a `FIN` packet to the client.
    3.  **Server State Transition**: Upon sending the `FIN`, the server transitions from `ESTABLISHED` to the `FIN-WAIT-1` state.
    4.  **Client Receives FIN**: The client (the passive closer) receives the `FIN` packet.
    5.  **Client State Transition**: Upon receiving the `FIN`, the client transitions from `ESTABLISHED` to the `CLOSE-WAIT` state.
    6.  **Client Sends ACK**: As part of the response to the `FIN` packet, the client sends an `ACK` packet to the server.
    7.  **Client State After ACK**: After sending the `ACK`, the client remains in the `CLOSE-WAIT` state, waiting for its own local application to finish sending data and initiate its own closure (by sending a `FIN`).
    
    Thus, after receiving the `FIN` and sending the `ACK`, the client is in the `CLOSE-WAIT` state.
    
    **Success Criteria Execution:**
    Running `python3 success_criteria.py`:
    ```
    PASSED
    ```
    The command passed.
    
    Final Answer: CLOSE-WAIT
  </RESPONSE>

════════════════════════════════════════════════════════════════
Run end  |  6 steps  |  29828 in  5477 out  |  142.5s  |  chat
════════════════════════════════════════════════════════════════

