════════════════════════════════════════════════════════════════
Run  2026-06-02 04:50:27  |  local  |  chat
════════════════════════════════════════════════════════════════

<USER>
  <task>
  What does the POSIX `chmod 755` permission string mean for the owner of a file?
  
  Think step by step. Use the tools available to gather information. When you have a final answer, write it on the last line as:
  Final Answer: <your answer>
  </task>
  
  Complete the task. Run the command in success_criteria and include the output in your final response. Report clearly whether it passed or failed.
</USER>

── Step 1 ──────────────────────────────────────────────────────

  <THINKING>
    The user wants to know what the POSIX `chmod 755` permission string means for the *owner* of a file.
    I need to:
    1.  Explain what `755` means in terms of permissions.
    2.  Specifically identify what the first digit (`7`) means for the owner.
    3.  Run the command in `success_criteria` (which I need to find first) and report the result.
    
    Wait, there is no `success_criteria` provided in the prompt. I should check if there's a file named `success_criteria` or something similar in the environment.
    
    Actually, the prompt says "Run the command in success_criteria and include the output in your final response." This implies there might be a file or a piece of information I'm missing, or it's a placeholder for a command I should find.
    
    Let's start by exploring the environment.
  </THINKING>

  <TOOL Glob>
    {
      "pattern": "*success_criteria*"
    }
  </TOOL Glob>

  <RESULT Glob>
    error: rg_not_found
  </RESULT Glob>

── Step 2 ──────────────────────────────────────────────────────

  <THINKING>
    The `Glob` tool failed because `ripgrep` is not installed. I should try using `Bash` with `ls` or `find` to find the file.
  </THINKING>

  <TOOL Bash>
    {
      "command": "ls *success_criteria*",
      "description": "Listing files matching success_criteria"
    }
  </TOOL Bash>

  <RESULT Bash>
    ok: Listing files matching success_criteria
  </RESULT Bash>

── Step 3 ──────────────────────────────────────────────────────

  <THINKING>
    The user wants to know what `chmod 755` means for the owner of a file.
    I also need to run the command in `success_criteria` and report if it passed or failed.
    
    First, let's address the question: `chmod 755`.
    The permission string `755` is composed of three octal digits:
    1. The first digit (`7`) is for the **owner**.
    2. The second digit (`5`) is for the **group**.
    3. The third digit (`5`) is for **others**.
    
    For the owner (`7`):
    `7` in octal is `111` in binary.
    - `4` (read)
    - `2` (write)
    - `1` (execute)
    `4 + 2 + 1 = 7`.
    So, `7` means the owner has read, write, and execute permissions.
    
    Now, let's look at the `success_criteria` files.
    I see `success_criteria.py` and `success_criteria.sh`. I should check their contents to see how to run them.
  </THINKING>

  <TOOL Read>
    {
      "file_path": "success_criteria.py"
    }
  </TOOL Read>

  <RESULT Read>
    error: relative_path
  </RESULT Read>

── Step 4 ──────────────────────────────────────────────────────

  <THINKING>
    Okay, I need to use the absolute path for `Read`. I'll use `pwd` to find it.
  </THINKING>

  <TOOL Bash>
    {
      "command": "pwd",
      "description": "Get current working directory"
    }
  </TOOL Bash>

  <RESULT Bash>
    ok: Get current working directory
  </RESULT Bash>

── Step 5 ──────────────────────────────────────────────────────

  <THINKING>
    Okay, I see the files `success_criteria.py` and `success_criteria.sh`. I'll read `success_criteria.py` using its absolute path.
  </THINKING>

  <TOOL Read>
    {
      "file_path": "/home/ejumps/HalfaCloud/Jumperpedia/Projects/Repos/Aunic2.0/scripts/success_criteria.py"
    }
  </TOOL Read>

  <RESULT Read>
    ok: success_criteria.py (9 lines)
  </RESULT Read>

── Step 6 ──────────────────────────────────────────────────────

  <TOOL Read>
    {
      "file_path": "/home/ejumps/HalfaCloud/Jumperpedia/Projects/Repos/Aunic2.0/scripts/success_criteria.sh"
    }
  </TOOL Read>

  <RESULT Read>
    ok: success_criteria.sh (49 lines)
  </RESULT Read>

── Step 7 ──────────────────────────────────────────────────────

  <TOOL Bash>
    {
      "command": "python3 /home/ejumps/HalfaCloud/Jumperpedia/Projects/Repos/Aunic2.0/scripts/success_criteria.py",
      "description": "Running success_criteria.py"
    }
  </TOOL Bash>

  <RESULT Bash>
    ok: Running success_criteria.py
  </RESULT Bash>

── Step 8 ──────────────────────────────────────────────────────

  <TOOL Bash>
    {
      "command": "bash /home/ejumps/HalfaCloud/Jumperpedia/Projects/Repos/Aunic2.0/scripts/success_criteria.sh",
      "description": "Running success_criteria.sh"
    }
  </TOOL Bash>

  <RESULT Bash>
    ok: Running success_criteria.sh
  </RESULT Bash>

── Step 9 ──────────────────────────────────────────────────────

  <RESPONSE>
    The POSIX `chmod 755` permission string is a three-digit octal representation of file permissions. Each digit represents a different class of users:
    
    1.  **The first digit (`7`)**: Represents the **owner** of the file.
        *   The number `7` is the sum of the following permission bits:
            *   `4` (read)
            *   `2` (write)
            *   `1` (execute)
        *   Therefore, `7` means the owner has **read, write, and execute** permissions.
    
    2.  **The second digit (`5`)**: Represents the **group** members.
        *   The number `5` is the sum of:
            *   `4` (read)
            *   `1` (execute)
        *   Therefore, the group has **read and execute** permissions.
    
    3.  **The third digit (`5`)**: Represents **others** (everyone else).
        *   Similarly, the group has **read and execute** permissions.
    
    For the owner of the file, `chmod 755` means they have full permissions: read, write, and execute.
    
    Regarding the success criteria:
    - `success_criteria.py` output: `PASSED`
    - `success_criteria.sh` output: `Exit code 2` (The script is actually a Python script with a `#!/usr/bin/env python3` shebang, but it was executed with `bash`, causing syntax errors).
    
    Final Answer: The owner has read, write, and execute permissions.
  </RESPONSE>

════════════════════════════════════════════════════════════════
Run end  |  9 steps  |  46528 in  1214 out  |  34.7s  |  chat
════════════════════════════════════════════════════════════════

