════════════════════════════════════════════════════════════════
Run  2026-06-02 03:48:07  |  local  |  chat
════════════════════════════════════════════════════════════════

<USER>
  <task>
  What is the output of the following Python code?
  
  ```python
  def f(text, suffix):
      if suffix.startswith("/"):
          return text + suffix[1:]
      return text
  ```
  
  Call: `f('hello.txt', '/')`
  
  Think step by step. Use the tools available to gather information. When you have a final answer, write it on the last line as:
  Final Answer: <your answer>
  </task>
  
  Complete the task. Run the command in success_criteria and include the output in your final response. Report clearly whether it passed or failed.
</USER>

── Step 1 ──────────────────────────────────────────────────────

  <THINKING>
    The user wants to know the output of a specific Python code snippet.
    The code is:
    ```python
    def f(text, suffix):
        if suffix.startswith("/"):
            return text + suffix[1:]
        return text
    ```
    The call is: `f('hello.txt', '/')`
    
    Let's trace it:
    1. `text` = `'hello.txt'`
    2. `suffix` = `'/'`
    3. `suffix.startswith("/")` is `True` because `'/'` starts with `'/'`.
    4. It returns `text + suffix[1:]`.
    5. `suffix[1:]` is the slice of `'/'` from index 1 to the end.
    6. Since `'/'` has only index 0, `suffix[1:]` is an empty string `''`.
    7. `text + ''` is `'hello.txt' + ''` which is `'hello.txt'`.
    
    Wait, let me double check.
    `suffix = '/'`
    `suffix[0]` is `'/'`
    `suffix[1:]` is everything after index 0.
    In Python, slicing beyond the length of the string returns an empty string.
    Example: `'abc'[3:]` is `''`.
    So `'/'[1:]` is `''`.
    
    So `f('hello.txt', '/')` returns `'hello.txt'`.
    
    I should verify this with a script.
    
    The user also mentioned "Run the command in success_criteria". I don't see a `success_criteria` field in the prompt, but usually in these tasks there might be a hidden or implied instruction. Looking at the prompt again, it says "Run the command in success_criteria and include the output in your final response."
    Wait, I don't see `success_criteria` in the provided text.
    Maybe it's in the "active markdown note"? The prompt says "The user's active markdown note is provided as context".
    I don't see an active markdown note in the prompt provided to me, but I should check if there is one.
    Ah, the prompt is:
    `<task> ... </task>`
    There is no `success_criteria` in the `<task>` tag.
    
    Wait, let me check if there are any files in the environment.
    I will use `ls` to see what's around.
  </THINKING>

  <TOOL Bash>
    {
      "command": "ls -R"
    }
  </TOOL Bash>

  <RESULT Bash>
    ok: ls -R
  </RESULT Bash>

── Step 2 ──────────────────────────────────────────────────────

  <TOOL Write>
    {
      "content": "def f(text, suffix):\n    if suffix.startswith(\"/\"):\n        return text + suffix[1:]\n    return text\n\nprint(f('hello.txt', '/'))\n",
      "file_path": "solution.py"
    }
  </TOOL Write>

  <RESULT Write>
    error: relative_path
  </RESULT Write>

── Step 3 ──────────────────────────────────────────────────────

  <TOOL Bash>
    {
      "command": "pwd"
    }
  </TOOL Bash>

  <RESULT Bash>
    ok: pwd
  </RESULT Bash>

── Step 4 ──────────────────────────────────────────────────────

  <TOOL Write>
    {
      "content": "def f(text, suffix):\n    if suffix.startswith(\"/\"):\n        return text + suffix[1:]\n    return text\n\nprint(f('hello.txt', '/'))\n",
      "file_path": "/home/ejumps/HalfaCloud/Jumperpedia/Projects/Repos/Aunic2.0/scripts/solution.py"
    }
  </TOOL Write>

  <RESULT Write>
    ok: wrote 129 bytes
  </RESULT Write>

── Step 5 ──────────────────────────────────────────────────────

  <TOOL Bash>
    {
      "command": "python3 /home/ejumps/HalfaCloud/Jumperpedia/Projects/Repos/Aunic2.0/scripts/solution.py"
    }
  </TOOL Bash>

  <RESULT Bash>
    ok: python3 /home/ejumps/HalfaCloud/Jumperpedia/Projects/Repos/A…
  </RESULT Bash>

── Step 6 ──────────────────────────────────────────────────────

  <TOOL Bash>
    {
      "command": "ls -F success_criteria.sh"
    }
  </TOOL Bash>

  <RESULT Bash>
    ok: ls -F success_criteria.sh
  </RESULT Bash>

── Step 7 ──────────────────────────────────────────────────────

  <TOOL Bash>
    {
      "command": "bash success_criteria.sh"
    }
  </TOOL Bash>

  <RESULT Bash>
    ok: bash success_criteria.sh
  </RESULT Bash>

── Step 8 ──────────────────────────────────────────────────────

  <THINKING>
    Okay, the `success_criteria.sh` script seems to be a Python file or at least contains Python code, but it's being executed with `bash`. Let's check its content.
  </THINKING>

  <TOOL Read>
    {
      "file_path": "/home/ejumps/HalfaCloud/Jumperpedia/Projects/Repos/Aunic2.0/scripts/success_criteria.sh"
    }
  </TOOL Read>

  <RESULT Read>
    ok: success_criteria.sh (49 lines)
  </RESULT Read>

── Step 9 ──────────────────────────────────────────────────────

  <RESPONSE>
    The provided Python code defines a function `f(text, suffix)` that checks if `suffix` starts with a forward slash `/`. If it does, it returns the concatenation of `text` and the `suffix` excluding the first character. Otherwise, it returns the original `text`.
    
    **Step-by-step execution:**
    1.  **Function definition:**
        ```python
        def f(text, suffix):
            if suffix.startswith("/"):
                return text + suffix[1:]
            return text
        ```
    2.  **Call:** `f('hello.txt', '/')`
    3.  **Parameters:** `text = 'hello.txt'`, `suffix = '/'`
    4.  **Condition check:** `suffix.startswith("/")` evaluates to `True` because `'/'` starts with `'/'`.
    5.  **Return value calculation:**
        *   `suffix[1:]` is the slice of `'/'` starting from index 1, which is an empty string `''`.
        *   `text + suffix[1:]` becomes `'hello.txt' + ''`, which results in `'hello.txt'`.
    
    **Success Criteria Check:**
    The `success_criteria.sh` file is actually a Python script (despite the `.sh` extension) that answers a different question about TCP states. Running it via `bash success_criteria.sh` failed due to shell syntax errors (it tried to interpret Python code as shell commands). However, the content of the script is clear. Since the task asks to run the command in `success_criteria` and report if it passed or failed, and the command `bash success_criteria.sh` failed with an exit code 2, I must report that it failed.
    
    Final Answer: hello.txt
  </RESPONSE>

════════════════════════════════════════════════════════════════
Run end  |  9 steps  |  46931 in  1275 out  |  36.3s  |  chat
════════════════════════════════════════════════════════════════

