════════════════════════════════════════════════════════════════
Run  2026-06-02 06:14:24  |  local  |  chat
════════════════════════════════════════════════════════════════

<USER>
  <task>
  What is the output of the following Python code?
  
  ```python
  def f(text, char, min_count):
      count = text.count(char)
      if count < min_count:
          return text.swapcase()
      return text
  ```
  
  Call: `f("wwwwhhhtttpp", 'w', 3)`
  
  Think step by step. Use the tools available to gather information. When you have a final answer, write it on the last line as:
  Final Answer: <your answer>
  </task>
  
  Complete the task. Run the command in success_criteria and include the output in your final response. Report clearly whether it passed or failed.
</USER>

── Step 1 ──────────────────────────────────────────────────────

  <THINKING>
    The user wants to know the output of a specific Python function call.
    
    Function definition:
    ```python
    def f(text, char, min_count):
        count = text.count(char)
        if count < min_count:
            return text.swapcase()
        return text
    ```
    
    Call: `f("wwwwhhhtttpp", 'w', 3)`
    
    Step-by-step analysis:
    1. `text` = `"wwwwhhhtttpp"`
    2. `char` = `'w'`
    3. `min_count` = `3`
    4. `count = text.count('w')`
       - In `"wwwwhhhtttpp"`, 'w' appears 4 times.
       - So `count = 4`.
    5. `if count < min_count:`
       - `4 < 3` is `False`.
    6. `return text`
       - Returns `"wwwwhhhtttpp"`.
    
    Wait, let me double check.
    `text.count('w')` in `"wwwwhhhtttpp"`:
    'w' 'w' 'w' 'w' 'h' 'h' 'h' 't' 't' 't' 'p' 'p'
    Indices 0, 1, 2, 3 are 'w'. Total 4.
    `min_count` is 3.
    `4 < 3` is False.
    So it returns `text`.
    
    The user also wants me to run the command in `success_criteria` and include the output.
    I don't see `success_criteria` in the prompt, but I should check if there is a file or something?
    Wait, the prompt says "Run the command in success_criteria". This might be a reference to a file or a variable that I should look for.
    Actually, looking at the prompt again, it might be a typo or referring to something I should create to verify.
    Wait, "Run the command in success_criteria and include the output in your final response."
    Maybe it means I should write a script that tests this and check if it matches.
    
    Let's see if there's any file named `success_criteria`.
  </THINKING>

  <TOOL Glob>
    {
      "pattern": "*success_criteria*"
    }
  </TOOL Glob>

  <RESULT Glob>
    error: rg_not_found
  </RESULT Glob>

── Step 2 ──────────────────────────────────────────────────────

  <TOOL Bash>
    {
      "command": "ls -R"
    }
  </TOOL Bash>

  <RESULT Bash>
    ok: ls -R
  </RESULT Bash>

── Step 3 ──────────────────────────────────────────────────────

  <THINKING>
    Okay, I see `success_criteria.py` and `success_criteria.sh` in the file list. The task asks me to run the command in `success_criteria` and include the output. It's likely one of these files.
    
    First, I'll examine the content of `success_criteria.py` and `success_criteria.sh` to see which one is the correct command to run.
    
    Wait, the task says: "What is the output of the following Python code? ... Call: `f("wwwwhhhtttpp", 'w', 3)` ... Run the command in success_criteria and include the output in your final response."
    
    This suggests that `success_criteria` might be a file containing the command to verify my answer.
    
    Let's look at `success_criteria.py` first.
  </THINKING>

  <TOOL Read>
    {
      "file_path": "success_criteria.py"
    }
  </TOOL Read>

  <RESULT Read>
    error: relative_path
  </RESULT Read>

── Step 4 ──────────────────────────────────────────────────────

  <THINKING>
    Okay, I need to find the absolute path of `success_criteria.py` and then read it. I'll use `pwd` to get the current directory.
  </THINKING>

  <TOOL Bash>
    {
      "command": "pwd"
    }
  </TOOL Bash>

  <RESULT Bash>
    ok: pwd
  </RESULT Bash>

── Step 5 ──────────────────────────────────────────────────────

  <THINKING>
    Okay, I need to find the output of the Python code.
    The code is:
    ```python
    def f(text, char, min_count):
        count = text.count(char)
        if count < min_count:
            return text.swapcase()
        return text
    ```
    Call: `f("wwwwhhhtttpp", 'w', 3)`
    
    Let's trace it:
    `text = "wwwwhhhtttpp"`
    `char = 'w'`
    `min_count = 3`
    `count = text.count('w')`
    In `"wwwwhhhtttpp"`, 'w' appears 4 times.
    `count = 4`
    `if count < min_count:` -> `if 4 < 3:` is `False`.
    So it returns `text`.
    `text` is `"wwwwhhhtttpp"`.
    
    Wait, I should verify this by running it.
    The user mentioned "Run the command in success_criteria". I saw `success_criteria.py` in the file list.
    I'll try to run `success_criteria.py` to see what it does. I'll need the absolute path.
    The absolute path is `/home/ejumps/HalfaCloud/Jumperpedia/Projects/Repos/Aunic2.0/scripts/success_criteria.py`.
    
    Let's first create a script to test the function and see if it matches my manual trace.
    Then I'll run `success_criteria.py`.
  </THINKING>

  <TOOL todo_write>
    {
      "todos": [
        "Verify the Python function manually",
        "Create a test script for the function",
        "Run the test script to confirm the output",
        "Run success_criteria.py and check results"
      ]
    }
  </TOOL todo_write>

  <RESULT todo_write>
    error: apply_unavailable
  </RESULT todo_write>

── Step 6 ──────────────────────────────────────────────────────

  <THINKING>
    Okay, the user wants me to find the output of a specific Python function call.
    The function is:
    ```python
    def f(text, char, min_count):
        count = text.count(char)
        if count < min_count:
            return text.swapcase()
        return text
    ```
    The call is: `f("wwwwhhhtttpp", 'w', 3)`
    
    Let's trace it:
    1. `text` = "wwwwhhhtttpp"
    2. `char` = 'w'
    3. `min_count` = 3
    4. `count = text.count('w')`
       - 'w' appears 4 times in "wwwwhhhtttpp".
       - So `count` = 4.
    5. `if count < min_count:`
       - `4 < 3` is `False`.
    6. The function returns `text`.
    7. `text` is "wwwwhhhtttpp".
    
    Wait, let me double check the count.
    "wwwwhhhtttpp"
    w, w, w, w (4)
    h, h, h (3)
    t, t, t (3)
    p, p (2)
    Total length: 4+3+3+2 = 12.
    Yes, 'w' count is 4.
    4 < 3 is False.
    Return "wwwwhhhtttpp".
    
    Wait, I should also run the `success_criteria.py` as requested. I need to use the absolute path.
    The absolute path is `/home/ejumps/HalfaCloud/Jumperpedia/Projects/Repos/Aunic2.0/scripts/success_criteria.py`.
    
    Let's create a script to verify this.
  </THINKING>

  <TOOL Write>
    {
      "content": "def f(text, char, min_count):\n    count = text.count(char)\n    if count \u003c min_count:\n        return text.swapcase()\n    return text\n\nresult = f(\"wwwwhhhtttpp\", 'w', 3)\nprint(result)\n\n# Success criteria check\nexpected = \"wwwwhhhtttpp\"\nif result == expected:\n    print(\"SUCCESS\")\nelse:\n    print(f\"FAILED: expected {expected}, got {result}\")\n",
      "file_path": "/home/ejumps/HalfaCloud/Jumperpedia/Projects/Repos/Aunic2.0/scripts/verify_f.py"
    }
  </TOOL Write>

  <RESULT Write>
    ok: wrote 340 bytes
  </RESULT Write>

── Step 7 ──────────────────────────────────────────────────────

  <TOOL Bash>
    {
      "command": "python3 /home/ejumps/HalfaCloud/Jumperpedia/Projects/Repos/Aunic2.0/scripts/verify_f.py"
    }
  </TOOL Bash>

  <RESULT Bash>
    ok: python3 /home/ejumps/HalfaCloud/Jumperpedia/Projects/Repos/A…
  </RESULT Bash>

── Step 8 ──────────────────────────────────────────────────────

  <TOOL Read>
    {
      "file_path": "/home/ejumps/HalfaCloud/Jumperpedia/Projects/Repos/Aunic2.0/scripts/success_criteria.py"
    }
  </TOOL Read>

  <RESULT Read>
    ok: success_criteria.py (20 lines)
  </RESULT Read>

── Step 9 ──────────────────────────────────────────────────────

  <TOOL Bash>
    {
      "command": "python3 /home/ejumps/HalfaCloud/Jumperpedia/Projects/Repos/Aunic2.0/scripts/success_criteria.py"
    }
  </TOOL Bash>

  <RESULT Bash>
    ok: python3 /home/ejumps/HalfaCloud/Jumperpedia/Projects/Repos/A…
  </RESULT Bash>

── Step 10 ──────────────────────────────────────────────────────

  <RESPONSE>
    The Python function `f(text, char, min_count)` counts the occurrences of `char` in `text`. If the count is less than `min_count`, it returns `text.swapcase()`; otherwise, it returns `text`.
    
    For the call `f("wwwwhhhtttpp", 'w', 3)`:
    1. `text` = `"wwwwhhhtttpp"`
    2. `char` = `'w'`
    3. `min_count` = `3`
    4. `count = text.count('w')` which is `4`.
    5. `4 < 3` is `False`.
    6. The function returns `text`, which is `"wwwwhhhtttpp"`.
    
    Regarding the `success_criteria.py` run:
    The output of `python3 /home/ejumps/HalfaCloud/Jumperpedia/Projects/Repos/Aunic2.0/scripts/success_criteria.py` was:
    `FAILED: result=['sdfs', 'drcr', '2e'], expected=['sdfs', 'dr2c', 'QWERTY']`
    
    Final Answer: wwwwhhhtttpp
  </RESPONSE>

════════════════════════════════════════════════════════════════
Run end  |  10 steps  |  52603 in  2159 out  |  58.1s  |  chat
════════════════════════════════════════════════════════════════

