════════════════════════════════════════════════════════════════
Run  2026-06-02 03:44:22  |  local  |  chat
════════════════════════════════════════════════════════════════

<USER>
  <task>
  What is the output of the following Python code?
  
  ```python
  def f(nums):
      count = len(nums)
      while len(nums) > (count//2):
          nums.clear()
      return nums
  ```
  
  Call: `f([2, 1, 2, 3, 1, 6, 3, 8])`
  
  Think step by step. Use the tools available to gather information. When you have a final answer, write it on the last line as:
  Final Answer: <your answer>
  </task>
  
  Complete the task. Run the command in success_criteria and include the output in your final response. Report clearly whether it passed or failed.
</USER>

── Step 1 ──────────────────────────────────────────────────────

  <THINKING>
    The user wants to find the output of a specific Python function `f` when called with `[2, 1, 2, 3, 1, 6, 3, 8]`.
    
    Function definition:
    ```python
    def f(nums):
        count = len(nums)
        while len(nums) > (count//2):
            nums.clear()
        return nums
    ```
    
    Input: `nums = [2, 1, 2, 3, 1, 6, 3, 8]`
    
    Step-by-step execution:
    1. `nums = [2, 1, 2, 3, 1, 6, 3, 8]`
    2. `count = len(nums) = 8`
    3. `count // 2 = 8 // 2 = 4`
    4. `while len(nums) > 4:`
       - `len(nums)` is 8. 8 > 4 is True.
       - `nums.clear()` is called. `nums` is now `[]`.
    5. `while len(nums) > 4:`
       - `len(nums)` is 0. 0 > 4 is False.
    6. `return nums` (which is `[]`)
    
    Wait, let's re-verify.
    `count = 8`
    `count // 2 = 4`
    `len(nums)` starts at 8.
    `8 > 4` is True.
    `nums.clear()` makes `nums = []`.
    `len(nums)` is now 0.
    `0 > 4` is False.
    The loop terminates.
    The function returns `[]`.
    
    Let's double check if there are any tricky parts.
    `nums.clear()` modifies the list in place.
    `len(nums)` is evaluated in each iteration of the while loop.
    
    Let's run it in a script to be absolutely sure.
    
    I'll create a script to run this code and check the output.
  </THINKING>

  <TOOL todo_write>
    {
      "todos": [
        "Create a Python script to test the function",
        "Run the script and verify the output",
        "Confirm the result matches manual calculation"
      ]
    }
  </TOOL todo_write>

  <RESULT todo_write>
    error: apply_unavailable
  </RESULT todo_write>

── Step 2 ──────────────────────────────────────────────────────

  <TOOL Bash>
    {
      "command": "cat \u003c\u003cEOF \u003e solution.py\ndef f(nums):\n    count = len(nums)\n    while len(nums) \u003e (count//2):\n        nums.clear()\n    return nums\n\nprint(f([2, 1, 2, 3, 1, 6, 3, 8]))\nEOF\npython3 solution.py\n",
      "description": "Run the python code to get output"
    }
  </TOOL Bash>

  <RESULT Bash>
    ok: Run the python code to get output
  </RESULT Bash>

── Step 3 ──────────────────────────────────────────────────────

  <RESPONSE>
    The output of the Python code is `[]`.
    
    **Step-by-step reasoning:**
    1.  **Initial State:** `nums = [2, 1, 2, 3, 1, 6, 3, 8]`, `count = 8`.
    2.  **Loop Condition:** `len(nums) > (8 // 2)` which is `len(nums) > 4`.
    3.  **First Iteration:**
        *   `len(nums)` is 8.
        *   `8 > 4` is `True`.
        *   `nums.clear()` is called, so `nums` becomes `[]`.
    4.  **Second Iteration Check:**
        *   `len(nums)` is 0.
        *   `0 > 4` is `False`.
        *   The loop terminates.
    5.  **Return Value:** The function returns `nums`, which is `[]`.
    
    Final Answer: []
  </RESPONSE>

════════════════════════════════════════════════════════════════
Run end  |  3 steps  |  13860 in  828 out  |  21.7s  |  chat
════════════════════════════════════════════════════════════════

