════════════════════════════════════════════════════════════════
Run  2026-06-02 04:49:55  |  local  |  chat
════════════════════════════════════════════════════════════════

<USER>
  <task>
  What is the output of the following Python code?
  
  ```python
  def f(text):
      for i in range(len(text)-1, 0, -1):
          if not text[i].isupper():
              return text[0:i]
      return ''
  ```
  
  Call: `f('SzHjifnzog')`
  
  Think step by step. Use the tools available to gather information. When you have a final answer, write it on the last line as:
  Final Answer: <your answer>
  </task>
  
  Complete the task. Run the command in success_criteria and include the output in your final response. Report clearly whether it passed or failed.
</USER>

── Step 1 ──────────────────────────────────────────────────────

  <THINKING>
    The user wants to find the output of a specific Python function `f` when called with the argument `'SzHjifnzog'`.
    
    ```python
    def f(text):
        for i in range(len(text)-1, 0, -1):
            if not text[i].isupper():
                return text[0:i]
        return ''
    ```
    
    Let's trace it:
    `text = 'SzHjifnzog'`
    `len(text) = 10`
    `range(len(text)-1, 0, -1)` is `range(9, 0, -1)`, which means `i` will take values `9, 8, 7, 6, 5, 4, 3, 2, 1`.
    
    `text` indices:
    0: 'S'
    1: 'z'
    2: 'H'
    3: 'j'
    4: 'i'
    5: 'f'
    6: 'n'
    7: 'z'
    8: 'o'
    9: 'g'
    
    Iteration:
    1. `i = 9`: `text[9]` is 'g'. `text[9].isupper()` is `False`. `not text[9].isupper()` is `True`.
       Return `text[0:9]`.
       `text[0:9]` is `'SzHjifnzo'`.
    
    Wait, let me re-check.
    `text[9]` is 'g'.
    `'g'.isupper()` is `False`.
    `not False` is `True`.
    Return `text[0:9]`.
    
    Let me double check the string `'SzHjifnzog'`.
    `S` (0), `z` (1), `H` (2), `j` (3), `i` (4), `f` (5), `n` (6), `z` (7), `o` (8), `g` (9).
    
    `i` starts at 9.
    `text[9]` is 'g'.
    `'g'.isupper()` is `False`.
    `not text[9].isupper()` is `True`.
    Return `text[0:9]`.
    `text[0:9]` is `'SzHjifnzo'`.
    
    Let's verify with a script.
  </THINKING>

  <TOOL Write>
    {
      "content": "def f(text):\n    for i in range(len(text)-1, 0, -1):\n        if not text[i].isupper():\n            return text[0:i]\n    return ''\n\nprint(f('SzHjifnzog'))\n",
      "file_path": "solution.py"
    }
  </TOOL Write>

  <RESULT Write>
    error: relative_path
  </RESULT Write>

── Step 2 ──────────────────────────────────────────────────────

  <THINKING>
    Okay, I need to use an absolute path. I'll use `/tmp/solution.py`.
    Wait, I don't know the current working directory. I'll check it first.
  </THINKING>

  <TOOL Bash>
    {
      "command": "pwd"
    }
  </TOOL Bash>

  <RESULT Bash>
    ok: pwd
  </RESULT Bash>

── Step 3 ──────────────────────────────────────────────────────

  <THINKING>
    Okay, I need to use an absolute path. The current directory is `/home/ejumps/HalfaCloud/Jumperpedia/Projects/Repos/Aunic2.0/scripts`.
    
    I'll write the solution to `/home/ejumps/HalfaCloud/Jumperpedia/Projects/Repos/Aunic2.0/scripts/solution.py` and then run it.
  </THINKING>

  <TOOL Write>
    {
      "content": "def f(text):\n    for i in range(len(text)-1, 0, -1):\n        if not text[i].isupper():\n            return text[0:i]\n    return ''\n\nprint(f('SzHjifnzog'))\n",
      "file_path": "/home/ejumps/HalfaCloud/Jumperpedia/Projects/Repos/Aunic2.0/scripts/solution.py"
    }
  </TOOL Write>

  <RESULT Write>
    ok: wrote 154 bytes
  </RESULT Write>

── Step 4 ──────────────────────────────────────────────────────

  <TOOL Bash>
    {
      "command": "python3 /home/ejumps/HalfaCloud/Jumperpedia/Projects/Repos/Aunic2.0/scripts/solution.py"
    }
  </TOOL Bash>

  <RESULT Bash>
    ok: python3 /home/ejumps/HalfaCloud/Jumperpedia/Projects/Repos/A…
  </RESULT Bash>

── Step 5 ──────────────────────────────────────────────────────

  <RESPONSE>
    The output of the Python code `f('SzHjifnzog')` is `SzHjifnzo`.
    
    Step-by-step execution:
    1.  The function `f(text)` iterates through the string `text` from the last index down to index 1.
    2.  For `text = 'SzHjifnzog'`, the indices are:
        - `S`: 0
        - `z`: 1
        - `H`: 2
        - `j`: 3
        - `i`: 4
        - `f`: 5
        - `n`: 6
        - `z`: 7
        - `o`: 8
        - `g`: 9
    3.  The loop starts at `i = 9` (the character 'g').
    4.  `text[9]` is 'g'. `text[9].isupper()` is `False`.
    5.  The condition `if not text[i].isupper():` is met.
    6.  The function returns `text[0:9]`, which is the substring from index 0 to 8: `'SzHjifnzo'`.
    
    Final Answer: SzHjifnzo
  </RESPONSE>

════════════════════════════════════════════════════════════════
Run end  |  5 steps  |  23804 in  1197 out  |  31.6s  |  chat
════════════════════════════════════════════════════════════════

