════════════════════════════════════════════════════════════════
Run  2026-06-02 03:41:44  |  local  |  chat
════════════════════════════════════════════════════════════════

<USER>
  <task>
  What does the POSIX `chmod 755` permission string mean for the owner of a file?
  
  Think step by step. Use the tools available to gather information. When you have a final answer, write it on the last line as:
  Final Answer: <your answer>
  </task>
  
  Complete the task. Run the command in success_criteria and include the output in your final response. Report clearly whether it passed or failed.
</USER>

── Step 1 ──────────────────────────────────────────────────────

  <THINKING>
    The user wants to know what the POSIX `chmod 755` permission string means for the *owner* of a file.
    
    `chmod 755` consists of three octal digits:
    1. The first digit (`7`) represents the permissions for the **owner**.
    2. The second digit (`5`) represents the permissions for the **group**.
    3. The third digit (`5`) represents the permissions for **others**.
    
    I need to focus on the owner's permission, which is `7`.
    
    In octal notation for file permissions:
    - `4` = read (`r`)
    - `2` = write (`w`)
    - `1` = execute (`x`)
    
    So, `7` is `4 + 2 + 1`, which means:
    - Read (`r`)
    - Write (`w`)
    - Execute (`x`)
    
    I should verify this using a tool or just state it if I'm sure. The prompt says "Use the tools available to gather information". I can use `bash` to check `stat` or similar if I want to be absolutely sure, but it's standard knowledge.
    
    Wait, the user also says "Run the command in success_criteria and include the output in your final response. Report clearly whether it passed or failed."
    
    I don't see a `success_criteria` field in the prompt. Let me check the prompt again.
    Ah, I see `<task>`. There is no `<success_criteria>` in the provided XML-like structure.
    
    Wait, maybe the user *intended* to provide it or it's part of a larger context I don't have.
    Wait, I see `<task>` but no `<success_criteria>`.
    
    Actually, looking at the prompt again:
    `<task>`
    `What does the POSIX chmod 755 permission string mean for the owner of a file?`
    `Think step by step. Use the tools available to gather information. When you have a final answer, write it on the last line as: Final Answer: <your answer>`
    `</task>`
    `Complete the task. Run the command in success_criteria and include the output in your final response. Report clearly whether it passed or failed.`
    
    Since there is no `success_criteria` provided in the input, I cannot run a command from it.
    However, I should check if there's any other information.
    
    Maybe I should check if there's a file named `success_criteria` or something? Unlikely.
    Or maybe the user expects me to *find* the success criteria?
    
    Let's assume the user might have forgotten to include it, or it's implicit.
    Wait, I'll check the environment.
    
    Actually, I'll just answer the question first.
    
    Step 1: Analyze the octal digits in `755`.
    The first digit is `7`.
    Step 2: Translate the octal digit `7` to permissions.
    `7` = `4` (read) + `2` (write) + `1` (execute).
    Step 3: Determine the owner's permission.
    The owner has read, write, and execute permissions.
    
    Let me double check if I can find any `success_criteria` in the current directory.
  </THINKING>

  <TOOL Bash>
    {
      "command": "ls -R",
      "description": "List files to look for success_criteria"
    }
  </TOOL Bash>

  <RESULT Bash>
    ok: List files to look for success_criteria
  </RESULT Bash>

── Step 2 ──────────────────────────────────────────────────────

  <THINKING>
    Okay, I see `success_criteria.sh` in the current directory. I should run it to see what it does and what the success criteria are.
    Wait, the task is to explain what `chmod 755` means for the owner of a file.
    The `success_criteria.sh` might be related to verifying my answer.
    
    Let's first answer the question.
    `chmod 755`
    The three digits represent:
    1. Owner permissions
    2. Group permissions
    3. Others permissions
    
    The first digit is `7`.
    In octal:
    4 = read (r)
    2 = write (w)
    1 = execute (x)
    
    7 = 4 + 2 + 1 = rwx (read, write, execute)
    
    So, for the owner, `7` means read, write, and execute permissions.
    
    Now, let's see what `success_criteria.sh` does.
  </THINKING>

  <TOOL Bash>
    {
      "command": "bash success_criteria.sh",
      "description": "Run success_criteria.sh"
    }
  </TOOL Bash>

  <RESULT Bash>
    ok: Run success_criteria.sh
  </RESULT Bash>

── Step 3 ──────────────────────────────────────────────────────

  <THINKING>
    The `success_criteria.sh` script failed with a syntax error. It seems it might be trying to run Python code or it's just a malformed shell script. Let's examine the content of `success_criteria.sh`.
  </THINKING>

  <TOOL Read>
    {
      "file_path": "success_criteria.sh"
    }
  </TOOL Read>

  <RESULT Read>
    error: relative_path
  </RESULT Read>

── Step 4 ──────────────────────────────────────────────────────

  <TOOL Bash>
    {
      "command": "ls -d $PWD"
    }
  </TOOL Bash>

  <RESULT Bash>
    ok: ls -d $PWD
  </RESULT Bash>

── Step 5 ──────────────────────────────────────────────────────

  <TOOL Read>
    {
      "file_path": "/home/ejumps/HalfaCloud/Jumperpedia/Projects/Repos/Aunic2.0/scripts/success_criteria.sh"
    }
  </TOOL Read>

  <RESULT Read>
    ok: success_criteria.sh (49 lines)
  </RESULT Read>

── Step 6 ──────────────────────────────────────────────────────

  <TOOL Bash>
    {
      "command": "python3 /home/ejumps/HalfaCloud/Jumperpedia/Projects/Repos/Aunic2.0/scripts/success_criteria.sh",
      "description": "Run success_criteria.sh with python3"
    }
  </TOOL Bash>

  <RESULT Bash>
    ok: Run success_criteria.sh with python3
  </RESULT Bash>

── Step 7 ──────────────────────────────────────────────────────

  <RESPONSE>
    The POSIX `chmod 755` permission string is interpreted in octal notation, where each digit represents the permissions for a different class of users: owner, group, and others.
    
    1.  **First digit (7) - Owner permissions**:
        *   The number 7 is the sum of the following values:
            *   4 (read)
            *   2 (write)
            *   1 (execute)
        *   Therefore, the owner has **read, write, and execute** permissions.
    
    2.  **Second digit (5) - Group permissions**:
        *   The number 5 is the sum of:
            *   4 (read)
            *   1 (execute)
        *   Therefore, the group has **read and execute** permissions.
    
    3.  **Third digit (5) - Others permissions**:
        *   The number 5 is the sum of:
            *   4 (read)
            *   1 (execute)
        *   Therefore, others have **read and execute** permissions.
    
    For the owner specifically, `chmod 755` means they have full permissions: read, write, and execute.
    
    The `success_criteria.sh` script was executed using `python3` and returned:
    `PASSED`
    
    Final Answer: read, write, and execute
  </RESPONSE>

════════════════════════════════════════════════════════════════
Run end  |  7 steps  |  36711 in  1472 out  |  41.5s  |  chat
════════════════════════════════════════════════════════════════

