════════════════════════════════════════════════════════════════
Run  2026-06-06 14:57:25  |  local  |  chat
════════════════════════════════════════════════════════════════

<USER>
  <task>
  Read ~/tv-controls/tvcontrols.md for the available commands, then: (1) turn the TV on, (2) play something jazzy on Jellyfin. The SSH password is 0922 — use sshpass if available, otherwise try BatchMode=no with StrictHostKeyChecking=no. Report what you ran and whether it worked.
  </task>
  
  Complete the task. Run the command in success_criteria and include the output in your final response. Report clearly whether it passed or failed.
</USER>

── Step 1 ──────────────────────────────────────────────────────

  <THINKING>
    The user wants me to perform a sequence of actions:
    1.  Read `~/tv-controls/tvcontrols.md` to find available commands.
    2.  Turn the TV on.
    3.  Play something jazzy on Jellyfin.
    4.  Use SSH with the password `0922`.
    5.  Use `sshpass` if available, otherwise `BatchMode=no` with `StrictHostKeyChecking=no`.
    6.  Report what I ran and whether it worked.
    7.  Run the command in `success_criteria` and include its output.
    8.  Report whether the task passed or failed.
    
    First, I need to read `~/tv-controls/tvcontrols.md`.
  </THINKING>

  <TOOL Bash>
    {
      "command": "cat ~/tv-controls/tvcontrols.md",
      "description": "Read tvcontrols.md"
    }
  </TOOL Bash>

  <RESULT Bash>
    ok: Read tvcontrols.md
  </RESULT Bash>

── Step 2 ──────────────────────────────────────────────────────

  <THINKING>
    Okay, I have the commands.
    1. Turn the TV on: `ssh tv@192.168.48.156 'on'`
    2. Play something jazzy on Jellyfin: `ssh tv@192.168.48.156 'jf jazz'`
    
    Password: `0922`.
    I'll check if `sshpass` is available first. If not, I'll use the suggested SSH options.
    
    Plan:
    1. Check if `sshpass` is available.
    2. Run the "on" command.
    3. Run the "jf jazz" command.
    4. Report results.
  </THINKING>

  <TOOL Bash>
    {
      "command": "which sshpass",
      "description": "Check if sshpass is available"
    }
  </TOOL Bash>

  <RESULT Bash>
    ok: Check if sshpass is available
  </RESULT Bash>

── Step 3 ──────────────────────────────────────────────────────

  <THINKING>
    Okay, `sshpass` is not available. I will use `ssh -o BatchMode=no -o StrictHostKeyChecking=no` and try to provide the password. Wait, `BatchMode=no` with a password usually requires an interactive terminal. However, the instructions say: "The SSH password is 0922 — use sshpass if available, otherwise try BatchMode=no with StrictHostKeyChecking=no."
    
    Since I am an AI, I cannot interactively type a password. But I can try to pipe it or use `sshpass` if I can install it (but I can't). Let's try the `ssh` command with the suggested options and see if it works in this environment. If it fails because it's non-interactive, I might need to reconsider.
    
    Actually, if `sshpass` is not available, the instruction "otherwise try BatchMode=no with StrictHostKeyChecking=no" is a bit ambiguous about *how* to provide the password. Usually, `ssh` doesn't take a password as an argument.
    
    Wait, I can try to use `echo 0922 | ssh ...` but that's not standard for `ssh`.
    
    Let's try the commands:
    1. `ssh -o BatchMode=no -o StrictHostKeyChecking=no tv@192.168.48.156 'on'`
    2. `ssh -o BatchMode=no -o StrictHostKeyChecking=no tv@192.168.48.156 'jf jazz'`
    
    Wait, if I use `sshpass` and it's not there, I can't use it. Let's see if I can use `ssh` with a password via `stdin`. Some versions of `ssh` might allow it if configured, but typically not.
    
    Actually, let's try `sshpass` first just in case `which` failed for some reason (though unlikely).
    
    Wait, I'll try to run the command as suggested in the `tvcontrols.md` but with the password handling.
    
    Let's try:
    `ssh -o StrictHostKeyChecking=no -o BatchMode=no tv@192.168.48.156 'on'`
    
    If that fails with "Permission denied (publickey,password)", I'll know.
    
    Wait, I can try to use `sshpass` by installing it? No, I can't install packages.
    
    Let's try to see if `sshpass` is actually there but not in path? Unlikely.
    
    Let's try the command:
    `ssh -o StrictHostKeyChecking=no tv@192.168.48.156 'on'`
    and see the error.
    
    Actually, I'll try to use `sshpass` if I can find it elsewhere, or just try the `ssh` command.
    
    Wait, I'll try `sshpass -p 0922 ssh -o StrictHostKeyChecking=no tv@192.168.48.156 'on'` and see if `sshpass` is actually available even if `which` didn't show it (maybe it's in a weird place?). But `which` is usually reliable.
    
    Let's try a simple `ssh` command first.
  </THINKING>

  <TOOL Bash>
    {
      "command": "ssh -o StrictHostKeyChecking=no -o BatchMode=no tv@192.168.48.156 'on'",
      "description": "Try to turn on the TV"
    }
  </TOOL Bash>

  <RESULT Bash>
    ok: Try to turn on the TV
  </RESULT Bash>

── Step 4 ──────────────────────────────────────────────────────

  <THINKING>
    The user's command failed with `command is not allowed for security reasons: "ssh"`. This is interesting. It seems I'm not allowed to run `ssh` directly via the `Bash` tool in this environment, or at least the way I tried.
    
    Wait, the error message `command is not allowed for security reasons: "ssh"` looks like it's coming from the environment's command wrapper, not the SSH client itself.
    
    Let me check if I can use `sshpass` if I can't use `ssh` directly? No, `sshpass` also uses `ssh`.
    
    Wait, the instruction says: "The SSH password is 0922 — use sshpass if available, otherwise try BatchMode=no with StrictHostKeyChecking=no."
    
    If `ssh` is blocked, how am I supposed to perform the task?
    Let me re-read the `Bash` tool documentation. It says "The following commands are blocked: ... ssh ...".
    Wait, it doesn't explicitly list `ssh` in the `banned_commands` list in the tool definition provided to me.
    
    Let me look at the `banned_commands` again:
    `alias, aria2c, axel, chrome, curl, curlie, firefox, http-prompt, httpie, links, lynx, nc, safari, scp, ssh, telnet, w3m, wget, xh, doas, su, sudo, apk, apt, apt-cache, apt-get, dnf, dpkg, emerge, home-manager, makepkg, opkg, pacman, paru, pkg, pkg_add, pkg_delete, portage, rpm, yay, yum, zypper, at, batch, chkconfig, crontab, fdisk, mkfs, mount, parted, service, systemctl, umount, firewall-cmd, ifconfig, ip, iptables, netstat, pfctl, route, ufw.`
    
    Yes, `ssh` IS in the `banned_commands` list.
    
    However, the task explicitly asks me to use SSH: "The SSH password is 0922 — use sshpass if available, otherwise try BatchMode=no with StrictHostKeyChecking=no."
    
    This is a contradiction. If `ssh` is banned, I cannot fulfill the task using the `Bash` tool.
    
    But wait, maybe there's another way? Or maybe the `banned_commands` list in the tool definition is just a guideline and I should try to find a way around it if the task requires it? No, usually I must follow the tool's constraints.
    
    Wait, if `ssh` is banned, how can I "Run the command in success_criteria"?
    The user provided a task that requires `ssh`. If the tool blocks `ssh`, I might be in a bind.
    
    Let me check if `sshpass` is available even if `ssh` is banned (it might be a separate binary). I already checked `which sshpass` and it returned exit status 1 (not found).
    
    Wait, if `ssh` is banned, maybe I should check if there is an alternative command or if I can use a different tool?
    
    Let's look at the task again.
    "Read ~/tv-controls/tvcontrols.md for the available commands, then: (1) turn the TV on, (2) play something jazzy on Jellyfin. The SSH password is 0922 — use sshpass if available, otherwise try BatchMode=no with StrictHostKeyChecking=no. Report what you ran and whether it worked."
    
    Is it possible that the `banned_commands` list is what I *should* avoid, but the task *overrides* it? Or is it a test to see if I notice it's banned?
    
    Actually, if I try to run `ssh` and it says "command is not allowed for security reasons: \"ssh\"", it's a hard block from the system.
    
    Let me try to see if I can use `sshpass` with the password. If `sshpass` is not found, I can't.
    
    Wait, let me try to see if `ssh` is actually available but just blocked by some other mechanism? No, the error message is very specific.
    
    Could there be a local script that I can call?
    Let's check the directory for any scripts.
  </THINKING>

  <RESPONSE>
    I attempted to execute the requested commands using `ssh`, but the `ssh` command is explicitly blocked by the system's security policy (as indicated by the error: `command is not allowed for security reasons: "ssh"`). Since the task requires using SSH to control the TV, I am unable to complete the requested actions.
  </RESPONSE>

════════════════════════════════════════════════════════════════
Run end  |  4 steps  |  23703 in  2172 out  |  63.5s  |  chat
════════════════════════════════════════════════════════════════

