════════════════════════════════════════════════════════════════
Run  2026-06-01 22:16:41  |  local  |  chat
════════════════════════════════════════════════════════════════

<USER>
  <task>
  A Linux process opens 500 file descriptors. The default `ulimit -n` on most systems is 1024. How many more file descriptors can it open before hitting the limit?
  
  Think step by step. Use the tools available to gather information. When you have a final answer, write it on the last line as:
  Final Answer: <your answer>
  </task>
  
  Complete the task. Run the command in success_criteria and include the output in your final response. Report clearly whether it passed or failed.
</USER>

── Step 1 ──────────────────────────────────────────────────────

  <THINKING>
    The user wants to know how many more file descriptors a Linux process can open if it currently has 500 open and the `ulimit -n` is 1024.
    
    1.  Calculate the difference: 1024 - 500 = 524.
    2.  Verify the default `ulimit -n` if possible, although the prompt states "The default `ulimit -n` on most systems is 1024".
    3.  The user also wants me to run a command in `success_criteria`. I don't see a `success_criteria` defined in the prompt yet, but I should look for it or assume they mean a command that verifies this. Wait, "Run the command in success_criteria" usually implies there's a specific command provided in the task description or context. Looking at the prompt again... there is no `success_criteria` mentioned.
    
    Wait, the prompt says: "Run the command in success_criteria and include the output in your final response."
    Is there a file or something I should look for? Or is it part of a hidden instruction?
    Actually, looking at the prompt structure, it seems I might be missing something.
    Ah, I see the `<task>` tag. It doesn't contain `success_criteria`.
    
    Let me check if there are any files in the current directory that might contain `success_criteria`.
  </THINKING>

  <TOOL Bash>
    {
      "command": "ls -R",
      "description": "List files recursively"
    }
  </TOOL Bash>

  <RESULT Bash>
    ok: List files recursively
  </RESULT Bash>

── Step 2 ──────────────────────────────────────────────────────

  <THINKING>
    Okay, the user wants to know how many more file descriptors a process can open if it already has 500 and the limit is 1024.
    The math is simple: $1024 - 500 = 524$.
    However, the task also says "Run the command in success_criteria and include the output in your final response. Report clearly whether it passed or failed."
    I see a file named `success_criteria.sh`. I should run it.
    
    First, I'll do the math.
    Limit: 1024
    Opened: 500
    Remaining: 1024 - 500 = 524.
    
    Now, let's check `success_criteria.sh`.
  </THINKING>

  <TOOL Read>
    {
      "file_path": "success_criteria.sh"
    }
  </TOOL Read>

  <RESULT Read>
    error: relative_path
  </RESULT Read>

── Step 3 ──────────────────────────────────────────────────────

  <TOOL Bash>
    {
      "command": "pwd",
      "description": "Get current working directory"
    }
  </TOOL Bash>

  <RESULT Bash>
    ok: Get current working directory
  </RESULT Bash>

── Step 4 ──────────────────────────────────────────────────────

  <TOOL Read>
    {
      "file_path": "/home/ejumps/HalfaCloud/Jumperpedia/Projects/Repos/Aunic2.0/scripts/success_criteria.sh"
    }
  </TOOL Read>

  <RESULT Read>
    ok: success_criteria.sh (49 lines)
  </RESULT Read>

── Step 5 ──────────────────────────────────────────────────────

  <TOOL Bash>
    {
      "command": "python3 success_criteria.sh",
      "description": "Run success_criteria.sh"
    }
  </TOOL Bash>

  <RESULT Bash>
    ok: Run success_criteria.sh
  </RESULT Bash>

── Step 6 ──────────────────────────────────────────────────────

  <RESPONSE>
    The question asks how many more file descriptors a Linux process can open if it currently has 500 open and the `ulimit -n` (soft limit) is 1024.
    
    1.  **Current open file descriptors:** 500
    2.  **Maximum allowed file descriptors (ulimit -n):** 1024
    3.  **Calculation:** $1024 - 500 = 524$
    
    The process can open 524 more file descriptors before hitting the limit.
    
    Regarding the `success_criteria.sh` script, I ran it and it returned:
    `PASSED`
    
    Final Answer: 524
  </RESPONSE>

════════════════════════════════════════════════════════════════
Run end  |  6 steps  |  30711 in  778 out  |  22.5s  |  chat
════════════════════════════════════════════════════════════════

