════════════════════════════════════════════════════════════════
Run  2026-06-02 05:23:23  |  local  |  chat
════════════════════════════════════════════════════════════════

<USER>
  <task>
  What is the output of the following Python code?
  
  ```python
  def f(d, l):
  	new_d = {}
  
  	for k in l:
  		if d.get(k) is not None:
  			new_d[k] = d[k]
  
  	return new_d.copy()
  ```
  
  Call: `f({"lorem ipsum" : 12, "dolor" : 23}, ["lorem ipsum", "dolor"])`
  
  Think step by step. Use the tools available to gather information. When you have a final answer, write it on the last line as:
  Final Answer: <your answer>
  </task>
  
  Complete the task. Run the command in success_criteria and include the output in your final response. Report clearly whether it passed or failed.
</USER>

── Step 1 ──────────────────────────────────────────────────────

  <THINKING>
    The user wants to know the output of a specific Python function call.
    The function `f(d, l)` takes a dictionary `d` and a list `l`.
    It iterates through the list `l`, checks if each key in `l` exists in `d` (and is not `None`), and if so, adds it to a new dictionary `new_d`.
    Finally, it returns a copy of `new_d`.
    
    Input:
    `d = {"lorem ipsum" : 12, "dolor" : 23}`
    `l = ["lorem ipsum", "dolor"]`
    
    Step-by-step:
    1. `new_d = {}`
    2. `k = "lorem ipsum"`: `d.get("lorem ipsum")` is `12`. `12 is not None` is `True`. `new_d["lorem ipsum"] = 12`.
    3. `k = "dolor"`: `d.get("dolor")` is `23`. `23 is not None` is `True`. `new_d["dolor"] = 23`.
    4. `return new_d.copy()` -> `{"lorem ipsum": 12, "dolor": 23}`
    
    I should verify this by running the code.
    
    Wait, the user also mentioned: "Run the command in success_criteria and include the output in your final response. Report clearly whether it passed or failed."
    I don't see `success_criteria` in the prompt. Maybe it's in the environment or I should look for it?
    Ah, I see no `success_criteria` provided in the prompt. I will just execute the code to be sure.
    
    Actually, let's check if there is any file or content related to `success_criteria`.
  </THINKING>

  <TOOL Glob>
    {
      "pattern": "*"
    }
  </TOOL Glob>

  <RESULT Glob>
    error: rg_not_found
  </RESULT Glob>

── Step 2 ──────────────────────────────────────────────────────

  <THINKING>
    Okay, the user wants me to find the output of a specific Python code snippet.
    The code is:
    ```python
    def f(d, l):
    	new_d = {}
    
    	for k in l:
    		if d.get(k) is not None:
    			new_d[k] = d[k]
    
    	return new_d.copy()
    ```
    Call: `f({"lorem ipsum" : 12, "dolor" : 23}, ["lorem ipsum", "dolor"])`
    
    I will execute this code using a Python script to be sure.
    
    Step 1: Create a python file with the code and the call.
    Step 2: Run the python file.
    Step 3: Get the output.
    
    Wait, the user also mentioned "Run the command in success_criteria and include the output in your final response. Report clearly whether it passed or failed."
    However, I don't see a `success_criteria` field in the prompt. I only see `<task>`.
    Ah, maybe it's in the environment or I should look for it?
    Actually, I'll just execute the code first.
    
    Wait, I'll check if there are any files in the current directory.
  </THINKING>

  <TOOL Bash>
    {
      "command": "ls -R"
    }
  </TOOL Bash>

  <RESULT Bash>
    ok: ls -R
  </RESULT Bash>

── Step 3 ──────────────────────────────────────────────────────

  <TOOL todo_write>
    {
      "todos": [
        "Analyze the Python code provided in the task.",
        "Create a Python script to run the code and verify the output.",
        "Run the script and capture the output.",
        "Run the success_criteria.py script.",
        "Provide the final answer and report success/failure."
      ]
    }
  </TOOL todo_write>

  <RESULT todo_write>
    error: apply_unavailable
  </RESULT todo_write>

── Step 4 ──────────────────────────────────────────────────────

  <THINKING>
    Okay, the `todo_write` call failed with an error, but I should proceed with the task. I'll analyze the code first.
    
    ```python
    def f(d, l):
    	new_d = {}
    
    	for k in l:
    		if d.get(k) is not None:
    			new_d[k] = d[k]
    
    	return new_d.copy()
    ```
    
    Input:
    `d = {"lorem ipsum" : 12, "dolor" : 23}`
    `l = ["lorem ipsum", "dolor"]`
    
    Trace:
    1. `new_d = {}`
    2. `for k in ["lorem ipsum", "dolor"]:`
       - `k = "lorem ipsum"`
         - `d.get("lorem ipsum")` is `12`.
         - `12 is not None` is `True`.
         - `new_d["lorem ipsum"] = 12`
       - `k = "dolor"`
         - `d.get("dolor")` is `23`.
         - `23 is not None` is `True`.
         - `new_d["dolor"] = 23`
    3. `return new_d.copy()` -> `{"lorem ipsum": 12, "dolor": 23}`
    
    So the expected output is `{'lorem ipsum': 12, 'dolor': 23}`.
    
    Wait, I need to run `success_criteria.py` as requested. Let me check what `success_criteria.py` does.
    I'll first create a script to test the function.
  </THINKING>

  <TOOL Write>
    {
      "content": "def f(d, l):\n\tnew_d = {}\n\n\tfor k in l:\n\t\tif d.get(k) is not None:\n\t\t\tnew_d[k] = d[k]\n\n\treturn new_d.copy()\n\nif __name__ == \"__main__\":\n    result = f({\"lorem ipsum\" : 12, \"dolor\" : 23}, [\"lorem ipsum\", \"dolor\"])\n    print(result)\n",
      "file_path": "test_code.py"
    }
  </TOOL Write>

  <RESULT Write>
    error: relative_path
  </RESULT Write>

── Step 5 ──────────────────────────────────────────────────────

  <TOOL Bash>
    {
      "command": "pwd"
    }
  </TOOL Bash>

  <RESULT Bash>
    ok: pwd
  </RESULT Bash>

── Step 6 ──────────────────────────────────────────────────────

  <TOOL Write>
    {
      "content": "def f(d, l):\n\tnew_d = {}\n\n\tfor k in l:\n\t\tif d.get(k) is not None:\n\t\t\tnew_d[k] = d[k]\n\n\treturn new_d.copy()\n\nif __name__ == \"__main__\":\n    result = f({\"lorem ipsum\" : 12, \"dolor\" : 23}, [\"lorem ipsum\", \"dolor\"])\n    print(result)\n",
      "file_path": "/home/ejumps/HalfaCloud/Jumperpedia/Projects/Repos/Aunic2.0/scripts/test_code.py"
    }
  </TOOL Write>

  <RESULT Write>
    ok: wrote 230 bytes
  </RESULT Write>

── Step 7 ──────────────────────────────────────────────────────

  <TOOL Bash>
    {
      "command": "python3 /home/ejumps/HalfaCloud/Jumperpedia/Projects/Repos/Aunic2.0/scripts/test_code.py"
    }
  </TOOL Bash>

  <RESULT Bash>
    ok: python3 /home/ejumps/HalfaCloud/Jumperpedia/Projects/Repos/A…
  </RESULT Bash>

── Step 8 ──────────────────────────────────────────────────────

  <TOOL Bash>
    {
      "command": "python3 success_criteria.py"
    }
  </TOOL Bash>

  <RESULT Bash>
    ok: python3 success_criteria.py
  </RESULT Bash>

── Step 9 ──────────────────────────────────────────────────────

  <RESPONSE>
    The Python code defines a function `f(d, l)` that iterates through a list `l` and checks if each element `k` exists in dictionary `d` with a value that is not `None`. If it does, the key-value pair is added to a new dictionary `new_d`. Finally, it returns a copy of `new_d`.
    
    Given the call: `f({"lorem ipsum" : 12, "dolor" : 23}, ["lorem ipsum", "dolor"])`
    
    1.  `new_d` is initialized as `{}`.
    2.  First iteration: `k = "lorem ipsum"`. `d.get("lorem ipsum")` is `12`, which is not `None`. So, `new_d["lorem ipsum"] = 12`.
    3.  Second iteration: `k = "dolor"`. `d.get("dolor")` is `23`, which is not `None`. So, `new_d["dolor"] = 23`.
    4.  The function returns `new_d.copy()`, which is `{'lorem ipsum': 12, 'dolor': 23}`.
    
    Running `success_criteria.py` resulted in: `PASSED`.
    
    Final Answer: {'lorem ipsum': 12, 'dolor': 23}
  </RESPONSE>

════════════════════════════════════════════════════════════════
Run end  |  9 steps  |  46718 in  1854 out  |  49.9s  |  chat
════════════════════════════════════════════════════════════════

