════════════════════════════════════════════════════════════════
Run  2026-06-01 22:24:02  |  local  |  chat
════════════════════════════════════════════════════════════════

<USER>
  <task>
  What is the HTTP status code for 'Not Found'?
  
  Think step by step. Use the tools available to gather information. When you have a final answer, write it on the last line as:
  Final Answer: <your answer>
  </task>
  
  Complete the task. Run the command in success_criteria and include the output in your final response. Report clearly whether it passed or failed.
</USER>

── Step 1 ──────────────────────────────────────────────────────

  <THINKING>
    The user wants to know the HTTP status code for 'Not Found'.
    I will search for this information.
    Then I will run a command in `success_criteria` (though I don't see a `success_criteria` file or command provided in the prompt, I should check if there's any file named `success_criteria` or similar in the environment).
    Wait, the prompt says "Run the command in success_criteria". This implies there is a file or a way to find this command.
    I'll start by listing the files in the current directory.
  </THINKING>

  <TOOL Bash>
    {
      "command": "ls -R",
      "description": "List files recursively"
    }
  </TOOL Bash>

  <RESULT Bash>
    ok: List files recursively
  </RESULT Bash>

── Step 2 ──────────────────────────────────────────────────────

  <THINKING>
    Okay, the user wants to know the HTTP status code for 'Not Found'.
    The task also says "Run the command in success_criteria and include the output in your final response. Report clearly whether it passed or failed."
    
    First, I need to find the command in `success_criteria.sh`.
  </THINKING>

  <TOOL Read>
    {
      "file_path": "success_criteria.sh"
    }
  </TOOL Read>

  <RESULT Read>
    error: relative_path
  </RESULT Read>

── Step 3 ──────────────────────────────────────────────────────

  <TOOL Bash>
    {
      "command": "pwd"
    }
  </TOOL Bash>

  <RESULT Bash>
    ok: pwd
  </RESULT Bash>

── Step 4 ──────────────────────────────────────────────────────

  <TOOL Read>
    {
      "file_path": "/home/ejumps/HalfaCloud/Jumperpedia/Projects/Repos/Aunic2.0/scripts/success_criteria.sh"
    }
  </TOOL Read>

  <RESULT Read>
    ok: success_criteria.sh (49 lines)
  </RESULT Read>

── Step 5 ──────────────────────────────────────────────────────

  <TOOL Bash>
    {
      "command": "python3 /home/ejumps/HalfaCloud/Jumperpedia/Projects/Repos/Aunic2.0/scripts/success_criteria.sh",
      "description": "Run success criteria script"
    }
  </TOOL Bash>

  <RESULT Bash>
    ok: Run success criteria script
  </RESULT Bash>

── Step 6 ──────────────────────────────────────────────────────

  <RESPONSE>
    The HTTP status code for 'Not Found' is 404.
    
    Running the success criteria script:
    ```bash
    python3 /home/ejumps/HalfaCloud/Jumperpedia/Projects/Repos/Aunic2.0/scripts/success_criteria.sh
    ```
    Output:
    ```
    PASSED
    ```
    
    The success criteria passed.
    
    Final Answer: 404
  </RESPONSE>

════════════════════════════════════════════════════════════════
Run end  |  6 steps  |  30506 in  450 out  |  14.1s  |  chat
════════════════════════════════════════════════════════════════

