════════════════════════════════════════════════════════════════
Run  2026-06-01 22:10:53  |  local  |  chat
════════════════════════════════════════════════════════════════

<USER>
  <task>
  In git, if you run `git rebase main` from a feature branch with 3 commits, how many times might you encounter merge conflicts at most?
  
  Think step by step. Use the tools available to gather information. When you have a final answer, write it on the last line as:
  Final Answer: <your answer>
  </task>
  
  Complete the task. Run the command in success_criteria and include the output in your final response. Report clearly whether it passed or failed.
</USER>

── Step 1 ──────────────────────────────────────────────────────

  <THINKING>
    The user wants to know the maximum number of times merge conflicts can occur when running `git rebase main` from a feature branch with 3 commits.
    
    Let's think about how `git rebase` works.
    `git rebase main` takes the commits on the current branch (the feature branch) that are not in `main`, and applies them one by one onto the tip of `main`.
    
    If the feature branch has 3 commits:
    Commit 1: applied to `main`. If it conflicts, that's 1 conflict encounter.
    Commit 2: applied to the result of Commit 1. If it conflicts, that's another conflict encounter.
    Commit 3: applied to the result of Commit 2. If it conflicts, that's another conflict encounter.
    
    So, in the worst case, you could encounter conflicts for each of the 3 commits.
    
    Wait, is it possible to encounter conflicts more than once per commit? No, once you resolve the conflict for a commit and continue, you move to the next commit.
    
    Is it possible that a single commit causes multiple conflict "encounters"? Usually, "encountering a merge conflict" refers to the process stopping and asking for resolution for a specific commit.
    
    Let's verify this with a simulation.
    
    Plan:
    1. Create a repository.
    2. Create a `main` branch with some commits.
    3. Create a feature branch with 3 commits.
    4. Make changes in the feature branch commits that will cause conflicts with `main`.
    5. Run `git rebase main`.
    6. Count how many times it stops due to conflicts.
    
    I'll use a bash script to automate this.
    
    Step 1: Setup repo.
    Step 2: Create main branch.
    Step 3: Create feature branch.
    Step 4: Commit 1 on feature branch (modifies file A).
    Step 5: Commit 2 on feature branch (modifies file A).
    Step 6: Commit 3 on feature branch (modifies file A).
    Step 7: Modify file A in main branch in a way that conflicts with each.
    
    Wait, if I modify the same line in every commit, I can trigger a conflict for each.
    
    Let's refine the simulation.
    1. `git init test-rebase`
    2. `cd test-rebase`
    3. `echo "base" > file.txt`
    4. `git add file.txt && git commit -m "initial"`
    5. `git checkout -b feature`
    6. `echo "feature 1" >> file.txt`
    7. `git add file.txt && git commit -m "f1"`
    8. `echo "feature 2" >> file.txt`
    9. `git add file.txt && git commit -m "f2"`
    10. `echo "feature 3" >> file.txt`
    11. `git add file.txt && git commit -m "f3"`
    12. `git checkout main`
    13. `echo "main 1" >> file.txt`
    14. `git add file.txt && git commit -m "m1"`
    15. `echo "main 2" >> file.txt`
    16. `git add file.txt && git commit -m "m2"`
    17. `git checkout feature`
    18. `git rebase main`
    
    Actually, if I just append, it might not conflict if they are different lines. I should try to modify the same lines.
    
    Let's try a more robust way to ensure conflicts.
    `main` branch:
    Commit 0: `line 1`
    Commit M1: `line 1` changed to `M1`
    Commit M2: `line 1` changed to `M2`
    
    Feature branch:
    Commit F1: `line 1` changed to `F1`
    Commit F2: `line 1` changed to `F2`
    Commit F3: `line 1` changed to `F3`
    
    When rebasing F1 onto M2, it will conflict.
    Then F2 onto (M2 + F1), it will conflict.
    Then F3 onto (M2 + F1 + F2), it will conflict.
    
    Total 3 conflicts.
    
    Let's run a script to confirm.
  </THINKING>

  <TOOL todo_write>
    {
      "todos": [
        "Setup simulation repository",
        "Run rebase and count conflicts",
        "Verify result"
      ]
    }
  </TOOL todo_write>

  <RESULT todo_write>
    error: apply_unavailable
  </RESULT todo_write>

── Step 2 ──────────────────────────────────────────────────────

  <TOOL Bash>
    {
      "command": "mkdir git_rebase_test \u0026\u0026 cd git_rebase_test \u0026\u0026 git init",
      "description": "Initialize a git repo for testing"
    }
  </TOOL Bash>

  <RESULT Bash>
    ok: Initialize a git repo for testing
  </RESULT Bash>

── Step 3 ──────────────────────────────────────────────────────

  <TOOL Bash>
    {
      "command": "cd git_rebase_test \u0026\u0026 git branch -m main \u0026\u0026 git commit --allow-empty -m \"Initial commit\"",
      "description": "Rename master to main and create initial commit"
    }
  </TOOL Bash>

  <RESULT Bash>
    ok: Rename master to main and create initial commit
  </RESULT Bash>

── Step 4 ──────────────────────────────────────────────────────

  <TOOL Bash>
    {
      "command": "cd git_rebase_test \u0026\u0026 git checkout -b feature \u0026\u0026 echo \"line 1\" \u003e file.txt \u0026\u0026 git add file.txt \u0026\u0026 git commit -m \"feature commit 1\" \u0026\u0026 echo \"line 2\" \u003e\u003e file.txt \u0026\u0026 git add file.txt \u0026\u0026 git commit -m \"feature commit 2\" \u0026\u0026 echo \"line 3\" \u003e\u003e file.txt \u0026\u0026 git add file.txt \u0026\u0026 git commit -m \"feature commit 3\"",
      "description": "Create feature branch with 3 commits"
    }
  </TOOL Bash>

  <RESULT Bash>
    ok: Create feature branch with 3 commits
  </RESULT Bash>

── Step 5 ──────────────────────────────────────────────────────

  <TOOL Bash>
    {
      "command": "cd git_rebase_test \u0026\u0026 git checkout main \u0026\u0026 echo \"conflict line\" \u003e\u003e file.txt \u0026\u0026 git add file.txt \u0026\u0026 git commit -m \"main commit\"",
      "description": "Add a commit to main that will cause conflicts"
    }
  </TOOL Bash>

  <RESULT Bash>
    ok: Add a commit to main that will cause conflicts
  </RESULT Bash>

── Step 6 ──────────────────────────────────────────────────────

  <THINKING>
    Okay, I've set up a scenario where `main` has a commit that modifies `file.txt`, and `feature` has 3 commits that also modify `file.txt`.
    
    Now I'll try to rebase `feature` onto `main` and see how many times conflicts occur.
    
    Wait, I should make sure the conflicts actually happen for each commit.
    In my current setup:
    `main` commit: `echo "conflict line" >> file.txt`
    `feature` commit 1: `echo "line 1" > file.txt` (This might overwrite or conflict depending on how git sees it)
    `feature` commit 2: `echo "line 2" >> file.txt`
    `feature` commit 3: `echo "line 3" >> file.txt`
    
    Actually, `feature` commit 1 created the file. If I rebase onto `main`, `main`'s commit (which also creates the file or modifies it) might conflict with `feature` commit 1.
    
    Let's refine the setup to ensure maximum potential conflicts.
    To maximize conflicts, each commit in `feature` should modify a line that is also modified in `main` or in a previous commit during the rebase process.
    
    Let's try to make each of the 3 commits in `feature` conflict with the changes in `main`.
    
    Actually, the question is "how many times *might* you encounter merge conflicts at most?".
    Each commit in the rebase is applied one by one. If a commit results in a conflict, you resolve it and then continue.
    Since there are 3 commits, there could be at most 3 conflict events (one for each commit).
    
    Let's verify this with a more controlled test.
    
    Current state of `file.txt` in `main`:
    `line 1` (from feature commit 1) ? No, `feature` was branched from `main` *before* `feature` commit 1.
    Wait, `feature` commit 1 was `echo "line 1" > file.txt`.
    `main` commit was `echo "conflict line" >> file.txt`.
    But `main` commit was done *after* `feature` branch was created.
    Wait, I did:
    1. `git init`
    2. `git branch -m main && git commit --allow-empty -m "Initial commit"`
    3. `git checkout -b feature && echo "line 1" > file.txt && git add file.txt && git commit -m "feature commit 1" && echo "line 2" >> file.txt && git add file.txt && git commit -m "feature commit 2" && echo "line 3" >> file.txt && git add file.txt && git commit -m "feature commit 3"`
    4. `git checkout main && echo "conflict line" >> file.txt && git add file.txt && git commit -m "main commit"`
    
    Let's see what `file.txt` looks like in `main` and `feature`.
    In `main`: `file.txt` has nothing? No, `main` started with an empty commit. Then I added `conflict line` to `file.txt`. But `file.txt` didn't exist in `main` yet.
    Wait, `echo "conflict line" >> file.txt` on a non-existent file creates it.
    In `feature`:
    Commit 1: `file.txt` has `line 1`
    Commit 2: `file.txt` has `line 1\nline 2`
    Commit 3: `file.txt` has `line 1\nline 2\nline 3`
    
    When rebasing `feature` onto `main`:
    1. Apply `feature commit 1` onto `main`.
       `main` has `file.txt` with `conflict line`.
       `feature commit 1` says: `file.txt` should be `line 1`.
       This is a conflict (or at least a change that might conflict).
    2. Apply `feature commit 2` onto the result.
       `feature commit 2` says: append `line 2`.
    3. Apply `feature commit 3` onto the result.
       `feature commit 3` says: append `line 3`.
    
    To ensure 3 conflicts, I need each commit to modify a line that is "in contention".
    
    Let's try a better setup.
    `main` has:
    Line 1: A
    Line 2: B
    Line 3: C
    
    `feature` commit 1: Change Line 1 to X
    `feature` commit 2: Change Line 2 to Y
    `feature` commit 3: Change Line 3 to Z
    
    `main` (after branching):
    Commit A: Change Line 1 to W
    Commit B: Change Line 2 to V
    Commit C: Change Line 3 to U
    
    Wait, if I rebase `feature` onto `main`:
    1. Replay `feature commit 1` (Change Line 1 to X) on top of `main`. Since `main` changed Line 1 to W, this is a conflict.
    2. Replay `feature commit 2` (Change Line 2 to Y) on top of the resolved `feature commit 1`. Since `main` changed Line 2 to V, this is a conflict.
    3. Replay `feature commit 3` (Change Line 3 to Z) on top of the resolved `feature commit 2`. Since `main` changed Line 3 to U, this is a conflict.
    
    So 3 conflicts.
    
    Let's implement this.
  </THINKING>

  <TOOL Bash>
    {
      "command": "cd git_rebase_test \u0026\u0026 rm -rf * \u0026\u0026 git init \u0026\u0026 git branch -m main \u0026\u0026 git commit --allow-empty -m \"Initial commit\" \u0026\u0026 echo \"line 1\" \u003e file.txt \u0026\u0026 echo \"line 2\" \u003e\u003e file.txt \u0026\u0026 echo \"line 3\" \u003e\u003e file.txt \u0026\u0026 git add file.txt \u0026\u0026 git commit -m \"base\" \u0026\u0026 git checkout -b feature \u0026\u0026 sed -i 's/line 1/feat 1/' file.txt \u0026\u0026 git add file.txt \u0026\u0026 git commit -m \"feat 1\" \u0026\u0026 sed -i 's/line 2/feat 2/' file.txt \u0026\u0026 git add file.txt \u0026\u0026 git commit -m \"feat 2\" \u0026\u0026 sed -i 's/line 3/feat 3/' file.txt \u0026\u0026 git add file.txt \u0026\u0026 git commit -m \"feat 3\" \u0026\u0026 git checkout main \u0026\u0026 sed -i 's/line 1/main 1/' file.txt \u0026\u0026 git add file.txt \u0026\u0026 git commit -m \"main 1\" \u0026\u0026 sed -i 's/line 2/main 2/' file.txt \u0026\u0026 git add file.txt \u0026\u0026 git commit -m \"main 2\" \u0026\u0026 sed -i 's/line 3/main 3/' file.txt \u0026\u0026 git add file.txt \u0026\u0026 git commit -m \"main 3\"",
      "description": "Setup controlled conflict scenario"
    }
  </TOOL Bash>

  <RESULT Bash>
    ok: Setup controlled conflict scenario
  </RESULT Bash>

── Step 7 ──────────────────────────────────────────────────────

  <TOOL Bash>
    {
      "command": "rm -rf git_rebase_test \u0026\u0026 mkdir git_rebase_test \u0026\u0026 cd git_rebase_test \u0026\u0026 git init \u0026\u0026 git branch -m main \u0026\u0026 git commit --allow-empty -m \"Initial commit\" \u0026\u0026 echo \"line 1\" \u003e file.txt \u0026\u0026 echo \"line 2\" \u003e\u003e file.txt \u0026\u0026 echo \"line 3\" \u003e\u003e file.txt \u0026\u0026 git add file.txt \u0026\u0026 git commit -m \"base\" \u0026\u0026 git checkout -b feature \u0026\u0026 sed -i 's/line 1/feat 1/' file.txt \u0026\u0026 git add file.txt \u0026\u0026 git commit -m \"feat 1\" \u0026\u0026 sed -i 's/line 2/feat 2/' file.txt \u0026\u0026 git add file.txt \u0026\u0026 git commit -m \"feat 2\" \u0026\u0026 sed -i 's/line 3/feat 3/' file.txt \u0026\u0026 git add file.txt \u0026\u0026 git commit -m \"feat 3\" \u0026\u0026 git checkout main \u0026\u0026 sed -i 's/line 1/main 1/' file.txt \u0026\u0026 git add file.txt \u0026\u0026 git commit -m \"main 1\" \u0026\u0026 sed -i 's/line 2/main 2/' file.txt \u0026\u0026 git add file.txt \u0026\u0026 git commit -m \"main 2\" \u0026\u0026 sed -i 's/line 3/main 3/' file.txt \u0026\u0026 git add file.txt \u0026\u0026 git commit -m \"main 3\"",
      "description": "Setup controlled conflict scenario correctly"
    }
  </TOOL Bash>

  <RESULT Bash>
    ok: Setup controlled conflict scenario correctly
  </RESULT Bash>

── Step 8 ──────────────────────────────────────────────────────

  <TOOL Bash>
    {
      "command": "cd git_rebase_test \u0026\u0026 git checkout feature \u0026\u0026 git rebase main",
      "description": "Run rebase on feature branch"
    }
  </TOOL Bash>

  <RESULT Bash>
    ok: Run rebase on feature branch
  </RESULT Bash>

── Step 9 ──────────────────────────────────────────────────────

  <TOOL Bash>
    {
      "command": "cd git_rebase_test \u0026\u0026 git rebase --abort \u0026\u0026 git checkout feature \u0026\u0026 git rebase main",
      "description": "Run rebase again to see if it continues after conflict resolution (simulated)"
    }
  </TOOL Bash>

  <RESULT Bash>
    ok: Run rebase again to see if it continues after conflict resolution (simulated)
  </RESULT Bash>

── Step 10 ──────────────────────────────────────────────────────

  <TOOL Bash>
    {
      "command": "cd git_rebase_test \u0026\u0026 git checkout feature \u0026\u0026 git rebase main || (git add file.txt \u0026\u0026 git rebase --continue || (git add file.txt \u0026\u0026 git rebase --continue || (git add file.txt \u0026\u0026 git rebase --continue)))",
      "description": "Run rebase and simulate resolving conflicts for all 3 commits"
    }
  </TOOL Bash>

  <RESULT Bash>
    ok: [auto-background 009] Run rebase and simulate resolving conflicts for all 3 commits
  </RESULT Bash>

── Step 11 ──────────────────────────────────────────────────────

  <THINKING>
    Okay, the previous attempt at simulating the rebase was a bit messy. Let me try a more systematic way to count the conflicts.
    
    I'll create a script that:
    1. Sets up the repository.
    2. Runs `git rebase main`.
    3. Detects conflicts.
    4. Resolves them (by just adding the file).
    5. Continues until finished or failed.
    6. Counts how many times a conflict occurred.
    
    The question is "how many times might you encounter merge conflicts at most?".
    If there are 3 commits on the feature branch, and each commit could potentially conflict with the current state of `main`, then the maximum number of conflicts would be 3.
    
    Let's verify this with a script.
  </THINKING>

  <TOOL Bash>
    {
      "command": "cat \u003c\u003c 'EOF' \u003e count_conflicts.sh\n#!/bin/bash\nmkdir -p git_rebase_test_script\ncd git_rebase_test_script\ngit init\ngit branch -m main\ngit commit --allow-empty -m \"Initial commit\"\n\n# Create base file\necho \"line 1\" \u003e file.txt\necho \"line 2\" \u003e\u003e file.txt\necho \"line 3\" \u003e\u003e file.txt\ngit add file.txt\ngit commit -m \"base\"\n\n# Create feature branch with 3 commits\ngit checkout -b feature\necho \"feat 1\" \u003e file.txt\necho \"line 2\" \u003e\u003e file.txt\necho \"line 3\" \u003e\u003e file.txt\ngit add file.txt\ngit commit -m \"feat 1\"\n\necho \"feat 1\" \u003e file.txt\necho \"feat 2\" \u003e\u003e file.txt\necho \"line 3\" \u003e\u003e file.txt\ngit add file.txt\ngit commit -m \"feat 2\"\n\necho \"feat 1\" \u003e file.txt\necho \"feat 2\" \u003e\u003e file.txt\necho \"feat 3\" \u003e\u003e file.txt\ngit add file.txt\ngit commit -m \"feat 3\"\n\n# Create main branch with 3 commits that conflict with each one\ngit checkout main\necho \"main 1\" \u003e file.txt\necho \"line 2\" \u003e\u003e file.txt\necho \"line 3\" \u003e\u003e file.txt\ngit add file.txt\ngit commit -m \"main 1\"\n\necho \"main 1\" \u003e file.txt\necho \"main 2\" \u003e\u003e file.txt\necho \"line 3\" \u003e\u003e file.txt\ngit add file.txt\ngit commit -m \"main 2\"\n\necho \"main 1\" \u003e file.txt\necho \"main 2\" \u003e\u003e file.txt\necho \"main 3\" \u003e\u003e file.txt\ngit add file.txt\ngit commit -m \"main 3\"\n\n# Run rebase and count conflicts\ngit checkout feature\nconflict_count=0\nwhile true; do\n    git rebase main\n    if [ $? -eq 0 ]; then\n        break\n    else\n        conflict_count=$((conflict_count + 1))\n        # Resolve conflict by accepting \"both\" or just adding\n        git add file.txt\n        git rebase --continue\n    fi\ndone\n\necho \"CONFLICT_COUNT=$conflict_count\"\nEOF\n\nchmod +x count_conflicts.sh\n./count_conflicts.sh",
      "description": "Create and run a script to count conflicts during rebase"
    }
  </TOOL Bash>

  <RESULT Bash>
    ok: [auto-background 00A] Create and run a script to count conflicts during rebase
  </RESULT Bash>

── Step 12 ──────────────────────────────────────────────────────

  <TOOL Bash>
    {
      "command": "cd git_rebase_test_script \u0026\u0026 ./count_conflicts.sh",
      "description": "Run the conflict counting script"
    }
  </TOOL Bash>

  <RESULT Bash>
    ok: Run the conflict counting script
  </RESULT Bash>

── Step 13 ──────────────────────────────────────────────────────

  <TOOL Bash>
    {
      "command": "cd git_rebase_test_script \u0026\u0026 ls -F",
      "description": "List files in the script directory"
    }
  </TOOL Bash>

  <RESULT Bash>
    ok: List files in the script directory
  </RESULT Bash>

── Step 14 ──────────────────────────────────────────────────────

  <TOOL Bash>
    {
      "command": "cd git_rebase_test_script \u0026\u0026 ls -a",
      "description": "List all files in the script directory"
    }
  </TOOL Bash>

  <RESULT Bash>
    ok: List all files in the script directory
  </RESULT Bash>

── Step 15 ──────────────────────────────────────────────────────

  <TOOL Bash>
    {
      "command": "cd git_rebase_test_script \u0026\u0026 pwd",
      "description": "Check current working directory"
    }
  </TOOL Bash>

  <RESULT Bash>
    ok: Check current working directory
  </RESULT Bash>

════════════════════════════════════════════════════════════════
Run end  |  15 steps  |  101453 in  4260 out  |  238.2s  |  max steps reached
════════════════════════════════════════════════════════════════

