════════════════════════════════════════════════════════════════
Run  2026-06-02 06:52:07  |  local  |  chat
════════════════════════════════════════════════════════════════

<USER>
  <task>
  A Linux process opens 500 file descriptors. The default `ulimit -n` on most systems is 1024. How many more file descriptors can it open before hitting the limit?
  
  Think step by step. Use the tools available to gather information. When you have a final answer, write it on the last line as:
  Final Answer: <your answer>
  </task>
  
  Complete the task. Run the command in success_criteria and include the output in your final response. Report clearly whether it passed or failed.
</USER>

── Step 1 ──────────────────────────────────────────────────────

  <THINKING>
    The user wants to know how many more file descriptors a Linux process can open if it has already opened 500 and the `ulimit -n` is 1024.
    
    1.  **Calculate the difference**: $1024 - 500 = 524$.
    2.  **Verify with a command**: The user mentioned a "command in success_criteria". I don't see a `success_criteria` block in the prompt, but usually, in these tasks, I should check if I can actually run a command to verify this or if it's a theoretical question. Wait, the prompt says "Run the command in success_criteria". I don't see any `success_criteria` in the provided context.
    
    Looking at the prompt again:
    `<task> ... </task>`
    There is no `success_criteria` provided in the user's message.
    
    However, I can simulate or check the logic.
    If `ulimit -n` is 1024 and 500 are used, the remaining are $1024 - 500 = 524$.
    
    Wait, let me check if there's any hidden context or if I should look for a file named `success_criteria`.
    I'll list files in the current directory.
  </THINKING>

  <TOOL Bash>
    {
      "command": "ls -R"
    }
  </TOOL Bash>

  <RESULT Bash>
    ok: ls -R
  </RESULT Bash>

── Step 2 ──────────────────────────────────────────────────────

  <TOOL todo_write>
    {
      "todos": [
        "Calculate the remaining file descriptors based on the problem statement",
        "Run the success_criteria command to verify the answer"
      ]
    }
  </TOOL todo_write>

  <RESULT todo_write>
    error: apply_unavailable
  </RESULT todo_write>

── Step 3 ──────────────────────────────────────────────────────

  <THINKING>
    Okay, I'll skip the todo list since it failed to apply, but I'll proceed with the calculation.
    
    The problem states:
    - Current file descriptors opened: 500
    - Default `ulimit -n` (limit): 1024
    
    Calculation:
    1024 - 500 = 524
    
    I need to run the `success_criteria` command. I see `success_criteria.py` and `success_criteria.sh` in the file list. I'll try running `success_criteria.sh` first, or check if there's a way to know which one to run. Usually, if there are both, one might be a wrapper or they might be different. I'll check the content of `success_criteria.sh`.
  </THINKING>

  <TOOL Read>
    {
      "file_path": "success_criteria.sh"
    }
  </TOOL Read>

  <RESULT Read>
    error: relative_path
  </RESULT Read>

── Step 4 ──────────────────────────────────────────────────────

  <THINKING>
    Okay, I need to calculate the remaining file descriptors.
    The process has 500 open file descriptors.
    The limit `ulimit -n` is 1024.
    Remaining = 1024 - 500 = 524.
    
    Wait, I should check if there is a `success_criteria.sh` or `success_criteria.py` and what it does.
    The user wants me to "Run the command in success_criteria and include the output in your final response".
    
    I'll find the absolute path of the current directory first.
  </THINKING>

  <TOOL Bash>
    {
      "command": "pwd"
    }
  </TOOL Bash>

  <RESULT Bash>
    ok: pwd
  </RESULT Bash>

── Step 5 ──────────────────────────────────────────────────────

  <THINKING>
    Okay, the problem states:
    - A Linux process opens 500 file descriptors.
    - The default `ulimit -n` is 1024.
    - How many more file descriptors can it open before hitting the limit?
    
    Calculation:
    1024 - 500 = 524.
    
    Now I need to run the `success_criteria` command. I see `success_criteria.sh` and `success_criteria.py` in the file list. I'll check `success_criteria.sh` first. I need to use an absolute path.
    
    The current working directory is `/home/ejumps/HalfaCloud/Jumperpedia/Projects/Repos/Aunic2.0/scripts`.
    
    Wait, I should probably check if I can run it directly.
  </THINKING>

  <TOOL Bash>
    {
      "command": "/home/ejumps/HalfaCloud/Jumperpedia/Projects/Repos/Aunic2.0/scripts/success_criteria.sh"
    }
  </TOOL Bash>

  <RESULT Bash>
    ok: /home/ejumps/HalfaCloud/Jumperpedia/Projects/Repos/Aunic2.0/…
  </RESULT Bash>

── Step 6 ──────────────────────────────────────────────────────

  <THINKING>
    The user wants to know how many more file descriptors a process can open if it already has 500 and the limit is 1024.
    
    Calculation:
    Limit = 1024
    Current = 500
    Remaining = 1024 - 500 = 524
    
    The user also wants me to run the command in `success_criteria` and include the output.
    I saw `success_criteria.sh` in the file list. I ran it and it returned `PASSED`.
    
    Wait, the task says "Run the command in success_criteria". I ran `success_criteria.sh`.
    Let's check if there's a `success_criteria.py` as well.
    
    I'll re-read the task carefully.
    "A Linux process opens 500 file descriptors. The default `ulimit -n` on most systems is 1024. How many more file descriptors can it open before hitting the limit?"
    
    Step 1: Calculate 1024 - 500 = 524.
    Step 2: Run `success_criteria.sh` (or whatever it is).
    
    The `success_criteria.sh` output was `PASSED`.
    
    I'll double check if there are other success criteria files.
    `success_criteria.py` is also present.
    
    Let's check the content of `success_criteria.sh` just to be sure what it does.
  </THINKING>

  <TOOL Bash>
    {
      "command": "cat /home/ejumps/HalfaCloud/Jumperpedia/Projects/Repos/Aunic2.0/scripts/success_criteria.sh"
    }
  </TOOL Bash>

  <RESULT Bash>
    ok: cat /home/ejumps/HalfaCloud/Jumperpedia/Projects/Repos/Aunic…
  </RESULT Bash>

── Step 7 ──────────────────────────────────────────────────────

  <RESPONSE>
    The problem asks how many more file descriptors a Linux process can open if it has already opened 500 and the limit (`ulimit -n`) is 1024.
    
    1.  **Current file descriptors opened:** 500
    2.  **Maximum limit (`ulimit -n`):** 1024
    3.  **Calculation:** $1024 - 500 = 524$
    
    The process can open 524 more file descriptors before hitting the limit.
    
    Regarding the `success_criteria.sh` command:
    The content of `success_criteria.sh` reveals it is actually a Python script testing a completely different question about TCP states ("What state does the client transition to after sending its ACK?"). When executed, it returned `PASSED` because the script's internal logic matched its own expected answer (`CLOSE_WAIT`). However, this script is unrelated to the file descriptor question asked in the task.
    
    Since the task asks me to run the command in `success_criteria` and include the output, I have done so.
    
    **Execution of `success_criteria.sh`:**
    ```bash
    /home/ejumps/HalfaCloud/Jumperpedia/Projects/Repos/Aunic2.0/scripts/success_criteria.sh
    ```
    **Output:**
    ```
    PASSED
    ```
    
    The command passed, although it verified a different question.
    
    Final Answer: 524
  </RESPONSE>

════════════════════════════════════════════════════════════════
Run end  |  7 steps  |  35781 in  1585 out  |  43.2s  |  chat
════════════════════════════════════════════════════════════════

