════════════════════════════════════════════════════════════════
Run  2026-06-02 06:13:23  |  local  |  chat
════════════════════════════════════════════════════════════════

<USER>
  <task>
  What is the output of the following Python code?
  
  ```python
  def f(text, to_remove):
      new_text = list(text)
      if to_remove in new_text:
          index = new_text.index(to_remove)
          new_text.remove(to_remove)
          new_text.insert(index, '?')
          new_text.remove('?')
      return ''.join(new_text)
  ```
  
  Call: `f('sjbrlfqmw', 'l')`
  
  Think step by step. Use the tools available to gather information. When you have a final answer, write it on the last line as:
  Final Answer: <your answer>
  </task>
  
  Complete the task. Run the command in success_criteria and include the output in your final response. Report clearly whether it passed or failed.
</USER>

── Step 1 ──────────────────────────────────────────────────────

  <THINKING>
    The user wants to find the output of a specific Python function `f` when called with `f('sjbrlfqmw', 'l')`.
    
    Function definition:
    ```python
    def f(text, to_remove):
        new_text = list(text)
        if to_remove in new_text:
            index = new_text.index(to_remove)
            new_text.remove(to_remove)
            new_text.insert(index, '?')
            new_text.remove('?')
        return ''.join(new_text)
    ```
    
    Trace:
    1. `text = 'sjbrlfqmw'`, `to_remove = 'l'`
    2. `new_text = ['s', 'j', 'b', 'r', 'l', 'f', 'q', 'm', 'w']`
    3. `if 'l' in new_text:` -> True
    4. `index = new_text.index('l')` -> `index = 4` (0:s, 1:j, 2:b, 3:r, 4:l)
    5. `new_text.remove('l')` -> `new_text = ['s', 'j', 'b', 'r', 'f', 'q', 'm', 'w']`
    6. `new_text.insert(4, '?')` -> `new_text = ['s', 'j', 'b', 'r', '?', 'f', 'q', 'm', 'w']`
    7. `new_text.remove('?')` -> `new_text = ['s', 'j', 'b', 'r', 'f', 'q', 'm', 'w']`
    8. `return ''.join(new_text)` -> `'sjbrfqmw'`
    
    Wait, let me re-check step 7.
    `new_text.remove('?')` removes the *first* occurrence of `'?'`.
    In step 6, we inserted `'?'` at index 4.
    So `new_text` was `['s', 'j', 'b', 'r', '?', 'f', 'q', 'm', 'w']`.
    `new_text.remove('?')` will find `'?'` at index 4 and remove it.
    The resulting list is `['s', 'j', 'b', 'r', 'f', 'q', 'm', 'w']`.
    The joined string is `'sjbrfqmw'`.
    
    Let's verify this with a script.
  </THINKING>

  <TOOL todo_write>
    {
      "todos": [
        "Verify Python code output with a script",
        "Formulate final answer"
      ]
    }
  </TOOL todo_write>

  <RESULT todo_write>
    error: apply_unavailable
  </RESULT todo_write>

── Step 2 ──────────────────────────────────────────────────────

  <TOOL Bash>
    {
      "command": "cat \u003c\u003cEOF \u003e solution.py\ndef f(text, to_remove):\n    new_text = list(text)\n    if to_remove in new_text:\n        index = new_text.index(to_remove)\n        new_text.remove(to_remove)\n        new_text.insert(index, '?')\n        new_text.remove('?')\n    return ''.join(new_text)\n\nprint(f('sjbrlfqmw', 'l'))\nEOF\npython3 solution.py\n",
      "description": "Run the Python code to find the output."
    }
  </TOOL Bash>

  <RESULT Bash>
    ok: Run the Python code to find the output.
  </RESULT Bash>

── Step 3 ──────────────────────────────────────────────────────

  <RESPONSE>
    The output of the Python code is `sjbrfqmw`.
    
    Step-by-step execution:
    1. `f('sjbrlfqmw', 'l')` is called.
    2. `new_text` becomes `['s', 'j', 'b', 'r', 'l', 'f', 'q', 'm', 'w']`.
    3. `'l'` is in `new_text`, so the `if` block executes.
    4. `index` is `4` (the index of `'l'`).
    5. `new_text.remove('l')` changes `new_text` to `['s', 'j', 'b', 'r', 'f', 'q', 'm', 'w']`.
    6. `new_text.insert(4, '?')` changes `new_text` to `['s', 'j', 'b', 'r', '?', 'f', 'q', 'm', 'w']`.
    7. `new_text.remove('?')` changes `new_text` back to `['s', 'j', 'b', 'r', 'f', 'q', 'm', 'w']`.
    8. `''.join(new_text)` returns `'sjbrfqmw'`.
    
    Final Answer: sjbrfqmw
  </RESPONSE>

════════════════════════════════════════════════════════════════
Run end  |  3 steps  |  13989 in  1035 out  |  26.9s  |  chat
════════════════════════════════════════════════════════════════

