════════════════════════════════════════════════════════════════
Run  2026-06-02 05:55:08  |  local  |  chat
════════════════════════════════════════════════════════════════

<USER>
  <task>
  A Linux process opens 500 file descriptors. The default `ulimit -n` on most systems is 1024. How many more file descriptors can it open before hitting the limit?
  
  Think step by step. Use the tools available to gather information. When you have a final answer, write it on the last line as:
  Final Answer: <your answer>
  </task>
  
  Complete the task. Run the command in success_criteria and include the output in your final response. Report clearly whether it passed or failed.
</USER>

── Step 1 ──────────────────────────────────────────────────────

  <THINKING>
    The user wants to know how many more file descriptors a Linux process can open if it already has 500 open and the `ulimit -n` is 1024.
    
    1.  Calculate the remaining file descriptors: $1024 - 500 = 524$.
    2.  Verify the `ulimit -n` value on the system if possible, although the prompt specifies "The default `ulimit -n` on most systems is 1024".
    3.  The task also mentions "Run the command in success_criteria and include the output in your final response. Report clearly whether it passed or failed."
        Wait, there is no `success_criteria` provided in the prompt. I should look for it in the context or if it's a placeholder.
        Looking at the prompt again: `Run the command in success_criteria and include the output in your final response. Report clearly whether it passed or failed.`
        It seems `success_criteria` is missing from the task description. I will check if there's any other information.
    
    Actually, I'll just answer the math question first.
    $1024 - 500 = 524$.
    
    Wait, I should check if there is a file or something that defines `success_criteria`.
    I'll start by listing files in the current directory.
  </THINKING>

  <TOOL Bash>
    {
      "command": "ls -R",
      "description": "List files recursively"
    }
  </TOOL Bash>

  <RESULT Bash>
    ok: List files recursively
  </RESULT Bash>

── Step 2 ──────────────────────────────────────────────────────

  <THINKING>
    Okay, the task is to determine how many more file descriptors a Linux process can open if it has already opened 500 and the `ulimit -n` is 1024.
    
    The question is a simple arithmetic problem: $1024 - 500 = 524$.
    
    However, the instructions say: "Think step by step. Use the tools available to gather information. When you have a final answer, write it on the last line as: Final Answer: <your answer>. Complete the task. Run the command in success_criteria and include the output in your final response. Report clearly whether it passed or failed."
    
    Wait, `success_criteria` is mentioned. I see `success_criteria.py` and `success_criteria.sh` in the file list. I should probably run one of them to verify my answer.
    
    Let's look at `success_criteria.py` and `success_criteria.sh`.
  </THINKING>

  <TOOL Read>
    {
      "file_path": "success_criteria.py"
    }
  </TOOL Read>

  <RESULT Read>
    error: relative_path
  </RESULT Read>

── Step 3 ──────────────────────────────────────────────────────

  <TOOL Bash>
    {
      "command": "pwd",
      "description": "Get current working directory"
    }
  </TOOL Bash>

  <RESULT Bash>
    ok: Get current working directory
  </RESULT Bash>

── Step 4 ──────────────────────────────────────────────────────

  <THINKING>
    Okay, I need to solve the file descriptor problem and then run `success_criteria.py`.
    
    Problem:
    A Linux process opens 500 file descriptors.
    The default `ulimit -n` is 1024.
    How many more file descriptors can it open before hitting the limit?
    
    Calculation:
    Limit = 1024
    Currently open = 500
    Remaining = 1024 - 500 = 524
    
    Now I need to run `success_criteria.py`. I'll use the absolute path.
    The current working directory is `/home/ejumps/HalfaCloud/Jumperpedia/Projects/Repos/Aunic2.0/scripts`.
    So the file is `/home/ejumps/HalfaCloud/Jumperpedia/Projects/Repos/Aunic2.0/scripts/success_criteria.py`.
    
    Wait, I should check if `success_criteria.py` is a python script or if I should run it with `python3`.
    The file name suggests it's a python script.
    
    Let's verify the content of `success_criteria.py` first.
  </THINKING>

  <TOOL Read>
    {
      "file_path": "/home/ejumps/HalfaCloud/Jumperpedia/Projects/Repos/Aunic2.0/scripts/success_criteria.py"
    }
  </TOOL Read>

  <RESULT Read>
    ok: success_criteria.py (17 lines)
  </RESULT Read>

── Step 5 ──────────────────────────────────────────────────────

  <TOOL todo_write>
    {
      "todos": [
        "Calculate the remaining file descriptors",
        "Run success_criteria.py and report result"
      ]
    }
  </TOOL todo_write>

  <RESULT todo_write>
    error: apply_unavailable
  </RESULT todo_write>

── Step 6 ──────────────────────────────────────────────────────

  <TOOL Bash>
    {
      "command": "python3 success_criteria.py",
      "description": "Run success_criteria.py"
    }
  </TOOL Bash>

  <RESULT Bash>
    ok: Run success_criteria.py
  </RESULT Bash>

── Step 7 ──────────────────────────────────────────────────────

  <RESPONSE>
    The problem asks how many more file descriptors a process can open if it has already opened 500 and the limit is 1024.
    
    1.  **Identify current usage:** 500 file descriptors.
    2.  **Identify the limit:** 1024 file descriptors.
    3.  **Calculate the difference:** 1024 - 500 = 524.
    
    The process can open 524 more file descriptors.
    
    **Success Criteria Check:**
    Running `python3 success_criteria.py` yielded:
    `PASSED`
    
    Final Answer: 524
  </RESPONSE>

════════════════════════════════════════════════════════════════
Run end  |  7 steps  |  35859 in  1085 out  |  29.8s  |  chat
════════════════════════════════════════════════════════════════

