════════════════════════════════════════════════════════════════
Run  2026-06-02 06:00:33  |  local  |  chat
════════════════════════════════════════════════════════════════

<USER>
  <task>
  What is the output of the following Python code?
  
  ```python
  def f(text):
      ls = text.split()
      lines = " ".join(ls[::3]).splitlines()
      res = []
      for i in range(2):
          ln = ls[1::3]
          if 3 * i + 1 < len(ln):
              res.append(" ".join(ln[3 * i:3 * (i + 1)]))
      return lines + res
  ```
  
  Call: `f("echo hello!!! nice!")`
  
  Think step by step. Use the tools available to gather information. When you have a final answer, write it on the last line as:
  Final Answer: <your answer>
  </task>
  
  Complete the task. Run the command in success_criteria and include the output in your final response. Report clearly whether it passed or failed.
</USER>

── Step 1 ──────────────────────────────────────────────────────

  <THINKING>
    The user wants me to find the output of a specific Python function `f` when called with `"echo hello!!! nice!"`.
    
    ```python
    def f(text):
        ls = text.split()
        lines = " ".join(ls[::3]).splitlines()
        res = []
        for i in range(2):
            ln = ls[1::3]
            if 3 * i + 1 < len(ln):
                res.append(" ".join(ln[3 * i:3 * (i + 1)]))
        return lines + res
    ```
    
    Call: `f("echo hello!!! nice!")`
    
    Let's trace it manually first.
    `text = "echo hello!!! nice!"`
    `ls = text.split()` -> `['echo', 'hello!!!', 'nice!']`
    `len(ls) = 3`
    
    `ls[::3]` -> `ls[0], ls[3], ...` -> `['echo']`
    `" ".join(ls[::3])` -> `"echo"`
    `lines = "echo".splitlines()` -> `['echo']`
    
    `res = []`
    `for i in range(2):` (i = 0, 1)
    
    `i = 0`:
    `ln = ls[1::3]` -> `ls[1], ls[4], ...` -> `['hello!!!']`
    `len(ln) = 1`
    `3 * i + 1 < len(ln)` -> `3 * 0 + 1 < 1` -> `1 < 1` -> `False`
    
    `i = 1`:
    `ln = ls[1::3]` -> `['hello!!!']`
    `len(ln) = 1`
    `3 * i + 1 < len(ln)` -> `3 * 1 + 1 < 1` -> `4 < 1` -> `False`
    
    `return lines + res` -> `['echo'] + []` -> `['echo']`
    
    Wait, let me re-verify.
    
    `ls = ['echo', 'hello!!!', 'nice!']`
    Indices:
    0: echo
    1: hello!!!
    2: nice!
    
    `ls[::3]` -> `ls[0]` -> `['echo']`
    `" ".join(['echo'])` -> `"echo"`
    `"echo".splitlines()` -> `['echo']`
    
    `ls[1::3]` -> `ls[1]` -> `['hello!!!']`
    
    `i = 0`:
    `3 * 0 + 1 = 1`
    `len(ln) = 1`
    `1 < 1` is False.
    
    `i = 1`:
    `3 * 1 + 1 = 4`
    `len(ln) = 1`
    `4 < 1` is False.
    
    So `res` remains `[]`.
    `lines + res` = `['echo']`.
    
    Let me double check the `ls[1::3]` part.
    `ls` is `['echo', 'hello!!!', 'nice!']`.
    `ls[1::3]` starts at index 1, then 1+3=4, etc.
    Only index 1 exists. So `ln = ['hello!!!']`.
    
    Is there any chance `ls[::3]` or `ls[1::3]` behaves differently?
    `ls[::3]` is `ls[0], ls[3], ...`
    `ls[1::3]` is `ls[1], ls[4], ...`
    `ls[2::3]` would be `ls[2], ls[5], ...`
    
    Let's write a script to be sure.
  </THINKING>

  <TOOL Write>
    {
      "content": "def f(text):\n    ls = text.split()\n    lines = \" \".join(ls[::3]).splitlines()\n    res = []\n    for i in range(2):\n        ln = ls[1::3]\n        if 3 * i + 1 \u003c len(ln):\n            res.append(\" \".join(ln[3 * i:3 * (i + 1)]))\n    return lines + res\n\nprint(f(\"echo hello!!! nice!\"))\n",
      "file_path": "solution.py"
    }
  </TOOL Write>

  <RESULT Write>
    error: relative_path
  </RESULT Write>

── Step 2 ──────────────────────────────────────────────────────

  <THINKING>
    Okay, I need to provide an absolute path. I'll check the current directory first.
  </THINKING>

  <TOOL Bash>
    {
      "command": "pwd"
    }
  </TOOL Bash>

  <RESULT Bash>
    ok: pwd
  </RESULT Bash>

── Step 3 ──────────────────────────────────────────────────────

  <THINKING>
    Okay, I need to use an absolute path for `Write`. I'll use `/home/ejumps/HalfaCloud/Jumperpedia/Projects/Repos/Aunic2.0/scripts/solution.py`.
    
    Wait, I can just use `Bash` to write the file if `Write` is being difficult with relative paths, or I can use `pwd` result.
    
    The `pwd` result was `/home/ejumps/HalfaCloud/Jumperpedia/Projects/Repos/Aunic2.0/scripts`.
    
    So I will write to `/home/ejumps/HalfaCloud/Jumperpedia/Projects/Repos/Aunic2.0/scripts/solution.py`.
  </THINKING>

  <TOOL Write>
    {
      "content": "def f(text):\n    ls = text.split()\n    lines = \" \".join(ls[::3]).splitlines()\n    res = []\n    for i in range(2):\n        ln = ls[1::3]\n        if 3 * i + 1 \u003c len(ln):\n            res.append(\" \".join(ln[3 * i:3 * (i + 1)]))\n    return lines + res\n\nprint(f(\"echo hello!!! nice!\"))\n",
      "file_path": "/home/ejumps/HalfaCloud/Jumperpedia/Projects/Repos/Aunic2.0/scripts/solution.py"
    }
  </TOOL Write>

  <RESULT Write>
    ok: wrote 280 bytes
  </RESULT Write>

── Step 4 ──────────────────────────────────────────────────────

  <TOOL Bash>
    {
      "command": "python3 /home/ejumps/HalfaCloud/Jumperpedia/Projects/Repos/Aunic2.0/scripts/solution.py"
    }
  </TOOL Bash>

  <RESULT Bash>
    ok: python3 /home/ejumps/HalfaCloud/Jumperpedia/Projects/Repos/A…
  </RESULT Bash>

── Step 5 ──────────────────────────────────────────────────────

  <RESPONSE>
    The output of the Python code is `['echo']`.
    
    Final Answer: ['echo']
  </RESPONSE>

════════════════════════════════════════════════════════════════
Run end  |  5 steps  |  24335 in  1387 out  |  36.7s  |  chat
════════════════════════════════════════════════════════════════

