════════════════════════════════════════════════════════════════
Run  2026-06-02 03:36:15  |  local  |  chat
════════════════════════════════════════════════════════════════

<USER>
  <task>
  What is the output of the following Python code?
  
  ```python
  def f(text):
      for i in range(len(text)-1, 0, -1):
          if not text[i].isupper():
              return text[0:i]
      return ''
  ```
  
  Call: `f('SzHjifnzog')`
  
  Think step by step. Use the tools available to gather information. When you have a final answer, write it on the last line as:
  Final Answer: <your answer>
  </task>
  
  Complete the task. Run the command in success_criteria and include the output in your final response. Report clearly whether it passed or failed.
</USER>

── Step 1 ──────────────────────────────────────────────────────

  <THINKING>
    The user wants me to find the output of a specific Python function `f('SzHjifnzog')`.
    
    Function definition:
    ```python
    def f(text):
        for i in range(len(text)-1, 0, -1):
            if not text[i].isupper():
                return text[0:i]
        return ''
    ```
    
    Let's trace the function with `text = 'SzHjifnzog'`:
    1. `text = 'SzHjifnzog'`
    2. `len(text) = 10`
    3. `range(len(text)-1, 0, -1)` is `range(9, 0, -1)`, which produces `[9, 8, 7, 6, 5, 4, 3, 2, 1]`.
    
    Iteration 1: `i = 9`
    `text[9]` is `'g'`.
    `text[9].isupper()` is `False`.
    `not text[9].isupper()` is `True`.
    `return text[0:9]` which is `'SzHjifnzo'`.
    
    Wait, let me double check.
    `text = 'SzHjifnzog'`
    Index: 0 1 2 3 4 5 6 7 8 9
    Char:  S z H j i f n z o g
    
    `len(text) = 10`
    `range(9, 0, -1)`
    `i = 9`: `text[9]` is 'g'. 'g'.isupper() is False. `not False` is True.
    `return text[0:9]` -> `'SzHjifnzo'`
    
    Let me verify this with a script.
  </THINKING>

  <TOOL Write>
    {
      "content": "def f(text):\n    for i in range(len(text)-1, 0, -1):\n        if not text[i].isupper():\n            return text[0:i]\n    return ''\n\nprint(f('SzHjifnzog'))\n",
      "file_path": "solution.py"
    }
  </TOOL Write>

  <RESULT Write>
    error: relative_path
  </RESULT Write>

── Step 2 ──────────────────────────────────────────────────────

  <THINKING>
    Okay, I need to use an absolute path. Let me find the current directory first.
  </THINKING>

  <TOOL Bash>
    {
      "command": "pwd"
    }
  </TOOL Bash>

  <RESULT Bash>
    ok: pwd
  </RESULT Bash>

── Step 3 ──────────────────────────────────────────────────────

  <THINKING>
    Okay, I need to use an absolute path. The `pwd` output is `/home/ejumps/HalfaCloud/Jumperpedia/Projects/Repos/Aunic2.0/scripts`.
    
    I will write the solution to `/home/ejumps/HalfaCloud/Jumperpedia/Projects/Repos/Aunic2.0/scripts/solution.py` and then run it.
  </THINKING>

  <TOOL Write>
    {
      "content": "def f(text):\n    for i in range(len(text)-1, 0, -1):\n        if not text[i].isupper():\n            return text[0:i]\n    return ''\n\nprint(f('SzHjifnzog'))\n",
      "file_path": "/home/ejumps/HalfaCloud/Jumperpedia/Projects/Repos/Aunic2.0/scripts/solution.py"
    }
  </TOOL Write>

  <RESULT Write>
    ok: wrote 154 bytes
  </RESULT Write>

── Step 4 ──────────────────────────────────────────────────────

  <TOOL Bash>
    {
      "command": "python3 /home/ejumps/HalfaCloud/Jumperpedia/Projects/Repos/Aunic2.0/scripts/solution.py"
    }
  </TOOL Bash>

  <RESULT Bash>
    ok: python3 /home/ejumps/HalfaCloud/Jumperpedia/Projects/Repos/A…
  </RESULT Bash>

── Step 5 ──────────────────────────────────────────────────────

  <RESPONSE>
    The output of the Python code is `SzHjifnzo`.
    
    Final Answer: SzHjifnzo
  </RESPONSE>

════════════════════════════════════════════════════════════════
Run end  |  5 steps  |  23804 in  798 out  |  21.6s  |  chat
════════════════════════════════════════════════════════════════

