════════════════════════════════════════════════════════════════
Run  2026-06-02 05:15:03  |  local  |  chat
════════════════════════════════════════════════════════════════

<USER>
  <task>
  What is the output of the following Python code?
  
  ```python
  def f(a, b, c, d):
      return a and b or c and d
  ```
  
  Call: `f('CJU', 'BFS', 'WBYDZPVES', 'Y')`
  
  Think step by step. Use the tools available to gather information. When you have a final answer, write it on the last line as:
  Final Answer: <your answer>
  </task>
  
  Complete the task. Run the command in success_criteria and include the output in your final response. Report clearly whether it passed or failed.
</USER>

── Step 1 ──────────────────────────────────────────────────────

  <THINKING>
    The user wants to find the output of a specific Python function call: `f('CJU', 'BFS', 'WBYDZPVES', 'Y')`.
    The function is defined as:
    ```python
    def f(a, b, c, d):
        return a and b or c and d
    ```
    
    Let's analyze the logic:
    `a and b or c and d`
    In Python, `and` has higher precedence than `or`.
    So the expression is evaluated as: `(a and b) or (c and d)`.
    
    The call is `f('CJU', 'BFS', 'WBYDZPVES', 'Y')`.
    `a = 'CJU'`
    `b = 'BFS'`
    `c = 'WBYDZPVES'`
    `d = 'Y'`
    
    Evaluation:
    1. `a and b`: `'CJU' and 'BFS'`
       In Python, `x and y` returns `x` if `x` is falsy, otherwise it returns `y`.
       `'CJU'` is a non-empty string, so it's truthy.
       Therefore, `'CJU' and 'BFS'` returns `'BFS'`.
    
    2. `c and d`: `'WBYDZPVES' and 'Y'`
       `'WBYDZPVES'` is a non-empty string, so it's truthy.
       Therefore, `'WBYDZPVES' and 'Y'` returns `'Y'`.
    
    3. `(a and b) or (c and d)`: `'BFS' or 'Y'`
       In Python, `x or y` returns `x` if `x` is truthy, otherwise it returns `y`.
       `'BFS'` is a non-empty string, so it's truthy.
       Therefore, `'BFS' or 'Y'` returns `'BFS'`.
    
    The expected output is `'BFS'`.
    
    I'll verify this by running a small script.
  </THINKING>

  <TOOL todo_write>
    {
      "todos": [
        "Create a script to verify the Python code output",
        "Run the script and check the output",
        "Formulate the final response"
      ]
    }
  </TOOL todo_write>

  <RESULT todo_write>
    error: apply_unavailable
  </RESULT todo_write>

── Step 2 ──────────────────────────────────────────────────────

  <TOOL Bash>
    {
      "command": "cat \u003c\u003cEOF \u003e solution.py\ndef f(a, b, c, d):\n    return a and b or c and d\n\nprint(f('CJU', 'BFS', 'WBYDZPVES', 'Y'))\nEOF\npython3 solution.py\n",
      "description": "Run the python code to find the output."
    }
  </TOOL Bash>

  <RESULT Bash>
    ok: Run the python code to find the output.
  </RESULT Bash>

── Step 3 ──────────────────────────────────────────────────────

  <RESPONSE>
    The output of the Python code is `BFS`.
    
    The function `f(a, b, c, d)` is defined as `return a and b or c and d`.
    In Python, the `and` and `or` operators have the following behavior:
    - `x and y` returns `y` if `x` is truthy, otherwise it returns `x`.
    - `x or y` returns `x` if `x` is truthy, otherwise it returns `y`.
    
    For the call `f('CJU', 'BFS', 'WBYDZPVES', 'Y')`:
    1. `a and b` is `'CJU' and 'BFS'`. Since `'CJU'` is truthy, it returns `'BFS'`.
    2. `c and d` is `'WBYDZPVES' and 'Y'`. Since `'WBYDZPVES'` is truthy, it returns `'Y'`.
    3. The expression becomes `'BFS' or 'Y'`. Since `'BFS'` is truthy, it returns `'BFS'`.
    
    Final Answer: BFS
  </RESPONSE>

════════════════════════════════════════════════════════════════
Run end  |  3 steps  |  13776 in  807 out  |  21.1s  |  chat
════════════════════════════════════════════════════════════════

