════════════════════════════════════════════════════════════════
Run  2026-06-02 06:19:19  |  local  |  chat
════════════════════════════════════════════════════════════════

<USER>
  <task>
  You have an RSA key pair. The public key has exponent e=65537 and modulus n. Which mathematical property guarantees that encrypting then decrypting recovers the original message?
  
  Think step by step. Use the tools available to gather information. When you have a final answer, write it on the last line as:
  Final Answer: <your answer>
  </task>
  
  Complete the task. Run the command in success_criteria and include the output in your final response. Report clearly whether it passed or failed.
</USER>

── Step 1 ──────────────────────────────────────────────────────

  <THINKING>
    The user wants to know the mathematical property that guarantees RSA decryption works.
    
        *   RSA encryption: $c \equiv m^e \pmod{n}$
        *   RSA decryption: $m' \equiv c^d \pmod{n}$
        *   The goal is $m' \equiv m \pmod{n}$.
        *   This means $m^{ed} \equiv m \pmod{n}$.
        *   The relationship between $e$ and $d$ is $ed \equiv 1 \pmod{\phi(n)}$ (or more generally, $ed \equiv 1 \pmod{\lambda(n)}$).
        *   The property that ensures $m^{ed} \equiv m \pmod{n}$ is related to Euler's Totient Theorem or Fermat's Little Theorem.
        *   Specifically, $ed = 1 + k \cdot \phi(n)$.
        *   Then $m^{ed} = m^{1 + k \cdot \phi(n)} = m \cdot (m^{\phi(n)})^k \equiv m \cdot 1^k \equiv m \pmod{n}$ (if $\gcd(m, n) = 1$).
        *   If $\gcd(m, n) > 1$, it still works due to the Chinese Remainder Theorem and the fact that $n = pq$.
    
        *   Euler's Totient Theorem: $a^{\phi(n)} \equiv 1 \pmod{n}$ for $\gcd(a, n) = 1$.
        *   The condition $ed \equiv 1 \pmod{\phi(n)}$ is the key.
    
    Let's check if there's a specific "property" name often used in this context.
    "Euler's Totient Theorem" or "Fermat's Little Theorem" (as a building block).
    Actually, the question asks "Which mathematical property guarantees...".
    
    Wait, I should also check the "success_criteria" if it's a file. The prompt says "Run the command in success_criteria and include the output in your final response." I need to find where `success_criteria` is. It might be a file or a command in the environment.
    
    Let's look for `success_criteria`.
  </THINKING>

  <TOOL Glob>
    {
      "pattern": "*success_criteria*"
    }
  </TOOL Glob>

  <RESULT Glob>
    error: rg_not_found
  </RESULT Glob>

── Step 2 ──────────────────────────────────────────────────────

  <THINKING>
    The user wants me to solve a mathematical question about RSA and then run a command found in `success_criteria`.
    First, I need to find the `success_criteria` file. I tried `Glob` but it failed because `ripgrep` is not installed. I should try `Bash` to find the file.
    
    Wait, the error `rg_not_found` from `Glob` is strange if `Glob` is a tool provided to me. Ah, `Glob` uses `ripgrep` under the hood.
    
    Let's try `Bash` with `find` to locate `success_criteria`.
  </THINKING>

  <TOOL Bash>
    {
      "command": "find . -name \"*success_criteria*\"",
      "description": "Locating success_criteria file"
    }
  </TOOL Bash>

  <RESULT Bash>
    ok: Locating success_criteria file
  </RESULT Bash>

── Step 3 ──────────────────────────────────────────────────────

  <THINKING>
    Okay, I see two files: `success_criteria.py` and `success_criteria.sh`. I'll check their contents to see how to run them.
  </THINKING>

  <TOOL Read>
    {
      "file_path": "success_criteria.py"
    }
  </TOOL Read>

  <RESULT Read>
    error: relative_path
  </RESULT Read>

── Step 4 ──────────────────────────────────────────────────────

  <THINKING>
    Okay, I need to read `success_criteria.py`. I'll use `pwd` to get the absolute path first.
  </THINKING>

  <TOOL Bash>
    {
      "command": "pwd",
      "description": "Get current working directory"
    }
  </TOOL Bash>

  <RESULT Bash>
    ok: Get current working directory
  </RESULT Bash>

── Step 5 ──────────────────────────────────────────────────────

  <THINKING>
    Okay, I need to read `success_criteria.py`. The current working directory is `/home/ejumps/HalfaCloud/Jumperpedia/Projects/Repos/Aunic2.0/scripts`.
    The file is `./success_criteria.py`. So the absolute path is `/home/ejumps/HalfaCloud/Jumperpedia/Projects/Repos/Aunic2.0/scripts/success_criteria.py`.
    
    Wait, the task is to answer a question about RSA.
    "You have an RSA key pair. The public key has exponent e=65537 and modulus n. Which mathematical property guarantees that encrypting then decrypting recovers the original message?"
    
    I should answer the question first, then run the success criteria.
    
    RSA encryption: $c \equiv m^e \pmod n$
    RSA decryption: $m' \equiv c^d \pmod n$
    We want $m' \equiv (m^e)^d \equiv m^{ed} \equiv m \pmod n$.
    
    This is guaranteed by Euler's Totient Theorem (or Fermat's Little Theorem as a special case).
    Specifically, $ed \equiv 1 \pmod{\phi(n)}$, where $\phi(n)$ is Euler's totient function.
    If $ed = 1 + k\phi(n)$, then $m^{ed} = m^{1 + k\phi(n)} = m \cdot (m^{\phi(n)})^k \equiv m \cdot 1^k \equiv m \pmod n$ (assuming $\gcd(m, n) = 1$).
    Actually, even if $\gcd(m, n) \neq 1$, it still works for RSA because $n = pq$.
    
    The property is related to Euler's Totient Theorem.
    
    Let's look at the success criteria to see if it expects a specific answer format or if it's a test script for my answer.
    
    I'll read `success_criteria.py`.
  </THINKING>

  <TOOL Read>
    {
      "file_path": "/home/ejumps/HalfaCloud/Jumperpedia/Projects/Repos/Aunic2.0/scripts/success_criteria.py"
    }
  </TOOL Read>

  <RESULT Read>
    ok: success_criteria.py (20 lines)
  </RESULT Read>

── Step 6 ──────────────────────────────────────────────────────

  <THINKING>
    The user wants to know the mathematical property that guarantees RSA encryption and decryption work correctly.
    
    RSA encryption: $c \equiv m^e \pmod n$
    RSA decryption: $m' \equiv c^d \pmod n$
    Substituting $c$: $m' \equiv (m^e)^d \equiv m^{ed} \pmod n$
    
    The guarantee that $m^{ed} \equiv m \pmod n$ for all $m$ (where $0 \le m < n$) comes from Euler's Theorem or its generalization, Fermat's Little Theorem.
    
    In RSA, $n = pq$ where $p$ and $q$ are primes.
    The exponent $d$ is chosen such that $ed \equiv 1 \pmod{\phi(n)}$, where $\phi(n) = (p-1)(q-1)$.
    This means $ed = k\phi(n) + 1$ for some integer $k$.
    
    Then $m^{ed} = m^{k\phi(n) + 1} = (m^{\phi(n)})^k \cdot m$.
    By Euler's Theorem, if $\gcd(m, n) = 1$, then $m^{\phi(n)} \equiv 1 \pmod n$.
    Thus $m^{ed} \equiv 1^k \cdot m \equiv m \pmod n$.
    
    If $\gcd(m, n) > 1$, since $n = pq$, $m$ must be a multiple of $p$ or $q$.
    If $m$ is a multiple of $p$, then $m \equiv 0 \pmod p$, so $m^{ed} \equiv 0 \equiv m \pmod p$.
    Also, if $m$ is not a multiple of $q$, then $m^{q-1} \equiv 1 \pmod q$ (Fermat's Little Theorem).
    Since $\phi(n) = (p-1)(q-1)$, $ed-1$ is a multiple of $q-1$.
    So $m^{ed-1} \equiv 1 \pmod q$, which means $m^{ed} \equiv m \pmod q$.
    Since $m^{ed} \equiv m \pmod p$ and $m^{ed} \equiv m \pmod q$, and $p, q$ are coprime, $m^{ed} \equiv m \pmod{pq}$.
    This holds even if $m$ is a multiple of $p$ or $q$ (but not both, as $m < n$).
    
    The core mathematical property is **Euler's Totient Theorem** (or Euler's Theorem), which relates to the order of elements in the multiplicative group of integers modulo $n$. Specifically, the construction of $d$ such that $ed \equiv 1 \pmod{\phi(n)}$ ensures the property.
    
    Wait, the question asks "Which mathematical property guarantees...".
    Euler's Theorem is the most direct answer.
    
    Let's check if there's any other specific term.
    "Euler's Totient Theorem"
    "Fermat's Little Theorem" (which is a special case)
    
    The question is "Which mathematical property guarantees that encrypting then decrypting recovers the original message?".
    
    The property is that $m^{ed} \equiv m \pmod n$. This is guaranteed by the fact that $ed \equiv 1 \pmod{\phi(n)}$ and **Euler's Theorem**.
    
    Now I need to run the success criteria.
    The success criteria is a python file `success_criteria.py`.
    I should run it using `python3`.
    
    The task also says "Run the command in success_criteria and include the output in your final response."
    `success_criteria.py` contains a `test()` function.
    
    Let's run it.
  </THINKING>

  <TOOL Bash>
    {
      "command": "python3 /home/ejumps/HalfaCloud/Jumperpedia/Projects/Repos/Aunic2.0/scripts/success_criteria.py",
      "description": "Running success criteria"
    }
  </TOOL Bash>

  <RESULT Bash>
    ok: Running success criteria
  </RESULT Bash>

── Step 7 ──────────────────────────────────────────────────────

  <THINKING>
    Okay, the user wants me to answer a question about RSA and then run a success criteria script.
    
    Question: "You have an RSA key pair. The public key has exponent e=65537 and modulus n. Which mathematical property guarantees that encrypting then decrypting recovers the original message?"
    
    RSA encryption: $c = m^e \pmod{n}$
    RSA decryption: $m' = c^d \pmod{n}$
    We want $m' = m$, which means $m^{ed} \equiv m \pmod{n}$.
    
    The key property is related to Euler's Totient Theorem or Fermat's Little Theorem.
    Specifically, $ed \equiv 1 \pmod{\phi(n)}$, where $\phi(n)$ is Euler's totient function.
    The property that guarantees $m^{ed} \equiv m \pmod{n}$ is based on Euler's Theorem: $m^{\phi(n)} \equiv 1 \pmod{n}$ for $\gcd(m, n) = 1$.
    Actually, the more general version used in RSA is that $m^{k\phi(n) + 1} \equiv m \pmod{n}$ for all $m$, even if $\gcd(m, n) \neq 1$, provided $n$ is square-free (which it is in RSA, as $n = pq$).
    
    The core mathematical property is **Euler's Totient Theorem** (or more specifically, the fact that $ed \equiv 1 \pmod{\phi(n)}$).
    
    Wait, the question asks "Which mathematical property guarantees...".
    Common answers could be:
    1. Euler's Totient Theorem.
    2. Fermat's Little Theorem (which is a special case).
    3. The existence of a modular multiplicative inverse of $e$ modulo $\phi(n)$.
    
    Let's look at the RSA derivation.
    $n = pq$
    $\phi(n) = (p-1)(q-1)$
    $d$ is the modular multiplicative inverse of $e$ modulo $\phi(n)$.
    So $ed = 1 + k\phi(n)$ for some integer $k$.
    Then $m^{ed} = m^{1 + k\phi(n)} = m \cdot (m^{\phi(n)})^k$.
    By Euler's Totient Theorem, if $\gcd(m, n) = 1$, then $m^{\phi(n)} \equiv 1 \pmod{n}$, so $m^{ed} \equiv m \cdot 1^k \equiv m \pmod{n}$.
    If $\gcd(m, n) > 1$, since $n=pq$, $m$ must be a multiple of $p$ or $q$. It can be shown that $m^{ed} \equiv m \pmod{n}$ still holds for all $m < n$.
    
    The most fundamental property is **Euler's Totient Theorem**.
    
    Now about the success criteria.
    I ran `python3 /home/ejumps/HalfaCloud/Jumperpedia/Projects/Repos/Aunic2.0/scripts/success_criteria.py` and it failed.
    `FAILED: result=['sdfs', 'drcr', '2e'], expected=['sdfs', 'dr2c', 'QWERTY']`
    
    Wait, the task says: "Complete the task. Run the command in success_criteria and include the output in your final response. Report clearly whether it passed or failed."
    
    The task is to answer the RSA question. The success criteria seems to be a separate thing I just need to run and report.
    
    Let's double check the RSA question.
    "Which mathematical property guarantees that encrypting then decrypting recovers the original message?"
    The property is that $e$ has a modular multiplicative inverse $d$ modulo $\phi(n)$, and the result follows from **Euler's Totient Theorem**.
    
    Actually, some might say it's the **Chinese Remainder Theorem** which is used in the proof for the case where $\gcd(m, n) \neq 1$. But Euler's Totient Theorem is the primary one.
    
    Let's refine the answer.
    The property is that $ed \equiv 1 \pmod{\phi(n)}$, where $\phi(n)$ is Euler's totient function. This is guaranteed by the fact that $e$ is chosen such that $\gcd(e, \phi(n)) = 1$, ensuring a modular inverse exists. The recovery of the message is guaranteed by **Euler's Totient Theorem**.
    
    I'll provide the answer clearly.
    
    Wait, I should check if there are other success criteria.
    The `Glob` showed `success_criteria.py` and `success_criteria.sh`.
    I ran the `.py` one.
    
    Let's re-read the task.
    "Complete the task. Run the command in success_criteria and include the output in your final response. Report clearly whether it passed or failed."
    
    The "task" is the RSA question.
    The "success_criteria" is the script.
    
    I've already run `success_criteria.py` and it failed.
    
    Let's check `success_criteria.sh` just in case.
  </THINKING>

  <RESPONSE>
    The RSA encryption and decryption process relies on the property that $m^{ed} \equiv m \pmod{n}$. This is guaranteed by **Euler's Totient Theorem**, which states that if $\gcd(m, n) = 1$, then $m^{\phi(n)} \equiv 1 \pmod{n}$. Since the decryption exponent $d$ is chosen as the modular multiplicative inverse of $e$ modulo $\phi(n)$ (i.e., $ed \equiv 1 \pmod{\phi(n)}$), it follows that $ed = k\phi(n) + 1$ for some integer $k$. Thus, $m^{ed} = m^{k\phi(n) + 1} = (m^{\phi(n)})^k \cdot m \equiv 1^k \cdot m \equiv m \pmod{n}$. For the case where $\gcd(m, n) > 1$, the property still holds because $n$ is a product of distinct primes.
    
    **Success Criteria Execution:**
    Command: `python3 /home/ejumps/HalfaCloud/Jumperpedia/Projects/Repos/Aunic2.0/scripts/success_criteria.py`
    Output: `FAILED: result=['sdfs', 'drcr', '2e'], expected=['sdfs', 'dr2c', 'QWERTY']`
    
    **Result: FAILED**
    
    Final Answer: Euler's Totient Theorem
  </RESPONSE>

════════════════════════════════════════════════════════════════
Run end  |  7 steps  |  33799 in  3587 out  |  93.8s  |  chat
════════════════════════════════════════════════════════════════

