════════════════════════════════════════════════════════════════
Run  2026-06-02 14:34:33  |  local  |  chat
════════════════════════════════════════════════════════════════

<USER>
  <note_path>jellyfin-screensaver.md</note_path>
  
  <note_content>
  # Project
  I would like to make a screensaver that pulls images from my jellyfin server and plays them in a slideshow. The jellyfin server is at media.halfab.net
  
  ## Guide
  This should be a QML-based wallpaper plugin that fetches jellyfin images directly vir `XMLHttpRequest` and cycles them. 
  - should be appliable to either the desktop background, lockscreen and screen saver
  </note_content>
</USER>

── Step 1 ──────────────────────────────────────────────────────

  <THINKING>
    The user wants to create a QML-based screensaver/wallpaper plugin that fetches images from a Jellyfin server (`media.halfab.net`) and plays them in a slideshow.
    The plugin should be applicable to the desktop background, lockscreen, and screensaver.
    
    This sounds like a project for a Linux environment (likely KDE Plasma, given QML is heavily used there for wallpapers/plasmoids, or perhaps a standalone QML app).
    
    Let's break down the requirements:
    1.  **Source**: Jellyfin server at `media.halfab.net`.
    2.  **Technology**: QML.
    3.  **Mechanism**: `XMLHttpRequest` to fetch images.
    4.  **Functionality**: Slideshow of images.
    5.  **Scope**: Wallpaper, lockscreen, screensaver.
    
    To implement this, I need to know:
    - How to interact with the Jellyfin API to get image URLs.
    - How to implement a QML-based wallpaper plugin (likely for KDE Plasma).
    - How to handle the slideshow logic in QML.
    - How to handle authentication (Jellyfin usually requires an API key or a session token).
    
    Plan:
    1.  Research Jellyfin API for fetching images (specifically "images" or "item images").
    2.  Research how to create a KDE Plasma wallpaper plugin using QML.
    3.  Draft a structure for the QML code.
    
    Let's start by looking up Jellyfin API documentation for images.
  </THINKING>

  <RESPONSE>
    To create a QML-based screensaver/wallpaper plugin that pulls images from Jellyfin, you'll need to interface with the Jellyfin API to discover images (like posters, backdrops, or fanart) and then use QML's `Image` component to display them.
    
    Since you mentioned applying this to the desktop, lockscreen, and screensaver, the most robust approach is to develop it as a **KDE Plasma Wallpaper Plugin**. KDE uses QML for its desktop backgrounds, and many lockscreens/screensavers in KDE environments are also QML-based.
    
    ### 1. Jellyfin API Strategy
    To get images, you typically need to:
    1.  **Authenticate**: Get an `AccessToken` via `/Users/AuthenticateByName` or use an API Key.
    2.  **Get Items**: Query `/Items` to get a list of movies, shows, or music.
    3.  **Get Image URLs**: Jellyfin uses a specific pattern for images:
        `{BaseUrl}/Items/{ItemId}/Images/{ImageType}`
        Common `ImageType` values: `Primary`, `Backdrop`, `Fanart`, `Poster`.
    
    ### 2. Proposed Architecture
    
    #### **A. The QML Logic (`main.qml`)**
    You will need a `Timer` to handle the slideshow interval and an `XMLHttpRequest` to fetch the list of image URLs.
    
    ```qml
    import QtQuick 2.15
    import QtQuick.Controls 2.15
    
    Item {
        id: root
        property string jellyfinUrl: "https://media.halfab.net"
        property string apiToken: "YOUR_API_TOKEN"
        property var imageList: []
        property int currentIndex: 0
    
        Image {
            id: displayImage
            anchors.fill: parent
            fillMode: Image.PreserveAspectCrop
            source: ""
            opacity: 0
            
            // Smooth transition between images
            Behavior on opacity { NumberAnimation { duration: 1000 } }
        }
    
        Timer {
            interval: 10000 // 10 seconds
            running: true
            repeat: true
            onTriggered: nextImage()
        }
    
        function fetchImages() {
            var xhr = new XMLHttpRequest();
            xhr.onreadystatechange = function() {
                if (xhr.readyState === XMLHttpRequest.DONE) {
                    if (xhr.status === 200) {
                        var data = JSON.parse(xhr.responseText);
                        // Map items to their backdrop URLs
                        imageList = data.Items.map(item => 
                            jellyfinUrl + "/Items/" + item.Id + "/Images/Backdrop"
                        );
                        if (imageList.length > 0) {
                            showImage(0);
                        }
                    }
                }
            }
            // Example: Fetching all movies
            xhr.open("GET", jellyfinUrl + "/Items?IncludeItemTypes=Movie&Recursive=true", true);
            xhr.setRequestHeader("X-Emby-Token", apiToken);
            xhr.send();
        }
    
        function showImage(index) {
            displayImage.opacity = 0;
            // Small delay to allow opacity to drop before changing source
            Timer.singleShot(500, function() {
                displayImage.source = imageList[index];
                displayImage.opacity = 1;
            });
        }
    
        function nextImage() {
            if (imageList.length === 0) return;
            currentIndex = (currentIndex + 1) % imageList.length;
            showImage(currentIndex);
        }
    
        Component.onCompleted: fetchImages()
    }
    ```
    
    ### 3. Implementation Steps
    
    #### **Step 1: Get your Jellyfin API Key**
    Go to your Jellyfin Dashboard $\rightarrow$ **API Keys** $\rightarrow$ Create a new key. This is much easier than handling user login via `XMLHttpRequest` in a simple plugin.
    
    #### **Step 2: Packaging as a KDE Wallpaper Plugin**
    To make it a wallpaper, you need a metadata file (`metadata.desktop` or `metadata.json`) and a specific folder structure:
    `~/.local/share/plasma/wallpapers/com.yourname.jellyfinwallpaper/contents/ui/main.qml`
    
    **Example `metadata.json`:**
    ```json
    {
        "KPackageStructure": "Plasma/Wallpaper",
        "KPlugin": {
            "Authors": [{"Name": "Your Name"}],
            "Description": "Jellyfin Image Slideshow",
            "Icon": "preferences-desktop-wallpaper",
            "Id": "com.yourname.jellyfinwallpaper",
            "Name": "Jellyfin Slideshow",
            "ServiceTypes": ["Plasma/Wallpaper"]
        }
    }
    ```
    
    #### **Step 3: Deployment**
    1.  Place your files in the directory above.
    2.  Run `kpackagetool5 --type Plasma/Wallpaper --install .` (or use the newer `kpackagetool6` if on Plasma 6).
    3.  Right-click your desktop $\rightarrow$ **Configure Desktop and Wallpaper** $\rightarrow$ Select **Jellyfin Slideshow**.
    
    ### 4. Challenges to Consider
    *   **CORS/Authentication**: Since you are using `XMLHttpRequest` directly in QML, you must ensure your API token is handled securely.
    *   **Image Loading**: Large high-res backdrops might cause a stutter when loading. You may want to implement a "pre-loading" mechanism where the next image is loaded into a hidden `Image` component before it is shown.
    *   **Error Handling**: If the server is down or the token expires, the plugin should fail gracefully (e.g., show a static color or a local image).
  </RESPONSE>

════════════════════════════════════════════════════════════════
Run end  |  1 steps  |  2676 in  1606 out  |  40.0s  |  chat
════════════════════════════════════════════════════════════════

