════════════════════════════════════════════════════════════════
Run  2026-06-02 05:25:03  |  local  |  chat
════════════════════════════════════════════════════════════════

<USER>
  <task>
  A Python list contains 1,000,000 integers. You call `.sort()` on it. What is the time complexity in Big-O notation?
  
  Think step by step. Use the tools available to gather information. When you have a final answer, write it on the last line as:
  Final Answer: <your answer>
  </task>
  
  Complete the task. Run the command in success_criteria and include the output in your final response. Report clearly whether it passed or failed.
</USER>

── Step 1 ──────────────────────────────────────────────────────

  <THINKING>
    The user wants to know the time complexity of calling `.sort()` on a Python list of 1,000,000 integers.
    I need to:
    1.  Determine the sorting algorithm used by Python's `.sort()`.
    2.  Identify its time complexity in Big-O notation.
    3.  Verify this by running a script (as requested by "Run the command in success_criteria"). Wait, there is no `success_criteria` provided in the prompt. I should check if there's a file or something, or if I should just provide the answer.
    Actually, the prompt says "Run the command in success_criteria and include the output in your final response." This implies there might be a file named `success_criteria` or something similar, or it's a placeholder for a command I should devise to verify.
    Looking at the prompt again, it doesn't provide `success_criteria`.
    Wait, I see `<task>` but no `success_criteria` tag.
    Maybe I should look for a file named `success_criteria` in the current directory.
    
    Let's start by searching for any files that might contain "success_criteria".
  </THINKING>

  <TOOL Glob>
    {
      "pattern": "*success_criteria*"
    }
  </TOOL Glob>

  <RESULT Glob>
    error: rg_not_found
  </RESULT Glob>

── Step 2 ──────────────────────────────────────────────────────

  <THINKING>
    Okay, the user wants me to determine the time complexity of calling `.sort()` on a Python list of 1,000,000 integers.
    
    First, I need to find the `success_criteria` file. The `Glob` tool failed because `ripgrep` is not installed, but `Glob` is supposed to be a tool, not a shell command. Wait, the error message says `rg_not_found`. That's strange. `Glob` is a tool provided to me.
    
    Let me try to use `Bash` to find the `success_criteria` file.
  </THINKING>

  <TOOL Bash>
    {
      "command": "find . -name \"*success_criteria*\"",
      "description": "Find success_criteria file"
    }
  </TOOL Bash>

  <RESULT Bash>
    ok: Find success_criteria file
  </RESULT Bash>

── Step 3 ──────────────────────────────────────────────────────

  <THINKING>
    Okay, I found `success_criteria.py` and `success_criteria.sh`. I'll check `success_criteria.py` first to see how to run it.
  </THINKING>

  <TOOL Read>
    {
      "file_path": "success_criteria.py"
    }
  </TOOL Read>

  <RESULT Read>
    error: relative_path
  </RESULT Read>

── Step 4 ──────────────────────────────────────────────────────

  <THINKING>
    Okay, I need to find the absolute path of `success_criteria.py`. I'll use `pwd` to get the current directory.
  </THINKING>

  <TOOL Bash>
    {
      "command": "pwd",
      "description": "Get current working directory"
    }
  </TOOL Bash>

  <RESULT Bash>
    ok: Get current working directory
  </RESULT Bash>

── Step 5 ──────────────────────────────────────────────────────

  <TOOL Read>
    {
      "file_path": "/home/ejumps/HalfaCloud/Jumperpedia/Projects/Repos/Aunic2.0/scripts/success_criteria.py"
    }
  </TOOL Read>

  <RESULT Read>
    ok: success_criteria.py (17 lines)
  </RESULT Read>

── Step 6 ──────────────────────────────────────────────────────

  <TOOL todo_write>
    {
      "todos": [
        "Determine the time complexity of Python's list.sort()",
        "Verify using Python documentation or experimentation",
        "Run success_criteria.py to ensure environment is okay",
        "Provide final answer"
      ]
    }
  </TOOL todo_write>

  <RESULT todo_write>
    error: apply_unavailable
  </RESULT todo_write>

── Step 7 ──────────────────────────────────────────────────────

  <TOOL Bash>
    {
      "command": "python3 /home/ejumps/HalfaCloud/Jumperpedia/Projects/Repos/Aunic2.0/scripts/success_criteria.py",
      "description": "Run success_criteria.py"
    }
  </TOOL Bash>

  <RESULT Bash>
    ok: Run success_criteria.py
  </RESULT Bash>

── Step 8 ──────────────────────────────────────────────────────

  <THINKING>
    Okay, the `success_criteria.py` passed. Now I need to answer the question:
    "A Python list contains 1,000,000 integers. You call `.sort()` on it. What is the time complexity in Big-O notation?"
    
    I know that Python's `list.sort()` uses Timsort.
    Timsort is a hybrid stable sorting algorithm, derived from merge sort and insertion sort.
    The time complexity of Timsort is:
    - Best case: $O(n)$
    - Average case: $O(n \log n)$
    - Worst case: $O(n \log n)$
    
    The question asks for the time complexity in Big-O notation. Usually, when people ask for "the" time complexity, they refer to the worst-case complexity unless specified otherwise.
    
    Let's double check with a quick Python script to see if I can confirm anything or just rely on my knowledge.
    Actually, I'll just search or verify Timsort complexity.
    
    Timsort:
    Worst-case: $O(n \log n)$
    Average-case: $O(n \log n)$
    Best-case: $O(n)$
    
    The question asks for the time complexity of calling `.sort()` on a list of 1,000,000 integers.
    The size of the list (1,000,000) doesn't change the Big-O notation, it's just a value of $n$.
    
    I'll confirm the Timsort complexity via a quick search if possible, but I don't have a search tool. I have `Grep` and `Bash`. I can use `python3 -c` to check the documentation if I could, but I can't really "search" the web. I'll rely on my internal knowledge which is very strong on this.
    
    Wait, I should check if there's any specific detail about `list.sort()` in Python.
    Python's `list.sort()` is indeed Timsort.
    
    Complexity:
    Worst case: $O(n \log n)$
    Average case: $O(n \log n)$
    Best case: $O(n)$
    
    The standard answer for "What is the time complexity" is usually the worst-case complexity.
    
    I'll just confirm if there's any other nuance.
    Timsort was designed to perform well on many kinds of real-world data.
    
    Let's formulate the response.
    1. Identify that `list.sort()` uses Timsort.
    2. State the worst-case time complexity.
    3. Mention the average and best case for completeness if needed, but the primary answer is $O(n \log n)$.
    
    Wait, the task says "Think step by step. Use the tools available to gather information."
    I've already used tools to check the success criteria.
    I haven't used tools to "gather information" about Timsort yet, but I don't have a web search tool. I can use `Bash` to run a script that might verify something, but it won't tell me the complexity.
    
    Actually, I can use `python3` to inspect the `sort` method if I wanted, but it won't reveal the complexity.
    
    I'll just state the answer.
    
    One more thing: The prompt asks to "Run the command in success_criteria and include the output in your final response. Report clearly whether it passed or failed."
    I already ran `python3 /home/ejumps/HalfaCloud/Jumperpedia/Projects/Repos/Aunic2.0/scripts/success_criteria.py` and it returned `PASSED`.
    
    Final plan:
    1. State that Python's `list.sort()` uses the Timsort algorithm.
    2. Explain that Timsort has a worst-case time complexity of $O(n \log n)$.
    3. Mention that it also has an average-case of $O(n \log n)$ and a best-case of $O(n)$ (when the list is already sorted).
    4. Conclude with the Big-O notation.
    5. Include the success criteria output.
    
    Wait, I should check if there are any other "success_criteria" files I missed.
    I found `success_criteria.py` and `success_criteria.sh`.
    I ran `success_criteria.py`.
    
    Is there anything else?
    The question is "What is the time complexity in Big-O notation?".
    
    The answer is $O(n \log n)$.
    
    Let's double check if there's any other interpretation.
    $n = 1,000,000$.
    The complexity is $O(n \log n)$.
    
    I'll provide the answer.
  </THINKING>

  <RESPONSE>
    To determine the time complexity of calling `.sort()` on a Python list of 1,000,000 integers, we can follow these steps:
    
    1.  **Identify the Algorithm**: Python's built-in `list.sort()` method (and the `sorted()` function) uses an algorithm called **Timsort**.
    2.  **Understand Timsort**: Timsort is a hybrid, stable sorting algorithm derived from merge sort and insertion sort. It is designed to perform efficiently on many kinds of real-world data by finding "runs" of already ordered elements.
    3.  **Analyze Complexity**:
        *   **Worst-case time complexity**: $O(n \log n)$, where $n$ is the number of elements in the list.
        *   **Average-case time complexity**: $O(n \log n)$.
        *   **Best-case time complexity**: $O(n)$, which occurs when the list is already sorted (or nearly sorted).
    4.  **Apply to the Problem**: Since the question asks for the time complexity in Big-O notation for a list of $n = 1,000,000$ integers, we refer to the standard worst-case complexity used to describe the algorithm's performance.
    
    **Success Criteria Execution:**
    Running `success_criteria.py`:
    ```bash
    python3 /home/ejumps/HalfaCloud/Jumperpedia/Projects/Repos/Aunic2.0/scripts/success_criteria.py
    ```
    Output:
    ```
    PASSED
    ```
    The success criteria **passed**.
    
    Final Answer: O(n log n)
  </RESPONSE>

════════════════════════════════════════════════════════════════
Run end  |  8 steps  |  38968 in  2118 out  |  56.5s  |  chat
════════════════════════════════════════════════════════════════

