════════════════════════════════════════════════════════════════
Run  2026-06-02 03:58:44  |  local  |  chat
════════════════════════════════════════════════════════════════

<USER>
  <task>
  What port does SSH use by default?
  
  Think step by step. Use the tools available to gather information. When you have a final answer, write it on the last line as:
  Final Answer: <your answer>
  </task>
  
  Complete the task. Run the command in success_criteria and include the output in your final response. Report clearly whether it passed or failed.
</USER>

── Step 1 ──────────────────────────────────────────────────────

  <THINKING>
    The user wants to know the default port for SSH.
    I need to:
    1.  Determine the default port for SSH.
    2.  Run a command to verify this (the user mentioned a `success_criteria` command, but it's not provided in the prompt. Wait, the prompt says "Run the command in success_criteria". I should check if there is a `success_criteria` in the context or if I should look for it. Since it's not in the prompt, I'll assume I need to find it or the user forgot to provide it. However, looking at the prompt again, maybe the "success_criteria" is something I should *know* or it's a placeholder for me to define? No, usually in these tasks, the success criteria is part of the task description.
    Ah, I see. The user provided `<task>...</task>`. There is no `success_criteria` in the provided text.
    
    Wait, let me re-read.
    "Complete the task. Run the command in success_criteria and include the output in your final response. Report clearly whether it passed or failed."
    
    If `success_criteria` is not provided, I cannot run it.
    Maybe I should check the environment for a file or something? Unlikely.
    
    Let's look at the task again.
    "What port does SSH use by default?"
    
    I know the answer is 22.
    To "run the command in success_criteria", I'll look for any clues.
    Wait, I don't see any `success_criteria` in the prompt.
    
    Maybe I should try to find it in the filesystem?
    I'll start by searching for "success_criteria" in the current directory.
  </THINKING>

  <TOOL Glob>
    {
      "pattern": "*success_criteria*"
    }
  </TOOL Glob>

  <RESULT Glob>
    error: rg_not_found
  </RESULT Glob>

── Step 2 ──────────────────────────────────────────────────────

  <TOOL Bash>
    {
      "command": "ls -R"
    }
  </TOOL Bash>

  <RESULT Bash>
    ok: ls -R
  </RESULT Bash>

── Step 3 ──────────────────────────────────────────────────────

  <THINKING>
    Okay, I see `success_criteria.sh` in the current directory. I'll try to run it.
    The task asks what port SSH uses by default. I know it's 22, but I should follow the instructions and "think step by step" and "use the tools available to gather information".
    The user also wants me to run the command in `success_criteria` and include the output.
    
    Wait, the task is "What port does SSH use by default?".
    The `success_criteria.sh` might be a script that checks if I've answered correctly or something.
    
    Let's first find the answer to "What port does SSH use by default?".
    Common knowledge says it's 22.
    
    Let's see what `success_criteria.sh` does.
  </THINKING>

  <TOOL Bash>
    {
      "command": "bash success_criteria.sh"
    }
  </TOOL Bash>

  <RESULT Bash>
    ok: bash success_criteria.sh
  </RESULT Bash>

── Step 4 ──────────────────────────────────────────────────────

  <THINKING>
    The `success_criteria.sh` file seems to contain Python code instead of shell script, or at least it's failing because it's trying to execute it as a shell script. Let me read the content of `success_criteria.sh`.
  </THINKING>

  <TOOL Read>
    {
      "file_path": "success_criteria.sh"
    }
  </TOOL Read>

  <RESULT Read>
    error: relative_path
  </RESULT Read>

── Step 5 ──────────────────────────────────────────────────────

  <TOOL Bash>
    {
      "command": "pwd"
    }
  </TOOL Bash>

  <RESULT Bash>
    ok: pwd
  </RESULT Bash>

── Step 6 ──────────────────────────────────────────────────────

  <TOOL Read>
    {
      "file_path": "/home/ejumps/HalfaCloud/Jumperpedia/Projects/Repos/Aunic2.0/scripts/success_criteria.sh"
    }
  </TOOL Read>

  <RESULT Read>
    ok: success_criteria.sh (49 lines)
  </RESULT Read>

── Step 7 ──────────────────────────────────────────────────────

  <TOOL Bash>
    {
      "command": "python3 /home/ejumps/HalfaCloud/Jumperpedia/Projects/Repos/Aunic2.0/scripts/success_criteria.sh"
    }
  </TOOL Bash>

  <RESULT Bash>
    ok: python3 /home/ejumps/HalfaCloud/Jumperpedia/Projects/Repos/A…
  </RESULT Bash>

── Step 8 ──────────────────────────────────────────────────────

  <RESPONSE>
    The default port for SSH (Secure Shell) is 22.
    
    The `success_criteria.sh` script was executed using `python3`, and it passed.
    
    Output of `python3 success_criteria.sh`:
    ```
    PASSED
    ```
    
    Final Answer: 22
  </RESPONSE>

════════════════════════════════════════════════════════════════
Run end  |  8 steps  |  41139 in  860 out  |  25.6s  |  chat
════════════════════════════════════════════════════════════════

