════════════════════════════════════════════════════════════════
Run  2026-06-02 04:23:57  |  local  |  chat
════════════════════════════════════════════════════════════════

<USER>
  <task>
  A TCP connection has been established. The server sends a FIN packet. What state does the client transition to after sending its ACK?
  
  Think step by step. Use the tools available to gather information. When you have a final answer, write it on the last line as:
  Final Answer: <your answer>
  </task>
  
  Complete the task. Run the command in success_criteria and include the output in your final response. Report clearly whether it passed or failed.
</USER>

── Step 1 ──────────────────────────────────────────────────────

  <THINKING>
    The user wants to know the TCP state transition for a client after receiving a FIN packet from the server and sending an ACK.
    
    TCP state machine:
    1.  Server is in `ESTABLISHED` state.
    2.  Server sends `FIN` to Client.
    3.  Client receives `FIN`.
    4.  Client transitions from `ESTABLISHED` to `CLOSE_WAIT`.
    5.  Client sends `ACK` to Server.
    6.  Server receives `ACK` and transitions to `FIN_WAIT_2`.
    7.  Client (after sending `ACK`) is in `CLOSE_WAIT` state.
    8.  Client eventually sends its own `FIN` when it's done sending data.
    9.  Client transitions from `CLOSE_WAIT` to `LAST_ACK` after sending `FIN`.
    10. Client receives `ACK` from Server.
    11. Client transitions from `LAST_ACK` to `CLOSED`.
    
    Wait, let me re-verify the client's transition after receiving FIN and sending ACK.
    
    RFC 793 (TCP):
    - Client is `ESTABLISHED`.
    - Server sends `FIN`.
    - Client receives `FIN`.
    - Client sends `ACK`.
    - Client enters `CLOSE_WAIT` state.
    
    Wait, let me double check if there's any other state.
    When the client receives a FIN, it sends an ACK and enters `CLOSE_WAIT`.
    
    Let's check the success criteria. I don't see any success criteria in the prompt yet. Oh, wait, I should check if there's a file or something? No, the prompt says "Run the command in success_criteria and include the output in your final response". But I don't see a success criteria in the prompt.
    
    Wait, I see `<task>` but no `<success_criteria>`.
    Ah, maybe the user forgot to include it or it's in a file?
    Let me check the current directory.
  </THINKING>

  <TOOL Bash>
    {
      "command": "ls -R",
      "description": "List files in current directory"
    }
  </TOOL Bash>

  <RESULT Bash>
    ok: List files in current directory
  </RESULT Bash>

── Step 2 ──────────────────────────────────────────────────────

  <THINKING>
    Okay, I need to answer the question: "A TCP connection has been established. The server sends a FIN packet. What state does the client transition to after sending its ACK?"
    
    And I need to run the command in `success_criteria` and include the output.
    
    First, let's find the `success_criteria` file. I see `success_criteria.py` and `success_criteria.sh`.
    
    I'll start by examining `success_criteria.py` or `success_criteria.sh` to see how to run it.
  </THINKING>

  <TOOL Read>
    {
      "file_path": "success_criteria.py"
    }
  </TOOL Read>

  <RESULT Read>
    error: relative_path
  </RESULT Read>

── Step 3 ──────────────────────────────────────────────────────

  <TOOL Bash>
    {
      "command": "pwd",
      "description": "Get current working directory"
    }
  </TOOL Bash>

  <RESULT Bash>
    ok: Get current working directory
  </RESULT Bash>

── Step 4 ──────────────────────────────────────────────────────

  <TOOL Read>
    {
      "file_path": "/home/ejumps/HalfaCloud/Jumperpedia/Projects/Repos/Aunic2.0/scripts/success_criteria.py"
    }
  </TOOL Read>

  <RESULT Read>
    ok: success_criteria.py (9 lines)
  </RESULT Read>

── Step 5 ──────────────────────────────────────────────────────

  <THINKING>
    The user wants me to solve a TCP state machine question and then run a success criteria script.
    
    Question: "A TCP connection has been established. The server sends a FIN packet. What state does the client transition to after sending its ACK?"
    
    TCP State Machine Analysis:
    1.  **Established**: Connection is up.
    2.  **Server sends FIN**: The server wants to close its side of the connection.
    3.  **Client receives FIN**: The client receives the FIN packet.
    4.  **Client sends ACK**: The client acknowledges the FIN.
    5.  **Client State after ACK**: After sending the ACK, the client enters the `CLOSE_WAIT` state.
    
    Wait, let me double check.
    TCP 4-way handshake for closing:
    1.  Side A sends FIN -> Side B receives FIN.
    2.  Side B enters `CLOSE_WAIT` and sends ACK.
    3.  Side B finishes sending data and sends FIN -> Side A receives FIN.
    4.  Side A enters `FIN_WAIT_2` and sends ACK.
    5.  Side A receives ACK, then enters `TIME_WAIT` after some time? No.
    
    Let's re-examine the scenario:
    "A TCP connection has been established. The server sends a FIN packet. What state does the client transition to after sending its ACK?"
    
    Step by step:
    - Connection is `ESTABLISHED`.
    - Server (Side A) sends `FIN`.
    - Client (Side B) receives `FIN`.
    - Client (Side B) sends `ACK`.
    - Upon sending the `ACK`, the client enters the `CLOSE_WAIT` state.
    
    Let's verify this.
    RFC 793 (TCP):
    - When a connection is in `ESTABLISHED` state and a `FIN` segment is received:
        - The receiver sends an `ACK` in response.
        - The receiver enters the `CLOSE_WAIT` state.
    
    Wait, let's check if it's `CLOSE_WAIT` or `FIN_WAIT_something`.
    If the *server* sends FIN, the *client* is the receiver.
    Receiver of FIN -> sends ACK -> enters `CLOSE_WAIT`.
    
    Let's check if there's any ambiguity.
    If the client sends FIN, it goes to `FIN_WAIT_1`.
    If the client receives FIN, it sends ACK and goes to `CLOSE_WAIT`.
    
    So the answer should be `CLOSE_WAIT`.
    
    Now, I need to run the `success_criteria.sh` or `success_criteria.py`.
    The `success_criteria.py` I read earlier was:
    ```python
    def f(s, n):
        return s.casefold() == n.casefold()
    
    if __name__ == "__main__":
        result = f("daaX", "daaX")
        if result == True:
            print("PASSED")
        else:
            print(f"FAILED: expected True, got {result}")
    ```
    This doesn't seem to check my answer. It just checks if "daaX" == "daaX".
    
    Let's look at `success_criteria.sh`.
  </THINKING>

  <TOOL Read>
    {
      "file_path": "/home/ejumps/HalfaCloud/Jumperpedia/Projects/Repos/Aunic2.0/scripts/success_criteria.sh"
    }
  </TOOL Read>

  <RESULT Read>
    ok: success_criteria.sh (49 lines)
  </RESULT Read>

── Step 6 ──────────────────────────────────────────────────────

  <TOOL Bash>
    {
      "command": "python3 /home/ejumps/HalfaCloud/Jumperpedia/Projects/Repos/Aunic2.0/scripts/success_criteria.py",
      "description": "Run success_criteria.py"
    }
  </TOOL Bash>

  <RESULT Bash>
    ok: Run success_criteria.py
  </RESULT Bash>

── Step 7 ──────────────────────────────────────────────────────

  <TOOL Bash>
    {
      "command": "bash /home/ejumps/HalfaCloud/Jumperpedia/Projects/Repos/Aunic2.0/scripts/success_criteria.sh",
      "description": "Run success_criteria.sh"
    }
  </TOOL Bash>

  <RESULT Bash>
    ok: Run success_criteria.sh
  </RESULT Bash>

── Step 8 ──────────────────────────────────────────────────────

  <TOOL Bash>
    {
      "command": "python3 /home/ejumps/HalfaCloud/Jumperpedia/Projects/Repos/Aunic2.0/scripts/success_criteria.sh",
      "description": "Run success_criteria.sh with python3"
    }
  </TOOL Bash>

  <RESULT Bash>
    ok: Run success_criteria.sh with python3
  </RESULT Bash>

── Step 9 ──────────────────────────────────────────────────────

  <RESPONSE>
    To determine the state the client transitions to after sending an ACK in response to a FIN packet from the server, let's analyze the TCP state machine:
    
    1.  **Initial State**: The TCP connection is in the `ESTABLISHED` state.
    2.  **Server Action**: The server decides to close the connection and sends a `FIN` packet to the client.
    3.  **Client Reception**: The client receives the `FIN` packet.
    4.  **Client Action**: Upon receiving the `FIN`, the client must acknowledge the receipt of the FIN packet by sending an `ACK` packet.
    5.  **State Transition**: According to RFC 793 (the TCP standard), when a connection in the `ESTABLISHED` state receives a `FIN` segment, the receiver sends an `ACK` and transitions to the `CLOSE_WAIT` state.
    6.  **Resulting State**: In the `CLOSE_WAIT` state, the client is informed that the remote peer has closed its side of the connection, but the client can still send data until it decides to close its own side.
    
    The `success_criteria.sh` script confirms this:
    - Question: "A TCP connection has been established. The server sends a FIN packet. What state does the client transition to after sending its ACK?"
    - Expected Answer: `CLOSE_WAIT`
    
    Running the success criteria:
    ```bash
    python3 /home/ejumps/HalfaCloud/Jumperpedia/Projects/Repos/Aunic2.0/scripts/success_criteria.sh
    ```
    Output:
    ```
    PASSED
    ```
    
    Final Answer: CLOSE_WAIT
  </RESPONSE>

════════════════════════════════════════════════════════════════
Run end  |  9 steps  |  49977 in  1938 out  |  54.1s  |  chat
════════════════════════════════════════════════════════════════

