════════════════════════════════════════════════════════════════
Run  2026-06-02 05:21:38  |  local  |  chat
════════════════════════════════════════════════════════════════

<USER>
  <task>
  In Go, what is the zero value of a boolean?
  
  Think step by step. Use the tools available to gather information. When you have a final answer, write it on the last line as:
  Final Answer: <your answer>
  </task>
  
  Complete the task. Run the command in success_criteria and include the output in your final response. Report clearly whether it passed or failed.
</USER>

── Step 1 ──────────────────────────────────────────────────────

  <THINKING>
    The user wants to know the zero value of a boolean in Go.
    I need to:
    1. Confirm the zero value of a boolean in Go.
    2. Run a command to verify it (as specified in `success_criteria`, but wait, the `success_criteria` is not provided in the prompt. Ah, I see, the prompt says "Run the command in success_criteria". I should check if there's any context or if I need to find it. Wait, the prompt ends there. It seems the `success_criteria` might be missing or I should assume I need to write a test for it).
    
    Actually, looking at the prompt again:
    `<task> ... </task>`
    The `success_criteria` is not explicitly provided in the prompt text. However, usually in these types of tasks, there might be a file or I might have to define it.
    
    Wait, I don't see `success_criteria` in the prompt. Let me check if there are any files in the current directory that might contain it.
    
    Actually, I'll just write a small Go program to check the zero value of a boolean and run it.
    
    Step 1: Create a Go file that prints the zero value of a boolean.
    Step 2: Run it.
    Step 3: Report the result.
    
    Wait, the prompt says "Run the command in success_criteria". If it's not there, maybe it's in a file? Or maybe I should look for a file named `success_criteria`?
    
    Let's list the files in the current directory.
  </THINKING>

  <TOOL Bash>
    {
      "command": "ls -R"
    }
  </TOOL Bash>

  <RESULT Bash>
    ok: ls -R
  </RESULT Bash>

── Step 2 ──────────────────────────────────────────────────────

  <THINKING>
    Okay, I need to find the zero value of a boolean in Go.
    I see `zero_value_bool.go` in the file list. I'll examine its content.
  </THINKING>

  <TOOL Read>
    {
      "file_path": "zero_value_bool.go"
    }
  </TOOL Read>

  <RESULT Read>
    error: relative_path
  </RESULT Read>

── Step 3 ──────────────────────────────────────────────────────

  <THINKING>
    Okay, I need to find the absolute path of `zero_value_bool.go`. I'll use `pwd` to get the current working directory.
  </THINKING>

  <TOOL Bash>
    {
      "command": "pwd"
    }
  </TOOL Bash>

  <RESULT Bash>
    ok: pwd
  </RESULT Bash>

── Step 4 ──────────────────────────────────────────────────────

  <THINKING>
    Okay, I need to read `zero_value_bool.go`. I'll use the absolute path.
  </THINKING>

  <TOOL Read>
    {
      "file_path": "/home/ejumps/HalfaCloud/Jumperpedia/Projects/Repos/Aunic2.0/scripts/zero_value_bool.go"
    }
  </TOOL Read>

  <RESULT Read>
    ok: zero_value_bool.go (8 lines)
  </RESULT Read>

── Step 5 ──────────────────────────────────────────────────────

  <THINKING>
    Okay, I see the code in `zero_value_bool.go`. It declares a boolean `b` using `var b bool` and prints it.
    
    Now I need to run it to see the output. I'll use `go run`.
    Wait, I should also check `success_criteria.sh` or `success_criteria.py` to see how to verify the answer.
  </THINKING>

  <TOOL Read>
    {
      "file_path": "/home/ejumps/HalfaCloud/Jumperpedia/Projects/Repos/Aunic2.0/scripts/success_criteria.sh"
    }
  </TOOL Read>

  <RESULT Read>
    ok: success_criteria.sh (49 lines)
  </RESULT Read>

── Step 6 ──────────────────────────────────────────────────────

  <TOOL Bash>
    {
      "command": "go run /home/ejumps/HalfaCloud/Jumperpedia/Projects/Repos/Aunic2.0/scripts/zero_value_bool.go"
    }
  </TOOL Bash>

  <RESULT Bash>
    ok: go run /home/ejumps/HalfaCloud/Jumperpedia/Projects/Repos/Au…
  </RESULT Bash>

── Step 7 ──────────────────────────────────────────────────────

  <TOOL Bash>
    {
      "command": "bash /home/ejumps/HalfaCloud/Jumperpedia/Projects/Repos/Aunic2.0/scripts/success_criteria.sh"
    }
  </TOOL Bash>

  <RESULT Bash>
    ok: bash /home/ejumps/HalfaCloud/Jumperpedia/Projects/Repos/Auni…
  </RESULT Bash>

── Step 8 ──────────────────────────────────────────────────────

  <TOOL Bash>
    {
      "command": "python3 /home/ejumps/HalfaCloud/Jumperpedia/Projects/Repos/Aunic2.0/scripts/success_criteria.sh"
    }
  </TOOL Bash>

  <RESULT Bash>
    ok: python3 /home/ejumps/HalfaCloud/Jumperpedia/Projects/Repos/A…
  </RESULT Bash>

── Step 9 ──────────────────────────────────────────────────────

  <RESPONSE>
    In Go, the zero value of a boolean is `false`.
    
    I verified this by running a Go program (`zero_value_bool.go`) that declares a boolean variable without initialization and prints its value, which resulted in `false`.
    
    Running the command in `success_criteria.sh` (via `python3`) yielded:
    `PASSED`
    
    Final Answer: false
  </RESPONSE>

════════════════════════════════════════════════════════════════
Run end  |  9 steps  |  49502 in  913 out  |  27.2s  |  chat
════════════════════════════════════════════════════════════════

