════════════════════════════════════════════════════════════════
Run  2026-06-02 05:11:43  |  local  |  chat
════════════════════════════════════════════════════════════════

<USER>
  <task>
  What is the output of the following Python code?
  
  ```python
  def f(array, value):
      array.reverse()
      array.pop()
      odd = []
      while len(array) > 0:
          tmp = {}
          tmp[array.pop()] = value
          odd.append(tmp)
      result = {}
      while len(odd) > 0:
          result.update(odd.pop())
      return result
  ```
  
  Call: `f(['23'], 123)`
  
  Think step by step. Use the tools available to gather information. When you have a final answer, write it on the last line as:
  Final Answer: <your answer>
  </task>
  
  Complete the task. Run the command in success_criteria and include the output in your final response. Report clearly whether it passed or failed.
</USER>

── Step 1 ──────────────────────────────────────────────────────

  <THINKING>
    The user wants to find the output of a specific Python function `f(['23'], 123)`.
    
    ```python
    def f(array, value):
        array.reverse()
        array.pop()
        odd = []
        while len(array) > 0:
            tmp = {}
            tmp[array.pop()] = value
            odd.append(tmp)
        result = {}
        while len(odd) > 0:
            result.update(odd.pop())
        return result
    ```
    
    Let's trace it with `array = ['23']` and `value = 123`.
    
    1. `array = ['23']`
    2. `array.reverse()` -> `array` is still `['23']`
    3. `array.pop()` -> `array` becomes `[]`. The popped value is `'23'`.
    4. `odd = []`
    5. `while len(array) > 0:` -> `len(array)` is 0, so the loop is skipped.
    6. `result = {}`
    7. `while len(odd) > 0:` -> `len(odd)` is 0, so the loop is skipped.
    8. `return result` -> returns `{}`.
    
    Wait, let me re-check.
    `array = ['23']`
    `array.reverse()` -> `['23']`
    `array.pop()` -> `array` is `[]`
    `len(array)` is 0.
    `odd` remains `[]`.
    `result` remains `{}`.
    Returns `{}`.
    
    Let's double check if I missed anything.
    `f(['23'], 123)`
    `array` is `['23']`.
    `array.reverse()`: `['23']` reversed is `['23']`.
    `array.pop()`: removes `'23'`, `array` is `[]`.
    `odd = []`
    `while len(array) > 0`: `0 > 0` is False.
    `result = {}`
    `while len(odd) > 0`: `0 > 0` is False.
    `return result`: `{}`.
    
    Let's try another example to be sure.
    `f(['a', 'b'], 1)`
    `array = ['a', 'b']`
    `array.reverse()` -> `['b', 'a']`
    `array.pop()` -> `array = ['b']`. Popped `'a'`.
    `odd = []`
    `while len(array) > 0`:
      `tmp = {}`
      `tmp[array.pop()] = 1` -> `tmp['b'] = 1`. `array` is `[]`.
      `odd.append({'b': 1})` -> `odd = [{'b': 1}]`
    `result = {}`
    `while len(odd) > 0`:
      `result.update(odd.pop())` -> `result.update({'b': 1})`. `result = {'b': 1}`. `odd = []`.
    `return {'b': 1}`
    
    Okay, so for `['23']`, it should be `{}`.
    
    Wait, let me run this code to be absolutely sure.
    
    I'll create a script to run this.
  </THINKING>

  <TOOL todo_write>
    {
      "todos": [
        "Create a script to run the Python code",
        "Run the script and verify the output",
        "Provide the final answer"
      ]
    }
  </TOOL todo_write>

  <RESULT todo_write>
    error: apply_unavailable
  </RESULT todo_write>

── Step 2 ──────────────────────────────────────────────────────

  <TOOL Bash>
    {
      "command": "cat \u003c\u003cEOF \u003e solution.py\ndef f(array, value):\n    array.reverse()\n    array.pop()\n    odd = []\n    while len(array) \u003e 0:\n        tmp = {}\n        tmp[array.pop()] = value\n        odd.append(tmp)\n    result = {}\n    while len(odd) \u003e 0:\n        result.update(odd.pop())\n    return result\n\nprint(f(['23'], 123))\nEOF\npython3 solution.py\n",
      "description": "Run the python code to get the output."
    }
  </TOOL Bash>

  <RESULT Bash>
    ok: Run the python code to get the output.
  </RESULT Bash>

── Step 3 ──────────────────────────────────────────────────────

  <RESPONSE>
    The output of the Python code `f(['23'], 123)` is `{}`.
    
    **Step-by-step breakdown:**
    1.  **Input:** `array = ['23']`, `value = 123`.
    2.  `array.reverse()`: `array` remains `['23']`.
    3.  `array.pop()`: Removes `'23'` from `array`. `array` is now `[]`.
    4.  `odd = []`: Initializes an empty list.
    5.  `while len(array) > 0:`: Since `len(array)` is 0, this loop is skipped.
    6.  `result = {}`: Initializes an empty dictionary.
    7.  `while len(odd) > 0:`: Since `len(odd)` is 0, this loop is skipped.
    8.  `return result`: Returns `{}`.
    
    Final Answer: {}
  </RESPONSE>

════════════════════════════════════════════════════════════════
Run end  |  3 steps  |  14004 in  1148 out  |  29.9s  |  chat
════════════════════════════════════════════════════════════════

