════════════════════════════════════════════════════════════════
Run  2026-06-02 03:56:41  |  local  |  chat
════════════════════════════════════════════════════════════════

<USER>
  <task>
  What is the output of the following Python code?
  
  ```python
  def f(text):
      ls = text.split()
      lines = " ".join(ls[::3]).splitlines()
      res = []
      for i in range(2):
          ln = ls[1::3]
          if 3 * i + 1 < len(ln):
              res.append(" ".join(ln[3 * i:3 * (i + 1)]))
      return lines + res
  ```
  
  Call: `f("echo hello!!! nice!")`
  
  Think step by step. Use the tools available to gather information. When you have a final answer, write it on the last line as:
  Final Answer: <your answer>
  </task>
  
  Complete the task. Run the command in success_criteria and include the output in your final response. Report clearly whether it passed or failed.
</USER>

── Step 1 ──────────────────────────────────────────────────────

  <THINKING>
    The user wants to know the output of a specific Python function `f` when called with `"echo hello!!! nice!"`.
    
    ```python
    def f(text):
        ls = text.split()
        lines = " ".join(ls[::3]).splitlines()
        res = []
        for i in range(2):
            ln = ls[1::3]
            if 3 * i + 1 < len(ln):
                res.append(" ".join(ln[3 * i:3 * (i + 1)]))
        return lines + res
    ```
    
    Input: `f("echo hello!!! nice!")`
    
    Let's trace it:
    1. `text = "echo hello!!! nice!"`
    2. `ls = text.split()`
       `ls` will be `['echo', 'hello!!!', 'nice!']`
    3. `ls[::3]`:
       `ls[0]` is `'echo'`
       `ls[3]` does not exist.
       So `ls[::3]` is `['echo']`.
    4. `lines = " ".join(['echo']).splitlines()`
       `" ".join(['echo'])` is `"echo"`.
       `"echo".splitlines()` is `['echo']`.
    5. `res = []`
    6. `for i in range(2):` (i = 0, 1)
       - `i = 0`:
         `ln = ls[1::3]`
         `ls[1]` is `'hello!!!'`
         `ls[4]` does not exist.
         So `ln` is `['hello!!!']`.
         `3 * 0 + 1 = 1`
         `len(ln) = 1`
         `1 < 1` is `False`.
         So `res` remains `[]`.
       - `i = 1`:
         `ln = ls[1::3]` (which is `['hello!!!']`)
         `3 * 1 + 1 = 4`
         `len(ln) = 1`
         `4 < 1` is `False`.
         So `res` remains `[]`.
    7. `return lines + res`
       `['echo'] + []` is `['echo']`.
    
    Wait, let me double check the `ls[1::3]` part.
    `ls` is `['echo', 'hello!!!', 'nice!']`.
    `ls[1::3]` starts at index 1, then index 4, etc.
    `ls[1]` is `'hello!!!'`.
    `ls[4]` is out of bounds.
    So `ln` is `['hello!!!']`.
    
    Let's re-verify `3 * i + 1 < len(ln)` for `i=0`.
    `3 * 0 + 1 = 1`.
    `len(ln) = 1`.
    `1 < 1` is `False`.
    
    Wait, if `i=0`, `3 * i + 1` is `1`.
    The condition `1 < 1` is False.
    
    Let's check the input again. `"echo hello!!! nice!"`
    `split()` on `"echo hello!!! nice!"` gives `['echo', 'hello!!!', 'nice!']`.
    `ls[0]` = `'echo'`
    `ls[1]` = `'hello!!!'`
    `ls[2]` = `'nice!'`
    
    `ls[::3]` -> `ls[0]` -> `['echo']`
    `lines = " ".join(['echo']).splitlines()` -> `['echo']`
    
    `ln = ls[1::3]` -> `ls[1]` -> `['hello!!!']`
    `len(ln) = 1`
    
    `i = 0`:
    `3 * 0 + 1 = 1`
    `1 < 1` is `False`.
    
    `i = 1`:
    `3 * 1 + 1 = 4`
    `4 < 1` is `False`.
    
    So `res` is `[]`.
    Result is `['echo']`.
    
    Let me double check the slicing.
    `ls[::3]` means `ls[0], ls[3], ls[6]...`
    `ls[1::3]` means `ls[1], ls[4], ls[7]...`
    
    If the input was longer, say `"echo hello!!! nice! extra long text"`.
    `ls = ['echo', 'hello!!!', 'nice!', 'extra', 'long', 'text']`
    `ls[::3] = ['echo', 'extra']`
    `lines = "echo extra".splitlines() = ['echo extra']`
    `ln = ls[1::3] = ['hello!!!', 'long']`
    `len(ln) = 2`
    `i = 0`: `3*0 + 1 = 1`. `1 < 2` is `True`.
    `res.append(" ".join(ln[0:3]))` -> `res.append("hello!!! long")`
    `i = 1`: `3*1 + 1 = 4`. `4 < 2` is `False`.
    Result: `['echo extra', 'hello!!! long']`.
    
    Back to the original input: `"echo hello!!! nice!"`
    `ls = ['echo', 'hello!!!', 'nice!']`
    `ls[::3] = ['echo']`
    `lines = ['echo']`
    `ln = ['hello!!!']`
    `len(ln) = 1`
    `i = 0`: `1 < 1` is `False`.
    `i = 1`: `4 < 1` is `False`.
    Result: `['echo']`.
    
    Let's verify this with a script.
  </THINKING>

  <TOOL Write>
    {
      "content": "def f(text):\n    ls = text.split()\n    lines = \" \".join(ls[::3]).splitlines()\n    res = []\n    for i in range(2):\n        ln = ls[1::3]\n        if 3 * i + 1 \u003c len(ln):\n            res.append(\" \".join(ln[3 * i:3 * (i + 1)]))\n    return lines + res\n\nprint(f(\"echo hello!!! nice!\"))\n",
      "file_path": "solution.py"
    }
  </TOOL Write>

  <RESULT Write>
    error: relative_path
  </RESULT Write>

── Step 2 ──────────────────────────────────────────────────────

  <THINKING>
    Okay, I need to provide an absolute path. I'll check the current directory first.
  </THINKING>

  <TOOL Bash>
    {
      "command": "pwd"
    }
  </TOOL Bash>

  <RESULT Bash>
    ok: pwd
  </RESULT Bash>

── Step 3 ──────────────────────────────────────────────────────

  <THINKING>
    Okay, I need to use an absolute path. The `pwd` output is `/home/ejumps/HalfaCloud/Jumperpedia/Projects/Repos/Aunic2.0/scripts`.
    
    Wait, I can just use `solution.py` if I'm in the same directory, but the `Write` tool requires an absolute path.
    
    Let's try writing to `/home/ejumps/HalfaCloud/Jumperpedia/Projects/Repos/Aunic2.0/scripts/solution.py`.
    Actually, I'll just use `Bash` to write it if `Write` is being picky about absolute paths, or I'll use the absolute path in `Write`.
    
    Wait, I'll use `pwd` to get the absolute path and then use it.
    The `pwd` was `/home/ejumps/HalfaCloud/Jumperpedia/Projects/Repos/Aunic2.0/scripts`.
    
    Let's try again with the absolute path.
  </THINKING>

  <TOOL Write>
    {
      "content": "def f(text):\n    ls = text.split()\n    lines = \" \".join(ls[::3]).splitlines()\n    res = []\n    for i in range(2):\n        ln = ls[1::3]\n        if 3 * i + 1 \u003c len(ln):\n            res.append(\" \".join(ln[3 * i:3 * (i + 1)]))\n    return lines + res\n\nprint(f(\"echo hello!!! nice!\"))\n",
      "file_path": "/home/ejumps/HalfaCloud/Jumperpedia/Projects/Repos/Aunic2.0/scripts/solution.py"
    }
  </TOOL Write>

  <RESULT Write>
    ok: wrote 280 bytes
  </RESULT Write>

── Step 4 ──────────────────────────────────────────────────────

  <TOOL Bash>
    {
      "command": "python3 /home/ejumps/HalfaCloud/Jumperpedia/Projects/Repos/Aunic2.0/scripts/solution.py"
    }
  </TOOL Bash>

  <RESULT Bash>
    ok: python3 /home/ejumps/HalfaCloud/Jumperpedia/Projects/Repos/A…
  </RESULT Bash>

── Step 5 ──────────────────────────────────────────────────────

  <TOOL Write>
    {
      "content": "def f(text):\n    ls = text.split()\n    lines = \" \".join(ls[::3]).splitlines()\n    res = []\n    for i in range(2):\n        ln = ls[1::3]\n        if 3 * i + 1 \u003c len(ln):\n            res.append(\" \".join(ln[3 * i:3 * (i + 1)]))\n    return lines + res\n\nprint(f(\"echo hello!!! nice!\"))\n",
      "file_path": "/home/ejumps/HalfaCloud/Jumperpedia/Projects/Repos/Aunic2.0/scripts/solution.py"
    }
  </TOOL Write>

  <RESULT Write>
    ok: wrote 280 bytes
  </RESULT Write>

── Step 6 ──────────────────────────────────────────────────────

  <TOOL Bash>
    {
      "command": "python3 /home/ejumps/HalfaCloud/Jumperpedia/Projects/Repos/Aunic2.0/scripts/solution.py"
    }
  </TOOL Bash>

  <RESULT Bash>
    ok: python3 /home/ejumps/HalfaCloud/Jumperpedia/Projects/Repos/A…
  </RESULT Bash>

── Step 7 ──────────────────────────────────────────────────────

  <TOOL Write>
    {
      "content": "def f(text):\n    ls = text.split()\n    print(f\"ls: {ls}\")\n    lines = \" \".join(ls[::3]).splitlines()\n    print(f\"lines: {lines}\")\n    res = []\n    for i in range(2):\n        ln = ls[1::3]\n        print(f\"i: {i}, ln: {ln}\")\n        if 3 * i + 1 \u003c len(ln):\n            res.append(\" \".join(ln[3 * i:3 * (i + 1)]))\n            print(f\"res.append: {' '.join(ln[3 * i:3 * (i + 1)])}\")\n    print(f\"res: {res}\")\n    return lines + res\n\nprint(f(\"echo hello!!! nice!\"))\n",
      "file_path": "/home/ejumps/HalfaCloud/Jumperpedia/Projects/Repos/Aunic2.0/scripts/solution.py"
    }
  </TOOL Write>

  <RESULT Write>
    ok: wrote 460 bytes
  </RESULT Write>

── Step 8 ──────────────────────────────────────────────────────

  <TOOL Bash>
    {
      "command": "python3 /home/ejumps/HalfaCloud/Jumperpedia/Projects/Repos/Aunic2.0/scripts/solution.py"
    }
  </TOOL Bash>

  <RESULT Bash>
    ok: python3 /home/ejumps/HalfaCloud/Jumperpedia/Projects/Repos/A…
  </RESULT Bash>

── Step 9 ──────────────────────────────────────────────────────

  <RESPONSE>
    The output of the Python code is `['echo']`.
    
    Step-by-step breakdown:
    1. `ls = text.split()`: `ls` becomes `['echo', 'hello!!!', 'nice!']`.
    2. `ls[::3]`: Takes every 3rd element starting from index 0: `['echo']`.
    3. `lines = " ".join(ls[::3]).splitlines()`: `" ".join(['echo'])` is `"echo"`, and splitting by lines results in `['echo']`.
    4. `ln = ls[1::3]`: Takes every 3rd element starting from index 1: `['hello!!!']`.
    5. Loop `i = 0`: `3 * 0 + 1 < len(ln)` $\rightarrow$ `1 < 1` is `False`.
    6. Loop `i = 1`: `3 * 1 + 1 < len(ln)` $\rightarrow$ `4 < 1` is `False`.
    7. `res` remains `[]`.
    8. `return lines + res`: `['echo'] + []` results in `['echo']`.
    
    Final Answer: ['echo']
  </RESPONSE>

════════════════════════════════════════════════════════════════
Run end  |  9 steps  |  47148 in  2657 out  |  70.5s  |  chat
════════════════════════════════════════════════════════════════

