════════════════════════════════════════════════════════════════
Run  2026-06-02 06:50:09  |  local  |  chat
════════════════════════════════════════════════════════════════

<USER>
  <task>
  What is the output of the following Python code?
  
  ```python
  def f(prefix, s):
      return str.removeprefix(prefix, s)
  ```
  
  Call: `f('hymi', 'hymifulhxhzpnyihyf')`
  
  Think step by step. Use the tools available to gather information. When you have a final answer, write it on the last line as:
  Final Answer: <your answer>
  </task>
  
  Complete the task. Run the command in success_criteria and include the output in your final response. Report clearly whether it passed or failed.
</USER>

── Step 1 ──────────────────────────────────────────────────────

  <THINKING>
    The user wants to find the output of a Python function `f(prefix, s)` which uses `str.removeprefix(prefix, s)`.
    Wait, `str.removeprefix` is a method of a string instance, not a static method of the `str` class in the way it's being called here.
    In Python, `str.removeprefix(prefix, s)` would be equivalent to calling `s.removeprefix(prefix)`.
    Let's verify this.
    
    The function is:
    ```python
    def f(prefix, s):
        return str.removeprefix(prefix, s)
    ```
    
    Wait, `str.removeprefix` is an instance method.
    If I call `str.removeprefix('hymi', 'hymifulhxhzpnyihyf')`, it's like `s.removeprefix(prefix)` where `s` is the first argument?
    No, `str.removeprefix(self, prefix)` is the signature.
    So `str.removeprefix('hymifulhxhzpnyihyf', 'hymi')` would be the correct way to call it if using the class.
    But the code says `str.removeprefix(prefix, s)`.
    Let's check the signature of `str.removeprefix`.
    According to Python docs: `str.removeprefix(self, prefix, /)`
    So `str.removeprefix(s, prefix)` would work if `s` is the string and `prefix` is the prefix.
    But the code has `str.removeprefix(prefix, s)`.
    This means `prefix` is being passed as `self`.
    Wait, `prefix` is `'hymi'`, which is a string.
    `s` is `'hymifulhxhzpnyihyf'`.
    So it's calling `'hymi'.removeprefix('hymifulhxhzpnyihyf')`.
    
    Let's verify this with a script.
  </THINKING>

  <TOOL todo_write>
    {
      "todos": [
        "Create a python script to test the code",
        "Run the script and check the output",
        "Verify the result"
      ]
    }
  </TOOL todo_write>

  <RESULT todo_write>
    error: apply_unavailable
  </RESULT todo_write>

── Step 2 ──────────────────────────────────────────────────────

  <TOOL Bash>
    {
      "command": "cat \u003c\u003cEOF \u003e solution.py\ndef f(prefix, s):\n    return str.removeprefix(prefix, s)\n\nprint(f('hymi', 'hymifulhxhzpnyihyf'))\nEOF\npython3 solution.py\n",
      "description": "Run the python code to find the output"
    }
  </TOOL Bash>

  <RESULT Bash>
    ok: Run the python code to find the output
  </RESULT Bash>

── Step 3 ──────────────────────────────────────────────────────

  <RESPONSE>
    <|channel>thought
    <channel|>
  </RESPONSE>

════════════════════════════════════════════════════════════════
Run end  |  3 steps  |  13753 in  550 out  |  14.8s  |  chat
════════════════════════════════════════════════════════════════

