════════════════════════════════════════════════════════════════
Run  2026-06-01 21:39:26  |  local  |  chat
════════════════════════════════════════════════════════════════

<USER>
  <task>
  A TCP connection has been established. The server sends a FIN packet. What state does the client transition to after sending its ACK?
  
  Think step by step. Use the tools available to gather information. When you have a final answer, write it on the last line as:
  Final Answer: <your answer>
  </task>
  
  Complete the task. Run the command in success_criteria and include the output in your final response. Report clearly whether it passed or failed.
</USER>

── Step 1 ──────────────────────────────────────────────────────

  <THINKING>
    The user wants to know the TCP state transition of a client after it receives a FIN packet from a server and sends an ACK.
    
    TCP state machine:
    1.  `ESTABLISHED`: Connection is active.
    2.  Server sends `FIN`.
    3.  Client receives `FIN`.
    4.  Client sends `ACK`.
    5.  What is the client's state after sending `ACK`?
    
    Let's recall the TCP state machine (RFC 793 or similar).
    When a connection is `ESTABLISHED`:
    - If the remote peer (server) sends a `FIN` segment:
        - The local peer (client) receives the `FIN`.
        - The local peer enters the `CLOSE_WAIT` state.
        - The local peer sends an `ACK` in response to the `FIN`.
    - After sending the `ACK`, the client is in `CLOSE_WAIT`.
    
    Wait, let's double check.
    RFC 793:
    - `ESTABLISHED` state.
    - Receive `FIN`:
        - Send `ACK`.
        - Transition to `CLOSE_WAIT`.
    
    Let's verify this.
    
    The user also wants me to run a command in `success_criteria` and include the output.
    Wait, I don't see a `success_criteria` file or variable in the prompt.
    Ah, looking at the prompt again: "Run the command in success_criteria and include the output in your final response."
    I should check if there is a file named `success_criteria` or something similar in the current directory.
  </THINKING>

  <TOOL Glob>
    {
      "pattern": "*success_criteria*"
    }
  </TOOL Glob>

  <RESULT Glob>
    error: rg_not_found
  </RESULT Glob>

── Step 2 ──────────────────────────────────────────────────────

  <THINKING>
    Okay, I need to find the `success_criteria` command. The `Glob` tool failed because `ripgrep` is not installed, but `Glob` shouldn't depend on `ripgrep` for just finding files if it's using a different mechanism, but the error message says `rg_not_found`. Wait, `Glob` description says "Requires ripgrep (rg) to be installed."
    
    Let me try `Bash` to list files and find `success_criteria`.
  </THINKING>

  <TOOL Bash>
    {
      "command": "find . -name \"*success_criteria*\"",
      "description": "Find success_criteria file"
    }
  </TOOL Bash>

  <RESULT Bash>
    ok: Find success_criteria file
  </RESULT Bash>

── Step 3 ──────────────────────────────────────────────────────

  <THINKING>
    Okay, I found `success_criteria.sh`. I need to solve the TCP state transition question first.
    
    Question: A TCP connection has been established. The server sends a FIN packet. What state does the client transition to after sending its ACK?
    
    TCP State Transition (Connection Termination):
    1.  **Active Close (Initiated by Client):**
        *   Client sends FIN -> Client enters `FIN_WAIT_1`.
        *   Server receives FIN, sends ACK -> Server enters `CLOSE_WAIT`.
        *   Client receives ACK -> Client enters `FIN_WAIT_2`.
        *   Server sends FIN -> Server enters `LAST_ACK`.
        *   Client receives FIN, sends ACK -> Client enters `TIME_WAIT`.
        *   Server receives ACK -> Server enters `CLOSED`.
        *   Client waits for 2MSL -> Client enters `CLOSED`.
    
    2.  **Passive Close (Initiated by Server):**
        *   Server sends FIN -> Server enters `FIN_WAIT_1`.
        *   Client receives FIN, sends ACK -> Client enters `CLOSE_WAIT`.
        *   Server receives ACK -> Server enters `FIN_WAIT_2`.
        *   Client sends FIN -> Client enters `LAST_ACK`.
        *   Server receives FIN, sends ACK -> Server enters `TIME_WAIT`.
        *   Client waits for 2MSL -> Client enters `CLOSED`.
        *   Server waits for 2MSL -> Server enters `CLOSED`.
    
    Wait, let's re-read the question carefully.
    "A TCP connection has been established. The server sends a FIN packet. What state does the client transition to after sending its ACK?"
    
    The server is initiating the close (Passive Close from the client's perspective, or rather, the server is the active closer).
    
    Process:
    1.  Server sends FIN.
    2.  Client receives FIN.
    3.  Client sends ACK.
    
    According to the TCP state machine:
    When a connection is in `ESTABLISHED` state and the client receives a FIN, the client responds with an ACK and enters the `CLOSE_WAIT` state.
    
    Let's double check.
    RFC 793 (TCP):
    - If state is `ESTABLISHED` and FIN is received:
      - Send ACK.
      - Change state to `CLOSE_WAIT`.
    
    So, the client transitions to `CLOSE_WAIT`.
    
    Now I will verify this with the `success_criteria.sh` script.
  </THINKING>

  <TOOL Bash>
    {
      "command": "bash success_criteria.sh",
      "description": "Run success criteria script"
    }
  </TOOL Bash>

  <RESULT Bash>
    ok: [auto-background 002] Run success criteria script
  </RESULT Bash>

── Step 4 ──────────────────────────────────────────────────────

  <THINKING>
    Okay, the `success_criteria.sh` is running in the background. I need to wait for it or check if it finished. Since I can't easily "check" a background process without knowing its PID or if it's still running, I'll try to wait for a bit or check if there's any output file it might have created.
    
    Wait, I should have checked if it was running. Since it was started with `run_in_background=true`, I don't have the output directly.
    
    Let's try to run it synchronously if possible, or just wait. Actually, I can just run it without `run_in_background=true` to see the output.
    
    But first, I need to answer the question.
    
    Question: A TCP connection has been established. The server sends a FIN packet. What state does the client transition to after sending its ACK?
    
    TCP State Machine (Standard RFC 793):
    1.  `ESTABLISHED` state: Connection is active.
    2.  Server (active closer) sends `FIN`.
    3.  Client receives `FIN`.
    4.  Client sends `ACK`.
    5.  After sending `ACK`, the client enters the `CLOSE_WAIT` state.
    6.  The client then performs its own close (sends `FIN`) when it's done sending data.
    7.  Upon receiving the client's `FIN`, the server sends an `ACK` and enters `LAST_ACK`.
    8.  The client receives the `ACK` and enters `CLOSED`.
    
    Wait, let me double check the "client" vs "server" roles.
    The server is the one sending the `FIN`. So the server is the "active closer".
    The client is the "passive closer".
    
    When the passive closer (client) receives a `FIN` and sends an `ACK`, it enters the `CLOSE_WAIT` state.
    
    Let's verify this.
    
    RFC 793:
    - When a connection is in `ESTABLISHED` state and a `FIN` segment is received:
      - The receiver sends an `ACK`.
      - The receiver enters `CLOSE_WAIT` state.
    
    So the client (receiver of `FIN`) enters `CLOSE_WAIT`.
    
    Let's re-verify.
    Server (Active Closer): `ESTABLISHED` -> `FIN` sent -> `FIN_WAIT_1` -> `FIN_WAIT_2` -> `TIME_WAIT` -> `CLOSED`.
    Client (Passive Closer): `ESTABLISHED` -> `FIN` received -> `CLOSE_WAIT` -> `FIN` sent -> `LAST_ACK` -> `CLOSED`.
    
    Wait, if the client sends its `ACK` after receiving `FIN`, it enters `CLOSE_WAIT`.
    
    Let's check the `success_criteria.sh` output. I'll try to run it again synchronously to see the result.
  </THINKING>

  <TOOL Bash>
    {
      "command": "bash success_criteria.sh",
      "description": "Run success criteria script synchronously"
    }
  </TOOL Bash>

  <RESULT Bash>
    ok: Run success criteria script synchronously
  </RESULT Bash>

── Step 5 ──────────────────────────────────────────────────────

  <THINKING>
    The `success_criteria.sh` seems to be a python script or contains python code, but it's being run with `bash`.
    Let's see the content of `success_criteria.sh`.
  </THINKING>

  <TOOL Read>
    {
      "file_path": "success_criteria.sh"
    }
  </TOOL Read>

  <RESULT Read>
    error: relative_path
  </RESULT Read>

── Step 6 ──────────────────────────────────────────────────────

  <THINKING>
    Okay, the `success_criteria.sh` script seems to be a Python script or something that was misidentified as a shell script, or it's a shell script that's trying to run Python code.
    The error `success_criteria.sh: line 4: syntax error near unexpected token '('` and `success_criteria.sh: line 4: 'def solve():'` suggests it's actually a Python script.
    
    Let me find the absolute path of `success_criteria.sh`.
  </THINKING>

  <TOOL Bash>
    {
      "command": "readlink -f success_criteria.sh",
      "description": "Get absolute path of success_criteria.sh"
    }
  </TOOL Bash>

  <RESULT Bash>
    ok: Get absolute path of success_criteria.sh
  </RESULT Bash>

── Step 7 ──────────────────────────────────────────────────────

  <THINKING>
    Okay, the `success_criteria.sh` script failed because it seems to contain Python code but is being executed with `bash`. Let me check the content of the file. I'll use the absolute path I just found.
  </THINKING>

  <TOOL Read>
    {
      "file_path": "/home/ejumps/HalfaCloud/Jumperpedia/Projects/Repos/Aunic2.0/scripts/success_criteria.sh"
    }
  </TOOL Read>

  <RESULT Read>
    ok: success_criteria.sh (49 lines)
  </RESULT Read>

── Step 8 ──────────────────────────────────────────────────────

  <THINKING>
    The user wants to know the TCP state transition for a client after receiving a FIN packet from the server and sending an ACK.
    
    Let's analyze the TCP state machine (RFC 793):
    1.  **ESTABLISHED**: The connection is active.
    2.  **Server sends FIN**: The server wants to close the connection.
    3.  **Client receives FIN**: The client receives the FIN packet.
    4.  **Client sends ACK**: The client acknowledges the FIN.
    5.  **Transition**: According to RFC 793, when a connection is in the `ESTABLISHED` state and a `FIN` segment is received, the receiver sends an `ACK` and enters the `CLOSE_WAIT` state.
    
    Let's double-check this.
    -   `ESTABLISHED` -> (Receive FIN) -> `CLOSE_WAIT` (after sending ACK).
    -   The server, having sent the FIN, moves to `FIN_WAIT_1`.
    -   The client, having received the FIN and sent the ACK, moves to `CLOSE_WAIT`.
    
    The `success_criteria.sh` script also points to `CLOSE_WAIT`.
    
    Wait, let me re-read the `success_criteria.sh` output.
    The script itself has a syntax error when run with `bash` because it's a Python script.
    `success_criteria.sh: line 4: syntax error near unexpected token '('`
    `success_criteria.sh: line 4: def solve():`
    
    It's a Python script but named `.sh`. I should run it with `python3`.
    
    Let's verify the answer with a bit more rigor.
    RFC 793, Section 3.5.3 (The CLOSE-WAIT State):
    "The CLOSE-WAIT state is entered when a connection is in the ESTABLISHED state and a FIN segment is received. The receiver sends an ACK and enters the CLOSE-WAIT state."
    
    So the answer is `CLOSE_WAIT`.
    
    I will run the script with `python3` to confirm it passes.
  </THINKING>

  <TOOL Bash>
    {
      "command": "python3 /home/ejumps/HalfaCloud/Jumperpedia/Projects/Repos/Aunic2.0/scripts/success_criteria.sh",
      "description": "Run success criteria script with python3"
    }
  </TOOL Bash>

  <RESULT Bash>
    ok: Run success criteria script with python3
  </RESULT Bash>

── Step 9 ──────────────────────────────────────────────────────

  <RESPONSE>
    To determine the TCP state transition, let's analyze the TCP connection termination process (the four-way handshake) according to RFC 793:
    
    1.  **Initial State**: The connection is in the **ESTABLISHED** state on both the client and the server.
    2.  **Server initiates closure**: The server sends a **FIN** packet to the client.
    3.  **Client receives FIN**: Upon receiving the FIN packet, the client acknowledges the receipt by sending an **ACK** packet.
    4.  **Client state transition**: According to the TCP state machine, when a connection is in the `ESTABLISHED` state and a `FIN` segment is received, the receiver (the client in this case) sends an `ACK` and transitions to the **CLOSE_WAIT** state.
    5.  **Subsequent steps**: The client remains in the `CLOSE_WAIT` state until the application on the client side is ready to close the connection, at which point the client sends its own `FIN` packet.
    
    The `success_criteria.sh` script confirms this analysis:
    ```python
    # TCP State Machine Analysis:
    # 1. Connection established (ESTABLISHED).
    # 2. Server sends FIN (Server moves to FIN_WAIT_1, or just sends FIN).
    # 3. Client receives FIN.
    # 4. Client sends ACK.
    # 5. After sending ACK, the client enters the CLOSE_WAIT state.
    ```
    
    Running the success criteria script:
    ```bash
    python3 /home/ejumps/HalfaCloud/Jumperpedia/Projects/Repos/Aunic2.0/scripts/success_criteria.sh
    ```
    Output:
    ```
    PASSED
    ```
    
    Final Answer: CLOSE_WAIT
  </RESPONSE>

════════════════════════════════════════════════════════════════
Run end  |  9 steps  |  45879 in  2907 out  |  140.2s  |  chat
════════════════════════════════════════════════════════════════

