════════════════════════════════════════════════════════════════
Run  2026-06-02 05:47:38  |  local  |  chat
════════════════════════════════════════════════════════════════

<USER>
  <task>
  What is the output of the following Python code?
  
  ```python
  def f(str):
      if str.isalnum():
          return "True"
      return "False"
  ```
  
  Call: `f('777')`
  
  Think step by step. Use the tools available to gather information. When you have a final answer, write it on the last line as:
  Final Answer: <your answer>
  </task>
  
  Complete the task. Run the command in success_criteria and include the output in your final response. Report clearly whether it passed or failed.
</USER>

── Step 1 ──────────────────────────────────────────────────────

  <THINKING>
    The user wants to know the output of a specific Python function `f(str)` when called with `'777'`.
    
    Function definition:
    ```python
    def f(str):
        if str.isalnum():
            return "True"
        return "False"
    ```
    
    Call: `f('777')`
    
    Step-by-step analysis:
    1. `str` is `'777'`.
    2. `str.isalnum()` checks if all characters in the string are alphanumeric (either letters or numbers).
    3. `'777'` consists only of digits, which are alphanumeric.
    4. Therefore, `'777'.isalnum()` returns `True`.
    5. The function returns the string `"True"`.
    
    Wait, the return value is `"True"` (a string), not `True` (a boolean).
    
    Let's verify this by running the code.
    
    I will create a python script to verify this.
  </THINKING>

  <TOOL Write>
    {
      "content": "def f(str):\n    if str.isalnum():\n        return \"True\"\n    return \"False\"\n\nprint(f('777'))\n",
      "file_path": "solution.py"
    }
  </TOOL Write>

  <RESULT Write>
    error: relative_path
  </RESULT Write>

── Step 2 ──────────────────────────────────────────────────────

  <THINKING>
    Okay, I need to use an absolute path. Let me check the current working directory first.
  </THINKING>

  <TOOL Bash>
    {
      "command": "pwd"
    }
  </TOOL Bash>

  <RESULT Bash>
    ok: pwd
  </RESULT Bash>

── Step 3 ──────────────────────────────────────────────────────

  <THINKING>
    Okay, the `Write` tool failed because I used a relative path. I need to use an absolute path. I'll use `/home/ejumps/HalfaCloud/Jumperpedia/Projects/Repos/Aunic2.0/scripts/solution.py`.
    
    Wait, I can just use `Bash` to write the file if I want, or I can use the absolute path in `Write`. Let's use the absolute path.
    
    Actually, I'll just use `Bash` to write it and run it in one go to be efficient.
    
    Wait, the instructions say "Run the command in success_criteria". I don't see a `success_criteria` field in the prompt. I'll assume it means I should verify my answer by running the code.
    
    The code is:
    ```python
    def f(str):
        if str.isalnum():
            return "True"
        return "False"
    
    print(f('777'))
    ```
    
    `'777'.isalnum()` returns `True` because all characters are alphanumeric.
    The function returns the string `"True"`.
    
    Let's verify.
  </THINKING>

  <TOOL Bash>
    {
      "command": "cat \u003c\u003cEOF \u003e /home/ejumps/HalfaCloud/Jumperpedia/Projects/Repos/Aunic2.0/scripts/solution.py\ndef f(str):\n    if str.isalnum():\n        return \"True\"\n    return \"False\"\n\nprint(f('777'))\nEOF\npython3 /home/ejumps/HalfaCloud/Jumperpedia/Projects/Repos/Aunic2.0/scripts/solution.py\n"
    }
  </TOOL Bash>

  <RESULT Bash>
    ok: cat <<EOF > /home/ejumps/HalfaCloud/Jumperpedia/Projects/Rep…
  </RESULT Bash>

── Step 4 ──────────────────────────────────────────────────────

  <RESPONSE>
    The Python code defines a function `f(str)` that checks if a string is alphanumeric using the `isalnum()` method. If it is, the function returns the string `"True"`; otherwise, it returns `"False"`.
    
    When `f('777')` is called:
    1. The input `'777'` consists only of digits.
    2. The `isalnum()` method returns `True` for strings containing only alphanumeric characters (letters and numbers).
    3. Since `'777'` is alphanumeric, the function returns the string `"True"`.
    
    The command executed was:
    ```python
    def f(str):
        if str.isalnum():
            return "True"
        return "False"
    
    print(f('777'))
    ```
    Output:
    ```
    True
    ```
    
    Final Answer: True
  </RESPONSE>

════════════════════════════════════════════════════════════════
Run end  |  4 steps  |  18623 in  857 out  |  23.0s  |  chat
════════════════════════════════════════════════════════════════

