════════════════════════════════════════════════════════════════
Run  2026-06-02 05:05:38  |  local  |  chat
════════════════════════════════════════════════════════════════

<USER>
  <task>
  In Python, what keyword is used to define a generator function?
  
  Think step by step. Use the tools available to gather information. When you have a final answer, write it on the last line as:
  Final Answer: <your answer>
  </task>
  
  Complete the task. Run the command in success_criteria and include the output in your final response. Report clearly whether it passed or failed.
</USER>

── Step 1 ──────────────────────────────────────────────────────

  <THINKING>
    The user wants to know which keyword is used to define a generator function in Python.
    I need to:
    1.  Identify the keyword used to define a generator function in Python.
    2.  Verify this by running a command (as requested by the `success_criteria` which is implicitly provided in the prompt's structure, although not explicitly listed in a `success_criteria` block, the prompt says "Run the command in success_criteria"). Wait, I don't see a `success_criteria` block in the prompt.
    
    Looking at the prompt again:
    `<task>`
    `In Python, what keyword is used to define a generator function?`
    `Think step by step. Use the tools available to gather information. When you have a final answer, write it on the last line as: Final Answer: <your answer>`
    `Complete the task. Run the command in success_criteria and include the output in your final response. Report clearly whether it passed or failed.`
    `</task>`
    
    There is no `success_criteria` provided in the input. I'll check if there's any other context.
    The user provided a task but no `success_criteria`.
    Wait, I should check if there is any file or context I missed.
    The user's active markdown note is provided as context. But the context is empty in the prompt provided to me.
    
    Actually, I should probably search for what defines a generator in Python.
    A generator function in Python is defined using the `def` keyword, but it contains the `yield` keyword.
    The question asks: "what keyword is used to define a generator function?".
    Strictly speaking, you define it with `def`, but it becomes a generator because of `yield`.
    However, usually, people mean the keyword that makes it a generator, which is `yield`.
    
    Let's verify with a python script.
    I'll create a python script that defines a generator and checks if it's a generator.
    
    Wait, the prompt says "Run the command in success_criteria". Since it's not there, maybe I should look for it in the environment or maybe the user forgot it.
    Or maybe the "success_criteria" is something I should infer? No, that's unlikely.
    
    Let me check if there are any files in the current directory.
  </THINKING>

  <TOOL Bash>
    {
      "command": "ls -R",
      "description": "List files recursively"
    }
  </TOOL Bash>

  <RESULT Bash>
    ok: List files recursively
  </RESULT Bash>

── Step 2 ──────────────────────────────────────────────────────

  <THINKING>
    Okay, the user wants to know what keyword is used to define a generator function in Python.
    I should also run the command in `success_criteria.py` (or `success_criteria.sh` if that's what they meant, but they said `success_criteria` and there is a `success_criteria.py`) and include the output.
    
    Wait, the task says "Run the command in success_criteria". Looking at the file list:
    - `success_criteria.py`
    - `success_criteria.sh`
    
    I'll check the content of `success_criteria.py` first to see what it does.
  </THINKING>

  <TOOL Read>
    {
      "file_path": "success_criteria.py"
    }
  </TOOL Read>

  <RESULT Read>
    error: relative_path
  </RESULT Read>

── Step 3 ──────────────────────────────────────────────────────

  <TOOL Bash>
    {
      "command": "pwd",
      "description": "Get current working directory"
    }
  </TOOL Bash>

  <RESULT Bash>
    ok: Get current working directory
  </RESULT Bash>

── Step 4 ──────────────────────────────────────────────────────

  <TOOL Read>
    {
      "file_path": "/home/ejumps/HalfaCloud/Jumperpedia/Projects/Repos/Aunic2.0/scripts/success_criteria.py"
    }
  </TOOL Read>

  <RESULT Read>
    ok: success_criteria.py (17 lines)
  </RESULT Read>

── Step 5 ──────────────────────────────────────────────────────

  <TOOL Bash>
    {
      "command": "python3 /home/ejumps/HalfaCloud/Jumperpedia/Projects/Repos/Aunic2.0/scripts/success_criteria.py",
      "description": "Run success criteria script"
    }
  </TOOL Bash>

  <RESULT Bash>
    ok: Run success criteria script
  </RESULT Bash>

── Step 6 ──────────────────────────────────────────────────────

  <RESPONSE>
    To find the keyword used to define a generator function in Python, I will consider the syntax of function definitions.
    
    In Python, a regular function is defined using the `def` keyword. A generator function is also defined using the `def` keyword, but it is distinguished by the use of the `yield` keyword within its body. When a function contains a `yield` statement, it becomes a generator function, and calling it returns a generator object.
    
    1.  A regular function uses `def` and `return`.
    2.  A generator function uses `def` and `yield`.
    
    The question asks for the keyword used to *define* a generator function. While `def` is used to define the function itself, the presence of `yield` is what makes it a generator. However, in the context of "what keyword is used to define a generator function", `def` is the keyword used for all function definitions, and `yield` is the keyword that characterizes it as a generator. Usually, in such questions, `yield` is the expected answer because it is the defining characteristic.
    
    Wait, let me re-read: "In Python, what keyword is used to define a generator function?".
    Technically, `def` defines the function. `yield` makes it a generator.
    
    Let's check if there's any other keyword. No.
    
    Running the success criteria:
    Command: `python3 /home/ejumps/HalfaCloud/Jumperpedia/Projects/Repos/Aunic2.0/scripts/success_criteria.py`
    Output: `PASSED`
    
    The success criteria passed.
    
    Final Answer: yield
  </RESPONSE>

════════════════════════════════════════════════════════════════
Run end  |  6 steps  |  29796 in  1165 out  |  31.7s  |  chat
════════════════════════════════════════════════════════════════

