════════════════════════════════════════════════════════════════
Run  2026-06-02 03:35:40  |  local  |  chat
════════════════════════════════════════════════════════════════

<USER>
  <task>
  What is the output of the following Python code?
  
  ```python
  def f(text, to_remove):
      new_text = list(text)
      if to_remove in new_text:
          index = new_text.index(to_remove)
          new_text.remove(to_remove)
          new_text.insert(index, '?')
          new_text.remove('?')
      return ''.join(new_text)
  ```
  
  Call: `f('sjbrlfqmw', 'l')`
  
  Think step by step. Use the tools available to gather information. When you have a final answer, write it on the last line as:
  Final Answer: <your answer>
  </task>
  
  Complete the task. Run the command in success_criteria and include the output in your final response. Report clearly whether it passed or failed.
</USER>

── Step 1 ──────────────────────────────────────────────────────

  <THINKING>
    The user wants to find the output of a specific Python function `f('sjbrlfqmw', 'l')`.
    
    ```python
    def f(text, to_remove):
        new_text = list(text)
        if to_remove in new_text:
            index = new_text.index(to_remove)
            new_text.remove(to_remove)
            new_text.insert(index, '?')
            new_text.remove('?')
        return ''.join(new_text)
    ```
    
    Let's trace it manually first:
    1. `text = 'sjbrlfqmw'`, `to_remove = 'l'`
    2. `new_text = ['s', 'j', 'b', 'r', 'l', 'f', 'q', 'm', 'w']`
    3. `to_remove` ('l') is in `new_text`.
    4. `index = new_text.index('l')` -> `index` is 4 (0-indexed: s=0, j=1, b=2, r=3, l=4).
    5. `new_text.remove('l')` -> `new_text` becomes `['s', 'j', 'b', 'r', 'f', 'q', 'm', 'w']`.
    6. `new_text.insert(4, '?')` -> `new_text` becomes `['s', 'j', 'b', 'r', '?', 'f', 'q', 'm', 'w']`.
    7. `new_text.remove('?')` -> `new_text` becomes `['s', 'j', 'b', 'r', 'f', 'q', 'm', 'w']`.
    8. `return ''.join(new_text)` -> `'sjbrfqmw'`.
    
    Wait, let me re-verify step 5 and 6.
    `new_text` before `remove('l')`: `['s', 'j', 'b', 'r', 'l', 'f', 'q', 'm', 'w']` (length 9)
    `index = 4`
    `new_text.remove('l')`: `['s', 'j', 'b', 'r', 'f', 'q', 'm', 'w']` (length 8)
    `new_text.insert(4, '?')`: `['s', 'j', 'b', 'r', '?', 'f', 'q', 'm', 'w']` (length 9)
    `new_text.remove('?')`: `['s', 'j', 'b', 'r', 'f', 'q', 'm', 'w']` (length 8)
    `''.join(new_text)`: `'sjbrfqmw'`
    
    Wait, the code effectively removes the first occurrence of `to_remove` and then inserts a '?' at that index, then immediately removes the '?'. This is equivalent to just removing `to_remove`.
    
    Let's double check:
    `new_text.remove(to_remove)` removes the first occurrence of `to_remove`.
    `new_text.insert(index, '?')` inserts '?' at the original position.
    `new_text.remove('?')` removes the first occurrence of '?'. Since we just inserted it at `index`, and there are no other '?' in the original list (the input 'sjbrlfqmw' doesn't have '?'), it will remove the '?' we just inserted.
    
    Wait, let's check if '?' could have been in the original text. The input is 'sjbrlfqmw', no '?'.
    So the result should be 'sjbrfqmw'.
    
    Let's verify with a script to be sure.
    
    I will create a script to run this code.
  </THINKING>

  <TOOL todo_write>
    {
      "todos": [
        "Create a python script to verify the output",
        "Run the script and check the output",
        "Formulate the final answer"
      ]
    }
  </TOOL todo_write>

  <RESULT todo_write>
    error: apply_unavailable
  </RESULT todo_write>

── Step 2 ──────────────────────────────────────────────────────

  <TOOL Bash>
    {
      "command": "cat \u003c\u003cEOF \u003e solution.py\ndef f(text, to_remove):\n    new_text = list(text)\n    if to_remove in new_text:\n        index = new_text.index(to_remove)\n        new_text.remove(to_remove)\n        new_text.insert(index, '?')\n        new_text.remove('?')\n    return ''.join(new_text)\n\nprint(f('sjbrlfqmw', 'l'))\nEOF\npython3 solution.py\n",
      "description": "Run the provided python code to find the output."
    }
  </TOOL Bash>

  <RESULT Bash>
    ok: Run the provided python code to find the output.
  </RESULT Bash>

── Step 3 ──────────────────────────────────────────────────────

  <RESPONSE>
    The output of the Python code is `sjbrfqmw`.
    
    Step-by-step breakdown:
    1. `text = 'sjbrlfqmw'`, `to_remove = 'l'`
    2. `new_text = ['s', 'j', 'b', 'r', 'l', 'f', 'q', 'm', 'w']`
    3. `'l'` is in `new_text`.
    4. `index = new_text.index('l')` which is `4`.
    5. `new_text.remove('l')` results in `new_text = ['s', 'j', 'b', 'r', 'f', 'q', 'm', 'w']`.
    6. `new_text.insert(4, '?')` results in `new_text = ['s', 'j', 'b', 'r', '?', 'f', 'q', 'm', 'w']`.
    7. `new_text.remove('?')` results in `new_text = ['s', 'j', 'b', 'r', 'f', 'q', 'm', 'w']`.
    8. `''.join(new_text)` returns `'sjbrfqmw'`.
    
    Final Answer: sjbrfqmw
  </RESPONSE>

════════════════════════════════════════════════════════════════
Run end  |  3 steps  |  14015 in  1320 out  |  34.9s  |  chat
════════════════════════════════════════════════════════════════

