════════════════════════════════════════════════════════════════
Run  2026-06-02 13:28:41  |  local  |  chat
════════════════════════════════════════════════════════════════

<USER>
  <note_path>jellyfin-screensaver.md</note_path>
  
  <note_content>
  # Project
  I would like to make a screensaver that pulls images from my jellyfin server and plays them in a slideshow. The jellyfin server is at media.halfab.net
  
  ## Guide
  This should be a QML-based wallpaper plugin that fetches jellyfin images directly vir `XMLHttpRequest` and cycles them. 
  - should be appliable to either the desktop background, lockscreen and screen saver
  </note_content>
</USER>

── Step 1 ──────────────────────────────────────────────────────

  <THINKING>
    The user wants to create a QML-based wallpaper plugin that acts as a screensaver/wallpaper.
    It should:
    1. Pull images from a Jellyfin server (`media.halfab.net`).
    2. Play them in a slideshow.
    3. Use `XMLHttpRequest` to fetch images.
    4. Be applicable to desktop background, lockscreen, or screensaver.
    
    Since the user provided a note with a project description, I should probably start by outlining a plan or providing a basic structure for this project.
    
    However, the user hasn't actually *asked* a question yet. They just provided the note.
    Wait, looking at the prompt, there's no request.
    Actually, in many cases, providing a note is the "context" and the user expects me to acknowledge or start working on it if there's a follow-up, but here there is no follow-up.
    
    Wait, I see `<note_path>` and `<note_content>`. Usually, if there's no user message after the note, I should wait or ask what they want to do.
    But often in these setups, the user *is* the prompt.
    Actually, looking at the prompt again:
    The user provided:
    `<note_path>jellyfin-screensaver.md</note_path>`
    `<note_content>...</note_content>`
    
    There is no user request text.
    Wait, I am an AI assistant. If a user provides a note and no instruction, I should ask how I can help with this project.
    
    Actually, I should check if there's any implicit request.
    "I would like to make a screensaver..."
    The user is describing their goal.
    
    I will respond by acknowledging the project and offering to help with specific parts (e.g., the QML structure, the Jellyfin API integration, the `XMLHttpRequest` logic, or the platform-specific implementation for wallpaper/screensaver).
    
    Wait, I should check if I can find any information about how to implement QML wallpapers for specific platforms (like KDE Plasma, GNOME, or general Linux/Windows) to be more helpful.
    
    Since it's QML, it's likely targeting KDE Plasma (which uses QML for wallpapers) or perhaps a standalone application that can be set as a background.
    
    Let's propose a breakdown:
    1. **Jellyfin API Integration**: How to authenticate and fetch image URLs (e.g., `/Items?IncludeImages=true`).
    2. **QML Slideshow Logic**: Using `Timer` and `Image` components.
    3. **Networking**: Using `XMLHttpRequest` within QML.
    4. **Platform Integration**: How to make it a "wallpaper plugin" (KDE Plasma is the most common QML wallpaper target).
    
    I'll start by asking how they want to proceed or if they want a boilerplate.
    
    Actually, I'll provide a high-level architectural outline and ask for the first step.
    
    Wait, I should check if I can find any info on "QML wallpaper plugin" to see if there's a standard way. KDE Plasma is the big one.
    
    Let's try to be proactive. I'll provide a brief plan.
    
    Plan:
    1. **Authentication**: Jellyfin usually requires an API key or session token.
    2. **API End/s**:
       - `/Users` or `/Items` to get content.
       - `/Items/{Id}/Images/{Type}` for the actual images.
    3. **QML Components**:
       - `Timer` for the interval.
       - `Image` for displaying.
       - `XmlHttpRequest` (or `XMLHttpRequest` in QML) to fetch the JSON metadata.
    4. **Platform**: If it's KDE, it needs a specific folder structure and `metadata.desktop`.
    
    I'll ask the user: "Would you like me to start by drafting the QML structure for the slideshow, or should we first focus on the Jellyfin API integration logic?"
    
    Actually, I'll just respond concisely.
    
    Wait, I'll check if the user wants me to *write* the code.
    Since they haven't asked, I'll acknowledge and ask for direction.
    
    Wait, I see I am "aunic".
    I will respond:
    "That sounds like a great project. Since you're targeting a QML-based wallpaper plugin, are you aiming specifically for **KDE Plasma** (which has a robust QML wallpaper plugin API), or a more general approach?
    
    I can help you with:
    1. **The Jellyfin API logic** (fetching item lists and image URLs via `XMLHttpRequest`).
    2. **The QML slideshow implementation** (using `Timer` and `Image` components).
    3. **The plugin scaffolding** (if targeting KDE Plasma).
    
    How would you like to begin?"
    
    Actually, I'll keep it even shorter.
    
    "I can help you build this. Do you want to start with the **Jellyfin API integration** (fetching image URLs) or the **QML slideshow UI**?"
    
    Wait, I'll check if there are any tools I should use. I don't need any yet.
    
    One detail: `XMLHttpRequest` in QML is a bit old-school compared to `QtNetwork` in C++, but it works for simple JS-based logic in QML.
    
    Let's try to see if I can find anything about "QML wallpaper plugin" to be more precise.
  </THINKING>

  <RESPONSE>
    That sounds like a great project. Since you are targeting a QML-based wallpaper plugin, are you aiming specifically for **KDE Plasma** (which uses QML for its wallpaper engine), or a different platform?
    
    I can help you break this down into:
    1.  **Jellyfin API Integration**: Writing the `XMLHttpRequest` logic to authenticate and fetch image URLs from `media.halfab.net`.
    2.  **QML Slideshow Logic**: Creating the `Timer` and `Image` components to cycle through the images.
    3.  **Plugin Scaffolding**: Setting up the necessary metadata and structure to make it work as a system wallpaper/screensaver.
    
    How would you like to begin?
  </RESPONSE>

════════════════════════════════════════════════════════════════
Run end  |  1 steps  |  2676 in  1321 out  |  32.9s  |  chat
════════════════════════════════════════════════════════════════

