════════════════════════════════════════════════════════════════
Run  2026-06-02 04:51:13  |  local  |  chat
════════════════════════════════════════════════════════════════

<USER>
  <task>
  What is the output of the following Python code?
  
  ```python
  def f(students):
      seatlist = students
      seatlist.reverse()
      cnt = 0
      for cnt in range(len(seatlist)):
          cnt += 2
          seatlist[cnt - 1:cnt] = ['+']
      seatlist.append('+')
      return seatlist
  ```
  
  Call: `f(['r', '9'])`
  
  Think step by step. Use the tools available to gather information. When you have a final answer, write it on the last line as:
  Final Answer: <your answer>
  </task>
  
  Complete the task. Run the command in success_criteria and include the output in your final response. Report clearly whether it passed or failed.
</USER>

── Step 1 ──────────────────────────────────────────────────────

  <THINKING>
    The user wants to find the output of a specific Python function `f(['r', '9'])`.
    
    ```python
    def f(students):
        seatlist = students
        seatlist.reverse()
        cnt = 0
        for cnt in range(len(seatlist)):
            cnt += 2
            seatlist[cnt - 1:cnt] = ['+']
        seatlist.append('+')
        return seatlist
    ```
    
    Let's trace the execution with `students = ['r', '9']`.
    
    1. `students = ['r', '9']`
    2. `seatlist = students` (Note: `seatlist` is a reference to `students`)
    3. `seatlist.reverse()` -> `seatlist` is now `['9', 'r']`
    4. `cnt = 0`
    5. `range(len(seatlist))` is `range(2)`, so `cnt` will take values `0` and `1`.
    
    Iteration 1:
    - `cnt` is `0` (from `for cnt in range(2)`)
    - `cnt += 2` -> `cnt` is now `2`
    - `seatlist[cnt - 1:cnt]` is `seatlist[1:2]`
    - `seatlist[1:2] = ['+']`
    - `seatlist` was `['9', 'r']`. `seatlist[1:2]` is `['r']`.
    - Replacing `['r']` with `['+']` makes `seatlist` = `['9', '+']`.
    
    Iteration 2:
    - `cnt` is `1` (from `for cnt in range(2)`)
    - `cnt += 2` -> `cnt` is now `3`
    - `seatlist[cnt - 1:cnt]` is `seatlist[2:3]`
    - `seatlist[2:3] = ['+']`
    - `seatlist` was `['9', '+']`. `seatlist[2:3]` is `[]` (empty slice at the end).
    - Replacing `[]` with `['+']` makes `seatlist` = `['9', '+', '+']`.
    
    6. `seatlist.append('+')` -> `seatlist` becomes `['9', '+', '+', '+']`
    7. `return seatlist` -> `['9', '+', '+', '+']`
    
    Wait, let me double check the slice assignment behavior.
    If `seatlist = ['9', '+']`, then `seatlist[2:3]` is indeed an empty slice at the end.
    Replacing an empty slice with `['+']` is equivalent to `append('+')` if the slice is at the end.
    
    Let's verify this with a script.
  </THINKING>

  <TOOL Bash>
    {
      "command": "cat \u003c\u003c 'EOF' \u003e solution.py\ndef f(students):\n    seatlist = students\n    seatlist.reverse()\n    cnt = 0\n    for cnt in range(len(seatlist)):\n        cnt += 2\n        seatlist[cnt - 1:cnt] = ['+']\n    seatlist.append('+')\n    return seatlist\n\nprint(f(['r', '9']))\nEOF\npython3 solution.py\n"
    }
  </TOOL Bash>

  <RESULT Bash>
    ok: cat << 'EOF' > solution.py
def f(students):
    seatlist = s…
  </RESULT Bash>

── Step 2 ──────────────────────────────────────────────────────

  <RESPONSE>
    The output of the Python code `f(['r', '9'])` is `['9', '+', '+', '+']`.
    
    **Step-by-step execution:**
    1.  **Input:** `students = ['r', '9']`
    2.  `seatlist = students` (both refer to the same list object `['r', '9']`).
    3.  `seatlist.reverse()`: `seatlist` becomes `['9', 'r']`.
    4.  **Loop iteration 1 (`cnt = 0`):**
        *   `cnt += 2` $\rightarrow$ `cnt = 2`.
        *   `seatlist[2-1:2]` $\rightarrow$ `seatlist[1:2] = ['+']`.
        *   `seatlist` was `['9', 'r']`, so replacing index 1 with `'+'` makes it `['9', '+']`.
    5.  **Loop iteration 2 (`cnt = 1`):**
        *   `cnt += 2` $\rightarrow$ `cnt = 3`.
        *   `seatlist[3-1:3]` $\rightarrow$ `seatlist[2:3] = ['+']`.
        *   `seatlist` was `['9', '+']`, so replacing index 2 with `'+'` makes it `['9', '+', '+']`.
    6.  **After Loop:**
        *   `seatlist.append('+')` $\rightarrow$ `seatlist` becomes `['9', '+', '+', '+']`.
    7.  **Return:** `['9', '+', '+', '+']`.
    
    Final Answer: ['9', '+', '+', '+']
  </RESPONSE>

════════════════════════════════════════════════════════════════
Run end  |  2 steps  |  9252 in  1114 out  |  28.6s  |  chat
════════════════════════════════════════════════════════════════

