════════════════════════════════════════════════════════════════
Run  2026-06-02 14:38:44  |  local  |  chat
════════════════════════════════════════════════════════════════

<USER>
  <note_path>jellyfin-screensaver.md</note_path>
  
  <note_content>
  # Project
  I would like to make a screensaver that pulls images from my jellyfin server and plays them in a slideshow. The jellyfin server is at media.halfab.net
  
  ## Guide
  This should be a QML-based wallpaper plugin that fetches jellyfin images directly vir `XMLHttpRequest` and cycles them. 
  - should be appliable to either the desktop background, lockscreen and screen saver
  </note_content>
</USER>

── Step 1 ──────────────────────────────────────────────────────

  <THINKING>
    The user wants to create a QML-based wallpaper/screensaver plugin that pulls images from a Jellyfin server (`media.halfab.net`) and displays them in a slideshow.
    The plugin should be applicable to the desktop background, lockscreen, and screensaver.
    
    Since this is a QML-based project, I should probably start by outlining a structure or a prototype.
    However, "applicable to either the desktop background, lockscreen and screen saver" is highly dependent on the OS/Desktop Environment (DE).
    - KDE Plasma: Uses wallpaper plugins (QML).
    - GNOME: Uses different mechanisms (usually shell extensions or specific tools).
    - Windows/macOS: Very different.
    
    Given "QML-based wallpaper plugin", it's most likely targeting KDE Plasma, as KDE is the primary desktop environment that uses QML for wallpaper plugins.
    
    Plan:
    1.  Determine the Jellyfin API requirements for fetching images (e.g., `/Items`, `/Users/{userId}/Items`, etc.).
    2.  Design a QML structure:
        *   `ImageProvider` or similar to fetch images.
        *   A timer to cycle through images.
        *   An `Image` element to display the current image.
        *   `XMLHttpRequest` to handle the API calls.
    3.  Address the Jellyfin authentication (API Key or Session).
    4.  Provide a basic implementation outline.
    
    Let's start by researching Jellyfin API for image URLs.
    Specifically, how to get a list of images (posters/backdrops).
    
    I will search for "Jellyfin API get images list" and "KDE Plasma QML wallpaper plugin template".
  </THINKING>

  <RESPONSE>
    To create a QML-based wallpaper plugin for Jellyfin, you'll most likely be targeting **KDE Plasma**, as it is the primary desktop environment that uses QML for wallpaper plugins.
    
    Since you want to use `XMLHttpRequest` directly in QML, you can build a standalone QML application or a Plasma Wallpaper plugin. Below is a conceptual architecture and a starting point for the implementation.
    
    ### 1. Jellyfin API Strategy
    To fetch images, you will need:
    1.  **An API Key:** Generated in your Jellyfin Dashboard (Users -> API Keys).
    2.  **The Endpoint:** You'll likely want to query `/Items` with a specific `IncludeImages=true` or fetch specific item images via `/Items/{Id}/Images/{Type}`.
    3.  **Authentication:** Pass the `X-Emby-Token` header in your `XMLHttpRequest`.
    
    ### 2. Proposed QML Structure
    
    Here is a simplified prototype of the logic. This can be used as a base for a Plasma Wallpaper plugin.
    
    ```qml
    import QtQuick 2.15
    import QtQuick.Controls 2.15
    
    Item {
        id: root
        anchors.fill: parent
    
        // Configuration
        property string jellyfinUrl: "https://media.halfab.net"
        property string apiKey: "YOUR_API_KEY_HERE"
        property string imageType: "Backdrops" // or "Primary"
        
        // State
        property var imageList: []
        property int currentIndex: 0
        property string currentImageUrl: ""
    
        // Timer for slideshow
        Timer {
            id: slideshowTimer
            interval: 10000 // 10 seconds
            running: true
            repeat: true
            onTriggered: {
                if (imageList.length > 0) {
                    currentIndex = (currentIndex + 1) % imageList.length
                    currentImageUrl = imageList[currentIndex]
                }
            }
        }
    
        // Image Display
        Image {
            id: displayImage
            anchors.fill: parent
            source: currentImageUrl
            fillMode: Image.PreserveAspectCrop
            asynchronous: true
            
            // Smooth transition
            Behavior on opacity { NumberAnimation { duration: 1000 } }
        }
    
        // Logic to fetch images
        function fetchImages() {
            var xhr = new XMLHttpRequest();
            xhr.onreadystatechange = function() {
                if (xhr.readyState === XMLHttpRequest.DONE) {
                    if (xhr.status === 200) {
                        var response = JSON.parse(xhr.responseText);
                        // Map the items to full image URLs
                        imageList = response.Items.map(function(item) {
                            return jellyfinUrl + "/Items/" + item.Id + "/Images/" + imageType + "?maxWidth=1920";
                        });
                        if (imageList.length > 0) {
                            currentImageUrl = imageList[0];
                        }
                    } else {
                        console.error("Failed to fetch Jellyfin items: " + xhr.statusText);
                    }
                }
            };
            
            // Query for items that have images (e.g., Movies or Shows)
            // You might want to filter by specific Folder or Type
            xhr.open("GET", jellyfinUrl + "/Items?IncludeItemTypes=Movie&Recursive=true&Fields=PrimaryImageAspectRatio", true);
            xhr.setRequestHeader("X-Emby-Token", apiKey);
            xhr.send();
        }
    
        Component.onCompleted: {
            fetchImages();
        }
    }
    ```
    
    ### 3. Implementation Details for Platforms
    
    #### **For KDE Plasma (Wallpaper Plugin)**
    To make this a real wallpaper, you must wrap the QML in a Plasma plugin structure:
    1.  **`metadata.json`**: Defines the plugin name, version, and type (`com.plasma.wallpaperplugin`).
    2.  **`ui/main.qml`**: Your QML code.
    3.  **Installation**: Place files in `~/.local/share/plasma/wallpapers/com.yourname.jellyfin/`.
    
    #### **For Lockscreen/Screensaver**
    *   **KDE Lockscreen:** KDE uses the same wallpaper engine for the lockscreen. If you install it as a wallpaper plugin, you can select it in the Lockscreen settings.
    *   **GNOME/Other:** These do not support QML wallpaper plugins natively. For these, you would need to write a small background daemon (in Python or C++) that fetches the images and sets the desktop background via the system's command-line tools (like `gsettings` for GNOME).
    
    ### Next Steps
    1.  **Test the API:** Use `curl` to ensure your API key and URL combination works for fetching item lists.
    2.  **Refine the Query:** Decide if you want "Backdrops" (wide) or "Posters" (tall). Backdrops are better for wallpapers.
    3.  **Handle Errors:** Add a fallback image in case the network is down or the Jellyfin server is unreachable.
  </RESPONSE>

════════════════════════════════════════════════════════════════
Run end  |  1 steps  |  2676 in  1495 out  |  37.6s  |  chat
════════════════════════════════════════════════════════════════

