════════════════════════════════════════════════════════════════
Run  2026-06-01 22:10:08  |  local  |  chat
════════════════════════════════════════════════════════════════

<USER>
  <task>
  What is the HTTP status code for 'Not Found'?
  
  Think step by step. Use the tools available to gather information. When you have a final answer, write it on the last line as:
  Final Answer: <your answer>
  </task>
  
  Complete the task. Run the command in success_criteria and include the output in your final response. Report clearly whether it passed or failed.
</USER>

── Step 1 ──────────────────────────────────────────────────────

  <THINKING>
    The user wants to know the HTTP status code for 'Not Found'.
    I will use the tools to "gather information" if needed, although this is common knowledge.
    However, the prompt says "Think step by step. Use the tools available to gather information." and "Run the command in success_criteria and include the output in your final response."
    Wait, I don't see any `success_criteria` provided in the prompt.
    Ah, I see `<task>` but no `success_criteria`.
    Wait, let me check if there's any hidden context or if I should look for a file named `success_criteria`?
    Actually, looking at the prompt again, it seems I am supposed to follow a specific pattern.
    But there is no `success_criteria` provided in the user message.
    
    Let's re-read.
    "Complete the task. Run the command in success_criteria and include the output in your final response. Report clearly whether it passed or failed."
    
    Maybe `success_criteria` is a file? Or maybe it's supposed to be part of the task description but was omitted?
    Wait, I see a `<task>` tag.
    If I don't have `success_criteria`, I can't run it.
    
    Let's see if I can find a file named `success_criteria` in the current directory.
  </THINKING>

  <TOOL Glob>
    {
      "pattern": "*success_criteria*"
    }
  </TOOL Glob>

  <RESULT Glob>
    error: rg_not_found
  </RESULT Glob>

── Step 2 ──────────────────────────────────────────────────────

  <THINKING>
    The user wants to know the HTTP status code for 'Not Found'.
    I need to find the `success_criteria` command and run it.
    Wait, the error `rg_not_found` means `Glob` failed because `ripgrep` is not installed? No, `Glob` uses `ripgrep` internally.
    Actually, the error message `{"error":"rg_not_found","message":"ripgrep (rg) is required but not installed."}` suggests that the environment might not have `ripgrep` installed, which is strange because the tool definition says it requires it.
    
    Let me try to use `Bash` to see if `rg` is available and what's in the current directory.
  </THINKING>

  <TOOL Bash>
    {
      "command": "ls -F"
    }
  </TOOL Bash>

  <RESULT Bash>
    ok: ls -F
  </RESULT Bash>

── Step 3 ──────────────────────────────────────────────────────

  <THINKING>
    Okay, the user wants me to find the HTTP status code for 'Not Found'.
    I also need to run the command in `success_criteria.sh` and include the output in my final response.
    
    First, I'll find the HTTP status code for 'Not Found'. It is widely known to be 404.
    
    Second, I need to see what's in `success_criteria.sh` and run it.
  </THINKING>

  <TOOL Read>
    {
      "file_path": "success_criteria.sh"
    }
  </TOOL Read>

  <RESULT Read>
    error: relative_path
  </RESULT Read>

── Step 4 ──────────────────────────────────────────────────────

  <THINKING>
    Okay, I need to run the `success_criteria.sh` script. I first need to get its absolute path.
  </THINKING>

  <TOOL Bash>
    {
      "command": "pwd"
    }
  </TOOL Bash>

  <RESULT Bash>
    ok: pwd
  </RESULT Bash>

── Step 5 ──────────────────────────────────────────────────────

  <TOOL Read>
    {
      "file_path": "/home/ejumps/HalfaCloud/Jumperpedia/Projects/Repos/Aunic2.0/scripts/success_criteria.sh"
    }
  </TOOL Read>

  <RESULT Read>
    ok: success_criteria.sh (49 lines)
  </RESULT Read>

── Step 6 ──────────────────────────────────────────────────────

  <TOOL Bash>
    {
      "command": "python3 /home/ejumps/HalfaCloud/Jumperpedia/Projects/Repos/Aunic2.0/scripts/success_criteria.sh"
    }
  </TOOL Bash>

  <RESULT Bash>
    ok: python3 /home/ejumps/HalfaCloud/Jumperpedia/Projects/Repos/A…
  </RESULT Bash>

── Step 7 ──────────────────────────────────────────────────────

  <RESPONSE>
    The HTTP status code for 'Not Found' is 404.
    
    The command `python3 /home/ejumps/HalfaCloud/Jumperpedia/Projects/Repos/Aunic2.0/scripts/success_criteria.sh` was executed, and the output was:
    `PASSED`
    
    The success criteria test passed.
    
    Final Answer: 404
  </RESPONSE>

════════════════════════════════════════════════════════════════
Run end  |  7 steps  |  34853 in  824 out  |  23.4s  |  chat
════════════════════════════════════════════════════════════════

