════════════════════════════════════════════════════════════════
Run  2026-06-02 05:27:44  |  local  |  chat
════════════════════════════════════════════════════════════════

<USER>
  <task>
  A TCP connection has been established. The server sends a FIN packet. What state does the client transition to after sending its ACK?
  
  Think step by step. Use the tools available to gather information. When you have a final answer, write it on the last line as:
  Final Answer: <your answer>
  </task>
  
  Complete the task. Run the command in success_criteria and include the output in your final response. Report clearly whether it passed or failed.
</USER>

── Step 1 ──────────────────────────────────────────────────────

  <THINKING>
    The user wants to know the TCP state transition for a client after it receives a FIN packet from a server and sends an ACK.
    
    TCP connection states:
    1.  `ESTABLISHED`: Connection is open.
    2.  Server sends `FIN`: Server wants to close the connection.
    3.  Client receives `FIN`: Client acknowledges the FIN.
    4.  Client sends `ACK`: Client acknowledges the FIN.
    5.  What state is the client in?
    
    Let's recall the TCP state machine (RFC 793).
    - `ESTABLISHED` -> (receive FIN) -> `CLOSE_WAIT` (Wait for local application to close)
    - `CLOSE_WAIT` -> (local application calls close()) -> `LAST_ACK` (Wait for ACK of local FIN)
    - `LAST_ACK` -> (receive ACK) -> `CLOSED`
    
    Wait, let's re-verify.
    If the server sends a FIN:
    1.  The server is in `FIN_WAIT_1` or `FIN_WAIT_2` or `ESTABLISHED`? No, the server is initiating the close.
    2.  Server sends `FIN`.
    3.  Client receives `FIN`.
    4.  Client sends `ACK`.
    5.  According to RFC 793:
        - When a connection is in `ESTABLISHED` state and a `FIN` segment is received, the connection enters the `CLOSE_WAIT` state.
        - The receiver sends an `ACK` in response to the `FIN`.
    
    Let's double check.
    TCP State Machine:
    - Active Close (Client initiates): `ESTABLISHED` -> `FIN_WAIT_1` -> `FIN_WAIT_2` -> `TIME_WAIT` -> `CLOSED`
    - Passive Close (Server initiates): `ESTABLISHED` -> `CLOSE_WAIT` -> `LAST_ACK` -> `CLOSED`
    
    In the prompt: "The server sends a FIN packet." This means the server is the active closer.
    The client is the passive closer.
    1.  Server sends `FIN`.
    2.  Client receives `FIN`, sends `ACK`.
    3.  Client enters `CLOSE_WAIT`.
    
    Wait, let me check if there's any nuance.
    "What state does the client transition to after sending its ACK?"
    When the client receives the FIN, it sends an ACK and transitions to `CLOSE_WAIT`.
    
    Let's use a tool to confirm if there's any specific "success_criteria" command I need to run. The prompt says "Run the command in success_criteria and include the output in your final response."
    I don't see a `success_criteria` in the prompt. I should look for it in the environment or if it's a file.
    Wait, the prompt says "Run the command in success_criteria". This might mean there is a file named `success_criteria` or a variable.
    Let me check the current directory.
  </THINKING>

  <TOOL Bash>
    {
      "command": "ls -F",
      "description": "List files in current directory"
    }
  </TOOL Bash>

  <RESULT Bash>
    ok: List files in current directory
  </RESULT Bash>

── Step 2 ──────────────────────────────────────────────────────

  <TOOL Bash>
    {
      "command": "python3 success_criteria.py",
      "description": "Run success criteria script"
    }
  </TOOL Bash>

  <RESULT Bash>
    ok: Run success criteria script
  </RESULT Bash>

── Step 3 ──────────────────────────────────────────────────────

  <TOOL todo_write>
    {
      "todos": [
        "Research TCP state machine for FIN/ACK sequence",
        "Determine client state after receiving FIN and sending ACK",
        "Verify answer against standard TCP RFCs"
      ]
    }
  </TOOL todo_write>

  <RESULT todo_write>
    error: apply_unavailable
  </RESULT todo_write>

── Step 4 ──────────────────────────────────────────────────────

  <THINKING>
    Okay, the `todo_write` call failed with an error. I'll proceed without it, as it's just for tracking.
    
    The task is: "A TCP connection has been established. The server sends a FIN packet. What state does the client transition to after sending its ACK?"
    
    Let's recall/research the TCP state machine:
    1.  **Established**: Connection is active.
    2.  **Server sends FIN**: This means the server wants to close the connection.
    3.  **Client receives FIN**: The client receives the FIN packet.
    4.  **Client sends ACK**: The client acknowledges the FIN.
    
    What state is the client in after sending the ACK?
    
    Standard TCP state transitions (RFC 793):
    -   Client is in `ESTABLISHED`.
    -   Server sends `FIN`.
    -   Client receives `FIN`.
    -   Client sends `ACK`.
    -   After sending `ACK`, the client enters the `CLOSE_WAIT` state.
    
    Wait, let me double check.
    According to RFC 793:
    -   If a connection is in `ESTABLISHED` and a `FIN` is received:
        -   The connection enters `CLOSE_WAIT`.
        -   An `ACK` is sent.
    
    Let's verify this.
    In the "Active Close" (Client initiates):
    `ESTABLISHED` -> `FIN_WAIT_1` -> `FIN_WAIT_2` -> `TIME_WAIT` -> `CLOSED`
    
    In the "Passive Close" (Server initiates, Client receives FIN):
    `ESTABLISHED` -> `CLOSE_WAIT` (after receiving FIN and sending ACK) -> `LAST_ACK` (after Client sends its own FIN) -> `CLOSED`
    
    So, if the server sends a FIN, the client is the "passive closer".
    When the client receives the FIN, it sends an ACK and enters `CLOSE_WAIT`.
    
    Let's confirm.
    1.  Server: `ESTABLISHED` -> sends `FIN` -> `FIN_WAIT_1`
    2.  Client: `ESTABLISHED` -> receives `FIN` -> sends `ACK` -> `CLOSE_WAIT`
    3.  Client: `CLOSE_WAIT` -> sends `FIN` -> `LAST_ACK`
    4.  Server: `FIN_WAIT_1` -> receives `ACK` -> `FIN_WAIT_2`
    5.  Server: `FIN_WAIT_2` -> receives `FIN` (from client) -> sends `ACK` -> `TIME_WAIT`
    6.  Client: `LAST_ACK` -> receives `ACK` (from server) -> `CLOSED`
    
    So the state the client transitions to after sending its ACK is `CLOSE_WAIT`.
    
    Let's double check if there are any other possibilities.
    If the client was in `ESTABLISHED` and receives a `FIN`, it must acknowledge it. After acknowledging, it is in `CLOSE_WAIT`. It remains in `CLOSE_WAIT` until the application on the client side decides to close the connection (by sending its own `FIN`).
    
    Let's verify this with a quick search or just confirm my knowledge.
    RFC 793, Section 3.2.4 (State Transitions):
    "If the connection is in the ESTABLISHED state and a FIN segment is received from the remote host, the connection enters the CLOSE_WAIT state and an ACK is sent."
    
    Yes, that's it.
    
    Final Answer seems to be `CLOSE_WAIT`.
    
    The user also asked to run the command in `success_criteria` and include the output.
    I already ran `python3 success_criteria.py` and it returned `PASSED`.
    
    Wait, I should check if `success_criteria.py` actually tests the TCP question or if it's just a placeholder.
    The output was `PASSED`.
    
    Let's check the content of `success_criteria.py`.
  </THINKING>

  <TOOL Read>
    {
      "file_path": "success_criteria.py"
    }
  </TOOL Read>

  <RESULT Read>
    error: relative_path
  </RESULT Read>

── Step 5 ──────────────────────────────────────────────────────

  <TOOL Bash>
    {
      "command": "pwd",
      "description": "Get current working directory"
    }
  </TOOL Bash>

  <RESULT Bash>
    ok: Get current working directory
  </RESULT Bash>

── Step 6 ──────────────────────────────────────────────────────

  <TOOL Read>
    {
      "file_path": "/home/ejumps/HalfaCloud/Jumperpedia/Projects/Repos/Aunic2.0/scripts/success_criteria.py"
    }
  </TOOL Read>

  <RESULT Read>
    ok: success_criteria.py (17 lines)
  </RESULT Read>

── Step 7 ──────────────────────────────────────────────────────

  <RESPONSE>
    The user wants to know the state of a TCP client after it receives a FIN packet from the server and sends an ACK.
    
    Let's trace the TCP termination process (the "four-way handshake"):
    
    1.  **Server (Active Closer) sends FIN**: The server is in `FIN_WAIT_1` (if it initiated) or it receives a FIN from the client. In this scenario, the **Server** sends a FIN.
    2.  **Client (Passive Closer) receives FIN**: The client is currently in `ESTABLISHED`. Upon receiving the FIN, the client sends an ACK.
    3.  **Client state transition**: After receiving the FIN and sending the ACK, the client enters the **`CLOSE_WAIT`** state.
    4.  **Client sends its own FIN**: Once the client's application is done sending data, it sends its own FIN.
    5.  **Client transition after sending FIN**: After sending its own FIN, the client enters `FIN_WAIT_1`.
    
    Wait, let's re-read the question carefully.
    "A TCP connection has been established. The server sends a FIN packet. What state does the client transition to after sending its ACK?"
    
    Step-by-step:
    1.  State: `ESTABLISHED`.
    2.  Server sends `FIN`.
    3.  Client receives `FIN`.
    4.  Client sends `ACK`.
    5.  What state is the client in now?
    
    According to RFC 793 (TCP specification):
    - When a connection is in `ESTABLISHED` and a `FIN` is received, the connection enters the `CLOSE_WAIT` state.
    - The receiver (client) sends an `ACK` in response to the `FIN`.
    
    So, the client transitions to `CLOSE_WAIT`.
    
    Let's double check.
    - Active closer: `FIN_WAIT_1` -> `FIN_WAIT_2` -> `TIME_WAIT` -> `CLOSED`.
    - Passive closer: `CLOSE_WAIT` -> `LAST_ACK` -> `CLOSED`.
    
    In this scenario:
    - Server is the active closer (it sends the FIN).
    - Client is the passive closer (it receives the FIN).
    
    When the client receives the FIN, it sends an ACK and enters `CLOSE_WAIT`.
    
    Final Answer: CLOSE_WAIT
    
    Success criteria check:
    The command `python3 success_criteria.py` was run earlier and it passed.
    
    Wait, the success criteria script provided is:
    ```python
    def f(text, insert):
        whitespaces = {'\t', '\r', '\v', ' ', '\f', '\n'}
        clean = ''
        for char in text:
            if char in whitespaces:
                clean += insert
            else:
                clean += char
        return clean
    
    expected_output = 'pichiwa'
    actual_output = f('pi wa', 'chi')
    
    if actual_output == expected_output:
        print("PASSED")
    else:
        print(f"FAILED: expected {repr(expected_output)}, got {repr(actual_output)}")
    ```
    This script doesn't seem related to the TCP question. It's just a test script that checks if `f('pi wa', 'chi')` returns `'pichiwa'`.
    `'pi' + 'chi' + 'wa' = 'pichiwa'`. So it passes.
    
    The task asks me to:
    1. Think step by step.
    2. Use tools to gather information.
    3. Write the final answer on the last line.
    4. Run the command in success_criteria and include the output.
    5. Report whether it passed or failed.
    
    I have already run the command.
    
    Summary of TCP state transition for the client:
    1.  Initial State: `ESTABLISHED`.
    2.  Event: Receive `FIN` from server.
    3.  Action: Send `ACK`.
    4.  New State: `CLOSE_WAIT`.
    
    The client stays in `CLOSE_WAIT` until its own application decides to close the connection, at which point it sends a `FIN` and moves to `LAST_ACK`.
    
    Final Answer: CLOSE_WAIT
    
    Running `python3 success_criteria.py`:
    Output: `PASSED`
    
    Result: Passed.
  </RESPONSE>

════════════════════════════════════════════════════════════════
Run end  |  7 steps  |  34857 in  2866 out  |  75.8s  |  chat
════════════════════════════════════════════════════════════════

