════════════════════════════════════════════════════════════════
Run  2026-06-02 13:17:36  |  local  |  chat
════════════════════════════════════════════════════════════════

<USER>
  <note_path>jellyfin-screensaver.md</note_path>
  
  <note_content>
  # Project
  I would like to make a screensaver that pulls images from my jellyfin server and plays them in a slideshow. The jellyfin server is at media.halfab.net
  
  </note_content>
</USER>

── Step 1 ──────────────────────────────────────────────────────

  <THINKING>
    The user wants to create a screensaver that pulls images from their Jellyfin server (`media.halfab.net`) and plays them in a slideshow.
    
    To achieve this, I need to:
    1.  **Identify how to get images from Jellyfin.** Jellyfin has an API. I should look for endpoints related to getting images (posters, backdrops, etc.).
    2.  **Determine the technology stack.** Since it's a "screensaver", it could be a web-based one (running in a browser or a kiosk mode), a desktop application (Electron, Python/PyQt, etc.), or even a mobile app. Given the simplicity, a web-based approach or a simple Python script might be easiest.
    3.  **Plan the implementation.**
        *   Authentication: How to authenticate with Jellyfin (API key or user session).
        *   Fetching: Get a list of items (movies, shows, etc.) and then their image URLs.
        *   Display: A loop that cycles through images with transitions.
    
    Let's start by researching the Jellyfin API for image retrieval.
  </THINKING>

  <TOOL web_search>
    {
      "query": "jellyfin api get images slideshow"
    }
  </TOOL web_search>

  <RESULT web_search>
    ok: 5 results
  </RESULT web_search>

── Step 2 ──────────────────────────────────────────────────────

  <THINKING>
    The user wants to create a screensaver that pulls images from their Jellyfin server (`media.halfab.net`) and plays them in a slideshow.
    
    From the search results:
    - There are mentions of media sliders and toolkits.
    - One result mentions "Finding library thumbnail images" on Reddit, which might be useful for understanding how to get image URLs.
    - The Jellyfin API documentation (implied) would be the best way to find items and their images.
    
    To build a screensaver, I need to:
    1.  **Authenticate with the Jellyfin API**: This usually involves getting an `api_key` or logging in to get a `token`.
    2.  **Fetch items**: Use the `/Items` endpoint to get a list of movies, shows, or music.
    3.  **Get image URLs**: Use the `/Items/{Id}/Images/{Type}` endpoint or construct the URL using the item ID and the server's base URL.
    4.  **Display them in a slideshow**: This could be a web-based application (HTML/JS) or a desktop application (Python/PyQt, etc.). Given it's a "screensaver", a web-based one that can be run in a browser or a dedicated app is a good starting point.
    
    Plan:
    1.  Investigate the Jellyfin API specifically for retrieving images.
    2.  Suggest a technology stack (e.g., a simple HTML/JavaScript page that can be run in full-screen mode).
    3.  Provide a conceptual implementation or a starting script.
    
    Let's refine the API part. I'll search for "jellyfin api get item images" to be sure.
  </THINKING>

  <TOOL web_search>
    {
      "query": "jellyfin api documentation get item images url"
    }
  </TOOL web_search>

  <RESULT web_search>
    ok: 5 results
  </RESULT web_search>

── Step 3 ──────────────────────────────────────────────────────

  <THINKING>
    The user wants to create a screensaver that pulls images from their Jellyfin server (`media.halfab.net`) and plays them in a slideshow.
    
    From the search results:
    - Jellyfin has a REST API.
    - There's a `jellyfin-sdk-typescript` which might be useful if they want to build a web-based screensaver.
    - Images can be retrieved via the API.
    - The API documentation is at `api.jellyfin.org`.
    
    To implement a screensaver, common approaches are:
    1.  **Web-based (HTML/JS):** Most flexible, works on any device with a browser.
    2.  **Desktop Application (Python/Electron/etc.):** More control over the OS.
    
    Given the user's request is a "Project" description, they probably want a plan or a starting point.
    
    Plan:
    1.  **Authentication:** Use Jellyfin API to authenticate and get an access token.
    2.  **Fetching Items:** Use `/Items` endpoint to get a list of media items (movies, shows, etc.).
    3.  **Getting Images:** For each item, get the image URL (e.g., `/Items/{Id}/Images/{Type}`).
    4.  **Slideshow Logic:** A simple loop that cycles through the fetched image URLs with a transition effect.
    
    I should suggest a web-based approach as it's easiest to deploy and test.
    
    Let's refine the technical steps:
    1.  **Auth:** `POST /Users/Authenticate` -> returns `AccessToken`.
    2.  **Search/List:** `GET /Items?Recursive=true&IncludeItemTypes=Movie,Series,MusicVideo&Fields=PrimaryImage...`
    3.  **Image URL pattern:** `http://{server}/Items/{Id}/Images/{Type}?maxWidth={w}&maxHeight={h}`. Common types: `Primary`, `Backdrop`.
    
    I'll provide a high-level roadmap and some code snippets/concepts.
    
    Wait, I should check if there's an easier way to just get "all images" or "all backdrops".
    Usually, you'd want the `Backdrop` or `Primary` image.
    
    I will structure the response as:
    1.  **Approach Recommendation** (Web-based vs Desktop).
    2.  **Technical Roadmap** (Auth -> Fetch -> Display).
    3.  **API Endpoints to use**.
    4.  **Example Implementation Concept** (HTML/JS).
    
    I don't need to call more tools. I have enough information to outline the project.
    
    One detail: `media.halfab.net` is the server.
    
    Let's verify the image URL structure if possible, or just provide the standard Jellyfin way.
    Standard: `GET /Items/{ItemId}/Images/{ImageType}`.
    
    I'll present a plan to the user.
  </THINKING>

  <RESPONSE>
    That sounds like a great project. Since you want a slideshow, a **web-based approach (HTML/JavaScript)** is likely the easiest and most versatile, as it can run on any device with a browser (smart TVs, tablets, computers).
    
    Here is a technical roadmap and the API logic you'll need to implement this.
    
    ### 1. Technical Roadmap
    
    #### **Phase 1: Authentication**
    You cannot just pull images directly without permission. You'll need to authenticate with your Jellyfin server to get an `AccessToken`.
    *   **Endpoint:** `POST /Users/Authenticate`
    *   **Payload:** `Username` and `Password`.
    *   **Result:** An `AccessToken` that you will include in the `Authorization` header for all subsequent requests.
    
    #### **Phase 2: Fetching Media Items**
    Once authenticated, you need to find the items that have good images (Movies, Series, or Music Videos).
    *   **Endpoint:** `GET /Items`
    *   **Query Parameters:**
        *   `Recursive=true`: To get items in all folders.
        *   `IncludeItemTypes=Movie,Series,MusicVideo`: To filter for content with high-quality posters/backdrops.
        *   `Fields=PrimaryImage`: To ensure the API returns image metadata.
        *   `Limit=100`: Start with a manageable number.
    
    #### **Phase 3: Retrieving Image URLs**
    For each item found, you can construct a URL to fetch its image. Jellyfin provides different "types" of images. For a screensaver, **`Backdrop`** or **`Primary`** usually look best.
    *   **URL Pattern:** `https://media.halfab.net/Items/{ItemId}/Images/{ImageType}?maxWidth=1920&maxHeight=1080`
    *   **Image Types:** `Primary`, `Backdrop`, `Logo`.
    
    #### **Phase 4: The Slideshow Engine**
    A simple JavaScript loop using `setInterval` or `requestAnimationFrame` to:
    1.  Cycle through an array of image URLs.
    2.  Apply a CSS transition (like `opacity` or `transform: scale`) to make the switch smooth.
    
    ---
    
    ### 2. Recommended Tech Stack
    *   **Frontend:** Vanilla JavaScript or React (for easy state management of the image list).
    *   **Styling:** CSS Transitions/Animations for the "fade" effect.
    *   **Deployment:** You could host this as a simple static site or even run it locally as a single `.html` file.
    
    ### 3. Example Logic (Pseudo-code)
    
    ```javascript
    const SERVER = "https://media.halfab.net";
    const TOKEN = "YOUR_ACCESS_TOKEN";
    
    async function getImages() {
      // 1. Get list of items
      const response = await fetch(`${SERVER}/Items?Recursive=true&IncludeItemTypes=Movie&Fields=PrimaryImage`, {
        headers: { 'X-Emby-Token': TOKEN }
      });
      const data = await response.json();
    
      // 2. Map to Image URLs
      return data.Items.map(item => 
        `${SERVER}/Items/${item.Id}/Images/Backdrop?maxWidth=1920`
      );
    }
    
    async function startSlideshow() {
      const images = await getImages();
      let currentIndex = 0;
      const imgElement = document.getElementById('screensaver-img');
    
      setInterval(() => {
        currentIndex = (currentIndex + 1) % images.length;
        imgElement.style.opacity = 0; // Fade out
        
        setTimeout(() => {
          imgElement.src = images[currentIndex];
          imgElement.style.opacity = 1; // Fade in
        }, 1000);
      }, 10000); // Change every 10 seconds
    }
    ```
    
    ### Next Steps
    Would you like me to write a complete, single-file HTML/JS prototype that you can test locally?
  </RESPONSE>

════════════════════════════════════════════════════════════════
Run end  |  3 steps  |  9622 in  2149 out  |  60.2s  |  chat
════════════════════════════════════════════════════════════════

