════════════════════════════════════════════════════════════════
Run  2026-06-02 04:57:56  |  local  |  chat
════════════════════════════════════════════════════════════════

<USER>
  <task>
  You have an RSA key pair. The public key has exponent e=65537 and modulus n. Which mathematical property guarantees that encrypting then decrypting recovers the original message?
  
  Think step by step. Use the tools available to gather information. When you have a final answer, write it on the last line as:
  Final Answer: <your answer>
  </task>
  
  Complete the task. Run the command in success_criteria and include the output in your final response. Report clearly whether it passed or failed.
</USER>

── Step 1 ──────────────────────────────────────────────────────

  <THINKING>
    The user wants to know the mathematical property that guarantees RSA encryption and decryption work.
    
    RSA encryption: $c = m^e \pmod n$
    RSA decryption: $m' = c^d \pmod n = (m^e)^d \pmod n = m^{ed} \pmod n$
    
    The goal is $m^{ed} \equiv m \pmod n$.
    
    The key components are:
    - $n = pq$ (where $p, q$ are large primes)
    - $\phi(n) = (p-1)(q-1)$ (Euler's totient function)
    - $e$ is the public exponent, such that $\gcd(e, \phi(n)) = 1$
    - $d$ is the private exponent, such that $ed \equiv 1 \pmod{\phi(n)}$
    
    The property that ensures $m^{ed} \equiv m \pmod n$ is related to Euler's Totient Theorem or Fermat's Little Theorem.
    
    Euler's Totient Theorem states that if $\gcd(m, n) = 1$, then $m^{\phi(n)} \equiv 1 \pmod n$.
    Since $ed = 1 + k\phi(n)$ for some integer $k$:
    $m^{ed} = m^{1 + k\phi(n)} = m \cdot (m^{\phi(n)})^k \equiv m \cdot 1^k \equiv m \pmod n$.
    
    If $\gcd(m, n) \neq 1$, the property still holds for RSA because $n$ is a product of distinct primes $p$ and $q$.
    By Fermat's Little Theorem:
    $m^p \equiv m \pmod p$
    $m^{ed} \equiv m \pmod p$ if $ed \equiv 1 \pmod{p-1}$
    Since $ed \equiv 1 \pmod{\phi(n)}$ and $\phi(n) = (p-1)(q-1)$, it follows that $ed \equiv 1 \pmod{p-1}$ and $ed \equiv 1 \pmod{q-1}$.
    Thus $m^{ed} \equiv m \pmod p$ and $m^{ed} \equiv m \pmod q$.
    By the Chinese Remainder Theorem, $m^{ed} \equiv m \pmod{pq}$.
    
    The question asks: "Which mathematical property guarantees that encrypting then decrypting recovers the original message?"
    
    Possibilities:
    - Euler's Totient Theorem
    - Fermat's Little Theorem
    - Chinese Remainder Theorem
    - The property of the multiplicative group of integers modulo $n$ (specifically the existence of $d$ such that $ed \equiv 1 \pmod{\phi(n)}$).
    
    Often, the answer is "Euler's Totient Theorem" or specifically the relationship $ed \equiv 1 \pmod{\phi(n)}$.
    
    Let's check if there is a specific "success_criteria" file or command to run.
    The prompt says "Run the command in success_criteria and include the output in your final response."
    I need to find where `success_criteria` is. It might be a file.
    
    I'll start by searching for a file named `success_criteria`.
  </THINKING>

  <TOOL Glob>
    {
      "pattern": "*success_criteria*"
    }
  </TOOL Glob>

  <RESULT Glob>
    error: rg_not_found
  </RESULT Glob>

── Step 2 ──────────────────────────────────────────────────────

  <THINKING>
    Okay, the user wants me to find a file named `*success_criteria*`. I tried using `Glob` but it failed because `ripgrep` is not installed. Wait, `Glob` uses `ripgrep`? The error message says `rg_not_found`.
    
    Actually, I should try using `Bash` to find the file if `Glob` fails, or maybe I should check the current directory first.
    
    Wait, the error `rg_not_found` from `Glob` is strange if `Glob` is a tool provided to me. Let me try `ls` with `Bash` to see what's in the current directory.
  </THINKING>

  <TOOL Bash>
    {
      "command": "ls -R"
    }
  </TOOL Bash>

  <RESULT Bash>
    ok: ls -R
  </RESULT Bash>

── Step 3 ──────────────────────────────────────────────────────

  <THINKING>
    Okay, I see `success_criteria.py` and `success_criteria.sh` in the current directory. The task asks me to find the mathematical property that guarantees RSA decryption works and then run the command in `success_criteria`.
    
    First, I'll address the RSA question.
    RSA encryption: $c = m^e \pmod n$
    RSA decryption: $m' = c^d \pmod n$
    Substituting $c$: $m' = (m^e)^d \pmod n = m^{ed} \pmod n$
    
    The property that guarantees $m^{ed} \equiv m \pmod n$ is related to Euler's Totient Theorem.
    Euler's Totient Theorem states that if $\gcd(m, n) = 1$, then $m^{\phi(n)} \equiv 1 \pmod n$.
    In RSA, $d$ is chosen such that $ed \equiv 1 \pmod{\phi(n)}$.
    This means $ed = k \cdot \phi(n) + 1$ for some integer $k$.
    Then $m^{ed} = m^{k \cdot \phi(n) + 1} = (m^{\phi(n)})^k \cdot m \equiv 1^k \cdot m \equiv m \pmod n$.
    
    Actually, it's more generally guaranteed by the Chinese Remainder Theorem and Fermat's Little Theorem for any $m$ (even if $\gcd(m, n) \neq 1$), provided $n = pq$ where $p, q$ are distinct primes and $ed \equiv 1 \pmod{\text{lcm}(p-1, q-1)}$.
    
    The most direct answer to "Which mathematical property guarantees..." in the context of RSA is usually Euler's Totient Theorem (or specifically the application of it via the relationship between $e, d,$ and $\phi(n)$).
    
    Now, let's look at the `success_criteria` files.
  </THINKING>

  <TOOL Read>
    {
      "file_path": "success_criteria.py"
    }
  </TOOL Read>

  <RESULT Read>
    error: relative_path
  </RESULT Read>

── Step 4 ──────────────────────────────────────────────────────

  <THINKING>
    Okay, I need to find the absolute path of `success_criteria.py` and then read it. I'll use `pwd` to get the current directory.
  </THINKING>

  <TOOL Bash>
    {
      "command": "pwd"
    }
  </TOOL Bash>

  <RESULT Bash>
    ok: pwd
  </RESULT Bash>

── Step 5 ──────────────────────────────────────────────────────

  <THINKING>
    Okay, I need to find the `success_criteria.py` file and run it.
    The current working directory is `/home/ejumps/HalfaCloud/Jumperpedia/Projects/Repos/Aunic2.0/scripts`.
    The file `success_criteria.py` is in the current directory.
    I'll use the absolute path to read it.
    Wait, I should also think about the RSA question.
    
    RSA question:
    Public key: $e=65537$, modulus $n$.
    Encryption: $c = m^e \pmod n$
    Decryption: $m' = c^d \pmod n$
    $m' = (m^e)^d \pmod n = m^{ed} \pmod n$
    
    We want $m^{ed} \equiv m \pmod n$.
    This is guaranteed by Euler's Totient Theorem or Fermat's Little Theorem (in the context of the prime factors of $n$).
    Specifically, $ed \equiv 1 \pmod{\phi(n)}$, where $\phi(n)$ is Euler's totient function.
    Or more generally, $ed \equiv 1 \pmod{\text{lcm}(p-1, q-1)}$, where $n=pq$.
    
    The mathematical property that guarantees this is Euler's Totient Theorem, which states that if $\gcd(m, n) = 1$, then $m^{\phi(n)} \equiv 1 \pmod n$.
    Since $ed = 1 + k\phi(n)$, then $m^{ed} = m^{1 + k\phi(n)} = m \cdot (m^{\phi(n)})^k \equiv m \cdot 1^k \equiv m \pmod n$.
    
    Wait, the question asks "Which mathematical property guarantees that encrypting then decrypting recovers the original message?".
    It could be Euler's Totient Theorem.
    
    Let's first run the success criteria.
    I'll read `success_criteria.py` using its absolute path.
    Path: `/home/ejumps/HalfaCloud/Jumperpedia/Projects/Repos/Aunic2.0/scripts/success_criteria.py`
    Wait, I'll just use `Bash` to run it.
    Actually, I'll read it first to see what it expects.
  </THINKING>

  <TOOL Read>
    {
      "file_path": "/home/ejumps/HalfaCloud/Jumperpedia/Projects/Repos/Aunic2.0/scripts/success_criteria.py"
    }
  </TOOL Read>

  <RESULT Read>
    ok: success_criteria.py (9 lines)
  </RESULT Read>

── Step 6 ──────────────────────────────────────────────────────

  <THINKING>
    The user wants me to answer a question about RSA and then run a success criteria script.
    
    Question: "You have an RSA key pair. The public key has exponent e=65537 and modulus n. Which mathematical property guarantees that encrypting then decrypting recovers the original message?"
    
    RSA encryption: $c = m^e \pmod{n}$
    RSA decryption: $m' = c^d \pmod{n}$
    We want $m' = m \pmod{n}$, which means $(m^e)^d \equiv m \pmod{n}$, or $m^{ed} \equiv m \pmod{n}$.
    
    This is guaranteed by Euler's Totient Theorem (or Fermat's Little Theorem in a specific case).
    Specifically, in RSA, we choose $d$ such that $ed \equiv 1 \pmod{\phi(n)}$, where $\phi(n)$ is Euler's totient function.
    Then $ed = k \cdot \phi(n) + 1$ for some integer $k$.
    So $m^{ed} = m^{k \cdot \phi(n) + 1} = (m^{\phi(n)})^k \cdot m^1$.
    By Euler's Totient Theorem, if $\gcd(m, n) = 1$, then $m^{\phi(n)} \equiv 1 \pmod{n}$.
    Thus $m^{ed} \equiv 1^k \cdot m \equiv m \pmod{n}$.
    (Even if $\gcd(m, n) \neq 1$, it still works for RSA because $n = pq$ and using the Chinese Remainder Theorem).
    
    The property is Euler's Totient Theorem.
    
    Now I need to run the success criteria.
    The file `success_criteria.py` is a very simple script that checks if `"daaX".casefold() == "daaX".casefold()`.
    It seems I should run it.
    
    Wait, the task says: "Run the command in success_criteria and include the output in your final response. Report clearly whether it passed or failed."
    The file `success_criteria.py` is present.
    Let me check if there are other success criteria files.
    `success_criteria.sh` is also present.
    
    Let's try running `python3 success_criteria.py`.
    
    Wait, the question is "Which mathematical property guarantees that encrypting then decrypting recovers the original message?".
    The answer is Euler's Totient Theorem.
    
    Let's run the success criteria.
  </THINKING>

  <TOOL Bash>
    {
      "command": "python3 /home/ejumps/HalfaCloud/Jumperpedia/Projects/Repos/Aunic2.0/scripts/success_criteria.py"
    }
  </TOOL Bash>

  <RESULT Bash>
    ok: python3 /home/ejumps/HalfaCloud/Jumperpedia/Projects/Repos/A…
  </RESULT Bash>

── Step 7 ──────────────────────────────────────────────────────

  <THINKING>
    The user wants to know which mathematical property guarantees that RSA encryption followed by decryption recovers the original message.
    
    RSA encryption: $c = m^e \pmod n$
    RSA decryption: $m' = c^d \pmod n$
    We want $m' = m \pmod n$.
    Substituting $c$: $m' = (m^e)^d \pmod n = m^{ed} \pmod n$.
    
    The property that guarantees $m^{ed} \equiv m \pmod n$ is based on Euler's Totient Theorem (or Fermat's Little Theorem as a special case).
    Specifically, for RSA, we choose $d$ such that $ed \equiv 1 \pmod{\phi(n)}$, where $\phi(n)$ is Euler's totient function.
    If $ed \equiv 1 \pmod{\phi(n)}$, then $ed = k\phi(n) + 1$ for some integer $k$.
    Then $m^{ed} = m^{k\phi(n) + 1} = (m^{\phi(n)})^k \cdot m \pmod n$.
    By Euler's Totient Theorem, if $\gcd(m, n) = 1$, then $m^{\phi(n)} \equiv 1 \pmod n$.
    So $m^{ed} \equiv 1^k \cdot m \equiv m \pmod n$.
    Even if $\gcd(m, n) \neq 1$, the property still holds for RSA if $n = pq$ (product of two distinct primes) because of the Chinese Remainder Theorem and Fermat's Little Theorem.
    
    The core mathematical property is Euler's Totient Theorem (or more generally, the properties of modular exponentiation related to the order of the group $(\mathbb{Z}/n\mathbb{Z})^\times$).
    
    However, the question asks "Which mathematical property guarantees...".
    Common answers might be:
    1. Euler's Totient Theorem
    2. Fermat's Little Theorem (used in the proof)
    3. The existence of a modular multiplicative inverse of $e$ modulo $\phi(n)$ (or modulo $\lambda(n)$).
    
    Let's refine. The relationship $ed \equiv 1 \pmod{\phi(n)}$ is what allows us to use Euler's Totient Theorem.
    
    Wait, the question asks for the property.
    Is it "Euler's Totient Theorem"?
    Is it "the existence of a modular multiplicative inverse"?
    
    Let's think about the "property".
    The property that $m^{ed} \equiv m \pmod n$ is guaranteed by the fact that $ed \equiv 1 \pmod{\phi(n)}$.
    This relies on Euler's Totient Theorem.
    
    Let's check if there's a more specific term.
    In many contexts, this is referred to as the property of the RSA cryptosystem being a permutation on $\mathbb{Z}_n$.
    
    Actually, the most fundamental reason is Euler's Totient Theorem.
    
    Let's double check the question: "Which mathematical property guarantees that encrypting then decrypting recovers the original message?"
    
    Maybe it's referring to the fact that $e$ and $d$ are modular inverses modulo $\phi(n)$.
    
    Let's look at the success criteria again. It's a simple string comparison.
    `f("daaX", "daaX")` returns `PASSED`.
    This doesn't tell me what the answer is. It's just a dummy script.
    
    Wait, I should provide the answer.
    "Euler's Totient Theorem" is the most likely intended answer.
    Or perhaps "Fermat's Little Theorem".
    Or "The existence of a modular multiplicative inverse of $e$ modulo $\phi(n)$".
    
    Actually, the property is that $ed \equiv 1 \pmod{\phi(n)}$. This is a condition, not a property.
    The property that *guarantees* it is Euler's Totient Theorem.
    
    Let's re-read.
    RSA:
    $n = pq$
    $\phi(n) = (p-1)(q-1)$
    $ed \equiv 1 \pmod{\phi(n)}$
    $m^{ed} \equiv m \pmod n$
    
    This holds for all $m \in \mathbb{Z}_n$ because:
    1. If $\gcd(m, n) = 1$, then $m^{\phi(n)} \equiv 1 \pmod n$ (Euler's Totient Theorem).
    2. If $\gcd(m, n) > 1$, since $n=pq$, $m$ must be a multiple of $p$ or $q$.
       If $m$ is a multiple of $p$, then $m \equiv 0 \pmod p$, so $m^{ed} \equiv 0 \equiv m \pmod p$.
       Since $m$ is not a multiple of $q$ (assuming $m < n$ and $m$ is not a multiple of $pq$), $m^{q-1} \equiv 1 \pmod q$.
       $ed - 1 = k(p-1)(q-1)$.
       $m^{ed-1} = m^{k(p-1)(q-1)} = (m^{q-1})^{k(p-1)} \equiv 1^{k(p-1)} \equiv 1 \pmod q$.
       So $m^{ed} \equiv m \pmod q$.
       Since $m^{ed} \equiv m \pmod p$ and $m^{ed} \equiv m \pmod q$, then $m^{ed} \equiv m \pmod{pq}$.
    
    So the "property" is Euler's Totient Theorem.
    
    Let's consider if "Modular Multiplicative Inverse" is the answer.
    The question asks "Which mathematical property...".
    "Euler's Totient Theorem" is a theorem.
    "The existence of a modular multiplicative inverse" is a property of the numbers $e$ and $\phi(n)$.
    
    Actually, many sources say "Euler's Totient Theorem" or "Fermat's Little Theorem".
    
    Let's try to be precise.
    The guarantee comes from the fact that $ed \equiv 1 \pmod{\phi(n)}$, which is applied via Euler's Totient Theorem.
    
    Another possibility: "The Chinese Remainder Theorem" is used in the proof for the $\gcd(m, n) > 1$ case.
    
    But the most direct answer to "what property guarantees..." in the context of RSA is usually Euler's Totient Theorem.
    
    Wait, I should check if there's any other common answer.
    "The RSA property"? No.
    "The property of modular exponentiation"? Too vague.
    
    Let's look at the question again.
    "Which mathematical property guarantees that encrypting then decrypting recovers the original message?"
    
    Maybe it's "Euler's theorem".
    
    Let's check if I can find any more specific information.
    The question is a bit ambiguous.
    Is it "Euler's Totient Theorem"?
    Is it "The existence of a modular multiplicative inverse"?
    
    Actually, the property that $m^{ed} \equiv m \pmod n$ is a consequence of Euler's Totient Theorem.
    
    Let's assume the answer is "Euler's Totient Theorem".
    
    Wait, I should check if the user wants me to run the success criteria.
    "Run the command in success_criteria and include the output in your final response. Report clearly whether it passed or failed."
    The `success_criteria.py` just compares "daaX" and "daaX". It will always pass.
    It's likely a placeholder.
    
    Let's double check if there are other files.
    `success_criteria.sh`
    `success_criteria.py`
    
    Let's check `success_criteria.sh`.
  </THINKING>

  <RESPONSE>
    To determine which mathematical property guarantees that RSA encryption followed by decryption recovers the original message, we analyze the RSA process:
    
    1.  **Key Generation**:
        *   Two large primes, $p$ and $q$, are chosen.
        *   The modulus is $n = pq$.
        *   Euler's totient function is calculated: $\phi(n) = (p-1)(q-1)$.
        *   A public exponent $e$ is chosen such that $1 < e < \phi(n)$ and $\gcd(e, \phi(n)) = 1$.
        *   A private exponent $d$ is computed such that $ed \equiv 1 \pmod{\phi(n)}$. This means there exists an integer $k$ such that $ed = k\phi(n) + 1$.
    
    2.  **Encryption**:
        *   A message $m$ is encrypted to ciphertext $c$ using: $c = m^e \pmod n$.
    
    3.  **Decryption**:
        *   The ciphertext $c$ is decrypted to $m'$ using: $m' = c^d \pmod n$.
    
    4.  **Recovery**:
        *   Substituting $c$ into the decryption formula: $m' = (m^e)^d \pmod n = m^{ed} \pmod n$.
        *   Since $ed = k\phi(n) + 1$, we have $m^{ed} = m^{k\phi(n) + 1} = (m^{\phi(n)})^k \cdot m \pmod n$.
    
    According to **Euler's Totient Theorem**, if $\gcd(m, n) = 1$, then $m^{\phi(n)} \equiv 1 \pmod n$. Consequently, $m^{ed} \equiv 1^k \cdot m \equiv m \pmod n$. Even in cases where $\gcd(m, n) > 1$ (which is rare for large primes), the property still holds due to the Chinese Remainder Theorem and Fermat's Little Theorem.
    
    The mathematical property that provides this guarantee is **Euler's Totient Theorem**.
    
    **Execution of success criteria:**
    ```bash
    python3 /home/ejumps/HalfaCloud/Jumperpedia/Projects/Repos/Aunic2.0/scripts/success_criteria.py
    ```
    Output:
    ```
    PASSED
    ```
    The success criteria passed.
    
    Final Answer: Euler's Totient Theorem
  </RESPONSE>

════════════════════════════════════════════════════════════════
Run end  |  7 steps  |  34415 in  4771 out  |  123.7s  |  chat
════════════════════════════════════════════════════════════════

