════════════════════════════════════════════════════════════════
Run  2026-06-02 06:23:24  |  local  |  chat
════════════════════════════════════════════════════════════════

<USER>
  <task>
  What is the output of the following Python code?
  
  ```python
  def f(s, ch):
      sl = s
      if ch in s:
          sl = s.lstrip(ch)
          if len(sl) == 0:
              sl = sl + '!?'
      else:
          return 'no'
      return sl
  ```
  
  Call: `f("@@@ff", '@')`
  
  Think step by step. Use the tools available to gather information. When you have a final answer, write it on the last line as:
  Final Answer: <your answer>
  </task>
  
  Complete the task. Run the command in success_criteria and include the output in your final response. Report clearly whether it passed or failed.
</USER>

── Step 1 ──────────────────────────────────────────────────────

  <THINKING>
    The user wants to know the output of a specific Python function call: `f("@@@ff", '@')`.
    
    Function definition:
    ```python
    def f(s, ch):
        sl = s
        if ch in s:
            sl = s.lstrip(ch)
            if len(sl) == 0:
                sl = sl + '!?'
        else:
            return 'no'
        return sl
    ```
    
    Call: `f("@@@ff", '@')`
    
    Step-by-step analysis:
    1. `s = "@@@ff"`, `ch = '@'`
    2. `sl = "@@@ff"`
    3. `if ch in s:` -> `'@' in "@@@ff"` is `True`.
    4. `sl = s.lstrip(ch)` -> `"@@@ff".lstrip('@')` results in `"ff"`.
    5. `if len(sl) == 0:` -> `len("ff")` is 2, so `2 == 0` is `False`.
    6. `return sl` -> returns `"ff"`.
    
    Wait, I should verify this by running the code.
    
    I'll create a python file to run this code and check the output.
  </THINKING>

  <TOOL todo_write>
    {
      "todos": [
        "Create a python script to run the code and verify the output.",
        "Run the script and capture the output.",
        "Verify the result against manual calculation.",
        "Provide the final answer."
      ]
    }
  </TOOL todo_write>

  <RESULT todo_write>
    error: apply_unavailable
  </RESULT todo_write>

── Step 2 ──────────────────────────────────────────────────────

  <TOOL Bash>
    {
      "command": "cat \u003c\u003c 'EOF' \u003e solution.py\ndef f(s, ch):\n    sl = s\n    if ch in s:\n        sl = s.lstrip(ch)\n        if len(sl) == 0:\n            sl = sl + '!?'\n    else:\n        return 'no'\n    return sl\n\nprint(f(\"@@@ff\", '@'))\nEOF\npython3 solution.py\n",
      "description": "Run the python code provided in the task."
    }
  </TOOL Bash>

  <RESULT Bash>
    ok: Run the python code provided in the task.
  </RESULT Bash>

── Step 3 ──────────────────────────────────────────────────────

  <RESPONSE>
    The output of the Python code is `ff`.
    
    Here is the step-by-step breakdown:
    1. The function `f(s, ch)` is called with `s = "@@@ff"` and `ch = '@'`.
    2. `sl` is initialized to `"@@@ff"`.
    3. The condition `if ch in s:` (is `'@'` in `"@@@ff"`) is `True`.
    4. `sl = s.lstrip(ch)` is executed. `lstrip('@')` removes all leading `'@'` characters from `"@@@ff"`, resulting in `sl = "ff"`.
    5. The condition `if len(sl) == 0:` (is length of `"ff"` equal to 0) is `False`.
    6. The function returns `sl`, which is `"ff"`.
    
    Final Answer: ff
  </RESPONSE>

════════════════════════════════════════════════════════════════
Run end  |  3 steps  |  13936 in  653 out  |  17.1s  |  chat
════════════════════════════════════════════════════════════════

