════════════════════════════════════════════════════════════════
Run  2026-06-02 05:09:23  |  local  |  chat
════════════════════════════════════════════════════════════════

<USER>
  <task>
  What is the output of the following Python code?
  
  ```python
  def f(lists):
      dic = {}
      for n in lists:
          if n in dic:
              dic[n].append(lists.pop(lists.index(n)))
          else:
              dic[n] = lists[:lists.index(n) + 1]
      return str(dic).replace(' ', '')
  ```
  
  Call: `f([5, 2, 7, 2, 3, 5])`
  
  Think step by step. Use the tools available to gather information. When you have a final answer, write it on the last line as:
  Final Answer: <your answer>
  </task>
  
  Complete the task. Run the command in success_criteria and include the output in your final response. Report clearly whether it passed or failed.
</USER>

── Step 1 ──────────────────────────────────────────────────────

  <THINKING>
    The user wants to find the output of a specific Python function `f` when called with `[5, 2, 7, 2, 3, 5]`.
    
    ```python
    def f(lists):
        dic = {}
        for n in lists:
            if n in dic:
                dic[n].append(lists.pop(lists.index(n)))
            else:
                dic[n] = lists[:lists.index(n) + 1]
        return str(dic).replace(' ', '')
    ```
    
    Let's trace it manually first, but it's better to run it to be sure.
    
    Initial state: `lists = [5, 2, 7, 2, 3, 5]`, `dic = {}`
    
    Iteration 1:
    `n` is the first element of `lists`.
    Wait, the loop is `for n in lists:`. In Python, modifying a list while iterating over it can be tricky.
    
    Let's trace carefully:
    `lists = [5, 2, 7, 2, 3, 5]`
    `for n in lists:`
    The iterator keeps track of the current index.
    
    1.  `index = 0`, `n = 5`.
        `n` is not in `dic`.
        `dic[5] = lists[:lists.index(5) + 1]` -> `dic[5] = [5]`.
        `dic` is `{5: [5]}`.
    
    2.  `index = 1`, `n = 2`.
        `n` is not in `dic`.
        `dic[2] = lists[:lists.index(2) + 1]` -> `dic[2] = [5, 2]`.
        `dic` is `{5: [5], 2: [5, 2]}`.
    
    3.  `index = 2`, `n = 7`.
        `n` is not in `dic`.
        `dic[7] = lists[:lists.index(7) + 1]` -> `dic[7] = [5, 2, 7]`.
        `dic` is `{5: [5], 2: [5, 2], 7: [5, 2, 7]}`.
    
    4.  `index = 3`, `n = 2`.
        `n` is in `dic`.
        `dic[2].append(lists.pop(lists.index(2)))`.
        `lists.index(2)` is `1`.
        `lists.pop(1)` removes the element at index 1 (which is `2`).
        `lists` becomes `[5, 7, 2, 3, 5]`.
        `dic[2].append(2)` -> `dic[2]` becomes `[5, 2, 2]`.
        `dic` is `{5: [5], 2: [5, 2, 2], 7: [5, 2, 7]}`.
    
    Wait, the iterator for `for n in lists` is at index 3.
    The list is now `[5, 7, 2, 3, 5]`.
    The element at index 3 is `3`.
    
    5.  `index = 4`, `n = 5`.
        `n` is in `dic`.
        `dic[5].append(lists.pop(lists.index(5)))`.
        `lists.index(5)` is `0`.
        `lists.pop(0)` removes `5`.
        `lists` becomes `[7, 2, 3, 5]`.
        `dic[5].append(5)` -> `dic[5]` becomes `[5, 5]`.
        `dic` is `{5: [5, 5], 2: [5, 2, 2], 7: [5, 2, 7]}`.
    
    The iterator was at index 4. The current length of `lists` is 4.
    The iterator reaches the end.
    
    Wait, let's re-verify the iterator behavior when popping.
    In Python, `for n in lists:` uses an internal index.
    
    Let's write a script to test this.
  </THINKING>

  <TOOL Bash>
    {
      "command": "cat \u003c\u003c 'EOF' \u003e solution.py\ndef f(lists):\n    dic = {}\n    for n in lists:\n        if n in dic:\n            dic[n].append(lists.pop(lists.index(n)))\n        else:\n            dic[n] = lists[:lists.index(n) + 1]\n    return str(dic).replace(' ', '')\n\nprint(f([5, 2, 7, 2, 3, 5]))\nEOF\npython3 solution.py\n"
    }
  </TOOL Bash>

  <RESULT Bash>
    ok: cat << 'EOF' > solution.py
def f(lists):
    dic = {}
    fo…
  </RESULT Bash>

── Step 2 ──────────────────────────────────────────────────────

  <TOOL Bash>
    {
      "command": "cat \u003c\u003c 'EOF' \u003e solution.py\ndef f(lists):\n    dic = {}\n    for n in lists:\n        if n in dic:\n            dic[n].append(lists.pop(lists.index(n)))\n        else:\n            dic[n] = lists[:lists.index(n) + 1]\n    return str(dic).replace(' ', '')\n\nprint(f([5, 2, 7, 2, 3, 5]))\nEOF\npython3 solution.py\n"
    }
  </TOOL Bash>

  <RESULT Bash>
    ok: cat << 'EOF' > solution.py
def f(lists):
    dic = {}
    fo…
  </RESULT Bash>

── Step 3 ──────────────────────────────────────────────────────

  <TOOL Bash>
    {
      "command": "cat \u003c\u003c 'EOF' \u003e solution.py\ndef f(lists):\n    dic = {}\n    # We need to be careful because lists is being modified during iteration\n    # The loop 'for n in lists' in Python uses an internal index that increments.\n    # When elements are popped, the list shrinks and the index might skip elements.\n    # Let's simulate it manually to be sure.\n    \n    # Original list: [5, 2, 7, 2, 3, 5]\n    # Iteration 1: n = lists[0] = 5\n    #   5 not in dic.\n    #   dic[5] = lists[:0+1] = [5]\n    #   dic = {5: [5]}\n    #   lists = [5, 2, 7, 2, 3, 5]\n    \n    # Iteration 2: n = lists[1] = 2\n    #   2 not in dic.\n    #   dic[2] = lists[:1+1] = [5, 2]\n    #   dic = {5: [5], 2: [5, 2]}\n    #   lists = [5, 2, 7, 2, 3, 5]\n    \n    # Iteration 3: n = lists[2] = 7\n    #   7 not in dic.\n    #   dic[7] = lists[:2+1] = [5, 2, 7]\n    #   dic = {5: [5], 2: [5, 2], 7: [5, 2, 7]}\n    #   lists = [5, 2, 7, 2, 3, 5]\n    \n    # Iteration 4: n = lists[3] = 2\n    #   2 in dic.\n    #   lists.pop(lists.index(2)) -\u003e lists.index(2) is 1.\n    #   lists.pop(1) removes 2.\n    #   lists is now [5, 7, 2, 3, 5]\n    #   dic[2].append(2) -\u003e dic[2] is [5, 2, 2]\n    #   dic = {5: [5], 2: [5, 2, 2], 7: [5, 2, 7]}\n    \n    # Iteration 5: n = lists[4]\n    #   Wait, the loop is 'for n in lists'. \n    #   In Python, the iterator for a list uses an index.\n    #   After iteration 4, the index was 3.\n    #   Now the index becomes 4.\n    #   lists is [5, 7, 2, 3, 5].\n    #   lists[4] is 5.\n    #   n = 5\n    #   5 in dic.\n    #   lists.pop(lists.index(5)) -\u003e lists.index(5) is 0.\n    #   lists.pop(0) removes 5.\n    #   lists is now [7, 2, 3, 5]\n    #   dic[5].append(5) -\u003e dic[5] is [5, 5]\n    #   dic = {5: [5, 5], 2: [5, 2, 2], 7: [5, 2, 7]}\n    \n    # Iteration 6: n = lists[5]?\n    #   The index becomes 5.\n    #   But len(lists) is now 4.\n    #   The loop terminates.\n\n    # Let's run the actual code to confirm the behavior of 'for n in lists' when modifying the list.\n    pass\n\ndef f_actual(lists):\n    dic = {}\n    for n in lists:\n        if n in dic:\n            dic[n].append(lists.pop(lists.index(n)))\n        else:\n            dic[n] = lists[:lists.index(n) + 1]\n    return str(dic).replace(' ', '')\n\nprint(f_actual([5, 2, 7, 2, 3, 5]))\nEOF\npython3 solution.py\n"
    }
  </TOOL Bash>

  <RESULT Bash>
    ok: cat << 'EOF' > solution.py
def f(lists):
    dic = {}
    # …
  </RESULT Bash>

── Step 4 ──────────────────────────────────────────────────────

  <RESPONSE>
    The provided Python code is:
    
    ```python
    def f(lists):
        dic = {}
        for n in lists:
            if n in dic:
                dic[n].append(lists.pop(lists.index(n)))
            else:
                dic[n] = lists[:lists.index(n) + 1]
        return str(dic).replace(' ', '')
    ```
    
    Let's trace the execution of `f([5, 2, 7, 2, 3, 5])` step by step:
    
    1.  **Initial State**: `lists = [5, 2, 7, 2, 3, 5]`, `dic = {}`.
    2.  **Iteration 1**: The iterator points to index 0. `n = 5`.
        *   `5` is not in `dic`.
        *   `dic[5] = lists[:lists.index(5) + 1]` $\rightarrow$ `lists[:0+1]` $\rightarrow$ `[5]`.
        *   `dic = {5: [5]}`.
    3.  **Iteration 2**: The iterator points to index 1. `n = 2`.
        *   `2` is not in `dic`.
        *   `dic[2] = lists[:lists.index(2) + 1]` $\rightarrow$ `lists[:1+1]` $\rightarrow$ `[5, 2]`.
        *   `dic = {5: [5], 2: [5, 2]}`.
    4.  **Iteration 3**: The iterator points to index 2. `n = 7`.
        *   `7` is not in `dic`.
        *   `dic[7] = lists[:lists.index(7) + 1]` $\rightarrow$ `lists[:2+1]` $\rightarrow$ `[5, 2, 7]`.
        *   `dic = {5: [5], 2: [5, 2], 7: [5, 2, 7]}`.
    5.  **Iteration 4**: The iterator points to index 3. `n = 2`.
        *   `2` is in `dic`.
        *   `lists.index(2)` is `1`.
        *   `lists.pop(1)` removes the element at index 1 (`2`).
        *   `lists` becomes `[5, 7, 2, 3, 5]`.
        *   `dic[2].append(2)` $\rightarrow$ `dic[2] = [5, 2, 2]`.
        *   `dic = {5: [5], 2: [5, 2, 2], 7: [5, 2, 7]}`.
    6.  **Iteration 5**: The iterator moves to index 4. In the current `lists = [5, 7, 2, 3, 5]`, the element at index 4 is `5`. So, `n = 5`.
        *   `5` is in `dic`.
        *   `lists.index(5)` is `0`.
        *   `lists.pop(0)` removes the element at index 0 (`5`).
        *   `lists` becomes `[7, 2, 3, 5]`.
        *   `dic[5].append(5)` $\rightarrow$ `dic[5] = [5, 5]`.
        *   `dic = {5: [5, 5], 2: [5, 2, 2], 7: [5, 2, 7]}`.
    7.  **Iteration 6**: The iterator moves to index 5. However, the current length of `lists` is 4. The loop terminates.
    
    Finally, the function returns `str(dic).replace(' ', '')`.
    `str({5: [5, 5], 2: [5, 2, 2], 7: [5, 2, 7]})` is `'{5: [5, 5], 2: [5, 2, 2], 7: [5, 2, 7]}'`.
    Removing spaces results in `'{5:[5,5],2:[5,2,2],7:[5,2,7]}'`.
    
    Final Answer: {5:[5,5],2:[5,2,2],7:[5,2,7]}
  </RESPONSE>

════════════════════════════════════════════════════════════════
Run end  |  4 steps  |  20481 in  3248 out  |  85.6s  |  chat
════════════════════════════════════════════════════════════════

