════════════════════════════════════════════════════════════════
Run  2026-06-02 15:14:21  |  local  |  chat
════════════════════════════════════════════════════════════════

<USER>
  <note_path>jellyfin-screensaver.md</note_path>
  
  <note_content>
  # Project
  I would like to make a screensaver that pulls images from my jellyfin server and plays them in a slideshow. The jellyfin server is at media.halfab.net
  
  ## Guide
  This should be a QML-based wallpaper plugin that fetches jellyfin images directly vir `XMLHttpRequest` and cycles them. 
  - should be appliable to either the desktop background, lockscreen and screen saver
  </note_content>
</USER>

── Step 1 ──────────────────────────────────────────────────────

  <THINKING>
    The user wants to create a QML-based wallpaper plugin that acts as a screensaver/wallpaper.
    It should:
    1. Pull images from a Jellyfin server (`media.halfab.net`).
    2. Play them in a slideshow.
    3. Use `XMLHttpRequest` to fetch images directly.
    4. Be applicable to desktop background, lockscreen, and screensaver.
    
    This sounds like it might be for a specific environment (like KDE Plasma, or a custom compositor, or maybe just a standalone QML app that can be set as wallpaper). Given "wallpaper plugin", KDE Plasma is a very common target for QML wallpaper plugins.
    
    The user provided a note describing the project. They haven't asked a specific question yet, but usually, when a user provides a project description, they want help starting it or a plan.
    
    Wait, the user hasn't actually asked a question. They just provided the note.
    Actually, looking at the prompt, the user *is* the note content? No, the user provided the note via `<note_path>` and `<note_content>`.
    Wait, the user's message is empty?
    No, the user's message is just the note content.
    Actually, the user's message is:
    `<note_path>jellyfin-screensaver.md</note_path>`
    `<note_content>...</note_content>`
    Wait, I don't see a request in the user's message.
    Ah, I see. The user provided the context (the note) but no explicit question.
    However, in many AI assistant contexts, if a user provides a project description, they are implicitly asking "How do I do this?" or "Help me with this".
    
    But wait, I should check if there's a hidden request or if I should just acknowledge.
    Actually, looking at the prompt structure:
    "The user's active markdown note is provided as context, followed by their request. Reply with a plain-text message..."
    In this case, the "request" part is empty?
    Wait, the user's message *is* the note?
    If the user's message is empty, I should probably ask how I can help with this project.
    
    Wait, let me re-read.
    The user's message is:
    `<note_path>jellyfin-screensaver.md</note_path>`
    `<note_content>
    # Project
    ...
    </note_content>`
    
    There is no text after the note content.
    Maybe the user wants me to expand on this or provide a starting point.
    
    Let's assume the user wants a plan or a starting implementation for this project.
    
    Technical components:
    1. **Jellyfin API**: Need to know how to fetch images. Usually `/Items` with `IncludeImages=true` or similar. Authentication might be needed (API key or session token).
    2. **QML**:
        - `Timer` for slideshow.
        - `Image` component for displaying.
        - `XMLHttpRequest` for fetching metadata (JSON).
        - `Image` component can load URLs directly if the Jellyfin server allows it (which it usually does via direct image URLs).
    3. **Platform Integration**:
        - For KDE Plasma: A `Plasma::Wallpaper` plugin.
        - For general desktop: This is harder.
        - For lockscreen: KDE has lockscreen plugins.
    
    Plan:
    1. Define the Jellyfin API interaction.
    2. Sketch a QML structure.
    3. Address the "wallpaper plugin" aspect (KDE Plasma is the most likely candidate for QML wallpaper plugins).
    
    Wait, I'll ask the user what they want me to do with this information. Or I can provide a high-level architectural plan.
    
    Actually, I'll provide a starting point: a basic QML structure that fetches a list of images from an API and cycles through them.
    
    Let's refine the Jellyfin part.
    To get images:
    `GET /Users/{userId}/Items?Recursive=true&IncludeImages=true&Fields=PrimaryImage`
    Or just browse items and get their `Id`, then use `/Items/{Id}/Images/Primary`.
    
    Wait, if the user wants to use `XMLHttpRequest` to fetch images, they might mean fetching the *list* of image URLs. The images themselves can be loaded by the `Image` component via URL.
    
    Let's draft a response.
    
    "It looks like you're planning a QML-based Jellyfin screensaver/wallpaper plugin. Since you mentioned it should be a 'wallpaper plugin', are you targeting a specific desktop environment like **KDE Plasma**?
    
    If so, I can help you structure the project. Here is a high-level approach:
    
    ### 1. Jellyfin API Integration
    You'll need to:
    - Authenticate (get an API key or session token).
    - Fetch a list of items (movies, shows, or images) using the `/Items` endpoint.
    - Extract the image URLs.
    
    ### 2. QML Implementation Logic
    - **`Timer`**: To control the slideshow interval.
    - **`Image`**: To display the current image.
    - **`XMLHttpRequest`**: To fetch the JSON metadata from Jellyfin.
    - **`ListModel`**: To store the URLs of the images.
    
    ### 3. KDE Plasma Plugin Structure (If applicable)
    A Plasma wallpaper plugin requires a specific file structure:
    - `metadata.json` (for plugin info)
    - `contents/ui/main.qml` (the actual wallpaper)
    
    Would you like me to provide a basic QML prototype for the slideshow logic, or should we start with the Jellyfin API request implementation?"
    
    Wait, the instructions say: "Reply with a plain-text message — do not call note_edit or note_write... After reading, reply concisely and directly — state the answer, do not reason at length before writing it."
    
    Since there is no question, I can't "state the answer". I will ask for clarification or provide a brief overview of how to proceed.
    
    Actually, I'll provide a basic implementation outline.
    
    Wait, I should check if there's any other info.
    `media.halfab.net` is the server.
    
    Let's try to be helpful.
    
    "That sounds like an interesting project. Since you haven't specified a particular request, I'll assume you'd like a starting point or a technical breakdown.
    
    Are you targeting **KDE Plasma**? (It is the most common environment for QML wallpaper plugins).
    
    If so, here is a suggested roadmap:
    
    ### 1. Jellyfin API Strategy
    You will need to fetch a list of items and their image URLs. A typical flow:
    1. **Auth**: Use an API key in the headers (`X-Emby-Token`).
    2. **Fetch Items**: `GET /Users/{userId}/Items?Recursive=true&IncludeImages=true&Fields=PrimaryImage`
    3. **Extract URLs**: Parse the JSON to get the `PrimaryImage` URLs.
    
    ### 2. QML Prototype (Core Logic)
    You can build a prototype using a `Timer` and a `ListModel`.
    
    ```qml
    import QtQuick 2.15
    
    Item {
        id: root
        property string jellyfinUrl: "https://media.halfab.net"
        property string apiKey: "YOUR_API_KEY"
    
        ListModel {
            id: imageModel
        }
    
        Image {
            id: displayImage
            anchors.fill: parent
            fillMode: Image.PreserveAspectCrop
            source: imageModel.count > 0 ? imageModel.get(currentIndex).url : ""
        }
    
        property int currentIndex: 0
    
        Timer {
            interval: 5000 // 5 seconds
            running: true
            repeat: true
            onTriggered: {
                if (imageModel.count > 0) {
                    currentIndex = (currentIndex + 1) % imageModel.count
                }
            }
        }
    
        function fetchImages() {
            var xhr = new XMLHttpRequest();
            xhr.onreadystatechange = function() {
                if (xhr.readyState === XMLHttpRequest.DONE) {
                    var response = JSON.parse(xhr.responseText);
                    // Logic to parse response and populate imageModel
                    // response.Items.forEach(item => imageModel.append({"url": item.PrimaryImage}))
                }
            }
            xhr.open("GET", jellyfinUrl + "/Users/YOUR_USER_ID/Items?Recursive=true&IncludeImages=true&Fields=PrimaryImage", true);
            xhr.setRequestHeader("X-Emby-Token", apiKey);
            xhr.send();
        }
    
        Component.onCompleted: fetchImages()
    }
    ```
    
    ### 3. Platform Integration
    - **KDE Plasma**: You'll need to wrap this in a `Plasma::Wallpaper` plugin structure with a `metadata.json` file.
    - **Lockscreen**: KDE lockscreens use a different plugin type (`org.kde.lockscreen`).
    
    How would you like to proceed? I can help with the API parsing, the Plasma plugin boilerplate, or the QML transitions."
    
    Actually, I'll keep it even simpler.
    
    "It looks like you've outlined a project plan. Since you didn't provide a specific question, would you like me to:
    
    1. **Provide a basic QML prototype** for the slideshow and `XMLHttpRequest` logic?
    2. **Draft the file structure and metadata** for a KDE Plasma wallpaper plugin?
    3. **Help with the Jellyfin API authentication and item fetching logic?**
    
    Also, are you specifically targeting **KDE Plasma**, or another environment?"
    
    This is better.
    
    Wait, I should check if I can actually do anything else.
    The user might want me to *write* the code into the note? No, they didn't ask.
    
    I'll provide a concise response.
  </THINKING>

  <RESPONSE>
    It looks like you've outlined a project plan. Since you haven't provided a specific request, would you like me to help you with one of the following?
    
    1.  **A QML Prototype**: A basic implementation of the slideshow logic using `Timer`, `ListModel`, and `XMLHttpRequest`.
    2.  **KDE Plasma Integration**: The specific file structure and `metadata.json` required to turn a QML file into a functional Plasma wallpaper plugin.
    3.  **Jellyfin API Implementation**: Detailed logic for authenticating and parsing the JSON response to extract image URLs.
    
    **Quick Note:** To make this work as a "wallpaper plugin," you are most likely targeting **KDE Plasma**. If you are targeting a different environment (like a standalone app or a different compositor), please let me know.
  </RESPONSE>

════════════════════════════════════════════════════════════════
Run end  |  1 steps  |  2676 in  2336 out  |  58.2s  |  chat
════════════════════════════════════════════════════════════════

