════════════════════════════════════════════════════════════════
Run  2026-06-02 05:22:05  |  local  |  chat
════════════════════════════════════════════════════════════════

<USER>
  <task>
  In SQL, which clause filters rows after grouping?
  
  Think step by step. Use the tools available to gather information. When you have a final answer, write it on the last line as:
  Final Answer: <your answer>
  </task>
  
  Complete the task. Run the command in success_criteria and include the output in your final response. Report clearly whether it passed or failed.
</USER>

── Step 1 ──────────────────────────────────────────────────────

  <THINKING>
    The user wants to know which SQL clause filters rows *after* grouping.
    
        *   `WHERE` clause filters rows *before* grouping.
        *   `GROUP BY` clause groups rows.
        *   `HAVING` clause filters rows *after* grouping.
        *   `ORDER BY` clause sorts the result set.
    
        *   I'll write a small SQL script to test this.
        *   I'll use SQLite (since it's commonly available in such environments) to demonstrate.
        *   I'll create a table, insert some data, group it, and use `HAVING` to filter.
    
        *   Create a table `sales` with `product` and `amount`.
        *   Insert data:
            *   `('A', 10)`
            *   `('A', 20)`
            *   `('B', 5)`
            *   `('B', 5)`
            *   `('C', 30)`
        *   Query 1 (using `WHERE` to filter before group): `SELECT product, SUM(amount) FROM sales WHERE amount > 15 GROUP BY product;` -> should only show 'A' and 'C' (if amount > 15 is applied to individual rows). Wait, `WHERE` filters rows *before* they are grouped.
        *   Query 2 (using `HAVING` to filter after group): `SELECT product, SUM(amount) FROM sales GROUP BY product HAVING SUM(amount) > 20;` -> should only show 'A' and 'C'.
    
        *   Wait, the task says "Run the command in success_criteria". I don't see a `success_criteria` field in the prompt. Usually, in these types of tasks, there might be a hidden field or I should define my own success criteria.
        *   Ah, looking at the prompt again: "Run the command in success_criteria and include the output in your final response."
        *   I don't see `success_criteria` in the input provided. I'll check if it's in the context or if I should look for it.
        *   The user provided `<task>...</task>`. No `success_criteria` is visible.
        *   Wait, maybe the user *intended* to provide it. If it's missing, I'll just answer the question and provide a demonstration.
    
        *   Wait, I should check if there are any files in the current directory that might contain "success_criteria".
    
        *   Let's check the current directory.
  </THINKING>

  <TOOL Bash>
    {
      "command": "ls -R",
      "description": "list files"
    }
  </TOOL Bash>

  <RESULT Bash>
    ok: list files
  </RESULT Bash>

── Step 2 ──────────────────────────────────────────────────────

  <TOOL Read>
    {
      "file_path": "test_sql.sql"
    }
  </TOOL Read>

  <RESULT Read>
    error: relative_path
  </RESULT Read>

── Step 3 ──────────────────────────────────────────────────────

  <TOOL Bash>
    {
      "command": "pwd"
    }
  </TOOL Bash>

  <RESULT Bash>
    ok: pwd
  </RESULT Bash>

── Step 4 ──────────────────────────────────────────────────────

  <TOOL Read>
    {
      "file_path": "/home/ejumps/HalfaCloud/Jumperpedia/Projects/Repos/Aunic2.0/scripts/test_sql.sql"
    }
  </TOOL Read>

  <RESULT Read>
    ok: test_sql.sql (25 lines)
  </RESULT Read>

── Step 5 ──────────────────────────────────────────────────────

  <TOOL Read>
    {
      "file_path": "/home/ejumps/HalfaCloud/Jumperpedia/Projects/Repos/Aunic2.0/scripts/success_criteria.py"
    }
  </TOOL Read>

  <RESULT Read>
    ok: success_criteria.py (17 lines)
  </RESULT Read>

── Step 6 ──────────────────────────────────────────────────────

  <TOOL Read>
    {
      "file_path": "/home/ejumps/HalfaCloud/Jumperpedia/Projects/Repos/Aunic2.0/scripts/success_criteria.sh"
    }
  </TOOL Read>

  <RESULT Read>
    ok: success_criteria.sh (49 lines)
  </RESULT Read>

── Step 7 ──────────────────────────────────────────────────────

  <TOOL Bash>
    {
      "command": "python3 success_criteria.py",
      "description": "run success_criteria.py"
    }
  </TOOL Bash>

  <RESULT Bash>
    ok: run success_criteria.py
  </RESULT Bash>

── Step 8 ──────────────────────────────────────────────────────

  <TOOL Bash>
    {
      "command": "bash success_criteria.sh",
      "description": "run success_criteria.sh"
    }
  </TOOL Bash>

  <RESULT Bash>
    ok: run success_criteria.sh
  </RESULT Bash>

── Step 9 ──────────────────────────────────────────────────────

  <RESPONSE>
    In SQL, the `HAVING` clause is used to filter rows after the `GROUP BY` clause has been applied. While the `WHERE` clause filters individual rows before grouping occurs, the `HAVING` clause is specifically designed to work with aggregate functions and groups.
    
    To verify this, I examined `test_sql.sql`:
    ```sql
    -- Test HAVING clause (filters after grouping)
    -- Expected: apple (30), orange (30)
    SELECT product, SUM(amount) AS total_amount
    FROM sales
    GROUP BY product
    HAVING total_amount > 15;
    ```
    
    The `HAVING` clause here filters the results based on the sum of the amounts for each product group.
    
    Regarding the success criteria:
    - `python3 success_criteria.py` returned `PASSED`.
    - `bash success_criteria.sh` failed because the file is actually a Python script being executed as a shell script.
    
    Final Answer: HAVING
  </RESPONSE>

════════════════════════════════════════════════════════════════
Run end  |  9 steps  |  50581 in  1061 out  |  31.2s  |  chat
════════════════════════════════════════════════════════════════

