════════════════════════════════════════════════════════════════
Run  2026-06-02 05:35:30  |  local  |  chat
════════════════════════════════════════════════════════════════

<USER>
  <task>
  What is the output of the following Python code?
  
  ```python
  def f(line, char):
      count = line.count(char)
      for i in range(count+1, 0, -1):
          line = line.center(len(line)+i // len(char), char)
      return line
  ```
  
  Call: `f('$78'.upper(), '$')`
  
  Think step by step. Use the tools available to gather information. When you have a final answer, write it on the last line as:
  Final Answer: <your answer>
  </task>
  
  Complete the task. Run the command in success_criteria and include the output in your final response. Report clearly whether it passed or failed.
</USER>

── Step 1 ──────────────────────────────────────────────────────

  <THINKING>
    The user wants to find the output of a specific Python function call: `f('$78'.upper(), '$')`.
    
    The function `f(line, char)`:
    1. `count = line.count(char)`
    2. `for i in range(count+1, 0, -1):`
       - `line = line.center(len(line) + i // len(char), char)`
    3. `return line`
    
    Let's trace the call `f('$78'.upper(), '$')`:
    1. `'$78'.upper()` is `'$78'`.
    2. `line = '$78'`, `char = '$'`.
    3. `count = line.count('$')` -> `count = 1`.
    4. `range(count+1, 0, -1)` is `range(2, 0, -1)`, which yields `i = 2`, then `i = 1`.
    
    Iteration 1: `i = 2`
    - `len(line)` is 3.
    - `len(char)` is 1.
    - `i // len(char)` is `2 // 1 = 2`.
    - `new_len = 3 + 2 = 5`.
    - `line = '$78'.center(5, '$')`.
    - `'$78'.center(5, '$')` will pad '$' to make it length 5.
    - The original string is length 3. We need 2 more characters.
    - `center` pads equally on both sides. If the number of characters to add is odd, the extra character goes to the right (wait, let's check Python's `str.center` behavior).
    - Python `str.center(width, fillchar)`: "Return a centered string of length width. Padding is done using the specified fillchar (default is an ASCII space). The original string is returned if width is less than or equal to len(s)."
    - If `width - len(s)` is even, it's easy. If it's odd, where does the extra char go?
    - Example: `'a'.center(4, '*')` -> `'*a**'`? No, let's check.
    - Documentation says: "If width is greater than len(s), the string is padded with fillchar. If the number of padding characters is odd, the extra character is added to the right."
    - Let's verify this with a script.
    
    Iteration 2: `i = 1`
    - `len(line)` will be 5.
    - `i // len(char)` is `1 // 1 = 1`.
    - `new_len = 5 + 1 = 6`.
    - `line = line.center(6, '$')`.
    
    Let's write a script to confirm.
  </THINKING>

  <TOOL Write>
    {
      "content": "def f(line, char):\n    count = line.count(char)\n    for i in range(count+1, 0, -1):\n        line = line.center(len(line)+i // len(char), char)\n    return line\n\nprint(f('$78'.upper(), '$'))\n",
      "file_path": "solution.py"
    }
  </TOOL Write>

  <RESULT Write>
    error: relative_path
  </RESULT Write>

── Step 2 ──────────────────────────────────────────────────────

  <TOOL Bash>
    {
      "command": "pwd"
    }
  </TOOL Bash>

  <RESULT Bash>
    ok: pwd
  </RESULT Bash>

── Step 3 ──────────────────────────────────────────────────────

  <THINKING>
    Okay, I'll use the absolute path for `Write`. The current directory is `/home/ejumps/HalfaCloud/Jumperpedia/Projects/Repos/Aunic2.0/scripts`.
    
    Wait, I should check if I can just use `python3` to run the code directly without writing a file if I want, but writing a file is safer for a "success_criteria" check if that's what's expected.
    
    Actually, the prompt says "Run the command in success_criteria". I don't see a `success_criteria` field in the prompt, but I'll assume it means I should verify my answer.
    
    Let's re-read the code and trace it.
    `f(line, char)`
    `line = '$78'.upper()` -> `'$78'`
    `char = '$'`
    `count = line.count('$')` -> `count = 1`
    `range(count+1, 0, -1)` -> `range(2, 0, -1)` -> `[2, 1]`
    
    Iteration 1: `i = 2`
    `line = line.center(len(line) + i // len(char), char)`
    `len(line) = 3`
    `i // len(char) = 2 // 1 = 2`
    `line.center(3 + 2, '$')` -> `'$78'.center(5, '$')`
    `'$78'.center(5, '$')` -> `' $78 '`? No, `center` fills with the char.
    `'$78'.center(5, '$')` -> `' $78 '`? Wait, `center(width, fillchar)`
    `len('$78')` is 3. `width` is 5.
    `5 - 3 = 2` spaces/chars to add.
    One on each side?
    `' $78 '`? No, the fill char is `$`.
    So `'$ $78 $'`? No, `center` puts them on both sides.
    `'$ $78 $'` would be length 5.
    Let's check: `'$78'.center(5, '$')`
    If `width - len(s)` is even, it's `len(s)//2` on each side.
    `5 - 3 = 2`. `2 // 2 = 1`.
    So one `$` on the left and one `$` on the right.
    Result: `'$$78$'`? No, `'$' + '$78' + '$'` is `'$$78$'` (length 5).
    Wait, `'$78'.center(5, '$')`
    `'$' + '$78' + '$'` is `'$$78$'`.
    Let's verify with a script.
    
    Iteration 2: `i = 1`
    `line = line.center(len(line) + i // len(char), char)`
    `len(line)` is now 5.
    `i // len(char) = 1 // 1 = 1`
    `line.center(5 + 1, '$')` -> `line.center(6, '$')`
    `len(line)` is 5. `width` is 6.
    `6 - 5 = 1`.
    When `width - len(s)` is odd, `center` puts the extra character on the right? Or left?
    Python docs say: "If width is greater than len(s), the string is centered by adding fillchar on both sides. If the number of fillchars to add is odd, the extra fillchar is placed on the right."
    Wait, let's check.
    `'a'.center(2, 'x')` -> `'ax'`
    `'a'.center(3, 'x')` -> `'xax'`
    
    So if `i=1`:
    `line` is `'$$78$'` (length 5)
    `line.center(6, '$')`
    `6 - 5 = 1`. Extra on the right.
    Result: `'$$78$$'`
    
    Let's double check the loop.
    `count = 1`
    `range(2, 0, -1)` gives `i=2`, then `i=1`.
    `i=2`: `line = '$78'.center(3 + 2//1, '$')` = `'$78'.center(5, '$')` = `'$$78$'`
    `i=1`: `line = '$$78$'.center(5 + 1//1, '$')` = `'$$78$'.center(6, '$')` = `'$$78$$'`
    
    Wait, let's re-calculate `'$78'.center(5, '$')`.
    `len('$78')` is 3.
    `width` is 5.
    `5 - 3 = 2`.
    `2` characters are added, one on each side.
    `'$' + '$78' + '$'` = `'$$78$'`.
    
    Then `i=1`:
    `len('$$78$')` is 5.
    `width` is `5 + 1//1 = 6`.
    `6 - 5 = 1`.
    One character added on the right.
    `'$$78$' + '$'` = `'$$78$$'`.
    
    Let's run a script to be sure.
  </THINKING>

  <TOOL Write>
    {
      "content": "def f(line, char):\n    count = line.count(char)\n    for i in range(count+1, 0, -1):\n        line = line.center(len(line)+i // len(char), char)\n    return line\n\nprint(f('$78'.upper(), '$'))\n",
      "file_path": "/home/ejumps/HalfaCloud/Jumperpedia/Projects/Repos/Aunic2.0/scripts/solution.py"
    }
  </TOOL Write>

  <RESULT Write>
    ok: wrote 189 bytes
  </RESULT Write>

── Step 4 ──────────────────────────────────────────────────────

  <TOOL Bash>
    {
      "command": "python3 /home/ejumps/HalfaCloud/Jumperpedia/Projects/Repos/Aunic2.0/scripts/solution.py"
    }
  </TOOL Bash>

  <RESULT Bash>
    ok: python3 /home/ejumps/HalfaCloud/Jumperpedia/Projects/Repos/A…
  </RESULT Bash>

── Step 5 ──────────────────────────────────────────────────────

  <TOOL todo_write>
    {
      "todos": [
        "Analyze the Python code step-by-step",
        "Verify the result with a manual trace",
        "Run the code and confirm output"
      ]
    }
  </TOOL todo_write>

  <RESULT todo_write>
    error: apply_unavailable
  </RESULT todo_write>

── Step 6 ──────────────────────────────────────────────────────

  <THINKING>
    Okay, the `todo_write` tool seems to have failed or is not working as expected in this environment, but I can still proceed with the task.
    
    Let's analyze the code manually.
    
    ```python
    def f(line, char):
        count = line.count(char)
        for i in range(count+1, 0, -1):
            line = line.center(len(line)+i // len(char), char)
        return line
    
    Call: f('$78'.upper(), '$')
    ```
    
    1.  `line = '$78'.upper()`
        `'$78'.upper()` is `'$78'` because `$` and `78` are not affected by `.upper()`.
        So, `line = '$78'` and `char = '$'`.
    
    2.  `count = line.count('$')`
        `'$78'.count('$')` is `1`.
        So, `count = 1`.
    
    3.  `for i in range(count+1, 0, -1):`
        `count + 1 = 2`.
        `range(2, 0, -1)` yields `2, 1`.
    
    4.  **First iteration: `i = 2`**
        `line = line.center(len(line) + i // len(char), char)`
        `len(line)` is `3`.
        `i // len(char)` is `2 // 1 = 2`.
        `new_len = 3 + 2 = 5`.
        `line = '$78'.center(5, '$')`
        `'$78'.center(5, '$')` pads with `$` to reach length 5.
        The padding is `5 - 3 = 2`.
        `center` distributes the padding: one on the left, one on the right (or more if the difference is odd, but here it's 2).
        `'$78'.center(5, '$')` -> `'$$78$'`? No, wait.
        Let's check `str.center(width, fillchar)` behavior.
        If `width - len(s)` is even, it's `width // 2 - len(s) // 2` on each side?
        Actually, `center` documentation says: "Return a centered string of length width. Padding is done using the specified fillchar (default is an ASCII space). The original string is returned if width is less than or equal to len(s)."
        If the padding is odd, the extra character goes to the right.
        `len('$78')` is 3. `width` is 5. `5 - 3 = 2`.
        Padding is 1 on left, 1 on right.
        `line` becomes `'$$78$'`? Wait.
        `'$78'` has length 3.
        `'$78'.center(5, '$')`
        `' '` + `'$78'` + `' '` (if width was 5 and char was ' ')
        With `'$'`:
        `'$'` + `'$78'` + `'$'` = `'$$78$'`? No, that would be length 5.
        Wait, `'$78'` already has a `$` at index 0.
        `'$78'` (len 3) centered in 5 with `$`:
        Left padding: `(5 - 3) // 2 = 1`.
        Right padding: `5 - 3 - 1 = 1`.
        So: `'$' + '$78' + '$' = '$$78$'`.
    
        Wait, let me re-run the code or double check.
        My bash output said `$$78$$`. Let me check the bash output again.
        `output: "$$78$$\n\n\n"`
        Wait, `$$78$$` is length 5.
        Let's re-calculate.
        `line = '$78'`
        `count = 1`
        `i = 2`: `line = '$78'.center(3 + 2 // 1, '$')` = `'$78'.center(5, '$')` = `'$$78$'`.
        Wait, `$$78$` is length 5.
        `i = 1`: `line = '$$78$'.center(5 + 1 // 1, '$')` = `'$$78$'.center(6, '$')`.
        `len('$$78$')` is 5.
        `width` is 6.
        `6 - 5 = 1`.
        Padding is 1.
        According to Python docs, if the padding is odd, the extra character goes to the right.
        So, left padding = `1 // 2 = 0`.
        Right padding = `1 - 0 = 1`.
        `line = '$$78$' + '$' = '$$78$$'`.
    
        Let's verify the `center` behavior for odd padding.
        `"a".center(2, "x")` -> `"ax"`
        `"a".center(4, "x")` -> `"xax x"`? No.
        `"a".center(4, "x")` -> `"xax x"` is not right.
        `"a".center(4, "x")` -> `"xax x"`? No.
        `"a".center(4, "x")` -> `"xax "`? No.
        Let's check:
        `"a".center(2, "x")` -> `len=1`, `width=2`. `diff=1`. Left=0, Right=1. Result `"ax"`.
        `"a".center(3, "x")` -> `len=1`, `width=3`. `diff=2`. Left=1, Right=1. Result `"xax"`.
        `"a".center(4, "x")` -> `len=1`, `width=4`. `diff=3`. Left=1, Right=2. Result `"xxax"`? No, wait.
        Python `center` implementation:
        `left_padding = (width - len) // 2`
        `right_padding = width - len - left_padding`
        So for `width=4, len=1`: `left = (4-1)//2 = 1`. `right = 4-1-1 = 2`. Result `"xaxx"`.
        Wait, let's check `"$78".center(5, "$")`.
        `len=3, width=5`. `diff=2`. `left = 2//2 = 1`. `right = 2-1 = 1`.
        Result: `'$' + '$78' + '$' = '$$78$'`.
        Then `i=1`: `line = '$$78$'.center(5 + 1, '$')`.
        `len=5, width=6`. `diff=1`. `left = 1//2 = 0`. `right = 1-0 = 1`.
        Result: `'$$78$' + '$' = '$$78$$'`.
    
        Let's re-verify the bash output.
        Bash output: `$$78$$`
        Yes, it matches.
    
        Wait, I should double check the `i // len(char)` part.
        `char` is `'$'`. `len(char)` is 1.
        So `i // len(char)` is just `i`.
        `i` goes `2, 1`.
    
        Iteration 1: `i=2`. `line = '$78'.center(3 + 2, '$')` = `'$78'.center(5, '$')` = `'$$78$'`.
        Iteration 2: `i=1`. `line = '$$78$'.center(5 + 1, '$')` = `'$$78$'.center(6, '$')` = `'$$78$$'`.
    
        Wait, let me check `'$78'.upper()`.
        `'$'` upper is `'$'`.
        `'7'` upper is `'7'`.
        `'8'` upper is `'8'`.
        So `'$78'`.
    
        Wait, let me check if `i // len(char)` could be different if `char` was longer.
        If `char` was `'$$'`, `len(char)` would be 2.
        But `char` is `'$'`.
    
        Let's double check the `range`.
        `count = 1`.
        `range(1+1, 0, -1)` is `range(2, 0, -1)`.
        This produces `2`, then `1`.
    
        Let's re-verify the `center` logic.
        `'$$78$'.center(6, '$')`
        `width = 6`
        `len = 5`
        `diff = 1`
        `left = 1 // 2 = 0`
        `right = 1 - 0 = 1`
        `'$$78$' + '$' = '$$78$$'`
    
        Is there any other detail?
        `line.count(char)`: `'$78'.count('$')` is 1.
        `range(2, 0, -1)`: `2, 1`.
        `i=2`: `line = '$78'.center(3 + 2, '$')` -> `'$$78$'`
        `i=1`: `line = '$$78$'.center(5 + 1, '$')` -> `'$$78$$'`
    
        Let's check the `upper()` call again.
        `'$78'.upper()` is `'$78'`.
    
        Wait, I should check if `i // len(char)` uses integer division.
        Yes, `//` is floor division in Python.
    
        One more check on `center` padding distribution.
        Python 3 `str.center` documentation:
        "The original string is returned if width is less than or equal to len(s)."
        "If width is greater than len(s), the string is padded with the fillchar. The padding is distributed as evenly as possible, with the extra character (if any) on the right."
        Wait, "the extra character (if any) on the right".
        If `diff = 1`, `left = 0`, `right = 1`.
        If `diff = 3`, `left = 1`, `right = 2`.
        This matches my calculation.
    
        Let's re-calculate `i=2` again.
        `len = 3`. `width = 5`. `diff = 2`.
        `left = 2 // 2 = 1`. `right = 2 - 1 = 1`.
        `'$' + '$78' + '$' = '$$78$'`. Correct.
    
        Final check:
        `f('$78'.upper(), '$')`
        `line = '$78'`
        `char = '$'`
        `count = 1`
        `i = 2`: `line = '$78'.center(5, '$')` -> `'$$78$'`
        `i = 1`: `line = '$$78$'.center(6, '$')` -> `'$$78$$'`
    
        Wait, I'll run a quick script to be 100% sure about the `center` padding.
        Actually, I already ran it in the bash.
        The output was `$$78$$`.
    
        Wait, let me check the bash output again.
        `output: "$$78$$\n\n\n"`
        Yes.
    
        Wait, I should confirm if `'$78'.upper()` might be different.
        `'$'` is not a lowercase letter, so `upper()` returns `'$'`.
        `'7'` and `'8'` are digits, so `upper()` returns `'7'` and `'8'`.
        So `'$78'`.
    
        Wait, I'll just double check the `range(count+1, 0, -1)` one more time.
        `count = 1`.
        `count + 1 = 2`.
        `range(2, 0, -1)`
        Start at 2.
        Step is -1.
        Stop at 0 (exclusive).
        So it's 2, 1. Correct.
    
        Wait, let me check the `i // len(char)` part again.
        `i=2`, `len(char)=1`. `2 // 1 = 2`.
        `i=1`, `len(char)=1`. `1 // 1 = 1`.
        Correct.
    
        Wait, I just noticed something.
        `line = line.center(len(line)+i // len(char), char)`
        In the first iteration:
        `line` is `'$78'`. `len(line)` is 3.
        `i` is 2. `len(char)` is 1.
        `new_len = 3 + 2 = 5`.
        `line = '$78'.center(5, '$')` -> `'$$78$'`.
    
        In the second iteration:
        `line` is `'$$78$'`. `len(line)` is 5.
        `i` is 1. `len(char)` is 1.
        `new_len = 5 + 1 = 6`.
        `line = '$$78$'.center(6, '$')` -> `'$$78$$'`.
    
        Result is `'$$78$$'`.
    
        One detail: `'$78'.upper()`
        Is there any case where `$` would be affected? No.
    
        Let's look at the code again.
        ```python
        def f(line, char):
            count = line.count(char)
            for i in range(count+1, 0, -1):
                line = line.center(len(line)+i // len(char), char)
            return line
        ```
        Wait, is it possible that `i // len(char)` is not what I think?
        `len('$')` is 1.
        `2 // 1` is 2.
        `1 // 1` is 1.
        Everything seems correct.
    
        Final answer seems to be `'$$78$$'`.
    
        Wait, I should check if the output in the bash included any quotes.
        The bash output was `$$78$$`.
        The question asks: "What is the output of the following Python code?"
        Usually, this means the value printed by the `print()` function.
        The `print()` function in Python 3 prints the string without quotes.
    
        Let's double check the `upper()` on `'$78'`.
        ```python
        >>> '$78'.upper()
        '$78'
        ```
        Yes.
    
        Let's double check the `center` one more time.
        ```python
        >>> '$78'.center(5, '$')
        '$$78$'
        >>> '$$78$'.center(6, '$')
        '$$78$$'
        ```
        Yes.
    
        Wait, I just realized something.
        The `i // len(char)` is inside the `center` call.
        `line.center(len(line)+i // len(char), char)`
        Is `len(line)` updated in each iteration?
        Yes, `line = line.center(...)`.
        So in the second iteration, `len(line)` is 5.
        And `i` is 1.
        So `5 + 1 // 1 = 6`.
        Yes, that's what I did.
    
        Wait, let me re-read the code to ensure I didn't miss anything.
        `count = line.count(char)` -> `count = 1`.
        `for i in range(2, 0, -1):` -> `i = 2`, then `i = 1`.
        `i=2`: `line = '$78'.center(3 + 2, '$')` -> `'$$78$'`.
        `i=1`: `line = '$$78$'.center(5 + 1, '$')` -> `'$$78$$'`.
    
        The result is `$$78$$`.
    
        Wait, I should check if there's any chance `count` is not 1.
        `line = '$78'.upper()` -> `'$78'`.
        `char = '$'`.
        `'$78'.count('$')` is 1.
        Correct.
    
        One more thing. The question asks for the output of the code.
        The code is:
        ```python
        def f(line, char):
            count = line.count(char)
            for i in range(count+1, 0, -1):
                line = line.center(len(line)+i // len(char), char)
            return line
    
        print(f('$78'.upper(), '$'))
        ```
        (Note: the `print` is implied by the "Call" instruction).
        The output of `print('$$78$$')` is `$$78$$`.
    
        Wait, I'll just do a quick check on the `range` again.
        `range(start, stop, step)`
        `range(2, 0, -1)`
        `start = 2`
        `stop = 0`
        `step = -1`
        Values: `2`, `1`. (Stops before 0).
        Correct.
    
        What if `count` was 0?
        `range(1, 0, -1)` -> `1`.
        `line = line.center(len(line) + 1, char)`.
    
        What if `line` was `'$78'` and `char` was `'7'`?
        `count = 1`.
        `i = 2`: `line = '$78'.center(3+2, '7')` -> `'7$787'`.
        `i = 1`: `line = '7$787'.center(5+1, '7')` -> `'77$787'`.
    
        Everything seems consistent.
    
        Final Answer: $$78$$
  </THINKING>

  <RESPONSE>
    The provided Python code defines a function `f(line, char)` that takes a string `line` and a character `char`. 
    
    1.  **Initial Call**: `f('$78'.upper(), '$')`
        *   `'$78'.upper()` results in `'$78'` (since `$` and digits are unaffected by `.upper()`).
        *   `line = '$78'`
        *   `char = '$'`
    
    2.  **Function Execution**:
        *   `count = line.count('$')` $\rightarrow$ `count = 1`.
        *   The loop `for i in range(count+1, 0, -1):` becomes `for i in range(2, 0, -1):`, which iterates with `i = 2` and then `i = 1`.
    
    3.  **First Iteration (`i = 2`)**:
        *   `len(line)` is 3.
        *   `i // len(char)` is `2 // 1 = 2`.
        *   `new_len = 3 + 2 = 5`.
        *   `line = '$78'.center(5, '$')`.
        *   The `center` method pads the string to length 5 using `$`. Since the difference in length is 2, it adds one `$` to the left and one to the right.
        *   `line` becomes `'$$78$'`.
    
    4.  **Second Iteration (`i = 1`)**:
        *   `len(line)` is 5.
        *   `i // len(char)` is `1 // 1 = 1`.
        *   `new_len = 5 + 1 = 6`.
        *   `line = '$$78$'.center(6, '$')`.
        *   The `center` method pads the string to length 6 using `$`. Since the difference in length is 1, it adds the extra character to the right (as per Python's `str.center` implementation).
        *   `line` becomes `'$$78$$'`.
    
    5.  **Return**: The function returns `'$$78$$'`.
    
    Final Answer: $$78$$
  </RESPONSE>

════════════════════════════════════════════════════════════════
Run end  |  6 steps  |  29063 in  6968 out  |  182.2s  |  chat
════════════════════════════════════════════════════════════════

