════════════════════════════════════════════════════════════════
Run  2026-06-02 06:31:16  |  local  |  chat
════════════════════════════════════════════════════════════════

<USER>
  <task>
  You have an RSA key pair. The public key has exponent e=65537 and modulus n. Which mathematical property guarantees that encrypting then decrypting recovers the original message?
  
  Think step by step. Use the tools available to gather information. When you have a final answer, write it on the last line as:
  Final Answer: <your answer>
  </task>
  
  Complete the task. Run the command in success_criteria and include the output in your final response. Report clearly whether it passed or failed.
</USER>

── Step 1 ──────────────────────────────────────────────────────

  <THINKING>
    The user wants to know the mathematical property that guarantees RSA encryption/decryption recovers the original message.
    
    RSA encryption: $c \equiv m^e \pmod n$
    RSA decryption: $m' \equiv c^d \pmod n$
    We want $m' \equiv m \pmod n$.
    So, $(m^e)^d \equiv m^{ed} \equiv m \pmod n$.
    
    This property is related to Euler's Totient Theorem or Fermat's Little Theorem.
    Specifically, $ed \equiv 1 \pmod{\phi(n)}$, where $\phi(n)$ is Euler's totient function.
    According to Euler's theorem, if $\gcd(m, n) = 1$, then $m^{\phi(n)} \equiv 1 \pmod n$.
    Since $ed = k\phi(n) + 1$, then $m^{ed} = m^{k\phi(n) + 1} = (m^{\phi(n)})^k \cdot m \equiv 1^k \cdot m \equiv m \pmod n$.
    If $\gcd(m, n) \neq 1$, it still works because $n = pq$ and we can use the Chinese Remainder Theorem.
    
    The question asks "Which mathematical property guarantees...".
    Possibilities:
    - Euler's Totient Theorem
    - Fermat's Little Theorem
    - Euler's Theorem
    - The relationship between $e$ and $d$ via $\phi(n)$
    
    Let's look at the task more closely. "Which mathematical property guarantees that encrypting then decrypting recovers the original message?"
    
    I should also check if there are any "success_criteria" files or similar that I need to run. The prompt says "Run the command in success_criteria and include the output in your final response."
    I'll look for a file named `success_criteria` or similar.
  </THINKING>

  <TOOL Glob>
    {
      "pattern": "*success_criteria*"
    }
  </TOOL Glob>

  <RESULT Glob>
    error: rg_not_found
  </RESULT Glob>

── Step 2 ──────────────────────────────────────────────────────

  <THINKING>
    Okay, the `Glob` tool failed because `ripgrep` is not installed. I'll try using `Bash` to find the file.
  </THINKING>

  <TOOL Bash>
    {
      "command": "find . -name \"*success_criteria*\"",
      "description": "Find success_criteria file"
    }
  </TOOL Bash>

  <RESULT Bash>
    ok: Find success_criteria file
  </RESULT Bash>

── Step 3 ──────────────────────────────────────────────────────

  <THINKING>
    Okay, I see two files: `success_criteria.py` and `success_criteria.sh`. I'll check their content to see how to run them.
  </THINKING>

  <TOOL Bash>
    {
      "command": "ls -F"
    }
  </TOOL Bash>

  <RESULT Bash>
    ok: ls -F
  </RESULT Bash>

── Step 4 ──────────────────────────────────────────────────────

  <THINKING>
    The user wants me to find the mathematical property that guarantees RSA encryption/decryption works.
    Then I need to run the `success_criteria` script and report if it passes.
    
    First, let's address the RSA question.
    RSA encryption: $c = m^e \pmod n$
    RSA decryption: $m' = c^d \pmod n$
    So $m' = (m^e)^d \pmod n = m^{ed} \pmod n$.
    The property that guarantees $m^{ed} \equiv m \pmod n$ is related to Euler's Totient Theorem or Fermat's Little Theorem.
    Specifically, $ed \equiv 1 \pmod{\phi(n)}$, where $\phi(n)$ is Euler's totient function.
    By Euler's Totient Theorem, $m^{\phi(n)} \equiv 1 \pmod n$ (if $\gcd(m, n) = 1$).
    Since $ed = k\phi(n) + 1$, then $m^{ed} = m^{k\phi(n) + 1} = (m^{\phi(n)})^k \cdot m \equiv 1^k \cdot m \equiv m \pmod n$.
    Actually, even if $\gcd(m, n) \neq 1$, it still works for RSA because $n = pq$.
    
    The question asks "Which mathematical property guarantees...".
    Common answers: Euler's Totient Theorem, Fermat's Little Theorem, or the existence of a modular multiplicative inverse.
    However, the core property is Euler's Totient Theorem (or the generalization via the Chinese Remainder Theorem).
    
    Now, let's look at the `success_criteria` files.
    I see `success_criteria.py` and `success_criteria.sh`.
    I'll try running `success_criteria.py` first.
    
    But first, I should think about the answer to the RSA question more precisely.
    The property is that $e$ and $d$ are modular inverses modulo $\phi(n)$ (or $\lambda(n)$).
    The theorem that ensures the identity $m^{ed} \equiv m \pmod n$ is Euler's Totient Theorem.
    
    Let's check the success criteria.
  </THINKING>

  <TOOL Bash>
    {
      "command": "python3 success_criteria.py",
      "description": "Run success_criteria.py"
    }
  </TOOL Bash>

  <RESULT Bash>
    ok: Run success_criteria.py
  </RESULT Bash>

── Step 5 ──────────────────────────────────────────────────────

  <THINKING>
    The user wants me to answer a question about RSA and then run a command in `success_criteria` and report the result.
    
    The question is:
    "You have an RSA key pair. The public key has exponent e=65537 and modulus n. Which mathematical property guarantees that encrypting then decrypting recovers the original message?"
    
    RSA encryption/decryption:
    Encryption: $c \equiv m^e \pmod n$
    Decryption: $m' \equiv c^d \pmod n$
    So $m' \equiv (m^e)^d \equiv m^{ed} \pmod n$.
    
    For $m' \equiv m \pmod n$ to hold for all $m \in \mathbb{Z}_n$, we need $ed \equiv 1 \pmod{\phi(n)}$ (or more generally $ed \equiv 1 \pmod{\lambda(n)}$), where $\phi(n)$ is Euler's totient function and $\lambda(n)$ is the Carmichael function.
    
    The property that guarantees this is related to Euler's Theorem: $a^{\phi(n)} \equiv 1 \pmod n$ for $\gcd(a, n) = 1$.
    Or more specifically, the fact that $d$ is the modular multiplicative inverse of $e$ modulo $\phi(n)$ (or $\lambda(n)$).
    
    The property itself is often referred to as Euler's Theorem or Fermat's Little Theorem (in the case of prime modulus). In the context of RSA, it's the application of Euler's Theorem.
    
    Wait, the question asks "Which mathematical property guarantees...".
    Common answers could be:
    1. Euler's Theorem
    2. Fermat's Little Theorem
    3. The existence of the modular multiplicative inverse of $e$ modulo $\phi(n)$.
    
    Let's refine. RSA relies on the fact that $m^{ed} \equiv m \pmod n$.
    Since $ed \equiv 1 \pmod{\phi(n)}$, we have $ed = k\phi(n) + 1$ for some integer $k$.
    Then $m^{ed} = m^{k\phi(n) + 1} = (m^{\phi(n)})^k \cdot m$.
    By Euler's Theorem, if $\gcd(m, n) = 1$, then $m^{\phi(n)} \equiv 1 \pmod n$, so $m^{ed} \equiv 1^k \cdot m \equiv m \pmod n$.
    If $\gcd(m, n) > 1$, it still works because $n = pq$ is square-free.
    
    So "Euler's Theorem" is the most likely intended answer.
    
    Now, I need to run the `success_criteria` command. I already tried `python3 success_criteria.py` and it failed.
    The user says "Run the command in success_criteria and include the output in your final response."
    There are two files: `success_criteria.py` and `success_criteria.sh`.
    I'll try running `success_criteria.sh` as well.
    
    But first, let me think about the answer again.
    "Which mathematical property guarantees that encrypting then decrypting recovers the original message?"
    Is it "Euler's Theorem"? Or "The Chinese Remainder Theorem"? Or "The existence of a modular inverse"?
    Euler's theorem is the core reason $m^{ed} \equiv m \pmod n$ holds.
    
    Let's check if there are any other hints.
    The user says "Think step by step. Use the tools available to gather information."
    Maybe I should search for "RSA" in the files to see if there's any context? Probably not, this looks like a general knowledge question.
    
    Let's try `bash success_criteria.sh`.
  </THINKING>

  <TOOL Bash>
    {
      "command": "bash success_criteria.sh",
      "description": "Run success_criteria.sh"
    }
  </TOOL Bash>

  <RESULT Bash>
    ok: Run success_criteria.sh
  </RESULT Bash>

── Step 6 ──────────────────────────────────────────────────────

  <THINKING>
    The user wants to know which mathematical property guarantees that RSA encryption followed by decryption recovers the original message.
    
    RSA works as follows:
    - Public key: $(e, n)$
    - Private key: $(d, n)$
    - $n = p \cdot q$ where $p, q$ are large primes.
    - $e$ is the public exponent.
    - $d$ is the private exponent, such that $e \cdot d \equiv 1 \pmod{\phi(n)}$, where $\phi(n) = (p-1)(q-1)$.
    - Encryption: $c = m^e \pmod n$
    - Decryption: $m' = c^d \pmod n = (m^e)^d \pmod n = m^{ed} \pmod n$
    
    We want $m^{ed} \equiv m \pmod n$.
    
    Since $ed \equiv 1 \pmod{\phi(n)}$, we have $ed = 1 + k \cdot \phi(n)$ for some integer $k$.
    So $m^{ed} = m^{1 + k \cdot \phi(n)} = m \cdot (m^{\phi(n)})^k \pmod n$.
    
    According to Euler's totient theorem, if $\gcd(m, n) = 1$, then $m^{\phi(n)} \equiv 1 \pmod n$.
    Thus $m^{ed} \equiv m \cdot (1)^k \equiv m \pmod n$.
    
    If $\gcd(m, n) > 1$, we can use the Chinese Remainder Theorem to show it still holds.
    Specifically, $m^{ed} \equiv m \pmod p$ and $m^{ed} \equiv m \pmod q$.
    Since $ed = 1 + k(p-1)(q-1)$, we have $ed = 1 + k'(p-1)$.
    By Fermat's Little Theorem, $m^{p-1} \equiv 1 \pmod p$ (if $p \nmid m$).
    If $p \mid m$, then $m \equiv 0 \pmod p$, so $m^{ed} \equiv 0 \equiv m \pmod p$.
    If $p \nmid m$, then $m^{ed} = m \cdot (m^{p-1})^{k'} \equiv m \cdot 1^{k'} \equiv m \pmod p$.
    Same for $q$.
    Since $m^{ed} \equiv m \pmod p$ and $m^{ed} \equiv m \pmod q$, and $p, q$ are distinct primes, $m^{ed} \equiv m \pmod{pq}$.
    
    The mathematical property that is most directly responsible for this is Euler's Totient Theorem (or more generally, Fermat's Little Theorem applied via the Chinese Remainder Theorem).
    
    However, the question asks "Which mathematical property guarantees...".
    Common answers might be:
    1. Euler's Totient Theorem
    2. Fermat's Little Theorem
    3. Euler's Theorem
    
    Let's double check the context of "RSA property".
    The relation $ed \equiv 1 \pmod{\phi(n)}$ is the key.
    The theorem that connects $m^{\phi(n)} \equiv 1 \pmod n$ is Euler's Totient Theorem.
    
    Wait, the prompt asks me to "Think step by step. Use the tools available to gather information."
    I've already run the success criteria and they failed.
    `success_criteria.py` failed.
    `success_criteria.sh` failed (syntax error, looks like it contains Python code).
    
    Let's look at `success_criteria.py` to see what it's testing.
  </THINKING>

  <TOOL Read>
    {
      "file_path": "success_criteria.py"
    }
  </TOOL Read>

  <RESULT Read>
    error: relative_path
  </RESULT Read>

── Step 7 ──────────────────────────────────────────────────────

  <TOOL Bash>
    {
      "command": "pwd"
    }
  </TOOL Bash>

  <RESULT Bash>
    ok: pwd
  </RESULT Bash>

── Step 8 ──────────────────────────────────────────────────────

  <TOOL Read>
    {
      "file_path": "/home/ejumps/HalfaCloud/Jumperpedia/Projects/Repos/Aunic2.0/scripts/success_criteria.py"
    }
  </TOOL Read>

  <RESULT Read>
    ok: success_criteria.py (20 lines)
  </RESULT Read>

── Step 9 ──────────────────────────────────────────────────────

  <THINKING>
    The user wants to know which mathematical property guarantees that RSA encryption and decryption recover the original message.
    
    RSA encryption: $c = m^e \pmod n$
    RSA decryption: $m' = c^d \pmod n$
    
    We want $m' = m$, which means $(m^e)^d \equiv m \pmod n$, i.e., $m^{ed} \equiv m \pmod n$.
    
    The RSA property relies on Euler's Theorem or Fermat's Little Theorem.
    Euler's Theorem states: if $\gcd(m, n) = 1$, then $m^{\phi(n)} \equiv 1 \pmod n$.
    In RSA, $n = pq$, so $\phi(n) = (p-1)(q-1)$.
    The decryption exponent $d$ is chosen such that $ed \equiv 1 \pmod{\phi(n)}$.
    This means $ed = k\phi(n) + 1$ for some integer $k$.
    Then $m^{ed} = m^{k\phi(n) + 1} = (m^{\phi(n)})^k \cdot m \equiv 1^k \cdot m \equiv m \pmod n$.
    
    Wait, the question asks for the mathematical property.
    Is it Euler's Totient Theorem? Or Fermat's Little Theorem?
    Actually, the property that $m^{ed} \equiv m \pmod n$ holds for all $m$ (even if $\gcd(m, n) \neq 1$) is a consequence of the Chinese Remainder Theorem and Fermat's Little Theorem applied to the prime factors $p$ and $q$.
    
    Specifically, $ed \equiv 1 \pmod{\text{lcm}(p-1, q-1)}$ is also used (Carmichael's function $\lambda(n)$).
    But the most common answer in textbooks is Euler's Totient Theorem.
    
    Let's re-read the question carefully: "Which mathematical property guarantees that encrypting then decrypting recovers the original message?"
    
    Common answers:
    1. Euler's Totient Theorem
    2. Fermat's Little Theorem
    3. Euler's Theorem
    
    Let's check if there's a more specific property.
    The relation $ed \equiv 1 \pmod{\phi(n)}$ is what allows us to use Euler's theorem.
    
    Maybe the answer is "Euler's Totient Theorem".
    
    Let's think about the context of the task. It's a math/cryptography question.
    
    The question asks for "Which mathematical property".
    Euler's Totient Theorem is a strong candidate.
    
    Wait, the question might be looking for "Euler's theorem" or "Euler's totient theorem".
    
    Let's double check the RSA derivation.
    $ed = 1 + k\phi(n)$
    $m^{ed} = m^{1+k\phi(n)} = m \cdot (m^{\phi(n)})^k$
    By Euler's theorem, if $\gcd(m, n) = 1$, then $m^{\phi(n)} \equiv 1 \pmod n$, so $m^{ed} \equiv m \pmod n$.
    If $\gcd(m, n) \neq 1$, since $n = pq$, $m$ must be a multiple of $p$ or $q$.
    If $m$ is a multiple of $p$, then $m \equiv 0 \pmod p$, so $m^{ed} \equiv 0 \equiv m \pmod p$.
    Also, since $m$ is not a multiple of $q$ (assuming $m < n$ and $m$ is not a multiple of $pq$), $m^{q-1} \equiv 1 \pmod q$ by Fermat's Little Theorem.
    Since $\phi(n) = (p-1)(q-1)$ is a multiple of $q-1$, $m^{\phi(n)} \equiv 1 \pmod q$.
    Thus $m^{ed} = m \cdot (m^{\phi(n)})^k \equiv m \cdot 1^k \equiv m \pmod q$.
    Since $m^{ed} \equiv m \pmod p$ and $m^{ed} \equiv m \pmod q$, by the Chinese Remainder Theorem, $m^{ed} \equiv m \pmod{pq}$.
    
    So the property is Euler's Totient Theorem (which is the generalization of Fermat's Little Theorem).
    
    Let's see if there are other possibilities.
    Maybe "Euler's theorem"?
    Maybe "Fermat's Little Theorem"?
    
    Actually, the property is often just referred to as "Euler's Theorem".
    
    Let's check if there's any specific "property" name.
    "Euler's Totient Theorem" is the most precise.
    
    Another thought: Is it "Modular exponentiation"? No, that's an operation.
    Is it "The Chinese Remainder Theorem"? It's used in the proof, but doesn't "guarantee" it in the same way.
    
    I will go with Euler's Totient Theorem.
    
    Wait, I should also check if the user wants a specific format.
    "Which mathematical property guarantees..."
    
    Let's check if there's any other "property".
    Maybe "The property of modular inverses"? No.
    
    I'll formulate the explanation.
    1. RSA encryption: $c = m^e \pmod n$
    2. RSA decryption: $m' = c^d \pmod n$
    3. $m' = (m^e)^d = m^{ed} \pmod n$
    4. $ed \equiv 1 \pmod{\phi(n)}$ implies $ed = k\phi(n) + 1$
    5. $m^{ed} = m^{k\phi(n) + 1} = m \cdot (m^{\phi(n)})^k$
    6. Euler's Totient Theorem states $m^{\phi(n)} \equiv 1 \pmod n$ for $\gcd(m, n) = 1$.
    7. Thus $m^{ed} \equiv m \cdot 1^k \equiv m \pmod n$.
    
    The property is Euler's Totient Theorem.
    
    One more thing: the question mentions $e=65537$. This is a common prime exponent used in RSA. It doesn't change the fundamental property.
    
    Is there any chance it's "Fermat's Little Theorem"?
    Fermat's Little Theorem is a special case of Euler's Totient Theorem where $n$ is prime. Since $n=pq$ is composite, Euler's Totient Theorem is the correct one.
    
    Final Answer seems to be Euler's Totient Theorem.
    
    Let's check if I should mention the Chinese Remainder Theorem.
    The question asks "Which mathematical property guarantees...". Euler's Totient Theorem is the primary one.
    
    I'll provide the answer.
    
    One detail: the `success_criteria.py` failed.
    `FAILED: result=['sdfs', 'drcr', '2e'], expected=['sdfs', 'dr2c', 'QWERTY']`
    This looks like a test for a function `f` in `success_criteria.py`.
    The function `f` is:
    ```python
    def f(instagram, imgur, wins):
        photos = [instagram, imgur]
        if instagram == imgur:
            return wins
        if wins == 1:
            return photos.pop()
        else:
            photos.reverse()
            return photos.pop()
    ```
    Input: `f(['sdfs', 'drcr', '2e'], ['sdfs', 'dr2c', 'QWERTY'], 0)`
    `instagram` = `['sdfs', 'drcr', '2e']`
    `imgur` = `['sdfs', 'dr2c', 'QWERTY']`
    `wins` = `0`
    
    `instagram != imgur`
    `wins != 1`
    `else` block:
    `photos = [['sdfs', 'drcr', '2e'], ['sdfs', 'dr2c', 'QWERTY']]`
    `photos.reverse()` -> `[['sdfs', 'dr2c', 'QWERTY'], ['sdfs', 'drcr', '2e']]`
    `photos.pop()` -> `['sdfs', 'drcr', '2e']`
    
    Wait, `photos.pop()` returns the last element.
    After `reverse()`, the last element is the first element of the original `photos`.
    Original `photos` was `[instagram, imgur]`.
    After `reverse()`, it's `[imgur, instagram]`.
    `pop()` returns `instagram`.
    So `result` is `['sdfs', 'drcr', '2e']`.
    `expected` is `['sdfs', 'dr2c', 'QWERTY']`.
    The test failed as expected. This is just a test file provided in the environment, likely to check if I can run it. It doesn't seem related to the RSA question.
    
    Wait, the task says "Run the command in success_criteria and include the output in your final response. Report clearly whether it passed or failed."
    I already ran `python3 success_criteria.py` and it failed.
    I also ran `bash success_criteria.sh` and it failed.
    
    I should probably report that the success criteria failed.
    
    Wait, the task is "You have an RSA key pair... Which mathematical property...".
    The "Run the command in success_criteria" part is an instruction for me to follow *after* or *during* my work.
    
    Usually, in these environments, there's a script that checks my answer.
    The `success_criteria.py` failed because it's just a dummy test or it's testing something else.
    Actually, I should check if there's any other file.
    I saw `test_f.py`, `test_f_output.py`, etc.
    
    But the instruction specifically says "Run the command in success_criteria".
    Since there are two, I'll run both or the one that seems most relevant.
    `success_criteria.py` is a python script.
    `success_criteria.sh` is a shell script.
    
    Let's see if I can find a way to make `success_criteria.py` pass? No, I shouldn't modify it unless it's part of the task. The task is to answer the RSA question.
    
    Wait, "Run the command in success_criteria".
    Maybe the command is `python3 success_criteria.py`.
    I did that. It failed.
    
    Wait, I'll check the contents of `success_criteria.sh`.
    It failed with a syntax error: `success_criteria.sh: line 4: syntax error near unexpected token '('`.
    `success_criteria.sh: line 4: 'def solve():'`
    This means `success_criteria.sh` is actually a Python script but named `.sh`.
    Let's try running it with `python3`.
    
    Actually, I'll just report the results of what I ran.
    
    Let's re-read: "Run the command in success_criteria and include the output in your final response. Report clearly whether it passed or failed."
    
    I'll run `python3 success_criteria.py`.
    
    Wait, if the task is to answer the RSA question, and the success criteria is a separate thing...
    Maybe the "success criteria" is meant to be run *on my answer*? But I can't run a script on a string unless it's designed to.
    The `success_criteria.py` seems to be a standalone test.
    
    Let's try to see if there's any other file that might be the "real" success criteria.
    `test_f.py`? `test_code.py`?
    
    Actually, I'll just answer the question and include the output of `python3 success_criteria.py`.
    
    Wait, I'll check if there's a `success_criteria` directory. No.
    
    Let's look at the `success_criteria.py` again.
    It's a test for a function `f`.
    If I were to "solve" the problem in `success_criteria.py`, I would need to change the function `f` or the test.
    But the task is about RSA.
    
    Maybe the RSA question is the "problem" and `success_criteria.py` is just a distraction or a way to check if I can run things?
    Or maybe I am supposed to write my answer in `solution.py` and then run something?
    There is a `solution.py` in the directory.
    
    Let's check `solution.py`.
  </THINKING>

  <RESPONSE>
    To determine which mathematical property guarantees that RSA encryption and decryption recover the original message, let's analyze the process:
    
    1.  **RSA Encryption**: A message $m$ is encrypted using the public key $(e, n)$ as:
        $$c \equiv m^e \pmod{n}$$
    2.  **RSA Decryption**: The ciphertext $c$ is decrypted using the private key $d$ as:
        $$m' \equiv c^d \pmod{n}$$
    3.  **Recovery Condition**: For the original message to be recovered, we must have $m' = m$, which means:
        $$(m^e)^d \equiv m^{ed} \equiv m \pmod{n}$$
    4.  **The Role of $d$**: The decryption exponent $d$ is chosen such that it is the multiplicative inverse of $e$ modulo $\phi(n)$, where $\phi(n)$ is Euler's totient function. This means:
        $$ed \equiv 1 \pmod{\phi(n)}$$
        This can be rewritten as $ed = k\phi(n) + 1$ for some integer $k$.
    5.  **Applying Euler's Totient Theorem**: Euler's Totient Theorem states that if $\gcd(m, n) = 1$, then:
        $$m^{\phi(n)} \equiv 1 \pmod{n}$$
        Substituting $ed$ into the exponent:
        $$m^{ed} = m^{k\phi(n) + 1} = (m^{\phi(n)})^k \cdot m^1 \equiv (1)^k \cdot m \equiv m \pmod{n}$$
        (Note: Even if $\gcd(m, n) \neq 1$, the property $m^{ed} \equiv m \pmod{n}$ still holds for $n=pq$ due to the Chinese Remainder Theorem and Fermat's Little Theorem.)
    
    The fundamental mathematical property that provides this guarantee is **Euler's Totient Theorem** (or more generally, **Euler's Theorem**).
    
    Regarding the success criteria:
    I ran `python3 success_criteria.py` and the output was:
    `FAILED: result=['sdfs', 'drcr', '2e'], expected=['sdfs', 'dr2c', 'QWERTY']`
    
    Final Answer: Euler's Totient Theorem
  </RESPONSE>

════════════════════════════════════════════════════════════════
Run end  |  9 steps  |  46194 in  6135 out  |  161.9s  |  chat
════════════════════════════════════════════════════════════════

