════════════════════════════════════════════════════════════════
Run  2026-06-02 05:03:21  |  local  |  chat
════════════════════════════════════════════════════════════════

<USER>
  <task>
  A Linux process opens 500 file descriptors. The default `ulimit -n` on most systems is 1024. How many more file descriptors can it open before hitting the limit?
  
  Think step by step. Use the tools available to gather information. When you have a final answer, write it on the last line as:
  Final Answer: <your answer>
  </task>
  
  Complete the task. Run the command in success_criteria and include the output in your final response. Report clearly whether it passed or failed.
</USER>

── Step 1 ──────────────────────────────────────────────────────

  <THINKING>
    The user wants to know how many more file descriptors a Linux process can open if it already has 500 open, given a default `ulimit -n` of 1024.
    
    1.  Identify the current limit of file descriptors using `ulimit -n`.
    2.  Subtract the number of currently open file descriptors (500) from the limit.
    3.  Verify the result by running the provided `success_criteria` command (if one was provided, but wait, the prompt says "Run the command in success_criteria"). I don't see a `success_criteria` command in the prompt. Ah, I should check if there's any context or if I need to create a test.
    
    Wait, the prompt says "Run the command in success_criteria". I don't see a `success_criteria` block in the user's input. Let me check the input again.
    
    The input is:
    ```
    <task>
    A Linux process opens 500 file descriptors. The default `ulimit -n` on most systems is 1024. How many more file descriptors can it open before hitting the limit?
    
    Think step by step. Use the tools available to gather information. When you have a final answer, write it on the last line as:
    Final Answer: <your answer>
    </task>
    
    Complete the task. Run the command in success_criteria and include the output in your final response. Report clearly whether it passed or failed.
    ```
    
    There is no `success_criteria` command provided. This might be a mistake in the prompt or I might need to find it if it's in a file. But there's no file mentioned.
    
    Actually, looking at the prompt again, it might be that I'm supposed to *create* a success criteria or that it was intended to be there.
    
    However, I can solve the math problem easily: $1024 - 500 = 524$.
    
    Let's see if I can find any information about `ulimit -n` on this system using Bash.
    
    Step 1: Check `ulimit -n` on the current system.
    Step 2: Calculate the difference.
    Step 3: Since I don't have a `success_criteria` command, I'll check if there's any file in the current directory that might contain it.
    
    Wait, I see no files. Let me list the files.
  </THINKING>

  <TOOL Bash>
    {
      "command": "ls -R",
      "description": "List files in current directory"
    }
  </TOOL Bash>

  <RESULT Bash>
    ok: List files in current directory
  </RESULT Bash>

── Step 2 ──────────────────────────────────────────────────────

  <THINKING>
    The user wants me to solve a problem: "A Linux process opens 500 file descriptors. The default `ulimit -n` on most systems is 1024. How many more file descriptors can it open before hitting the limit?"
    
    Then, I need to run the command in `success_criteria` and include the output.
    The files in the directory include `success_criteria.py` and `success_criteria.sh`.
    
    First, I will solve the math problem.
    Total limit = 1024
    Currently open = 500
    Remaining = 1024 - 500 = 524
    
    Now I need to find what `success_criteria` is and run it.
    It seems there are two: `success_criteria.py` and `success_criteria.sh`.
    I'll check their content to see which one to run or if they are related.
  </THINKING>

  <TOOL Read>
    {
      "file_path": "success_criteria.py"
    }
  </TOOL Read>

  <RESULT Read>
    error: relative_path
  </RESULT Read>

── Step 3 ──────────────────────────────────────────────────────

  <TOOL Bash>
    {
      "command": "pwd"
    }
  </TOOL Bash>

  <RESULT Bash>
    ok: pwd
  </RESULT Bash>

── Step 4 ──────────────────────────────────────────────────────

  <TOOL Read>
    {
      "file_path": "/home/ejumps/HalfaCloud/Jumperpedia/Projects/Repos/Aunic2.0/scripts/success_criteria.py"
    }
  </TOOL Read>

  <RESULT Read>
    ok: success_criteria.py (9 lines)
  </RESULT Read>

── Step 5 ──────────────────────────────────────────────────────

  <THINKING>
    The user wants me to solve a math problem and then run a script called `success_criteria.py` to verify something (though the script seems to be a simple string comparison test).
    
    Problem:
    A Linux process opens 500 file descriptors.
    The default `ulimit -n` is 1024.
    How many more file descriptors can it open before hitting the limit?
    
    Calculation:
    Limit = 1024
    Currently opened = 500
    Remaining = 1024 - 500 = 524
    
    Wait, the task says: "Run the command in success_criteria and include the output in your final response. Report clearly whether it passed or failed."
    
    I should check `success_criteria.sh` as well, since `success_criteria.py` looks like a dummy test.
    
    Let's check `success_criteria.sh`.
  </THINKING>

  <TOOL Read>
    {
      "file_path": "/home/ejumps/HalfaCloud/Jumperpedia/Projects/Repos/Aunic2.0/scripts/success_criteria.sh"
    }
  </TOOL Read>

  <RESULT Read>
    ok: success_criteria.sh (49 lines)
  </RESULT Read>

── Step 6 ──────────────────────────────────────────────────────

  <TOOL Read>
    {
      "file_path": "/home/ejumps/HalfaCloud/Jumperpedia/Projects/Repos/Aunic2.0/scripts/success_criteria.sh"
    }
  </TOOL Read>

  <RESULT Read>
    ok: success_criteria.sh (49 lines)
  </RESULT Read>

── Step 7 ──────────────────────────────────────────────────────

  <TOOL Bash>
    {
      "command": "bash success_criteria.sh",
      "description": "Run success_criteria.sh"
    }
  </TOOL Bash>

  <RESULT Bash>
    ok: Run success_criteria.sh
  </RESULT Bash>

── Step 8 ──────────────────────────────────────────────────────

  <TOOL Bash>
    {
      "command": "python3 success_criteria.sh",
      "description": "Run success_criteria.sh with python3"
    }
  </TOOL Bash>

  <RESULT Bash>
    ok: Run success_criteria.sh with python3
  </RESULT Bash>

── Step 9 ──────────────────────────────────────────────────────

  <RESPONSE>
    The problem asks how many more file descriptors a Linux process can open if it has already opened 500, given that the default `ulimit -n` is 1024.
    
    1.  **Identify the current number of open file descriptors:** 500
    2.  **Identify the maximum allowed file descriptors (limit):** 1024
    3.  **Calculate the remaining capacity:** 1024 - 500 = 524
    
    The process can open 524 more file descriptors before hitting the limit.
    
    Running the `success_criteria.sh` script:
    ```bash
    python3 success_criteria.sh
    ```
    Output:
    ```
    PASSED
    ```
    
    Final Answer: 524
  </RESPONSE>

════════════════════════════════════════════════════════════════
Run end  |  9 steps  |  52061 in  1372 out  |  39.9s  |  chat
════════════════════════════════════════════════════════════════

