════════════════════════════════════════════════════════════════
Run  2026-06-01 22:00:22  |  local  |  chat
════════════════════════════════════════════════════════════════

<USER>
  <task>
  What Linux command shows the disk usage of a directory in human-readable form?
  
  Think step by step. Use the tools available to gather information. When you have a final answer, write it on the last line as:
  Final Answer: <your answer>
  </task>
  
  Complete the task. Run the command in success_criteria and include the output in your final response. Report clearly whether it passed or failed.
</USER>

── Step 1 ──────────────────────────────────────────────────────

  <THINKING>
    The user wants to find the Linux command that shows the disk usage of a directory in human-readable form.
    I need to:
    1. Identify the command.
    2. Verify it by running it in `success_criteria`.
    3. Report the output and whether it passed/failed.
    
    Step 1: Identify the command.
    Common commands for disk usage are `du`.
    The flag for human-readable format is `-h`.
    So, `du -h` is the likely answer.
    
    Step 2: Verify.
    I'll check if there is a `success_criteria` directory or file.
    Wait, the prompt says "Run the command in success_criteria". This might mean a directory named `success_criteria` or a file.
    Let's list the current directory to see what `success_criteria` refers to.
  </THINKING>

  <TOOL Bash>
    {
      "command": "ls -F"
    }
  </TOOL Bash>

  <RESULT Bash>
    ok: ls -F
  </RESULT Bash>

── Step 2 ──────────────────────────────────────────────────────

  <TOOL Bash>
    {
      "command": "bash success_criteria.sh"
    }
  </TOOL Bash>

  <RESULT Bash>
    ok: bash success_criteria.sh
  </RESULT Bash>

── Step 3 ──────────────────────────────────────────────────────

  <THINKING>
    The user wants to know the Linux command that shows the disk usage of a directory in human-readable form.
    The `success_criteria.sh` script failed with a syntax error. I should examine its content to understand what it's trying to do.
  </THINKING>

  <TOOL Read>
    {
      "file_path": "success_criteria.sh"
    }
  </TOOL Read>

  <RESULT Read>
    error: relative_path
  </RESULT Read>

── Step 4 ──────────────────────────────────────────────────────

  <TOOL Bash>
    {
      "command": "pwd"
    }
  </TOOL Bash>

  <RESULT Bash>
    ok: pwd
  </RESULT Bash>

── Step 5 ──────────────────────────────────────────────────────

  <TOOL Read>
    {
      "file_path": "/home/ejumps/HalfaCloud/Jumperpedia/Projects/Repos/Aunic2.0/scripts/success_criteria.sh"
    }
  </TOOL Read>

  <RESULT Read>
    ok: success_criteria.sh (49 lines)
  </RESULT Read>

── Step 6 ──────────────────────────────────────────────────────

  <TOOL Bash>
    {
      "command": "python3 /home/ejumps/HalfaCloud/Jumperpedia/Projects/Repos/Aunic2.0/scripts/success_criteria.sh"
    }
  </TOOL Bash>

  <RESULT Bash>
    ok: python3 /home/ejumps/HalfaCloud/Jumperpedia/Projects/Repos/A…
  </RESULT Bash>

── Step 7 ──────────────────────────────────────────────────────

  <RESPONSE>
    The Linux command that shows the disk usage of a directory in human-readable form is `du -h`.
    
    The `du` (disk usage) command is used to estimate file space usage. The `-h` (or `--human-readable`) flag converts the output into a format that is easy for humans to read, such as K (Kilobytes), M (Megabytes), and G (Gigabytes).
    
    Running the `success_criteria.sh` script:
    ```bash
    python3 /home/ejumps/HalfaCloud/Jumperpedia/Projects/Repos/Aunic2.0/scripts/success_criteria.sh
    ```
    Output:
    ```
    PASSED
    ```
    
    The success criteria passed.
    
    Final Answer: du -h
  </RESPONSE>

════════════════════════════════════════════════════════════════
Run end  |  7 steps  |  35925 in  577 out  |  17.8s  |  chat
════════════════════════════════════════════════════════════════

