════════════════════════════════════════════════════════════════
Run  2026-06-02 06:51:00  |  local  |  chat
════════════════════════════════════════════════════════════════

<USER>
  <task>
  In SQL, which clause filters rows after grouping?
  
  Think step by step. Use the tools available to gather information. When you have a final answer, write it on the last line as:
  Final Answer: <your answer>
  </task>
  
  Complete the task. Run the command in success_criteria and include the output in your final response. Report clearly whether it passed or failed.
</USER>

── Step 1 ──────────────────────────────────────────────────────

  <THINKING>
    The user wants to know which SQL clause filters rows after grouping.
    I need to:
    1.  Identify the SQL clause that filters rows after the `GROUP BY` clause.
    2.  Verify this information.
    3.  Run a command in `success_criteria` (which is not provided in the prompt, so I should check if there's a file or a way to run it, but wait, the prompt says "Run the command in success_criteria". I don't see a `success_criteria` field in the prompt. Ah, wait, I should look for a file named `success_criteria` or similar if it's a task description? No, usually "success_criteria" is a field in the task description in some environments. In this environment, it's not explicitly provided. Let me check if there are any files in the current directory.)
    
    Wait, I don't see any `success_criteria` in the prompt. Let me check the environment.
  </THINKING>

  <TOOL Bash>
    {
      "command": "ls -F"
    }
  </TOOL Bash>

  <RESULT Bash>
    ok: ls -F
  </RESULT Bash>

── Step 2 ──────────────────────────────────────────────────────

  <TOOL Read>
    {
      "file_path": "test_sql.sql"
    }
  </TOOL Read>

  <RESULT Read>
    error: relative_path
  </RESULT Read>

── Step 3 ──────────────────────────────────────────────────────

  <THINKING>
    Okay, I need to find the absolute path for `test_sql.sql`. I'll use `pwd` to find the current working directory.
  </THINKING>

  <TOOL Bash>
    {
      "command": "pwd"
    }
  </TOOL Bash>

  <RESULT Bash>
    ok: pwd
  </RESULT Bash>

── Step 4 ──────────────────────────────────────────────────────

  <TOOL Read>
    {
      "file_path": "/home/ejumps/HalfaCloud/Jumperpedia/Projects/Repos/Aunic2.0/scripts/test_sql.sql"
    }
  </TOOL Read>

  <RESULT Read>
    ok: test_sql.sql (19 lines)
  </RESULT Read>

── Step 5 ──────────────────────────────────────────────────────

  <TOOL Bash>
    {
      "command": "python3 success_criteria.py"
    }
  </TOOL Bash>

  <RESULT Bash>
    ok: python3 success_criteria.py
  </RESULT Bash>

── Step 6 ──────────────────────────────────────────────────────

  <TOOL Read>
    {
      "file_path": "/home/ejumps/HalfaCloud/Jumperpedia/Projects/Repos/Aunic2.0/scripts/success_criteria.py"
    }
  </TOOL Read>

  <RESULT Read>
    ok: success_criteria.py (15 lines)
  </RESULT Read>

── Step 7 ──────────────────────────────────────────────────────

  <TOOL Bash>
    {
      "command": "python3 success_criteria.py"
    }
  </TOOL Bash>

  <RESULT Bash>
    ok: python3 success_criteria.py
  </RESULT Bash>

── Step 8 ──────────────────────────────────────────────────────

  <RESPONSE>
    The `HAVING` clause in SQL is used to filter rows after they have been grouped by the `GROUP BY` clause. While the `WHERE` clause filters individual rows before any grouping occurs, `HAVING` is applied to the resulting groups, often using aggregate functions (like `SUM`, `COUNT`, or `AVG`) to determine which groups to include in the final result set.
    
    In the provided `test_sql.sql` file:
    - Lines 10-13 demonstrate `HAVING total > 10`, which filters the groups based on the sum of the amounts.
    - Lines 15-19 demonstrate `WHERE amount > 5`, which filters the raw rows before they are grouped.
    
    Running `success_criteria.py` produced no output, which typically indicates that the script (likely a test script) completed without errors or failed silently. However, based on the SQL analysis:
    
    Final Answer: HAVING
  </RESPONSE>

════════════════════════════════════════════════════════════════
Run end  |  8 steps  |  41093 in  644 out  |  19.3s  |  chat
════════════════════════════════════════════════════════════════

