════════════════════════════════════════════════════════════════
Run  2026-06-01 22:25:39  |  local  |  chat
════════════════════════════════════════════════════════════════

<USER>
  <task>
  You have an RSA key pair. The public key has exponent e=65537 and modulus n. Which mathematical property guarantees that encrypting then decrypting recovers the original message?
  
  Think step by step. Use the tools available to gather information. When you have a final answer, write it on the last line as:
  Final Answer: <your answer>
  </task>
  
  Complete the task. Run the command in success_criteria and include the output in your final response. Report clearly whether it passed or failed.
</USER>

── Step 1 ──────────────────────────────────────────────────────

  <THINKING>
    The user wants to know the mathematical property that guarantees RSA decryption works correctly.
    
    RSA encryption: $c \equiv m^e \pmod n$
    RSA decryption: $m' \equiv c^d \pmod n$
    Goal: $m' \equiv m \pmod n$
    
    Substituting $c$:
    $m' \equiv (m^e)^d \equiv m^{ed} \pmod n$
    
    The condition for RSA to work is $m^{ed} \equiv m \pmod n$ for all $m \in \mathbb{Z}_n$.
    
    The keys are chosen such that:
    $n = pq$ (where $p, q$ are distinct primes)
    $\phi(n) = (p-1)(q-1)$
    $ed \equiv 1 \pmod{\phi(n)}$
    
    This means $ed = 1 + k\phi(n)$ for some integer $k$.
    
    Then $m^{ed} = m^{1 + k\phi(n)} = m \cdot (m^{\phi(n)})^k \pmod n$.
    
    By Euler's Totient Theorem, if $\gcd(m, n) = 1$, then $m^{\phi(n)} \equiv 1 \pmod n$.
    So $m^{ed} \equiv m \cdot 1^k \equiv m \pmod n$.
    
    If $\gcd(m, n) > 1$, it's a bit more complex but still holds for $n = pq$ using the Chinese Remainder Theorem.
    
    The mathematical property/theorem often cited is **Euler's Totient Theorem** (or specifically the application of it in the context of the RSA key generation where $ed \equiv 1 \pmod{\phi(n)}$).
    
    Wait, the question asks "Which mathematical property guarantees...".
    Possible answers:
    - Euler's Totient Theorem
    - Fermat's Little Theorem (used in the proof)
    - Euler's Theorem
    - The property of the multiplicative group of integers modulo $n$.
    
    Let's refine. The property is that $e$ and $d$ are modular multiplicative inverses of each other modulo $\phi(n)$ (or modulo $\lambda(n)$, the Carmichael function).
    
    Actually, the question asks for "Which mathematical property...".
    Maybe it refers to **Euler's Theorem**.
    
    Let's check if there are any specific "success criteria" mentioned in the prompt. The prompt says "Run the command in success_criteria and include the output in your final response."
    I don't see a `success_criteria` file or command in the prompt. I should check the files in the directory.
  </THINKING>

  <TOOL Glob>
    {
      "pattern": "*"
    }
  </TOOL Glob>

  <RESULT Glob>
    error: rg_not_found
  </RESULT Glob>

── Step 2 ──────────────────────────────────────────────────────

  <THINKING>
    The user wants to know which mathematical property guarantees that RSA encryption followed by decryption recovers the original message.
    
    RSA encryption: $c = m^e \pmod n$
    RSA decryption: $m' = c^d \pmod n = (m^e)^d \pmod n = m^{ed} \pmod n$
    
    The property that ensures $m^{ed} \equiv m \pmod n$ is related to Euler's Totient Theorem or Fermat's Little Theorem.
    
    Specifically, for RSA:
    $ed \equiv 1 \pmod{\phi(n)}$
    where $\phi(n) = (p-1)(q-1)$ for $n=pq$.
    
    By Euler's Totient Theorem:
    If $\gcd(m, n) = 1$, then $m^{\phi(n)} \equiv 1 \pmod n$.
    Since $ed = 1 + k\phi(n)$ for some integer $k$,
    $m^{ed} = m^{1 + k\phi(n)} = m \cdot (m^{\phi(n)})^k \equiv m \cdot 1^k \equiv m \pmod n$.
    
    If $\gcd(m, n) > 1$, it still works due to the Chinese Remainder Theorem and Fermat's Little Theorem (since $n$ is a product of two primes).
    
    The question asks "Which mathematical property guarantees...".
    Possible answers:
    - Euler's Totient Theorem
    - Fermat's Little Theorem
    - Chinese Remainder Theorem (used in the proof for all $m$)
    - The property that $ed \equiv 1 \pmod{\phi(n)}$
    
    Let's look at the task again. "Which mathematical property guarantees that encrypting then decrypting recovers the original message?".
    
    I should also check if there is any file in the environment that might contain context or if this is a standalone question.
    I'll try to list files using `ls`.
  </THINKING>

  <TOOL Bash>
    {
      "command": "ls -R"
    }
  </TOOL Bash>

  <RESULT Bash>
    ok: ls -R
  </RESULT Bash>

── Step 3 ──────────────────────────────────────────────────────

  <THINKING>
    The user wants me to answer a question about RSA encryption and then run a `success_criteria` command.
    
    Question: "You have an RSA key pair. The public key has exponent e=65537 and modulus n. Which mathematical property guarantees that encrypting then decrypting recovers the original message?"
    
    RSA encryption/decryption:
    Encryption: $c = m^e \pmod n$
    Decryption: $m' = c^d \pmod n$
    So $m' = (m^e)^d \pmod n = m^{ed} \pmod n$
    
    For $m' = m \pmod n$ to hold for all $m$, we need $ed \equiv 1 \pmod{\phi(n)}$ (or more generally $ed \equiv 1 \pmod{\lambda(n)}$ where $\lambda(n)$ is the Carmichael function).
    
    The mathematical property that guarantees this is related to **Euler's Totient Theorem** (or Fermat's Little Theorem as a special case). Specifically, the existence of a modular multiplicative inverse $d$ of $e$ modulo $\phi(n)$ (or $\lambda(n)$) is what allows the decryption.
    
    Wait, the question asks "Which mathematical property guarantees...".
    Is it Euler's Totient Theorem?
    Euler's Theorem states that if $\gcd(m, n) = 1$, then $m^{\phi(n)} \equiv 1 \pmod n$.
    If $ed = 1 + k\phi(n)$, then $m^{ed} = m^{1 + k\phi(n)} = m \cdot (m^{\phi(n)})^k \equiv m \cdot 1^k \equiv m \pmod n$.
    
    The property that $ed \equiv 1 \pmod{\phi(n)}$ is the condition for $d$ to be the inverse of $e$ modulo $\phi(n)$.
    
    The question might be looking for "Euler's Totient Theorem" or "Euler's Theorem".
    
    Let's look at the `success_criteria` file if it exists.
    `success_criteria.sh` is in the current directory.
    
    First, I'll formulate the answer.
    The property is **Euler's Totient Theorem** (or simply **Euler's Theorem**).
    
    Let's check the `success_criteria.sh` file to see what it expects.
  </THINKING>

  <TOOL Read>
    {
      "file_path": "success_criteria.sh"
    }
  </TOOL Read>

  <RESULT Read>
    error: relative_path
  </RESULT Read>

── Step 4 ──────────────────────────────────────────────────────

  <TOOL Bash>
    {
      "command": "pwd"
    }
  </TOOL Bash>

  <RESULT Bash>
    ok: pwd
  </RESULT Bash>

── Step 5 ──────────────────────────────────────────────────────

  <THINKING>
    Okay, I need to solve the RSA question and then run `success_criteria.sh`.
    
    The question is: "You have an RSA key pair. The public key has exponent e=65537 and modulus n. Which mathematical property guarantees that encrypting then decrypting recovers the original message?"
    
    RSA encryption: $c \equiv m^e \pmod n$
    RSA decryption: $m' \equiv c^d \pmod n$
    We want $m' \equiv (m^e)^d \equiv m^{ed} \pmod n$.
    
    The property that guarantees $m^{ed} \equiv m \pmod n$ is based on Euler's Totient Theorem or Fermat's Little Theorem.
    Specifically, $ed \equiv 1 \pmod{\phi(n)}$, where $\phi(n)$ is Euler's totient function.
    If $n = pq$ (where $p, q$ are primes), then $\phi(n) = (p-1)(q-1)$.
    The condition $ed \equiv 1 \pmod{\phi(n)}$ means there exists an integer $k$ such that $ed = k\phi(n) + 1$.
    Then $m^{ed} = m^{k\phi(n) + 1} = (m^{\phi(n)})^k \cdot m$.
    By Euler's Totient Theorem, if $\gcd(m, n) = 1$, then $m^{\phi(n)} \equiv 1 \pmod n$.
    So $m^{ed} \equiv 1^k \cdot m \equiv m \pmod n$.
    (Even if $\gcd(m, n) > 1$, it still works for RSA with $n=pq$ using the Chinese Remainder Theorem and Fermat's Little Theorem).
    
    The "mathematical property" could be Euler's Totient Theorem or simply the fact that $ed \equiv 1 \pmod{\phi(n)}$.
    
    Let's look at the task again. "Which mathematical property guarantees that encrypting then decrypting recovers the original message?"
    
    Maybe it's asking for Euler's Totient Theorem.
    
    Now, I need to run `success_criteria.sh`. I'll use the absolute path.
    The absolute path is `/home/ejumps/HalfaCloud/Jumperpedia/Projects/Repos/Aunic2.0/scripts/success_criteria.sh`.
    
    Wait, I should check if I can run it.
    The user wants me to "Run the command in success_criteria and include the output in your final response."
    
    Let's try to run it first to see what it expects.
  </THINKING>

  <TOOL Bash>
    {
      "command": "/home/ejumps/HalfaCloud/Jumperpedia/Projects/Repos/Aunic2.0/scripts/success_criteria.sh"
    }
  </TOOL Bash>

  <RESULT Bash>
    ok: /home/ejumps/HalfaCloud/Jumperpedia/Projects/Repos/Aunic2.0/…
  </RESULT Bash>

── Step 6 ──────────────────────────────────────────────────────

  <THINKING>
    The user wants me to answer a question about RSA.
    Question: "You have an RSA key pair. The public key has exponent e=65537 and modulus n. Which mathematical property guarantees that encrypting then decrypting recovers the original message?"
    
    I need to think step by step.
    
    RSA Encryption: $c = m^e \pmod n$
    RSA Decryption: $m' = c^d \pmod n$
    Where $d$ is the private exponent.
    
    The property that guarantees $m' = m$ is:
    $m^{ed} \equiv m \pmod n$
    
    This holds if $ed \equiv 1 \pmod{\phi(n)}$ (or more generally $\lambda(n)$), where $\phi(n)$ is Euler's totient function.
    
    The mathematical property is related to Euler's Theorem: $a^{\phi(n)} \equiv 1 \pmod n$ for $\gcd(a, n) = 1$.
    In RSA, $d$ is chosen such that $ed = 1 + k \cdot \phi(n)$.
    Then $m^{ed} = m^{1 + k \cdot \phi(n)} = m \cdot (m^{\phi(n)})^k \equiv m \cdot 1^k \equiv m \pmod n$.
    
    Wait, the question asks "Which mathematical property guarantees...".
    Possible answers:
    1. Euler's Theorem
    2. Fermat's Little Theorem (a special case)
    3. The existence of a modular multiplicative inverse of $e$ modulo $\phi(n)$ (or $\lambda(n)$).
    4. The property that $ed \equiv 1 \pmod{\phi(n)}$.
    
    Let's refine.
    RSA works because of Euler's Totient Theorem.
    Specifically, $m^{ed} \equiv m \pmod n$ is guaranteed by the fact that $ed \equiv 1 \pmod{\phi(n)}$.
    
    The question might be looking for "Euler's Theorem" or "the existence of a modular multiplicative inverse".
    
    Let's check if there's any specific context in the files. The files seem to be unrelated scripts.
    
    The task says "Run the command in success_criteria and include the output in your final response. Report clearly whether it passed or failed."
    I already ran `success_criteria.sh` and it returned `PASSED`.
    
    Wait, the task says "Run the command in success_criteria".
    `success_criteria.sh` is a script. It returned `PASSED`.
    
    Now I need to answer the RSA question.
    
    Steps:
    1. Identify the RSA encryption and decryption formulas.
    2. Show that $m^{ed} \equiv m \pmod n$.
    3. Explain that this relies on $ed \equiv 1 \pmod{\phi(n)}$.
    4. Identify the core mathematical theorem: Euler's Theorem.
    
    Actually, the property that $ed \equiv 1 \pmod{\phi(n)}$ is what allows us to use Euler's Theorem.
    Euler's Theorem states that if $\gcd(m, n) = 1$, then $m^{\phi(n)} \equiv 1 \pmod n$.
    If $\gcd(m, n) \neq 1$, it still works for RSA because $n = pq$ and we can use the Chinese Remainder Theorem to show $m^{ed} \equiv m \pmod p$ and $m^{ed} \equiv m \pmod q$.
    
    Commonly, the answer is "Euler's Theorem".
    
    Let's double check the question wording.
    "Which mathematical property guarantees that encrypting then decrypting recovers the original message?"
    
    Maybe it's "Modular Multiplicative Inverse"?
    Or "Euler's Totient Theorem"?
    
    Let's look at the question again.
    "You have an RSA key pair. The public key has exponent e=65537 and modulus n. Which mathematical property guarantees that encrypting then decrypting recovers the original message?"
    
    The property is that $d$ is the modular multiplicative inverse of $e$ modulo $\phi(n)$.
    But the "mathematical property" that makes the exponentiation work is Euler's Theorem.
    
    Let's check if there are any other clues.
    The question is quite standard.
    
    I will provide the answer as Euler's Theorem (or Euler's Totient Theorem).
    
    Wait, I should also check if `success_criteria.sh` is actually what I should run.
    The instruction says: "Run the command in success_criteria and include the output in your final response. Report clearly whether it passed or failed."
    The file `success_criteria.sh` contains the command? Or is it the command itself?
    I ran `/home/ejumps/HalfaCloud/Jumperpedia/Projects/Repos/Aunic2.0/scripts/success_criteria.sh` and it returned `PASSED`.
    
    I'll formulate the response.
    
    Step-by-step:
    1. RSA encryption: $C = M^e \pmod n$
    2. RSA decryption: $M' = C^d \pmod n$
    3. Combining them: $M' = (M^e)^d \pmod n = M^{ed} \pmod n$
    4. $d$ is chosen such that $ed \equiv 1 \pmod{\phi(n)}$, where $\phi(n)$ is Euler's totient function.
    5. This means $ed = 1 + k\phi(n)$ for some integer $k$.
    6. $M^{ed} = M^{1 + k\phi(n)} = M \cdot (M^{\phi(n)})^k \pmod n$.
    7. According to Euler's Theorem, $M^{\phi(n)} \equiv 1 \pmod n$ if $\gcd(M, n) = 1$.
    8. Therefore, $M^{ed} \equiv M \cdot 1^k \equiv M \pmod n$.
    9. (For the case where $\gcd(M, n) > 1$, the property still holds via the Chinese Remainder Theorem).
    
    The mathematical property is Euler's Theorem.
    
    One more thing: The prompt says "Run the command in success_criteria".
    If `success_criteria.sh` is a script, I've done it.
    
    Let's verify if `success_criteria.sh` is indeed the command.
    I'll read it to be sure.
  </THINKING>

  <TOOL Read>
    {
      "file_path": "/home/ejumps/HalfaCloud/Jumperpedia/Projects/Repos/Aunic2.0/scripts/success_criteria.sh"
    }
  </TOOL Read>

  <RESULT Read>
    ok: success_criteria.sh (49 lines)
  </RESULT Read>

── Step 7 ──────────────────────────────────────────────────────

  <RESPONSE>
    The RSA encryption and decryption process is based on the mathematical properties of modular exponentiation and Euler's Totient Theorem.
    
    1.  **RSA Encryption**: For a message $m$, the ciphertext $c$ is computed as:
        $c \equiv m^e \pmod{n}$
    2.  **RSA Decryption**: The original message $m$ is recovered using the private exponent $d$:
        $m \equiv c^d \pmod{n}$
    3.  **Combined**: Substituting $c$ into the decryption equation gives:
        $m \equiv (m^e)^d \equiv m^{ed} \pmod{n}$
    
    The guarantee that $m^{ed} \equiv m \pmod{n}$ (for all $m$ coprime to $n$) relies on the relationship between $e$ and $d$. Specifically, $d$ is chosen as the modular multiplicative inverse of $e$ modulo $\phi(n)$ (Euler's totient function):
    $ed \equiv 1 \pmod{\phi(n)}$
    
    This means $ed = k \cdot \phi(n) + 1$ for some integer $k$. According to **Euler's Totient Theorem**, if $\gcd(m, n) = 1$, then:
    $m^{\phi(n)} \equiv 1 \pmod{n}$
    
    Therefore:
    $m^{ed} = m^{k\phi(n) + 1} = (m^{\phi(n)})^k \cdot m^1 \equiv 1^k \cdot m \equiv m \pmod{n}$
    
    Even if $\gcd(m, n) \neq 1$, the property still holds for RSA because $n$ is the product of two distinct primes $p$ and $q$, and the congruence can be verified using the Chinese Remainder Theorem.
    
    The fundamental mathematical property that ensures the recovery of the message is **Euler's Totient Theorem** (which is a generalization of Fermat's Little Theorem).
    
    The command `success_criteria.sh` was executed and returned:
    `PASSED`
    
    Final Answer: Euler's Totient Theorem
  </RESPONSE>

════════════════════════════════════════════════════════════════
Run end  |  7 steps  |  34627 in  4091 out  |  106.4s  |  chat
════════════════════════════════════════════════════════════════

