════════════════════════════════════════════════════════════════
Run  2026-06-02 14:47:50  |  local  |  chat
════════════════════════════════════════════════════════════════

<USER>
  <note_path>jellyfin-screensaver.md</note_path>
  
  <note_content>
  # Project
  I would like to make a screensaver that pulls images from my jellyfin server and plays them in a slideshow. The jellyfin server is at media.halfab.net
  
  ## Guide
  This should be a QML-based wallpaper plugin that fetches jellyfin images directly vir `XMLHttpRequest` and cycles them. 
  - should be appliable to either the desktop background, lockscreen and screen saver
  </note_content>
</USER>

── Step 1 ──────────────────────────────────────────────────────

  <THINKING>
    The user wants to create a QML-based wallpaper plugin that acts as a screensaver/lockscreen/desktop background.
    It should fetch images from a Jellyfin server (`media.halfab.net`) using `XMLHttpRequest` and cycle through them in a slideshow.
    
    Key requirements:
    1. QML-based.
    2. Fetches images from `media.halfab.net` (Jellyfin).
    3. Uses `XMLHttpRequest` for fetching.
    4. Cycles through images (slideshow).
    5. Applicable to desktop background, lockscreen, and screensaver.
    
    Technically, "applicable to desktop background, lockscreen and screen saver" depends heavily on the OS/Desktop Environment (DE).
    - KDE Plasma: Has a "Wallpaper Engine" or "Wallpaper Plugin" system.
    - GNOME: Harder to do via "plugin" for wallpaper, usually requires extensions or specific tools.
    - Wayland/X11: Depends on the compositor.
    
    Since the user mentions "QML-based wallpaper plugin", this strongly suggests KDE Plasma (which uses QML for its wallpaper plugins).
    
    Plan:
    1.  Define the structure of a KDE Plasma wallpaper plugin.
    2.  Implement the Jellyfin API logic to get images (e.g., getting backdrops or posters).
    3.  Implement the QML slideshow logic.
    4.  Use `XMLHttpRequest` as requested.
    
    Jellyfin API details:
    - Need an API key or access to public images.
    - Endpoints for images: `/Items?IncludeImages=true&Recursive=true&Fields=PrimaryImage...` or similar.
    - Or better, `/Users/{userId}/Items?...`
    - Actually, for a screensaver, fetching "Backdrops" or "Art" is best.
    
    Let's refine the Jellyfin part.
    To get images, one might:
    1.  Authenticate (or use an API key).
    2.  Search for items with images.
    3.  Get the image URLs.
    
    Wait, the user says "fetches jellyfin images directly via `XMLHttpRequest`".
    In QML, `XMLHttpRequest` is available.
    
    Implementation details for KDE Plasma Wallpaper Plugin:
    - `metadata.json`
    - `ui/main.qml`
    
    Let's draft the response. I'll provide a structure for a KDE Plasma wallpaper plugin.
    
    Components:
    1. `metadata.json`: Defines the plugin.
    2. `contents/ui/main.qml`: The actual QML code.
    
    QML Logic:
    - `Timer` to cycle images.
    - `Image` component to display.
    - `XMLHttpRequest` to fetch the list of image URLs.
    - `Image` source set to the fetched URL.
    
    Jellyfin API endpoint example:
    `GET /Items?IncludeImages=true&Recursive=true&Limit=50&Fields=PrimaryImage`
    Actually, a better way to get images is to get a list of items and then use their `Id` to construct the image URL:
    `{server}/Items/{id}/Images/Primary`
    
    Wait, if the user wants to *fetch* the images, they might mean the image data or just the URLs. Usually, `Image` component in QML takes a URL. `XMLHttpRequest` would be used to fetch the *list* of image URLs from the Jellyfin API.
    
    Let's structure the QML:
    - `Timer` triggers every X seconds.
    - `fetchImageList()`: uses `XMLHttpRequest` to call Jellyfin API.
    - `nextImage()`: increments index and updates `Image.source`.
    
    Jellyfin API call:
    `https://media.halfab.net/Items?Recursive=true&IncludeImages=true&Fields=PrimaryImage&Limit=100`
    Wait, Jellyfin's `Items` endpoint with `IncludeImages=true` returns metadata including the image path/info.
    
    Actually, a simpler way to get a random backdrop:
    `https://media.halfab.net/Items?Recursive=true&IncludeImages=true&Fields=PrimaryImage&Limit=100`
    Then parse the JSON to get `Id`s.
    Then the image URL is `https://media.halfab.net/Items/{Id}/Images/Primary`.
    
    Let's write the code.
    
    **metadata.json**
    ```json
    {
        "KPlugin": {
            "ServiceTypes": [
                "Plasma/Wallpaper"
            ],
            "Name": "Jellyfin Slideshow",
            "Description": "A wallpaper plugin that cycles through Jellyfin images.",
            "Icon": "preferences-desktop-wallpaper"
        },
        "X-KDE-PluginInfo-Version": 1
    }
    ```
    
    **contents/ui/main.qml**
    ```qml
    import QtQuick 2.15
    import QtQuick.Controls 2.15
    import org.kde.plasma.core as PlasmaCore
    
    Item {
        id: root
    
        property string jellyfinUrl: "https://media.halfab.net"
        property string apiKey: "" // User should provide this
        property string apiUrl: jellyfinUrl + "/Items?Recursive=true&IncludeImages=true&Fields=PrimaryImage&Limit=100"
        
        property var imageList: []
        property int currentIndex: 0
        property string currentImageUrl: ""
    
        Image {
            id: background
            anchors.fill: parent
            source: currentImageUrl
            fillMode: Image.PreserveAspectCrop
            asynchronous: true
        }
    
        Timer {
            id: slideTimer
            interval: 10000 // 10 seconds
            running: true
            repeat: true
            onTriggered: {
                if (imageList.length > 0) {
                    currentIndex = (currentIndex + 1) % imageList.length
                    currentImageUrl = imageList[currentIndex]
                }
            }
        }
    
        function fetchImages() {
            var xhr = new XMLHttpRequest();
            xhr.onreadystatechange = function() {
                if (xhr.readyState === XMLHttpRequest.DONE) {
                    if (xhr.status === 200) {
                        var response = JSON.parse(xhr.responseText);
                        var items = response.Items;
                        var urls = [];
                        for (var i = 0; i < items.length; i++) {
                            if (items[i].Id) {
                                urls.push(jellyfinUrl + "/Items/" + items[i].Id + "/Images/Primary");
                            }
                        }
                        if (urls.length > 0) {
                            imageList = urls;
                            currentIndex = 0;
                            currentImageUrl = imageList[0];
                        }
                    } else {
                        console.log("Error fetching from Jellyfin: " + xhr.statusText);
                    }
                }
            };
            xhr.open("GET", apiUrl);
            // xhr.setRequestHeader("X-Api-Key", apiKey); // Uncomment if needed
            xhr.send();
        }
    
        Component.onCompleted: {
            fetchImages();
        }
    }
    ```
    
    Wait, the user wants it to be "applicable to either the desktop background, lockscreen and screen saver".
    On KDE, a wallpaper plugin works for the desktop.
    For the lockscreen, it's a different plugin type (`Plasma/Lockscreen`).
    For the screensaver, KDE uses `kscreenlocker`.
    
    I should clarify that this implementation is specifically for KDE Plasma (the most common QML-based environment).
    
    Also, I should mention that for a real Jellyfin server, they likely need an API key.
    
    Let's refine the response.
    
    1.  Identify the target platform (KDE Plasma is the primary one using QML for wallpapers).
    2.  Provide the file structure.
    3.  Provide `metadata.json`.
    4.  Provide `main.qml`.
    5.  Explain how to install it.
    6.  Address the "lockscreen/screensaver" part.
    
    Wait, I can't "make" it for them in the sense of a downloadable file, but I can provide the complete code.
    
    One detail: `XMLHttpRequest` in QML might need `asynchronous: true` or handled carefully. The `Image` component is already asynchronous.
    
    Let's check the Jellyfin API for images.
    `GET /Items?Recursive=true&IncludeImages=true&Fields=PrimaryImage`
    Returns:
    ```json
    {
      "Items": [
        {
          "Id": "...",
          "PrimaryImageAspectRatio": 1.77,
          ...
        }
      ]
    }
    ```
    The URL for the image is indeed `/{Server}/Items/{Id}/Images/Primary`.
    
    One issue: If the user's Jellyfin server requires authentication, they'll need to pass an `X-Api-Key` header. I'll include a placeholder for that.
    
    Let's write the response.
  </THINKING>

  <RESPONSE>
    Since you mentioned a **QML-based wallpaper plugin**, this implementation is designed for **KDE Plasma**, which is the primary desktop environment that uses QML for its wallpaper and shell components.
    
    To make this work as a desktop background, lockscreen, and screensaver, you would technically need to register it as different service types, but the core logic remains the same. Below is the structure and code for a KDE Plasma wallpaper plugin.
    
    ### File Structure
    Create a folder named `com.halfab.jellyfinwallpaper` and set it up like this:
    ```text
    com.halfab.jellyfinwallpaper/
    ├── metadata.json
    └── contents/
        └── ui/
            └── main.qml
    ```
    
    ### 1. `metadata.json`
    This tells Plasma that this is a wallpaper plugin.
    
    ```json
    {
        "KPlugin": {
            "ServiceTypes": [
                "Plasma/Wallpaper"
            ],
            "Name": "Jellyfin Slideshow",
            "Description": "Cycles through images from your Jellyfin server.",
            "Icon": "preferences-desktop-wallpaper"
        },
        "X-KDE-PluginInfo-Version": 1
    }
    ```
    
    ### 2. `contents/ui/main.qml`
    This contains the logic to fetch the image list via `XMLHttpRequest` and cycle through them.
    
    ```qml
    import QtQuick 2.15
    import QtQuick.Controls 2.15
    
    Item {
        id: root
    
        // --- Configuration ---
        readonly property string jellyfinUrl: "https://media.halfab.net"
        readonly property string apiKey: "" // Add your Jellyfin API Key here if required
        readonly property int slideInterval: 10000 // 10 seconds
        
        // API Endpoint to get items with image metadata
        readonly property string apiUrl: jellyfinUrl + "/Items?Recursive=true&IncludeImages=true&Fields=PrimaryImage&Limit=100"
    
        // --- State ---
        property var imageList: []
        property int currentIndex: 0
        property string currentImageUrl: ""
    
        // The Background Image
        Image {
            id: background
            anchors.fill: parent
            source: currentImageUrl
            fillMode: Image.PreserveAspectCrop
            asynchronous: true // Prevents UI stutter during loading
            
            // Smooth transition between images
            Behavior on opacity {
                NumberAnimation { duration: 1000 }
            }
        }
    
        // Overlay for fading effect
        Rectangle {
            id: fadeOverlay
            anchors.fill: parent
            color: "black"
            opacity: 0
        }
    
        // Timer to cycle images
        Timer {
            id: slideTimer
            interval: root.slideInterval
            running: true
            repeat: true
            onTriggered: {
                if (root.imageList.length > 0) {
                    transitionNextImage()
                }
            }
        }
    
        function transitionNextImage() {
            fadeOverlay.opacity = 1
            
            // Wait for fade out, then change source
            fadeTimer.start()
        }
    
        Timer {
            id: fadeTimer
            interval: 1000
            onTriggered: {
                root.currentIndex = (root.currentIndex + 1) % root.imageList.length
                root.currentImageUrl = root.imageList[root.currentIndex]
                fadeOverlay.opacity = 0
            }
        }
    
        function fetchImages() {
            var xhr = new XMLHttpRequest();
            xhr.onreadystatechange = function() {
                if (xhr.readyState === XMLHttpRequest.DONE) {
                    if (xhr.status === 200) {
                        try {
                            var response = JSON.parse(xhr.responseText);
                            var items = response.Items;
                            var urls = [];
                            
                            for (var i = 0; i < items.length; i++) {
                                if (items[i].Id) {
                                    // Construct the direct image URL from the Item ID
                                    urls.push(jellyfinUrl + "/Items/" + items[i].Id + "/Images/Primary");
                                }
                            }
    
                            if (urls.length > 0) {
                                root.imageList = urls;
                                root.currentIndex = 0;
                                root.currentImageUrl = root.imageList[0];
                            }
                        } catch (e) {
                            console.error("Failed to parse Jellyfin response", e);
                        }
                    } else {
                        console.error("Jellyfin API error: " + xhr.status + " " + xhr.statusText);
                    }
                }
            };
            
            xhr.open("GET", root.apiUrl);
            if (root.apiKey !== "") {
                xhr.setRequestHeader("X-Api-Key", root.apiKey);
            }
            xhr.send();
        }
    
        Component.onCompleted: {
            fetchImages();
        }
    }
    ```
    
    ### How to use it
    
    1.  **Install the plugin:**
        Move your folder to the local KDE plugins directory:
        `~/.local/share/plasma/wallpapers/com.halfab.jellyfinwallpaper/`
    2.  **Apply it:**
        *   Right-click your desktop $\rightarrow$ **Configure Desktop and Wallpaper**.
        *   Under **Wallpaper Type**, select **Jellyfin Slideshow**.
    3.  **Lockscreen/Screensaver:**
        *   To use this as a **Lockscreen**, you would need to create a similar folder in `~/.local/share/plasma/lockscreens/` and change the `ServiceTypes` in `metadata.json` to `Plasma/Lockscreen`.
        *   For a true **Screensaver** (the one that triggers on idle), KDE uses `kscreenlocker`. Most users achieve the "slideshow" effect by simply setting the wallpaper to this plugin and setting the lockscreen to use the same wallpaper plugin.
    
    **Note:** If your Jellyfin server is private, make sure to paste your API key into the `apiKey` property in `main.qml`.
  </RESPONSE>

════════════════════════════════════════════════════════════════
Run end  |  1 steps  |  2676 in  3354 out  |  84.1s  |  chat
════════════════════════════════════════════════════════════════

