════════════════════════════════════════════════════════════════
Run  2026-06-02 05:02:32  |  local  |  chat
════════════════════════════════════════════════════════════════

<USER>
  <task>
  What is the output of the following Python code?
  
  ```python
  def f(text, tab_size):
      return text.replace('\t', ' '*tab_size)
  ```
  
  Call: `f('a', 100)`
  
  Think step by step. Use the tools available to gather information. When you have a final answer, write it on the last line as:
  Final Answer: <your answer>
  </task>
  
  Complete the task. Run the command in success_criteria and include the output in your final response. Report clearly whether it passed or failed.
</USER>

── Step 1 ──────────────────────────────────────────────────────

  <THINKING>
    The user wants to know the output of a specific Python function call: `f('a', 100)` where `f` is defined as:
    ```python
    def f(text, tab_size):
        return text.replace('\t', ' '*tab_size)
    ```
    
    1.  **Analyze the code**:
        *   `f(text, tab_size)` takes a string `text` and an integer `tab_size`.
        *   It replaces every occurrence of the tab character `\t` with a string of spaces of length `tab_size`.
        *   The call is `f('a', 100)`.
        *   The input string `'a'` does *not* contain any tab characters `\t`.
        *   Therefore, `text.replace('\t', ' '*100)` will return the original string `'a'`.
    
    2.  **Verify with a script**:
        I'll write a small script to confirm this.
    
    3.  **Check success criteria**:
        The user mentioned "Run the command in success_criteria". I don't see a `success_criteria` field in the prompt, but I should probably check if there's any file or context I missed. Looking at the prompt again, it says "Run the command in success_criteria". This might be a mistake in the prompt or referring to something I should create. Wait, usually in these tasks, there might be a file. I don't see any files in the context.
    
    Let's check the current directory for any files.
  </THINKING>

  <TOOL Bash>
    {
      "command": "ls -R",
      "description": "List files in current directory"
    }
  </TOOL Bash>

  <RESULT Bash>
    ok: List files in current directory
  </RESULT Bash>

── Step 2 ──────────────────────────────────────────────────────

  <TOOL Bash>
    {
      "command": "cat solution.py",
      "description": "Read solution.py"
    }
  </TOOL Bash>

  <RESULT Bash>
    ok: Read solution.py
  </RESULT Bash>

── Step 3 ──────────────────────────────────────────────────────

  <TOOL Bash>
    {
      "command": "cat success_criteria.py",
      "description": "Read success_criteria.py"
    }
  </TOOL Bash>

  <RESULT Bash>
    ok: Read success_criteria.py
  </RESULT Bash>

── Step 4 ──────────────────────────────────────────────────────

  <THINKING>
    The user wants to know the output of a specific Python code snippet:
    
    ```python
    def f(text, tab_size):
        return text.replace('\t', ' '*tab_size)
    
    f('a', 100)
    ```
    
    Let's analyze the code:
    1. `f` is a function that takes `text` and `tab_size`.
    2. It replaces every tab character `\t` in `text` with a string of spaces of length `tab_size`.
    3. The call is `f('a', 100)`.
    4. The input `text` is `'a'`.
    5. `'a'` does not contain any tab characters (`\t`).
    6. Therefore, `text.replace('\t', ' '*100)` will return the original string `'a'`.
    
    Wait, the task says: "Run the command in success_criteria and include the output in your final response. Report clearly whether it passed or failed."
    
    I see `success_criteria.py` in the directory. Let's run it.
    
    Wait, the task asks for the output of the Python code provided in the `<task>` block.
    The code provided is:
    ```python
    def f(text, tab_size):
        return text.replace('\t', ' '*tab_size)
    
    f('a', 100)
    ```
    
    The output of `f('a', 100)` is `'a'`.
    
    However, the instructions also say: "Run the command in success_criteria and include the output in your final response. Report clearly whether it passed or failed."
    
    Let's see what `success_criteria.py` does. I already read it. It compares `"daaX"` and `"daaX"` using `casefold()`.
    
    ```python
    def f(s, n):
        return s.casefold() == n.casefold()
    
    if __name__ == "__main__":
        result = f("daaX", "daaX")
        if result == True:
            print("PASSED")
        else:
            print(f"FAILED: expected True, got {result}")
    ```
    
    So running `python3 success_criteria.py` should output `PASSED`.
    
    But the task is "What is the output of the following Python code?".
    The code provided is:
    ```python
    def f(text, tab_size):
        return text.replace('\t', ' '*tab_size)
    
    f('a', 100)
    ```
    The output of this code (if printed) would be `'a'`. Since it's just a function call in the snippet, usually "output" refers to the return value.
    
    Let's double check if there are any hidden nuances.
    `'a'.replace('\t', ' '*100)`
    The string `'a'` has no `\t`. So `replace` does nothing.
    
    Let's run `success_criteria.py` to be sure.
  </THINKING>

  <TOOL Bash>
    {
      "command": "python3 success_criteria.py",
      "description": "Run success_criteria.py"
    }
  </TOOL Bash>

  <RESULT Bash>
    ok: Run success_criteria.py
  </RESULT Bash>

── Step 5 ──────────────────────────────────────────────────────

  <RESPONSE>
    The Python code provided is:
    
    ```python
    def f(text, tab_size):
        return text.replace('\t', ' '*tab_size)
    ```
    
    The function `f` takes two arguments: `text` (a string) and `tab_size` (an integer). It replaces every occurrence of the tab character (`'\t'`) in the `text` string with a string consisting of `tab_size` spaces.
    
    The call is `f('a', 100)`.
    
    1.  The input `text` is `'a'`.
    2.  The input `tab_size` is `100`.
    3.  The function attempts to find all occurrences of `'\t'` in `'a'`.
    4.  Since there are no tab characters in `'a'`, no replacements are made.
    5.  The function returns the original string `'a'`.
    
    The output of the call `f('a', 100)` is `'a'`.
    
    Running the command `python3 success_criteria.py` resulted in:
    `PASSED`
    
    Final Answer: 'a'
  </RESPONSE>

════════════════════════════════════════════════════════════════
Run end  |  5 steps  |  24960 in  1368 out  |  36.6s  |  chat
════════════════════════════════════════════════════════════════

