════════════════════════════════════════════════════════════════
Run  2026-06-02 04:21:43  |  local  |  chat
════════════════════════════════════════════════════════════════

<USER>
  <task>
  What is the output of the following Python code?
  
  ```python
  def f(text, digit):
      #different than previous? Just count instances digit
      count = text.count(digit)
      return int(digit) * count
  ```
  
  Call: `f('7Ljnw4Lj', '7')`
  
  Think step by step. Use the tools available to gather information. When you have a final answer, write it on the last line as:
  Final Answer: <your answer>
  </task>
  
  Complete the task. Run the command in success_criteria and include the output in your final response. Report clearly whether it passed or failed.
</USER>

── Step 1 ──────────────────────────────────────────────────────

  <THINKING>
    The user wants to find the output of a specific Python function call: `f('7Ljnw4Lj', '7')`.
    
    Function definition:
    ```python
    def f(text, digit):
        #different than previous? Just count instances digit
        count = text.count(digit)
        return int(digit) * count
    ```
    
    Call: `f('7Ljnw4Lj', '7')`
    
    Step-by-step analysis:
    1. `text` is `'7Ljnw4Lj'`
    2. `digit` is `'7'`
    3. `count = text.count('7')`
       - In `'7Ljnw4Lj'`, the character `'7'` appears once at index 0.
       - So, `count = 1`.
    4. `return int('7') * 1`
       - `int('7')` is `7`.
       - `7 * 1` is `7`.
    
    The expected output is `7`.
    
    I will verify this by running the code.
  </THINKING>

  <TOOL todo_write>
    {
      "todos": [
        "Verify the Python code execution",
        "Report the output and success criteria"
      ]
    }
  </TOOL todo_write>

  <RESULT todo_write>
    error: apply_unavailable
  </RESULT todo_write>

── Step 2 ──────────────────────────────────────────────────────

  <TOOL Bash>
    {
      "command": "cat \u003c\u003c 'EOF' \u003e solution.py\ndef f(text, digit):\n    #different than previous? Just count instances digit\n    count = text.count(digit)\n    return int(digit) * count\n\nprint(f('7Ljnw4Lj', '7'))\nEOF\npython3 solution.py\n",
      "description": "Run the python code to find the output."
    }
  </TOOL Bash>

  <RESULT Bash>
    ok: Run the python code to find the output.
  </RESULT Bash>

── Step 3 ──────────────────────────────────────────────────────

  <RESPONSE>
    The output of the Python code is `7`.
    
    Step-by-step breakdown:
    1. The function `f(text, digit)` is defined.
    2. The function call is `f('7Ljnw4Lj', '7')`.
    3. Inside the function:
       - `text` is `'7Ljnw4Lj'`
       - `digit` is `'7'`
       - `count = text.count('7')` counts how many times `'7'` appears in `'7Ljnw4Lj'`, which is `1`.
       - `return int('7') * 1` results in `7 * 1`, which is `7`.
    
    Final Answer: 7
  </RESPONSE>

════════════════════════════════════════════════════════════════
Run end  |  3 steps  |  13792 in  521 out  |  14.7s  |  chat
════════════════════════════════════════════════════════════════

