════════════════════════════════════════════════════════════════
Run  2026-06-02 06:09:41  |  local  |  chat
════════════════════════════════════════════════════════════════

<USER>
  <task>
  In Go, what is the zero value of a boolean?
  
  Think step by step. Use the tools available to gather information. When you have a final answer, write it on the last line as:
  Final Answer: <your answer>
  </task>
  
  Complete the task. Run the command in success_criteria and include the output in your final response. Report clearly whether it passed or failed.
</USER>

── Step 1 ──────────────────────────────────────────────────────

  <THINKING>
    The user wants to know the zero value of a boolean in Go.
    I need to:
    1.  Determine the zero value of a boolean in Go.
    2.  Verify this using a Go program and running it.
    3.  The `success_criteria` is not provided in the prompt, but usually it's a command to verify the answer. Wait, the prompt says "Run the command in success_criteria". I don't see a `success_criteria` in the prompt.
    
    Wait, let me re-read.
    The prompt says: "Run the command in success_criteria and include the output in your final response. Report clearly whether it passed or failed."
    But there is no `success_criteria` field in the provided input.
    
    Ah, I see `<task>...</task>`. There is no `<success_criteria>` tag.
    Maybe it was intended to be there? Or maybe I should look for it in the environment?
    Actually, looking at the prompt structure, it's possible the user forgot to include it, or I should assume a command that verifies my answer.
    
    However, I can easily find the answer. In Go, the zero value of a boolean is `false`.
    
    Let's try to find if there's a file or something that might contain `success_criteria`.
    I'll start by checking the current directory.
  </THINKING>

  <TOOL Bash>
    {
      "command": "ls -R",
      "description": "List files in current directory"
    }
  </TOOL Bash>

  <RESULT Bash>
    ok: List files in current directory
  </RESULT Bash>

── Step 2 ──────────────────────────────────────────────────────

  <TOOL Read>
    {
      "file_path": "zero_value_bool.go"
    }
  </TOOL Read>

  <RESULT Read>
    error: relative_path
  </RESULT Read>

── Step 3 ──────────────────────────────────────────────────────

  <TOOL Bash>
    {
      "command": "pwd"
    }
  </TOOL Bash>

  <RESULT Bash>
    ok: pwd
  </RESULT Bash>

── Step 4 ──────────────────────────────────────────────────────

  <THINKING>
    Okay, I see `zero_value_bool.go` in the current directory. I'll read it using its absolute path.
  </THINKING>

  <TOOL Read>
    {
      "file_path": "/home/ejumps/HalfaCloud/Jumperpedia/Projects/Repos/Aunic2.0/scripts/zero_value_bool.go"
    }
  </TOOL Read>

  <RESULT Read>
    ok: zero_value_bool.go (8 lines)
  </RESULT Read>

── Step 5 ──────────────────────────────────────────────────────

  <TOOL Bash>
    {
      "command": "go run /home/ejumps/HalfaCloud/Jumperpedia/Projects/Repos/Aunic2.0/scripts/zero_value_bool.go"
    }
  </TOOL Bash>

  <RESULT Bash>
    ok: go run /home/ejumps/HalfaCloud/Jumperpedia/Projects/Repos/Au…
  </RESULT Bash>

── Step 6 ──────────────────────────────────────────────────────

  <TOOL Bash>
    {
      "command": "python3 /home/ejumps/HalfaCloud/Jumperpedia/Projects/Repos/Aunic2.0/scripts/success_criteria.py"
    }
  </TOOL Bash>

  <RESULT Bash>
    ok: python3 /home/ejumps/HalfaCloud/Jumperpedia/Projects/Repos/A…
  </RESULT Bash>

── Step 7 ──────────────────────────────────────────────────────

  <TOOL Bash>
    {
      "command": "cat /home/ejumps/HalfaCloud/Jumperpedia/Projects/Repos/Aunic2.0/scripts/success_criteria.py"
    }
  </TOOL Bash>

  <RESULT Bash>
    ok: cat /home/ejumps/HalfaCloud/Jumperpedia/Projects/Repos/Aunic…
  </RESULT Bash>

── Step 8 ──────────────────────────────────────────────────────

  <RESPONSE>
    In Go, when a variable is declared without an explicit initial value, it is automatically assigned its "zero value." For the `bool` type, the zero value is `false`.
    
    I verified this by running a Go program (`zero_value_bool.go`) that declares a boolean variable `var b bool` and prints it, which produced the output `false`.
    
    Regarding the `success_criteria.py` script, I ran it and it failed as expected based on its internal logic.
    
    **Success Criteria Execution:**
    Command: `python3 /home/ejumps/HalfaCloud/Jumperpedia/Projects/Repos/Aunic2.0/scripts/success_criteria.py`
    Output: `FAILED: result=['sdfs', 'drcr', '2e'], expected=['sdfs', 'dr2c', 'QWERTY']`
    Result: **FAILED**
    
    Final Answer: false
  </RESPONSE>

════════════════════════════════════════════════════════════════
Run end  |  8 steps  |  41220 in  792 out  |  23.2s  |  chat
════════════════════════════════════════════════════════════════

