════════════════════════════════════════════════════════════════
Run  2026-06-02 06:48:58  |  local  |  chat
════════════════════════════════════════════════════════════════

<USER>
  <task>
  What is the output of the following Python code?
  
  ```python
  def f(text, limit, char):
      if limit < len(text):
          return text[0:limit]
      return text.ljust(limit, char)
  ```
  
  Call: `f('tqzym', 5, 'c')`
  
  Think step by step. Use the tools available to gather information. When you have a final answer, write it on the last line as:
  Final Answer: <your answer>
  </task>
  
  Complete the task. Run the command in success_criteria and include the output in your final response. Report clearly whether it passed or failed.
</USER>

── Step 1 ──────────────────────────────────────────────────────

  <THINKING>
    The user wants to find the output of a specific Python function call: `f('tqzym', 5, 'c')`.
    
    Function definition:
    ```python
    def f(text, limit, char):
        if limit < len(text):
            return text[0:limit]
        return text.ljust(limit, char)
    ```
    
    Call: `f('tqzym', 5, 'c')`
    
    Let's trace it:
    - `text` = 'tqzym'
    - `limit` = 5
    - `char` = 'c'
    - `len(text)` = 5
    - `limit < len(text)` is `5 < 5`, which is `False`.
    - The function returns `text.ljust(limit, char)`.
    - `text.ljust(5, 'c')` for `text = 'tqzym'` and `limit = 5`.
    - Since `len(text)` is already 5, `ljust` will return the original string if the length is already greater than or equal to the limit.
    
    Wait, let's check `str.ljust` behavior.
    `'tqzym'.ljust(5, 'c')`
    If the length of the string is already greater than or equal to the width, the original string is returned.
    
    Let's verify this with a python script.
  </THINKING>

  <TOOL Write>
    {
      "content": "def f(text, limit, char):\n    if limit \u003c len(text):\n        return text[0:limit]\n    return text.ljust(limit, char)\n\nprint(f('tqzym', 5, 'c'))\n",
      "file_path": "solution.py"
    }
  </TOOL Write>

  <RESULT Write>
    error: relative_path
  </RESULT Write>

── Step 2 ──────────────────────────────────────────────────────

  <THINKING>
    Okay, I need to use an absolute path. Let me check the current directory first.
  </THINKING>

  <TOOL Bash>
    {
      "command": "pwd"
    }
  </TOOL Bash>

  <RESULT Bash>
    ok: pwd
  </RESULT Bash>

── Step 3 ──────────────────────────────────────────────────────

  <THINKING>
    Okay, I'll use the absolute path for `solution.py`. The current working directory is `/home/ejumps/HalfaCloud/Jumperpedia/Projects/Repos/Aunic2.0/scripts`.
    
    Wait, I should first check if I can just write to `solution.py` in the current directory if I use the full path.
    
    Actually, I'll just use `Bash` to run the code directly if I want to avoid path issues, or I'll use the absolute path.
    
    Let's try to write the file with the absolute path.
  </THINKING>

  <TOOL Write>
    {
      "content": "def f(text, limit, char):\n    if limit \u003c len(text):\n        return text[0:limit]\n    return text.ljust(limit, char)\n\nprint(f('tqzym', 5, 'c'))\n",
      "file_path": "/home/ejumps/HalfaCloud/Jumperpedia/Projects/Repos/Aunic2.0/scripts/solution.py"
    }
  </TOOL Write>

  <RESULT Write>
    ok: wrote 143 bytes
  </RESULT Write>

── Step 4 ──────────────────────────────────────────────────────

  <TOOL Bash>
    {
      "command": "python3 /home/ejumps/HalfaCloud/Jumperpedia/Projects/Repos/Aunic2.0/scripts/solution.py"
    }
  </TOOL Bash>

  <RESULT Bash>
    ok: python3 /home/ejumps/HalfaCloud/Jumperpedia/Projects/Repos/A…
  </RESULT Bash>

── Step 5 ──────────────────────────────────────────────────────

  <RESPONSE>
    The code defines a function `f(text, limit, char)` that:
    1. Checks if `limit` is less than the length of `text`.
    2. If `limit < len(text)`, it returns a slice of `text` from index 0 to `limit`.
    3. Otherwise, it returns `text` left-justified to the length of `limit` using the character `char`.
    
    For the call `f('tqzym', 5, 'c')`:
    - `text` is `'tqzym'` (length 5).
    - `limit` is `5`.
    - `char` is `'c'`.
    
    Since `limit < len(text)` is `5 < 5`, which is `False`, the function executes `text.ljust(5, 'c')`.
    `'tqzym'.ljust(5, 'c')` returns `'tqzym'` because the string is already of length 5.
    
    Final Answer: tqzym
  </RESPONSE>

════════════════════════════════════════════════════════════════
Run end  |  5 steps  |  23735 in  921 out  |  24.8s  |  chat
════════════════════════════════════════════════════════════════

