════════════════════════════════════════════════════════════════
Run  2026-06-02 14:54:08  |  local  |  chat
════════════════════════════════════════════════════════════════

<USER>
  <note_path>jellyfin-screensaver.md</note_path>
  
  <note_content>
  [<65;49;53M[<65;49;53M[<65;49;53M[<65;49;53M[<65;49;53M[<65;49;53M[<65;49;53M# Project
  I would like to make a screensaver that pulls images from my jellyfin server and plays them in a slideshow. The jellyfin server is at media.halfab.net
  
  ## Guide
  This should be a QML-based wallpaper plugin that fetches jellyfin images directly vir `XMLHttpRequest` and cycles them. 
  - should be appliable to either the desktop background, lockscreen and screen saver
  </note_content>
</USER>

── Step 1 ──────────────────────────────────────────────────────

  <THINKING>
    The user wants to create a QML-based wallpaper plugin that acts as a screensaver/background.
    It should:
    1.  Pull images from a Jellyfin server (`media.halfab.net`).
    2.  Play them in a slideshow.
    3.  Use `XMLHttpRequest` to fetch data.
    4.  Be applicable to desktop background, lockscreen, and screensaver.
    
    Since the user provided a markdown note as a starting point, they likely want me to expand on this or provide a plan/implementation.
    
    Wait, the note content has some weird ANSI escape codes at the beginning: `[<65;49;53M...`. I should ignore those or assume they are artifacts.
    
    The core request is: "I would like to make a screensaver that pulls images from my jellyfin server and plays them in a slideshow."
    
    Plan:
    1.  Research Jellyfin API for fetching images (specifically posters, backdrops, or library images).
    2.  Determine how to implement a QML-based wallpaper/screensaver plugin. On Linux (KDE Plasma), this is typically a `Wallpaper` plugin. On other systems, it might be different. Given the "QML-based wallpaper plugin" mention, it's highly likely targeting KDE Plasma.
    3.  Outline the architecture:
        *   `main.qml`: The UI/Slideshow logic.
        *   `JellyfinClient.qml` (or similar): Logic for `XMLHttpRequest` to fetch image URLs.
        *   `Timer`: To cycle images.
    4.  Develop the Jellyfin API calls:
        *   Authentication (API Key or User Token).
        *   Fetching items (e.g., `/Items?IncludeItemTypes=Movie,Series&Recursive=true`).
        *   Fetching images (e.g., `/Items/{Id}/Images/{Type}`).
    5.  Provide a skeleton/proof of concept.
    
    Let's start by looking for Jellyfin API documentation or common patterns for getting images.
  </THINKING>

  <RESPONSE>
    To build a QML-based Jellyfin slideshow plugin (specifically targeting environments like KDE Plasma that support QML wallpapers), you will need to interact with the Jellyfin API to discover content and retrieve image URLs.
    
    Since you mentioned using `XMLHttpRequest` within QML, here is a conceptual architecture and a starter implementation plan.
    
    ### 1. Jellyfin API Strategy
    To get a slideshow of images, you generally follow this flow:
    1.  **Authentication**: Obtain an `api_key` or a user token.
    2.  **Fetch Items**: Call `/Items` with parameters to get a list of movies, shows, or music.
        *   *Endpoint*: `GET /Items?IncludeItemTypes=Movie,Series&Recursive=true&Fields=PrimaryImageAspectRatio`
    3.  **Extract Image URLs**: For each item, construct the image URL.
        *   *Pattern*: `https://media.halfab.net/Items/{ItemId}/Images/{ImageType}?quality=...`
        *   Common types: `Primary`, `Backdrop`, `Fanart`.
    
    ### 2. Proposed Component Structure
    
    *   **`plugin.qml`**: The main entry point. Manages the `Timer` and the `Image` component.
    *   **`JellyfinClient.qml`**: A helper object that handles the `XMLHttpRequest` logic and emits signals when a new list of images is ready.
    *   **`ImageTransition.qml`**: Handles the visual fade/transition between images.
    
    ### 3. Implementation Sketch (Starter Code)
    
    Here is a simplified version of how the logic would look in QML.
    
    #### `JellyfinClient.qml`
    ```qml
    import QtQuick 2.15
    
    Item {
        id: root
        signal imagesLoaded(var urls)
    
        property string baseUrl: "https://media.halfab.net"
        property string apiKey: "YOUR_API_KEY" // Better to load from a config file
    
        function fetchImages() {
            var xhr = new XMLHttpRequest();
            xhr.onreadystatechange = function() {
                if (xhr.readyState === XMLHttpRequest.DONE) {
                    if (xhr.status === 200) {
                        var response = JSON.parse(xhr.responseText);
                        var urls = [];
                        
                        for (var i = 0; i < response.Items.length; i++) {
                            var item = response.Items[i];
                            // Constructing the Backdrop URL
                            var imgUrl = baseUrl + "/Items/" + item.Id + "/Images/Backdrop?api_key=" + apiKey;
                            urls.push(imgUrl);
                        }
                        imagesLoaded(urls);
                    } else {
                        console.error("Failed to fetch Jellyfin items: " + xhr.status);
                    }
                }
            }
            // Fetching items (filtering for movies/series)
            xhr.open("GET", baseUrl + "/Items?IncludeItemTypes=Movie,Series&Recursive=true&api_key=" + apiKey);
            xhr.send();
        }
    }
    ```
    
    #### `main.qml` (The Slideshow)
    ```qml
    import QtQuick 2.15
    
    Rectangle {
        id: root
        color: "black"
    
        property var imageList: []
        property int currentIndex: 0
    
        JellyfinClient {
            id: client
            onImagesLoaded: function(urls) {
                imageList = urls;
                if (imageList.length > 0) {
                    displayImage(0);
                }
            }
        }
    
        Image {
            id: displayImage
            anchors.fill: parent
            fillMode: Image.PreserveAspectCrop
            source: ""
            opacity: 0
            Behavior on opacity { NumberAnimation { duration: 2000 } }
        }
    
        function displayImage(index) {
            if (imageList.length === 0) return;
            displayImage.source = imageList[index];
            displayImage.opacity = 1;
        }
    
        Timer {
            interval: 10000 // 10 seconds
            running: true
            repeat: true
            onTriggered: {
                displayImage.opacity = 0; // Fade out
                currentIndex = (currentIndex + 1) % imageList.length;
                
                // Wait for fade out before swapping source
                fadeTimer.start();
            }
        }
    
        Timer {
            id: fadeTimer
            interval: 2000
            onTriggered: displayImage(currentIndex)
        }
    
        Component.onCompleted: {
            client.fetchImages();
        }
    }
    ```
    
    ### 4. Deployment Notes
    
    *   **KDE Plasma**: To make this a wallpaper, you must package it as a Plasma plugin. This involves creating a `metadata.json` file and placing it in `~/.local/share/plasma/wallpapers/`.
    *   **Lockscreen/Screensaver**: 
        *   On Linux, the lockscreen (SDDM or KDE Lockscreen) often uses different rendering engines. 
        *   If you want a truly universal "screensaver," you might consider building a standalone Qt application that runs in full-screen mode, which can be triggered by a system idle daemon (like `xscreensaver` or `swayidle`).
    *   **Security**: Do not hardcode your API key if you plan to share this. Use a configuration file or a prompt.
    *   **Performance**: For high-resolution backdrops, ensure you append `?quality=90` or similar to the Jellyfin image URL to prevent excessive bandwidth usage and memory pressure in the QML engine.
  </RESPONSE>

════════════════════════════════════════════════════════════════
Run end  |  1 steps  |  2753 in  1703 out  |  43.3s  |  chat
════════════════════════════════════════════════════════════════

