════════════════════════════════════════════════════════════════
Run  2026-06-02 04:37:12  |  local  |  chat
════════════════════════════════════════════════════════════════

<USER>
  <task>
  What is the output of the following Python code?
  
  ```python
  def f(text, position, value):
     length = len(text)
     index = position % (length)
     if position < 0:
         index = length // 2
     new_text = list(text)
     new_text.insert(index, value)
     new_text.pop(length-1)
     return ''.join(new_text)
  ```
  
  Call: `f('sduyai', 1, 'y')`
  
  Think step by step. Use the tools available to gather information. When you have a final answer, write it on the last line as:
  Final Answer: <your answer>
  </task>
  
  Complete the task. Run the command in success_criteria and include the output in your final response. Report clearly whether it passed or failed.
</USER>

── Step 1 ──────────────────────────────────────────────────────

  <THINKING>
    The user wants to find the output of a specific Python function `f` called with specific arguments.
    
    Function definition:
    ```python
    def f(text, position, value):
       length = len(text)
       index = position % (length)
       if position < 0:
           index = length // 2
       new_text = list(text)
       new_text.insert(index, value)
       new_text.pop(length-1)
       return ''.join(new_text)
    ```
    
    Call: `f('sduyai', 1, 'y')`
    
    Let's trace it manually first:
    1. `text = 'sduyai'`, `position = 1`, `value = 'y'`
    2. `length = len('sduyai') = 6`
    3. `index = 1 % 6 = 1`
    4. `position < 0` is `1 < 0` which is `False`. So `index` remains `1`.
    5. `new_text = list('sduyai')` -> `['s', 'd', 'u', 'y', 'a', 'i']`
    6. `new_text.insert(1, 'y')` -> `['s', 'y', 'd', 'u', 'y', 'a', 'i']`
    7. `new_text.pop(6-1)` -> `new_text.pop(5)`.
       Index 5 in `['s', 'y', 'd', 'u', 'y', 'a', 'i']`:
       0: 's'
       1: 'y'
       2: 'd'
       3: 'u'
       4: 'y'
       5: 'a'
       6: 'i'
       Wait, `new_text` after insert has length 7.
       `new_text` is `['s', 'y', 'd', 'u', 'y', 'a', 'i']`.
       `length` is 6.
       `new_text.pop(5)` removes the element at index 5.
       Index 5 is 'a'.
       So `new_text` becomes `['s', 'y', 'd', 'u', 'y', 'i']`.
    8. `return ''.join(new_text)` -> `'syduyi'`
    
    Wait, let me re-verify.
    `text = 'sduyai'`
    `length = 6`
    `position = 1`
    `index = 1 % 6 = 1`
    `new_text = ['s', 'd', 'u', 'y', 'a', 'i']`
    `new_text.insert(1, 'y')` -> `['s', 'y', 'd', 'u', 'y', 'a', 'i']`
    `new_text.pop(6-1)` -> `new_text.pop(5)`
    The list is `['s', 'y', 'd', 'u', 'y', 'a', 'i']`.
    Indices:
    0: s
    1: y
    2: d
    3: u
    4: y
    5: a
    6: i
    `pop(5)` removes 'a'.
    Result: `['s', 'y', 'd', 'u', 'y', 'i']`
    Joined: `'syduyi'`
    
    Let me double check the `pop` index.
    `length = 6`. `length - 1 = 5`.
    `new_text` after insert has 7 elements.
    Indices are 0 to 6.
    Index 5 is indeed 'a'.
    
    Let's verify with a python script to be absolutely sure.
  </THINKING>

  <TOOL Bash>
    {
      "command": "cat \u003c\u003c 'EOF' \u003e solution.py\ndef f(text, position, value):\n   length = len(text)\n   index = position % (length)\n   if position \u003c 0:\n       index = length // 2\n   new_text = list(text)\n   new_text.insert(index, value)\n   new_text.pop(length-1)\n   return ''.join(new_text)\n\nprint(f('sduyai', 1, 'y'))\nEOF\npython3 solution.py\n"
    }
  </TOOL Bash>

  <RESULT Bash>
    ok: cat << 'EOF' > solution.py
def f(text, position, value):
   …
  </RESULT Bash>

── Step 2 ──────────────────────────────────────────────────────

  <RESPONSE>
    The output of the Python code is `syduyi`.
    
    Final Answer: syduyi
  </RESPONSE>

════════════════════════════════════════════════════════════════
Run end  |  2 steps  |  9306 in  996 out  |  25.9s  |  chat
════════════════════════════════════════════════════════════════

