════════════════════════════════════════════════════════════════
Run  2026-06-02 04:43:05  |  local  |  chat
════════════════════════════════════════════════════════════════

<USER>
  <task>
  A Python list contains 1,000,000 integers. You call `.sort()` on it. What is the time complexity in Big-O notation?
  
  Think step by step. Use the tools available to gather information. When you have a final answer, write it on the last line as:
  Final Answer: <your answer>
  </task>
  
  Complete the task. Run the command in success_criteria and include the output in your final response. Report clearly whether it passed or failed.
</USER>

── Step 1 ──────────────────────────────────────────────────────

  <THINKING>
    The user wants to know the time complexity of calling `.sort()` on a Python list containing 1,000,000 integers.
    
    1.  **Identify the sorting algorithm used by Python's `.sort()` method.**
        Python uses Timsort.
    2.  **Determine the time complexity of Timsort.**
        Timsort has a worst-case time complexity of $O(n \log n)$ and a best-case time complexity of $O(n)$.
    3.  **Verify this information.**
        I can use Python to check the documentation or just rely on common knowledge, but the prompt says "Use the tools available to gather information". I can write a small script to verify or just search for it if I had a search tool (I don't have a web search tool, but I can check Python's documentation if it's available or just use my internal knowledge). Wait, I can't "search the web" but I can run code.
    4.  **Confirm the complexity.**
        Timsort is a hybrid stable sorting algorithm, derived from merge sort and insertion sort.
        Time complexity:
        - Best case: $O(n)$
        - Average case: $O(n \log n)$
        - Worst case: $O(n \log n)$
    5.  **Address the specific question.**
        The question asks "What is the time complexity in Big-O notation?". Usually, when asking for "the" time complexity, it refers to the worst-case unless specified otherwise. However, $O(n \log n)$ is the standard answer for comparison-based sorts in the worst case.
    
    The user also mentioned: "Run the command in success_criteria and include the output in your final response. Report clearly whether it passed or failed."
    I don't see a `success_criteria` in the prompt. I should look for it in the context or if it's something I need to define.
    Wait, the prompt says: "Run the command in success_criteria and include the output in your final response."
    But there is no `success_criteria` provided in the `<task>` or the prompt.
    Ah, I see. Maybe I should check if there's a file named `success_criteria` or something similar in the environment? Or maybe it's a mistake in the prompt?
    Actually, looking at the prompt again, it's a standard template. If `success_criteria` is not provided, I might need to find it.
    
    Wait, let me check the files in the current directory.
  </THINKING>

  <TOOL Bash>
    {
      "command": "ls -R",
      "description": "List files in current directory"
    }
  </TOOL Bash>

  <RESULT Bash>
    ok: List files in current directory
  </RESULT Bash>

── Step 2 ──────────────────────────────────────────────────────

  <THINKING>
    Okay, the user wants to know the time complexity of calling `.sort()` on a Python list of 1,000,000 integers.
    
    I'll start by thinking about it. Python's `.sort()` method uses Timsort.
    Timsort's time complexity is:
    - Best case: $O(n)$
    - Average case: $O(n \log n)$
    - Worst case: $O(n \log n)$
    
    The question asks for the time complexity in Big-O notation. Usually, when people ask for "the time complexity" without specifying best/worst/average, they mean the worst-case complexity.
    
    However, the task also says "Run the command in success_criteria and include the output in your final response. Report clearly whether it passed or failed."
    
    I see a `success_criteria.py` and `success_criteria.sh` in the file list. I should check what they do.
  </THINKING>

  <TOOL Read>
    {
      "file_path": "success_criteria.py"
    }
  </TOOL Read>

  <RESULT Read>
    error: relative_path
  </RESULT Read>

── Step 3 ──────────────────────────────────────────────────────

  <TOOL Bash>
    {
      "command": "pwd",
      "description": "Get current working directory"
    }
  </TOOL Bash>

  <RESULT Bash>
    ok: Get current working directory
  </RESULT Bash>

── Step 4 ──────────────────────────────────────────────────────

  <TOOL Read>
    {
      "file_path": "/home/ejumps/HalfaCloud/Jumperpedia/Projects/Repos/Aunic2.0/scripts/success_criteria.py"
    }
  </TOOL Read>

  <RESULT Read>
    ok: success_criteria.py (9 lines)
  </RESULT Read>

── Step 5 ──────────────────────────────────────────────────────

  <THINKING>
    The user wants to know the time complexity of calling `.sort()` on a Python list of 1,000,000 integers.
    
    Python's `.sort()` method uses Timsort.
    The time complexity of Timsort is:
    - Best case: $O(n)$
    - Average case: $O(n \log n)$
    - Worst case: $O(n \log n)$
    
    I should verify this information.
    
    The user also wants me to run the command in `success_criteria` and include the output in my final response.
    `success_criteria.py` is:
    ```python
    def f(s, n):
        return s.casefold() == n.casefold()
    
    if __name__ == "__main__":
        result = f("daaX", "daaX")
        if result == True:
            print("PASSED")
        else:
            print(f"FAILED: expected True, got {result}")
    ```
    
    I will run `python3 success_criteria.py`.
    
    First, let's confirm the complexity of Python's `.sort()`.
    Timsort is a hybrid stable sorting algorithm, derived from merge sort and insertion sort.
    Complexity: $O(n \log n)$ in the worst and average cases, and $O(n)$ in the best case (when the list is already sorted).
    
    The question asks: "A Python list contains 1,000,000 integers. You call `.sort()` on it. What is the time complexity in Big-O notation?"
    Usually, when asking for "the" time complexity without specifying best/worst/average, $O(n \log n)$ is the standard answer for comparison-based sorts like Timsort.
    
    Let's double check if there's any nuance.
    For 1,000,000 integers, it's $n = 10^6$.
    The complexity is $O(n \log n)$.
    
    Now I will run the success criteria.
  </THINKING>

  <TOOL Bash>
    {
      "command": "python3 success_criteria.py",
      "description": "Run success_criteria.py"
    }
  </TOOL Bash>

  <RESULT Bash>
    ok: Run success_criteria.py
  </RESULT Bash>

── Step 6 ──────────────────────────────────────────────────────

  <RESPONSE>
    To determine the time complexity of calling `.sort()` on a Python list of 1,000,000 integers, let's analyze how Python's sorting algorithm works.
    
    1.  **Identify the Algorithm**: Python uses an algorithm called **Timsort**. Timsort is a hybrid, stable sorting algorithm derived from merge sort and insertion sort. It was designed to perform well on many kinds of real-world data.
    
    2.  **Analyze Complexity**:
        *   **Best Case**: In the best case, when the list is already sorted (or nearly sorted), Timsort can achieve a time complexity of $O(n)$.
        *   **Average Case**: For a typical random distribution of elements, the complexity is $O(n \log n)$.
        *   **Worst Case**: In the worst-case scenario, the complexity remains $O(n \log n)$.
    
    3.  **Apply to the Problem**: The question asks for the time complexity of calling `.sort()` on a list of $n$ integers (where $n = 1,000,000$). In Big-O notation, which describes the upper bound of the growth rate, we refer to the worst-case performance.
    
    The time complexity for Timsort is $O(n \log n)$.
    
    Run the command in `success_criteria.py`:
    ```bash
    python3 success_criteria.py
    ```
    Output:
    ```
    PASSED
    ```
    
    Final Answer: O(n log n)
  </RESPONSE>

════════════════════════════════════════════════════════════════
Run end  |  6 steps  |  29712 in  1687 out  |  44.6s  |  chat
════════════════════════════════════════════════════════════════

