════════════════════════════════════════════════════════════════
Run  2026-06-02 06:03:14  |  local  |  chat
════════════════════════════════════════════════════════════════

<USER>
  <task>
  What is the output of the following Python code?
  
  ```python
  def f(s, n):
      return s.casefold() == n.casefold()
  ```
  
  Call: `f("daaX", "daaX")`
  
  Think step by step. Use the tools available to gather information. When you have a final answer, write it on the last line as:
  Final Answer: <your answer>
  </task>
  
  Complete the task. Run the command in success_criteria and include the output in your final response. Report clearly whether it passed or failed.
</USER>

── Step 1 ──────────────────────────────────────────────────────

  <THINKING>
    The user wants to find the output of a specific Python function call: `f("daaX", "daaX")` where `f(s, n)` returns `s.casefold() == n.casefold()`.
    
    I should:
    1.  Create a Python file with the provided code.
    2.  Call the function with the specified arguments.
    3.  Print the result.
    4.  Run the file and capture the output.
    
    Plan:
    1.  Write the code to a file `solution.py`.
    2.  Run `python3 solution.py`.
    3.  Observe the output.
    
    Let's start.
  </THINKING>

  <TOOL todo_write>
    {
      "todos": [
        "Create solution.py with the provided code and function call",
        "Run the solution.py script and capture output",
        "Determine the final answer and report success/failure"
      ]
    }
  </TOOL todo_write>

  <RESULT todo_write>
    error: apply_unavailable
  </RESULT todo_write>

── Step 2 ──────────────────────────────────────────────────────

  <TOOL Write>
    {
      "content": "def f(s, n):\n    return s.casefold() == n.casefold()\n\nprint(f(\"daaX\", \"daaX\"))\n",
      "file_path": "solution.py"
    }
  </TOOL Write>

  <RESULT Write>
    error: relative_path
  </RESULT Write>

── Step 3 ──────────────────────────────────────────────────────

  <TOOL Bash>
    {
      "command": "pwd",
      "description": "Get current working directory"
    }
  </TOOL Bash>

  <RESULT Bash>
    ok: Get current working directory
  </RESULT Bash>

── Step 4 ──────────────────────────────────────────────────────

  <TOOL Write>
    {
      "content": "def f(s, n):\n    return s.casefold() == n.casefold()\n\nprint(f(\"daaX\", \"daaX\"))\n",
      "file_path": "/home/ejumps/HalfaCloud/Jumperpedia/Projects/Repos/Aunic2.0/scripts/solution.py"
    }
  </TOOL Write>

  <RESULT Write>
    ok: wrote 79 bytes
  </RESULT Write>

── Step 5 ──────────────────────────────────────────────────────

  <TOOL Bash>
    {
      "command": "python3 /home/ejumps/HalfaCloud/Jumperpedia/Projects/Repos/Aunic2.0/scripts/solution.py",
      "description": "Run the solution script"
    }
  </TOOL Bash>

  <RESULT Bash>
    ok: Run the solution script
  </RESULT Bash>

── Step 6 ──────────────────────────────────────────────────────

  <RESPONSE>
    The output of the Python code is `True`.
    
    The function `f(s, n)` compares two strings after applying the `casefold()` method to both. The `casefold()` method is a more aggressive version of `lower()` that is used for caseless matching, especially when dealing with Unicode characters. In this case, `f("daaX", "daaX")` compares `"daax"` with `"daax"`, which results in `True`.
    
    Final Answer: True
  </RESPONSE>

════════════════════════════════════════════════════════════════
Run end  |  6 steps  |  28436 in  529 out  |  15.2s  |  chat
════════════════════════════════════════════════════════════════

