════════════════════════════════════════════════════════════════
Run  2026-06-02 04:30:54  |  local  |  chat
════════════════════════════════════════════════════════════════

<USER>
  <task>
  What is the output of the following Python code?
  
  ```python
  def f(line, char):
      count = line.count(char)
      for i in range(count+1, 0, -1):
          line = line.center(len(line)+i // len(char), char)
      return line
  ```
  
  Call: `f('$78'.upper(), '$')`
  
  Think step by step. Use the tools available to gather information. When you have a final answer, write it on the last line as:
  Final Answer: <your answer>
  </task>
  
  Complete the task. Run the command in success_criteria and include the output in your final response. Report clearly whether it passed or failed.
</USER>

── Step 1 ──────────────────────────────────────────────────────

  <THINKING>
    The user wants to know the output of a specific Python function call: `f('$78'.upper(), '$')`.
    
    Function definition:
    ```python
    def f(line, char):
        count = line.count(char)
        for i in range(count+1, 0, -1):
            line = line.center(len(line)+i // len(char), char)
        return line
    ```
    
    Call: `f('$78'.upper(), '$')`
    
    Let's trace it:
    1. `line = '$78'.upper()` -> `line = '$78'`
    2. `char = '$'`
    3. `count = line.count('$')` -> `count = 1`
    4. `range(count+1, 0, -1)` -> `range(2, 0, -1)` -> `[2, 1]`
    
    Iteration 1: `i = 2`
    - `len(line)` is 3.
    - `len(char)` is 1.
    - `i // len(char)` is `2 // 1 = 2`.
    - `line.center(len(line) + 2, '$')` -> `'$78'.center(3 + 2, '$')` -> `'$78'.center(5, '$')`.
    - `'$78'.center(5, '$')`:
      - Total length 5.
      - Original length 3.
      - Padding needed: 2.
      - Left padding: `2 // 2 = 1`.
      - Right padding: `2 - 1 = 1`.
      - Result: `'$$78$'`. (Wait, `center` pads with `char`. If padding is 2, it puts 1 on left and 1 on right).
      - Let's verify `center` behavior: `'abc'.center(5, '*')` -> `'*abc*'`.
      - So `'$78'.center(5, '$')` -> `'$$78$'`.
    - `line` becomes `'$$78$'`.
    
    Iteration 2: `i = 1`
    - `len(line)` is 5.
    - `len(char)` is 1.
    - `i // len(char)` is `1 // 1 = 1`.
    - `line.center(len(line) + 1, '$')` -> `'$$78$'.center(5 + 1, '$')` -> `'$$78$'.center(6, '$')`.
    - `'$$78$'.center(6, '$')`:
      - Total length 6.
      - Original length 5.
      - Padding needed: 1.
      - Left padding: `1 // 2 = 0`.
      - Right padding: `1 - 0 = 1`.
      - Result: `'$$78$$'`.
    - `line` becomes `'$$78$$'`.
    
    Final return: `'$$78$$'`
    
    Wait, let me double check the `center` logic for odd padding.
    Python docs for `str.center(width[, fillchar])`:
    "Return a centered string of length width. Padding is done using the specified fillchar (default is an ASCII space). The original string is returned if width is less than or equal to len(s)."
    If the padding is odd, where does the extra character go?
    `'a'.center(2, '*')` -> `'a*'` or `'*a'`?
    Let's check with a script.
    
    I will create a script to verify this.
  </THINKING>

  <TOOL todo_write>
    {
      "todos": [
        "Create a script to verify the Python code output",
        "Run the script and check the output",
        "Formulate the final answer"
      ]
    }
  </TOOL todo_write>

  <RESULT todo_write>
    error: apply_unavailable
  </RESULT todo_write>

── Step 2 ──────────────────────────────────────────────────────

  <TOOL Bash>
    {
      "command": "cat \u003c\u003c 'EOF' \u003e solution.py\ndef f(line, char):\n    count = line.count(char)\n    for i in range(count+1, 0, -1):\n        line = line.center(len(line)+i // len(char), char)\n    return line\n\nprint(f('$78'.upper(), '$'))\nEOF\npython3 solution.py\n",
      "description": "Run the Python code to find the output."
    }
  </TOOL Bash>

  <RESULT Bash>
    ok: Run the Python code to find the output.
  </RESULT Bash>

── Step 3 ──────────────────────────────────────────────────────

