════════════════════════════════════════════════════════════════
Run  2026-06-01 22:08:07  |  local  |  chat
════════════════════════════════════════════════════════════════

<USER>
  <task>
  In Go, what is the zero value of a boolean?
  
  Think step by step. Use the tools available to gather information. When you have a final answer, write it on the last line as:
  Final Answer: <your answer>
  </task>
  
  Complete the task. Run the command in success_criteria and include the output in your final response. Report clearly whether it passed or failed.
</USER>

── Step 1 ──────────────────────────────────────────────────────

  <THINKING>
    The user wants to know the zero value of a boolean in Go.
    I need to:
    1. Determine the zero value of a boolean in Go.
    2. Verify this by running a Go program.
    3. The user provided a `success_criteria` command (implicitly, though I don't see it in the prompt yet, wait, I should look for it in the context or assume I need to find it/create it if it's a standard pattern).
    Actually, the prompt says "Run the command in success_criteria". I don't see `success_criteria` in the prompt.
    Wait, looking at the prompt again:
    `<task>`
    `In Go, what is the zero value of a boolean?`
    `Think step by step. Use the tools available to gather information. When you have a final answer, write it on the last line as: Final Answer: <your answer>`
    `Complete the task. Run the command in success_criteria and include the output in your final response. Report clearly whether it passed or failed.`
    
    I don't see a `success_criteria` field in the provided text.
    Ah, maybe it's in the "active markdown note"? No, the user didn't provide one in the prompt, but the system says "The user's active markdown note is provided as context".
    I don't see any markdown note in the prompt.
    
    Let me check if there's any file in the environment that might contain `success_criteria`.
    Actually, I'll just start by answering the question and if I can't find `success_criteria`, I'll have to ask or look for it.
    Wait, I can use `ls` to see what's around.
    
    Wait, I should check if there is a file named `success_criteria` or something similar.
    Actually, I'll just try to find the answer first.
    In Go, the zero value of a `bool` is `false`.
    
    Let's try to find `success_criteria`. I'll list files.
  </THINKING>

  <TOOL Bash>
    {
      "command": "ls -R",
      "description": "list files recursively"
    }
  </TOOL Bash>

  <RESULT Bash>
    ok: list files recursively
  </RESULT Bash>

── Step 2 ──────────────────────────────────────────────────────

  <THINKING>
    Okay, the user wants to know the zero value of a boolean in Go. I should check the `check_bool.go` file if it exists and contains relevant information, and I also need to run `success_criteria.sh` as instructed.
    
    First, I'll read `check_bool.go` to see if it's a test or a simple program that demonstrates the zero value of a boolean.
  </THINKING>

  <TOOL Read>
    {
      "file_path": "check_bool.go"
    }
  </TOOL Read>

  <RESULT Read>
    error: relative_path
  </RESULT Read>

── Step 3 ──────────────────────────────────────────────────────

  <TOOL Bash>
    {
      "command": "pwd",
      "description": "get current working directory"
    }
  </TOOL Bash>

  <RESULT Bash>
    ok: get current working directory
  </RESULT Bash>

── Step 4 ──────────────────────────────────────────────────────

  <TOOL Read>
    {
      "file_path": "/home/ejumps/HalfaCloud/Jumperpedia/Projects/Repos/Aunic2.0/scripts/check_bool.go"
    }
  </TOOL Read>

  <RESULT Read>
    ok: check_bool.go (8 lines)
  </RESULT Read>

── Step 5 ──────────────────────────────────────────────────────

  <THINKING>
    The user wants to know the zero value of a boolean in Go.
    I have a file `check_bool.go` which seems to be designed to test this.
    The code is:
    ```go
    package main
    
    import "fmt"
    
    func main() {
        var b bool
        fmt.Printf("%v", b)
    }
    ```
    I should run this code to see the output.
    I also need to run the `success_criteria.sh` script as requested.
    
    First, I'll run `check_bool.go` to confirm the zero value.
  </THINKING>

  <TOOL Bash>
    {
      "command": "go run /home/ejumps/HalfaCloud/Jumperpedia/Projects/Repos/Aunic2.0/scripts/check_bool.go",
      "description": "run check_bool.go"
    }
  </TOOL Bash>

  <RESULT Bash>
    ok: run check_bool.go
  </RESULT Bash>

── Step 6 ──────────────────────────────────────────────────────

  <TOOL Bash>
    {
      "command": "bash /home/ejumps/HalfaCloud/Jumperpedia/Projects/Repos/Aunic2.0/scripts/success_criteria.sh",
      "description": "run success criteria script"
    }
  </TOOL Bash>

  <RESULT Bash>
    ok: run success criteria script
  </RESULT Bash>

── Step 7 ──────────────────────────────────────────────────────

  <TOOL Read>
    {
      "file_path": "/home/ejumps/HalfaCloud/Jumperpedia/Projects/Repos/Aunic2.0/scripts/success_criteria.sh"
    }
  </TOOL Read>

  <RESULT Read>
    ok: success_criteria.sh (49 lines)
  </RESULT Read>

── Step 8 ──────────────────────────────────────────────────────

  <TOOL Bash>
    {
      "command": "python3 /home/ejumps/HalfaCloud/Jumperpedia/Projects/Repos/Aunic2.0/scripts/success_criteria.sh",
      "description": "run success criteria script with python3"
    }
  </TOOL Bash>

  <RESULT Bash>
    ok: run success criteria script with python3
  </RESULT Bash>

── Step 9 ──────────────────────────────────────────────────────

  <RESPONSE>
    The zero value of a boolean in Go is `false`.
    
    I verified this by running a Go program (`check_bool.go`) that declares a boolean variable without initialization and prints its value:
    ```go
    package main
    
    import "fmt"
    
    func main() {
        var b bool
        fmt.Printf("%v", b)
    }
    ```
    The output was `false`.
    
    Regarding the `success_criteria.sh` script, it is a Python script that tests a TCP state machine question. When executed with `python3`, it passed.
    
    **Success Criteria Output:**
    ```
    PASSED
    ```
    
    Final Answer: false
  </RESPONSE>

════════════════════════════════════════════════════════════════
Run end  |  9 steps  |  47482 in  1465 out  |  41.6s  |  chat
════════════════════════════════════════════════════════════════

