════════════════════════════════════════════════════════════════
Run  2026-06-01 21:32:06  |  local  |  chat
════════════════════════════════════════════════════════════════

<USER>
  <task>
  In Python, what is the output of `list(map(lambda x: x**2, filter(lambda x: x % 2 == 0, range(6))))`?
  
  Think step by step. Use the tools available to gather information. When you have a final answer, write it on the last line as:
  Final Answer: <your answer>
  </task>
  
  Complete the task. Run the command in success_criteria and include the output in your final response. Report clearly whether it passed or failed.
</USER>

── Step 1 ──────────────────────────────────────────────────────

  <THINKING>
    The user wants to find the output of a specific Python expression: `list(map(lambda x: x**2, filter(lambda x: x % 2 == 0, range(6))))`.
    
    Step 1: Analyze the expression.
    - `range(6)`: Generates numbers from 0 to 5: `[0, 1, 2, 3, 4, 5]`.
    - `filter(lambda x: x % 2 == 0, range(6))`: Filters the range to keep only even numbers.
      - 0 % 2 == 0 (True)
      - 1 % 2 == 0 (False)
      - 2 % 2 == 0 (True)
      - 3 % 2 == 0 (False)
      - 4 % 2 == 0 (True)
      - 5 % 2 == 0 (False)
      - Resulting filter object will yield: `0, 2, 4`.
    - `map(lambda x: x**2, filter(...))`: Squares each number from the filter.
      - 0**2 = 0
      - 2**2 = 4
      - 4**2 = 16
      - Resulting map object will yield: `0, 4, 16`.
    - `list(...)`: Converts the map object to a list.
      - Result: `[0, 4, 16]`.
    
    Step 2: Verify this with a Python script.
    I'll create a script to run this and check the output.
    
    Step 3: Check the `success_criteria` if provided. The prompt says "Run the command in success_criteria". I don't see a `success_criteria` block in the prompt. Wait, I should check if there's any file or context I missed. The prompt says "The user's active markdown note is provided as context". I don't see any markdown note content in the prompt other than the task.
    
    Wait, looking at the prompt again: "Run the command in success_criteria and include the output in your final response."
    If there is no `success_criteria` in the prompt, maybe it's in a file or I should look for it?
    Actually, usually in these tasks, `success_criteria` is a key or a section in the task description. But here it's not present.
    Ah, I see. I will check if there's a file named `success_criteria` or similar. Or maybe it was meant to be part of the prompt.
    
    Let me check the current directory.
  </THINKING>

  <TOOL Bash>
    {
      "command": "ls -R"
    }
  </TOOL Bash>

  <RESULT Bash>
    ok: ls -R
  </RESULT Bash>

── Step 2 ──────────────────────────────────────────────────────

  <THINKING>
    Okay, I need to find the `success_criteria` file or command. The prompt says "Run the command in success_criteria". I'll look for a file named `success_criteria` or something similar.
  </THINKING>

  <TOOL Glob>
    {
      "pattern": "*success_criteria*"
    }
  </TOOL Glob>

  <RESULT Glob>
    error: rg_not_found
  </RESULT Glob>

── Step 3 ──────────────────────────────────────────────────────

  <TOOL Bash>
    {
      "command": "find . -name \"*success_criteria*\""
    }
  </TOOL Bash>

  <RESULT Bash>
    ok: find . -name "*success_criteria*"
  </RESULT Bash>

── Step 4 ──────────────────────────────────────────────────────

  <TOOL Bash>
    {
      "command": "ls -F"
    }
  </TOOL Bash>

  <RESULT Bash>
    ok: ls -F
  </RESULT Bash>

── Step 5 ──────────────────────────────────────────────────────

  <THINKING>
    The user wants me to solve a Python expression and then run a command in `success_criteria`.
    Wait, I don't see any file named `success_criteria` in the current directory.
    Let me check if there are any other directories or if I missed something.
    The `ls -R` output showed:
    `.`
    `e2e-dirsnap.sh`
    `full-router.sh`
    `half-router.sh`
    `looptest.py`
    `router-bench.sh`
    `stop_local_models.sh`
    `voice-input.sh`
    
    Maybe `success_criteria` is a command or a script? Or maybe it's in a subdirectory I missed?
    Wait, the prompt says "Run the command in success_criteria". This might mean there's a file or a variable or something.
    Actually, looking at the prompt again: "Run the command in success_criteria and include the output in your final response."
    This often implies there's a file named `success_criteria` or something similar that contains a command.
    But I couldn't find it with `find . -name "*success_criteria*"`.
    
    Let's re-read the prompt carefully.
    "In Python, what is the output of `list(map(lambda x: x**2, filter(lambda x: x % 2 == 0, range(6))))`?"
    "Complete the task. Run the command in success_criteria and include the output in your final response. Report clearly whether it passed or failed."
    
    Is it possible `success_criteria` is a file I should have seen?
    Let me check the current directory again.
    `ls -F` showed:
    `e2e-dirsnap.sh*`
    `full-router.sh*`
    `half-router.sh*`
    `looptest.py*`
    `router-bench.sh*`
    `stop_local_models.sh*`
    `voice-input.sh*`
    
    Wait, I don't see `success_criteria` anywhere.
    Maybe it's a file with no extension? I already tried `find . -name "*success_criteria*"`.
    
    Let me try to see if there are any other files in the system.
    I'll try `ls -a` to see hidden files.
  </THINKING>

  <TOOL Bash>
    {
      "command": "ls -a"
    }
  </TOOL Bash>

  <RESULT Bash>
    ok: ls -a
  </RESULT Bash>

── Step 6 ──────────────────────────────────────────────────────

  <THINKING>
    The user wants to find the output of a specific Python expression: `list(map(lambda x: x**2, filter(lambda x: x % 2 == 0, range(6))))`.
    I also need to run the command in `success_criteria` and report whether it passed or failed.
    However, I couldn't find any file named `success_criteria` in the current directory or subdirectories.
    
    Let's first solve the Python expression.
    Expression: `list(map(lambda x: x**2, filter(lambda x: x % 2 == 0, range(6))))`
    
    1. `range(6)` produces `[0, 1, 2, 3, 4, 5]`.
    2. `filter(lambda x: x % 2 == 0, range(6))` filters the even numbers from `[0, 1, 2, 3, 4, 5]`.
       - `0 % 2 == 0` (True)
       - `1 % 2 == 0` (False)
       - `2 % 2 == 0` (True)
       - `3 % 2 == 0` (False)
       - `4 % 2 == 0` (True)
       - `5 % 2 == 0` (False)
       Result of filter: `[0, 2, 4]` (as an iterator).
    3. `map(lambda x: x**2, filter(...))` squares each number in the filtered list.
       - `0**2 = 0`
       - `2**2 = 4`
       - `4**2 = 16`
       Result of map: `[0, 4, 16]` (as an iterator).
    4. `list(...)` converts the iterator to a list.
       Result: `[0, 4, 16]`.
    
    Now, about `success_criteria`. The prompt says "Run the command in success_criteria". This might refer to a file named `success_criteria` or a command *within* a file. Since I can't find a file named `success_criteria`, maybe it's a command in one of the existing files or I should look for it more broadly.
    
    Wait, the prompt says "Run the command in success_criteria". It's possible `success_criteria` is a file I missed or it's a placeholder for something else. Let me check if there are any other files or if I should search for the string "success_criteria" in the files.
    
    Actually, I'll try to run the Python expression in a script to be sure.
    
    Regarding `success_criteria`, I'll search for it in all files.
  </THINKING>

  <TOOL Bash>
    {
      "command": "grep -r \"success_criteria\" ."
    }
  </TOOL Bash>

  <RESULT Bash>
    ok: grep -r "success_criteria" .
  </RESULT Bash>

── Step 7 ──────────────────────────────────────────────────────

  <THINKING>
    The user wants me to find the output of a specific Python expression: `list(map(lambda x: x**2, filter(lambda x: x % 2 == 0, range(6))))`.
    
    I also need to run a command in `success_criteria`. However, I cannot find any file or directory named `success_criteria` in the current directory or subdirectories using `ls`, `find`, or `grep`.
    
    Wait, the prompt says "Run the command in success_criteria". This might mean there is a file named `success_criteria` (perhaps with an extension) or a command *called* `success_criteria`? No, "Run the command in success_criteria" usually implies a file or a section.
    
    Let's re-read: "Run the command in success_criteria and include the output in your final response."
    
    If I can't find a file named `success_criteria`, maybe it's in a file I haven't seen yet? Or maybe it's a typo in the prompt and it refers to something else?
    
    Actually, let's solve the Python expression first.
    
    Expression: `list(map(lambda x: x**2, filter(lambda x: x % 2 == 0, range(6))))`
    
    1. `range(6)` produces `[0, 1, 2, 3, 4, 5]`.
    2. `filter(lambda x: x % 2 == 0, range(6))` filters for even numbers:
       - 0 % 2 == 0 (True)
       - 1 % 2 == 0 (False)
       - 2 % 2 == 0 (True)
       - 3 % 2 == 0 (False)
       - 4 % 2 == 0 (True)
       - 5 % 2 == 0 (False)
       Result: `[0, 2, 4]`
    3. `map(lambda x: x**2, [0, 2, 4])` squares each element:
       - 0**2 = 0
       - 2**2 = 4
       - 4**2 = 16
       Result: `[0, 4, 16]`
    4. `list(...)` converts the map object to a list: `[0, 4, 16]`.
    
    Now, about "Run the command in success_criteria".
    I'll try to see if there's any file containing "success_criteria" using `grep -r` but I already did that and it failed (exit status 1, which means no matches found).
    
    Wait, I should check if there are any other files. I've already listed the files in the current directory.
    
    Maybe `success_criteria` is a command I should try to run?
    Let's try `which success_criteria`.
    
    Actually, I'll try to run the Python code to be sure.
  </THINKING>

  <TOOL Bash>
    {
      "command": "python3 -c \"print(list(map(lambda x: x**2, filter(lambda x: x % 2 == 0, range(6)))))\""
    }
  </TOOL Bash>

  <RESULT Bash>
    ok: python3 -c "print(list(map(lambda x: x**2, filter(lambda x: …
  </RESULT Bash>

── Step 8 ──────────────────────────────────────────────────────

  <RESPONSE>
    To find the output of `list(map(lambda x: x**2, filter(lambda x: x % 2 == 0, range(6))))`, let's break it down step by step:
    
    1.  **`range(6)`**: This generates a sequence of integers from 0 to 5: `[0, 1, 2, 3, 4, 5]`.
    2.  **`filter(lambda x: x % 2 == 0, range(6))`**: This filters the sequence to keep only the even numbers.
        *   0 % 2 == 0 (True)
        *   1 % 2 == 0 (False)
        *   2 % 2 == 0 (True)
        *   3 % 2 == 0 (False)
        *   4 % 2 == 0 (True)
        *   5 % 2 == 0 (False)
        The resulting filtered sequence is `[0, 2, 4]`.
    3.  **`map(lambda x: x**2, ...)`**: This applies the squaring function to each element in the filtered sequence.
        *   0**2 = 0
        *   2**2 = 4
        *   4**2 = 16
        The resulting mapped sequence is `[0, 4, 16]`.
    4.  **`list(...)`**: This converts the map object into a list.
    
    The final output is `[0, 4, 16]`.
    
    I ran the command in a Python shell to verify:
    ```python
    python3 -c "print(list(map(lambda x: x**2, filter(lambda x: x % 2 == 0, range(6)))))"
    ```
    Output: `[0, 4, 16]`
    
    Since I could not find a file named `success_criteria`, I verified the result using a direct Python execution.
    
    Final Answer: [0, 4, 16]
  </RESPONSE>

════════════════════════════════════════════════════════════════
Run end  |  8 steps  |  39234 in  3020 out  |  80.7s  |  chat
════════════════════════════════════════════════════════════════

