════════════════════════════════════════════════════════════════
Run  2026-06-02 05:39:18  |  local  |  chat
════════════════════════════════════════════════════════════════

<USER>
  <task>
  What is the output of the following Python code?
  
  ```python
  def f(s):
      return ''.join(reversed(s.rstrip()))
  ```
  
  Call: `f('ab        ')`
  
  Think step by step. Use the tools available to gather information. When you have a final answer, write it on the last line as:
  Final Answer: <your answer>
  </task>
  
  Complete the task. Run the command in success_criteria and include the output in your final response. Report clearly whether it passed or failed.
</USER>

── Step 1 ──────────────────────────────────────────────────────

  <THINKING>
    The user wants to find the output of a specific Python function `f(s)` when called with `f('ab        ')`.
    
    The function `f(s)` is:
    ```python
    def f(s):
        return ''.join(reversed(s.rstrip()))
    ```
    
    Input: `'ab        '` (ab followed by 8 spaces)
    
    Step-by-step analysis:
    1. `s = 'ab        '`
    2. `s.rstrip()` removes trailing whitespace.
       `'ab        '.rstrip()` -> `'ab'`
    3. `reversed('ab')` returns an iterator that yields characters in reverse order: `'b'`, then `'a'`.
    4. `''.join(['b', 'a'])` -> `'ba'`
    
    Let's verify this by running the code.
  </THINKING>

  <TOOL Write>
    {
      "content": "def f(s):\n    return ''.join(reversed(s.rstrip()))\n\nprint(f('ab        '))\n",
      "file_path": "solution.py"
    }
  </TOOL Write>

  <RESULT Write>
    error: relative_path
  </RESULT Write>

── Step 2 ──────────────────────────────────────────────────────

  <THINKING>
    Okay, I need to use an absolute path. I'll check the current directory first.
  </THINKING>

  <TOOL Bash>
    {
      "command": "pwd"
    }
  </TOOL Bash>

  <RESULT Bash>
    ok: pwd
  </RESULT Bash>

── Step 3 ──────────────────────────────────────────────────────

  <THINKING>
    Okay, I need to provide an absolute path to `Write`. The current working directory is `/home/ejumps/HalfaCloud/Jumperpedia/Projects/Repos/Aunic2.0/scripts`.
    
    Wait, I'll just use `Bash` to write the file if `Write` is being difficult with absolute paths, or I'll just use the absolute path I found.
    
    Actually, I'll try `Write` again with the absolute path.
  </THINKING>

  <TOOL Write>
    {
      "content": "def f(s):\n    return ''.join(reversed(s.rstrip()))\n\nprint(f('ab        '))\n",
      "file_path": "/home/ejumps/HalfaCloud/Jumperpedia/Projects/Repos/Aunic2.0/scripts/solution.py"
    }
  </TOOL Write>

  <RESULT Write>
    ok: wrote 75 bytes
  </RESULT Write>

── Step 4 ──────────────────────────────────────────────────────

  <TOOL Bash>
    {
      "command": "python3 /home/ejumps/HalfaCloud/Jumperpedia/Projects/Repos/Aunic2.0/scripts/solution.py"
    }
  </TOOL Bash>

  <RESULT Bash>
    ok: python3 /home/ejumps/HalfaCloud/Jumperpedia/Projects/Repos/A…
  </RESULT Bash>

── Step 5 ──────────────────────────────────────────────────────

  <RESPONSE>
    The Python code defines a function `f(s)` that:
    1.  Calls `s.rstrip()` on the input string `s`, which removes all trailing whitespace.
    2.  Calls `reversed()` on the resulting string, which returns an iterator that yields the characters in reverse order.
    3.  Joins these characters back into a single string using `''.join()`.
    
    For the call `f('ab        ')`:
    1.  `'ab        '.rstrip()` results in `'ab'`.
    2.  `reversed('ab')` yields `'b'` then `'a'`.
    3.  `''.join(['b', 'a'])` results in `'ba'`.
    
    The output of the code is `ba`.
    
    Final Answer: ba
  </RESPONSE>

════════════════════════════════════════════════════════════════
Run end  |  5 steps  |  23412 in  654 out  |  17.9s  |  chat
════════════════════════════════════════════════════════════════

