════════════════════════════════════════════════════════════════
Run  2026-06-02 05:48:29  |  local  |  chat
════════════════════════════════════════════════════════════════

<USER>
  <task>
  What is the output of the following Python code?
  
  ```python
  def f(text, limit, char):
      if limit < len(text):
          return text[0:limit]
      return text.ljust(limit, char)
  ```
  
  Call: `f('tqzym', 5, 'c')`
  
  Think step by step. Use the tools available to gather information. When you have a final answer, write it on the last line as:
  Final Answer: <your answer>
  </task>
  
  Complete the task. Run the command in success_criteria and include the output in your final response. Report clearly whether it passed or failed.
</USER>

── Step 1 ──────────────────────────────────────────────────────

  <THINKING>
    The user wants to find the output of a specific Python function call: `f('tqzym', 5, 'c')`.
    
    Function definition:
    ```python
    def f(text, limit, char):
        if limit < len(text):
            return text[0:limit]
        return text.ljust(limit, char)
    ```
    
    Call: `f('tqzym', 5, 'c')`
    
    Analysis:
    - `text` = 'tqzym'
    - `limit` = 5
    - `char` = 'c'
    - `len(text)` = 5 (t, q, z, y, m)
    - `if limit < len(text)`: `5 < 5` is `False`.
    - So it executes `return text.ljust(limit, char)`.
    - `text.ljust(5, 'c')`:
      - `text` is 'tqzym', which has length 5.
      - `ljust(5, 'c')` pads the string with `char` ('c') to reach the length `5`.
      - Since the length is already 5, no padding is added.
      - Result should be 'tqzym'.
    
    Wait, let me double check `ljust` behavior.
    `str.ljust(width[, fillchar])`
    Return the string left justified in a string of length `width`. Padding is done using the specified `fillchar` (default is an ASCII space). The `fillchar` must be exactly one character long.
    
    If `len(text)` is 5 and `width` is 5, `ljust` returns the original string.
    
    Let's verify this with a script.
  </THINKING>

  <TOOL Write>
    {
      "content": "def f(text, limit, char):\n    if limit \u003c len(text):\n        return text[0:limit]\n    return text.ljust(limit, char)\n\nprint(f('tqzym', 5, 'c'))\n",
      "file_path": "solution.py"
    }
  </TOOL Write>

  <RESULT Write>
    error: relative_path
  </RESULT Write>

── Step 2 ──────────────────────────────────────────────────────

  <THINKING>
    Okay, I need to use an absolute path. Let me check the current directory first.
  </THINKING>

  <TOOL Bash>
    {
      "command": "pwd"
    }
  </TOOL Bash>

  <RESULT Bash>
    ok: pwd
  </RESULT Bash>

── Step 3 ──────────────────────────────────────────────────────

  <THINKING>
    Okay, I need to use an absolute path for `Write`. I'll use `/home/ejumps/HalfaCloud/Jumperpedia/Projects/Repos/Aunic2.0/scripts/solution.py`.
    
    Wait, I should check if I can just use `Bash` to create the file or if I must use `Write`. `Write` requires an absolute path.
    
    Let's try to get the absolute path of the current directory again, but I'll just use the one from `pwd`.
    `/home/ejumps/HalfaCloud/Jumperpedia/Projects/Repos/Aunic2.0/scripts`
    
    I'll write the solution to `/home/ejumps/HalfaCloud/Jumperpedia/Projects/Repos/Aunic2.0/scripts/solution.py`.
  </THINKING>

  <TOOL Write>
    {
      "content": "def f(text, limit, char):\n    if limit \u003c len(text):\n        return text[0:limit]\n    return text.ljust(limit, char)\n\nprint(f('tqzym', 5, 'c'))\n",
      "file_path": "/home/ejumps/HalfaCloud/Jumperpedia/Projects/Repos/Aunic2.0/scripts/solution.py"
    }
  </TOOL Write>

  <RESULT Write>
    ok: wrote 143 bytes
  </RESULT Write>

── Step 4 ──────────────────────────────────────────────────────

  <TOOL Bash>
    {
      "command": "python3 /home/ejumps/HalfaCloud/Jumperpedia/Projects/Repos/Aunic2.0/scripts/solution.py"
    }
  </TOOL Bash>

  <RESULT Bash>
    ok: python3 /home/ejumps/HalfaCloud/Jumperpedia/Projects/Repos/A…
  </RESULT Bash>

── Step 5 ──────────────────────────────────────────────────────

  <RESPONSE>
    The Python code defines a function `f(text, limit, char)` that:
    1. Checks if `limit` is less than the length of `text`.
    2. If `limit < len(text)`, it returns the slice of `text` from the beginning up to `limit`.
    3. Otherwise, it returns `text` left-justified to the length of `limit` using the provided `char`.
    
    For the call `f('tqzym', 5, 'c')`:
    - `text` is `'tqzym'` (length 5).
    - `limit` is `5`.
    - `char` is `'c'`.
    - The condition `limit < len(text)` (i.e., `5 < 5`) is `False`.
    - The function executes `text.ljust(5, 'c')`.
    - Since the length of `'tqzym'` is already 5, `ljust(5, 'c')` returns the original string `'tqzym'`.
    
    Running the code:
    ```python
    def f(text, limit, char):
        if limit < len(text):
            return text[0:limit]
        return text.ljust(limit, char)
    
    print(f('tqzym', 5, 'c'))
    ```
    Output: `tqzym`
    
    Final Answer: tqzym
  </RESPONSE>

════════════════════════════════════════════════════════════════
Run end  |  5 steps  |  23735 in  1133 out  |  30.1s  |  chat
════════════════════════════════════════════════════════════════

