════════════════════════════════════════════════════════════════
Run  2026-06-02 06:33:58  |  local  |  chat
════════════════════════════════════════════════════════════════

<USER>
  <task>
  What is the output of the following Python code?
  
  ```python
  def f(messages):
      phone_code = "+353"
      result = []
      for message in messages:
          message.extend(phone_code)
          result.append(";".join(message))
      return ". ".join(result)
  ```
  
  Call: `f([['Marie','Nelson','Oscar']])`
  
  Think step by step. Use the tools available to gather information. When you have a final answer, write it on the last line as:
  Final Answer: <your answer>
  </task>
  
  Complete the task. Run the command in success_criteria and include the output in your final response. Report clearly whether it passed or failed.
</USER>

── Step 1 ──────────────────────────────────────────────────────

  <THINKING>
    The user wants to find the output of a specific Python function `f` called with `[['Marie','Nelson','Oscar']]`.
    
    ```python
    def f(messages):
        phone_code = "+353"
        result = []
        for message in messages:
            message.extend(phone_code)
            result.append(";".join(message))
        return ". ".join(result)
    ```
    
    Input: `[['Marie','Nelson','Oscar']]`
    
    1. `messages` is `[['Marie','Nelson','Oscar']]`.
    2. `phone_code` is `"+353"`.
    3. `result` is `[]`.
    4. First iteration of `for message in messages`:
       - `message` is `['Marie', 'Nelson', 'Oscar']`.
       - `message.extend(phone_code)`:
         - `phone_code` is a string `"+353"`.
         - `extend` on a list with a string will iterate through the string and append each character.
         - `message` becomes `['Marie', 'Nelson', 'Oscar', '+', '3', '5', '3']`.
       - `result.append(";".join(message))`:
         - `";".join(['Marie', 'Nelson', 'Oscar', '+', '3', '5', '3'])` is `"Marie;Nelson;Oscar;+;3;5;3"`.
         - `result` is `["Marie;Nelson;Oscar;+;3;5;3"]`.
    5. Loop ends.
    6. `return ". ".join(result)`:
       - `". ".join(["Marie;Nelson;Oscar;+;3;5;3"])` is `"Marie;Nelson;Oscar;+;3;5;3"`.
    
    Wait, let me double check `message.extend(phone_code)`.
    If `phone_code = "+353"`, then `message.extend(phone_code)` is equivalent to `message.extend(['+', '3', '5', '3'])`.
    So `message` becomes `['Marie', 'Nelson', 'Oscar', '+', '3', '5', '3']`.
    Then `";".join(message)` results in `"Marie;Nelson;Oscar;+;3;5;3"`.
    
    Let's verify this with a script.
  </THINKING>

  <TOOL todo_write>
    {
      "todos": [
        "Verify the Python code execution with a script",
        "Determine the final output"
      ]
    }
  </TOOL todo_write>

  <RESULT todo_write>
    error: apply_unavailable
  </RESULT todo_write>

── Step 2 ──────────────────────────────────────────────────────

  <TOOL Bash>
    {
      "command": "cat \u003c\u003cEOF \u003e solution.py\ndef f(messages):\n    phone_code = \"+353\"\n    result = []\n    for message in messages:\n        message.extend(phone_code)\n        result.append(\";\".join(message))\n    return \". \".join(result)\n\nprint(f([['Marie','Nelson','Oscar']]))\nEOF\npython3 solution.py\n",
      "description": "Run the provided Python code."
    }
  </TOOL Bash>

  <RESULT Bash>
    ok: Run the provided Python code.
  </RESULT Bash>

── Step 3 ──────────────────────────────────────────────────────

  <RESPONSE>
    The Python code defines a function `f(messages)` that takes a list of lists. For each sublist (message) in `messages`, it extends the sublist with the characters of the string `phone_code` (`"+353"`). Then, it joins the elements of the modified sublist with a semicolon (`;`) and appends the resulting string to a list `result`. Finally, it joins all strings in `result` with a period and a space (`. `).
    
    Let's trace the execution with the input `[['Marie', 'Nelson', 'Oscar']]`:
    
    1.  `messages` is `[['Marie', 'Nelson', 'Oscar']]`.
    2.  `phone_code` is `"+353"`.
    3.  `result` is initialized as `[]`.
    4.  The loop starts with the first (and only) message: `message = ['Marie', 'Nelson', 'Oscar']`.
    5.  `message.extend("+353")` is called. Since `"+353"` is a string, `extend` treats it as an iterable of characters.
        *   `message` becomes `['Marie', 'Nelson', 'Oscar', '+', '3', '5', '3']`.
    6.  `";".join(message)` joins these elements: `"Marie;Nelson;Oscar;+;3;5;3"`.
    7.  This string is appended to `result`: `result = ["Marie;Nelson;Oscar;+;3;5;3"]`.
    8.  The loop ends.
    9.  `". ".join(result)` joins the elements of `result` with `". "`. Since there is only one element, it returns `"Marie;Nelson;Oscar;+;3;5;3"`.
    
    The output of the code is `Marie;Nelson;Oscar;+;3;5;3`.
    
    Final Answer: Marie;Nelson;Oscar;+;3;5;3
  </RESPONSE>

════════════════════════════════════════════════════════════════
Run end  |  3 steps  |  13871 in  1104 out  |  29.2s  |  chat
════════════════════════════════════════════════════════════════

