════════════════════════════════════════════════════════════════
Run  2026-06-02 06:47:44  |  local  |  chat
════════════════════════════════════════════════════════════════

<USER>
  <task>
  What is the output of the following Python code?
  
  ```python
  def f(cat):
      digits = 0
      for char in cat:
          if char.isdigit():
              digits += 1
      return digits
  ```
  
  Call: `f('C24Bxxx982ab')`
  
  Think step by step. Use the tools available to gather information. When you have a final answer, write it on the last line as:
  Final Answer: <your answer>
  </task>
  
  Complete the task. Run the command in success_criteria and include the output in your final response. Report clearly whether it passed or failed.
</USER>

── Step 1 ──────────────────────────────────────────────────────

  <THINKING>
    The user wants to know the output of a specific Python function `f(cat)` when called with `f('C24Bxxx982ab')`.
    
    The function `f(cat)`:
    1. Initializes `digits = 0`.
    2. Iterates through each character `char` in the input string `cat`.
    3. Checks if `char.isdigit()` is true.
    4. If true, increments `digits`.
    5. Returns `digits`.
    
    Input: `'C24Bxxx982ab'`
    Characters:
    'C' -> False
    '2' -> True
    '4' -> True
    'B' -> False
    'x' -> False
    'x' -> False
    'x' -> False
    '9' -> True
    '8' -> True
    '2' -> True
    'a' -> False
    'b' -> False
    
    Digits found: '2', '4', '9', '8', '2'.
    Count: 5.
    
    I should verify this by running the code.
    
    The user also mentioned: "Run the command in success_criteria and include the output in your final response. Report clearly whether it passed or failed."
    However, there is no `success_criteria` provided in the prompt. I'll check if there's any other context.
    Wait, the user provided a `<task>` block. Usually, if there's a `success_criteria` it would be in the prompt or a file. Since I don't see it, I'll just execute the code to confirm my manual calculation.
    
    Wait, looking at the prompt again: "Run the command in success_criteria and include the output in your final response."
    Maybe I should look for a file or something? Or maybe the user meant "the code"?
    Actually, I don't see a `success_criteria` field in the provided text.
    
    Let's try to find if there are any files in the current directory that might contain success criteria.
  </THINKING>

  <TOOL Bash>
    {
      "command": "ls -R",
      "description": "List files in current directory"
    }
  </TOOL Bash>

  <RESULT Bash>
    ok: List files in current directory
  </RESULT Bash>

── Step 2 ──────────────────────────────────────────────────────

  <TOOL Bash>
    {
      "command": "python3 -c \"def f(cat):\n    digits = 0\n    for char in cat:\n        if char.isdigit():\n            digits += 1\n    return digits\n\nprint(f('C24Bxxx982ab'))\"",
      "description": "Run the python code snippet"
    }
  </TOOL Bash>

  <RESULT Bash>
    ok: Run the python code snippet
  </RESULT Bash>

── Step 3 ──────────────────────────────────────────────────────

  <TOOL Bash>
    {
      "command": "python3 success_criteria.py",
      "description": "Run success criteria script"
    }
  </TOOL Bash>

  <RESULT Bash>
    ok: Run success criteria script
  </RESULT Bash>

── Step 4 ──────────────────────────────────────────────────────

  <TOOL Read>
    {
      "file_path": "success_criteria.py"
    }
  </TOOL Read>

  <RESULT Read>
    error: relative_path
  </RESULT Read>

── Step 5 ──────────────────────────────────────────────────────

  <TOOL Bash>
    {
      "command": "pwd",
      "description": "Get current working directory"
    }
  </TOOL Bash>

  <RESULT Bash>
    ok: Get current working directory
  </RESULT Bash>

── Step 6 ──────────────────────────────────────────────────────

  <TOOL Read>
    {
      "file_path": "/home/ejumps/HalfaCloud/Jumperpedia/Projects/Repos/Aunic2.0/scripts/success_criteria.py"
    }
  </TOOL Read>

  <RESULT Read>
    ok: success_criteria.py (15 lines)
  </RESULT Read>

── Step 7 ──────────────────────────────────────────────────────

  <TOOL Bash>
    {
      "command": "python3 -c \"def f(cat):\n    digits = 0\n    for char in cat:\n        if char.isdigit():\n            digits += 1\n    return digits\n\nprint(f('C24Bxxx982ab'))\" \u003e output.txt \u0026\u0026 cat output.txt",
      "description": "Run python code and save to output.txt"
    }
  </TOOL Bash>

  <RESULT Bash>
    ok: Run python code and save to output.txt
  </RESULT Bash>

── Step 8 ──────────────────────────────────────────────────────

  <RESPONSE>
    The Python code defines a function `f(cat)` that counts the number of digits in a given string `cat`.
    
    Let's trace the execution for `f('C24Bxxx982ab')`:
    1.  `cat = 'C24Bxxx982ab'`
    2.  `digits = 0`
    3.  Iterating through each character:
        -   `'C'`: not a digit
        -   `'2'`: is a digit, `digits = 1`
        -   `'4'`: is a digit, `digits = 2`
        -   `'B'`: not a digit
        -   `'x'`: not a digit
        -   `'x'`: not a digit
        -   `'x'`: not a digit
        -   `'9'`: is a digit, `digits = 3`
        -   `'8'`: is a digit, `digits = 4`
        -   `'2'`: is a digit, `digits = 5`
        -   `'a'`: not a digit
        -   `'b'`: not a digit
    4.  The function returns `5`.
    
    Running the command `python3 -c "def f(cat): digits = 0; for char in cat: if char.isdigit(): digits += 1; return digits; print(f('C24Bxxx982ab'))"` produced the output `5`.
    
    The `success_criteria.py` script contains a different function `f(names)` and its test case, which is unrelated to the provided task. Running it produced no output (or rather, it didn't fail with an error in the way I expected, but it doesn't validate the task). However, the task asks to run the command in `success_criteria` and include the output. Since `success_criteria.py` is a script provided in the environment, I ran it.
    
    The output of `python3 success_criteria.py` was empty.
    
    Final Answer: 5
  </RESPONSE>

════════════════════════════════════════════════════════════════
Run end  |  8 steps  |  42102 in  1227 out  |  34.5s  |  chat
════════════════════════════════════════════════════════════════

