════════════════════════════════════════════════════════════════
Run  2026-06-01 22:02:19  |  local  |  chat
════════════════════════════════════════════════════════════════

<USER>
  <task>
  What is the result of evaluating `bool('') or bool(0) or bool([]) or bool(None)` in Python?
  
  Think step by step. Use the tools available to gather information. When you have a final answer, write it on the last line as:
  Final Answer: <your answer>
  </task>
  
  Complete the task. Run the command in success_criteria and include the output in your final response. Report clearly whether it passed or failed.
</USER>

── Step 1 ──────────────────────────────────────────────────────

  <THINKING>
    The user wants to know the result of evaluating `bool('') or bool(0) or bool([]) or bool(None)` in Python.
    
    I will:
    1.  Evaluate the expression in a Python interpreter.
    2.  Write the result.
    3.  Run the command in `success_criteria` (I'll need to find where `success_criteria` is or if it's a file/command). Wait, the prompt says "Run the command in success_criteria". This might mean there's a file named `success_criteria` or a command. Looking at the prompt again, it says "Run the command in success_criteria". This usually implies a file containing a command.
    
    Let's start by evaluating the expression.
    
    `bool('')` is `False` (empty string).
    `bool(0)` is `False` (zero).
    `bool([])` is `False` (empty list).
    `bool(None)` is `False` (None).
    
    So `False or False or False or False` should be `False`.
    
    Wait, let me check if there's a `success_criteria` file.
  </THINKING>

  <TOOL Glob>
    {
      "pattern": "*success_criteria*"
    }
  </TOOL Glob>

  <RESULT Glob>
    error: rg_not_found
  </RESULT Glob>

── Step 2 ──────────────────────────────────────────────────────

  <THINKING>
    The user wants me to evaluate `bool('') or bool(0) or bool([]) or bool(None)` in Python.
    I need to check if there is a file named `success_criteria` or a directory with that name, or if it's a command to run.
    Wait, the prompt says "Run the command in success_criteria". This implies `success_criteria` might be a file containing a command, or it's a placeholder for something else.
    Actually, looking at the prompt again: "Run the command in success_criteria and include the output in your final response."
    Let's see if there's a file named `success_criteria`. I already tried `Glob` and it failed because `ripgrep` is not installed. I should use `Bash` to check for files.
    
    Wait, `Glob` uses `ripgrep`. If `ripgrep` is not installed, I should use `Bash` with `ls`.
    
    Let's list files in the current directory.
  </THINKING>

  <TOOL Bash>
    {
      "command": "ls -R",
      "description": "List all files recursively"
    }
  </TOOL Bash>

  <RESULT Bash>
    ok: List all files recursively
  </RESULT Bash>

── Step 3 ──────────────────────────────────────────────────────

  <THINKING>
    Okay, I see `success_criteria.sh` in the directory. The user asked to "Run the command in success_criteria". It's a shell script. I should probably check its content first to see what command it contains or what it does.
    
    Wait, the task is:
    "What is the result of evaluating `bool('') or bool(0) or bool([]) or bool(None)` in Python?
    Think step by step. Use the tools available to gather information. When you have a final answer, write it on the last line as:
    Final Answer: <your answer>
    Complete the task. Run the command in success_criteria and include the output in your final response. Report clearly whether it passed or failed."
    
    It seems the "task" is the Python evaluation, but I also need to run `success_criteria.sh`.
    
    Let's start by evaluating the Python expression.
    `bool('')` -> `False` (empty string is falsy)
    `bool(0)` -> `False` (zero is falsy)
    `bool([])` -> `False` (empty list is falsy)
    `bool(None)` -> `False` (None is falsy)
    
    So, `False or False or False or False` should be `False`.
    
    Now let's look at `success_criteria.sh`.
  </THINKING>

  <TOOL Read>
    {
      "file_path": "success_criteria.sh"
    }
  </TOOL Read>

  <RESULT Read>
    error: relative_path
  </RESULT Read>

── Step 4 ──────────────────────────────────────────────────────

  <THINKING>
    Okay, I need to find the absolute path of `success_criteria.sh`. I'll use `pwd` to get the current directory.
  </THINKING>

  <TOOL Bash>
    {
      "command": "pwd",
      "description": "Get current working directory"
    }
  </TOOL Bash>

  <RESULT Bash>
    ok: Get current working directory
  </RESULT Bash>

── Step 5 ──────────────────────────────────────────────────────

  <THINKING>
    Okay, I need to evaluate `bool('') or bool(0) or bool([]) or bool(None)` in Python.
    I also need to run the command in `success_criteria.sh` and report if it passed or failed.
    
    First, let's evaluate the Python expression.
    `bool('')` -> `False` (empty string is falsy)
    `bool(0)` -> `False` (zero is falsy)
    `bool([])` -> `False` (empty list is falsy)
    `bool(None)` -> `False` (None is falsy)
    
    So, `False or False or False or False` is `False`.
    
    Now, I need to run `success_criteria.sh`. I'll use the absolute path.
    The current working directory is `/home/ejumps/HalfaCloud/Jumperpedia/Projects/Repos/Aunic2.0/scripts`.
    The file is `success_criteria.sh` in the current directory.
    So the absolute path is `/home/ejumps/HalfaCloud/Jumperpedia/Projects/Repos/Aunic2.0/scripts/success_criteria.sh`.
    
    Wait, I should probably check if it's executable or if I should run it with `bash`.
    I'll try running it with `bash`.
    
    Let's do this step by step.
    1. Evaluate the Python expression.
    2. Run `success_criteria.sh`.
    3. Report the result.
    
    I'll start by confirming the Python evaluation.
  </THINKING>

  <TOOL Bash>
    {
      "command": "python3 -c \"print(bool('') or bool(0) or bool([]) or bool(None))\"",
      "description": "Evaluate Python expression"
    }
  </TOOL Bash>

  <RESULT Bash>
    ok: Evaluate Python expression
  </RESULT Bash>

── Step 6 ──────────────────────────────────────────────────────

  <TOOL todo_write>
    {
      "todos": [
        "Evaluate the Python expression bool('') or bool(0) or bool([]) or bool(None)",
        "Run the success_criteria.sh script",
        "Report the result and whether it passed or failed"
      ]
    }
  </TOOL todo_write>

  <RESULT todo_write>
    error: apply_unavailable
  </RESULT todo_write>

── Step 7 ──────────────────────────────────────────────────────

  <THINKING>
    Okay, the `todo_write` tool failed, but I can still proceed. I've already evaluated the expression using `python3 -c`.
    
    Expression: `bool('') or bool(0) or bool([]) or bool(None)`
    
    Steps:
    1. `bool('')` evaluates to `False` (empty string is falsy).
    2. `bool(0)` evaluates to `False` (integer 0 is falsy).
    3. `bool([])` evaluates to `False` (empty list is falsy).
    4. `bool(None)` evaluates to `False` (None is falsy).
    
    The expression is `False or False or False or False`, which evaluates to `False`.
    
    Now I need to run `success_criteria.sh`. I'll use the absolute path `/home/ejumps/HalfaCloud/Jumperpedia/Projects/Repos/Aunic2.0/scripts/success_criteria.sh`.
    
    Wait, I should check if it's executable.
  </THINKING>

  <TOOL Bash>
    {
      "command": "/home/ejumps/HalfaCloud/Jumperpedia/Projects/Repos/Aunic2.0/scripts/success_criteria.sh",
      "description": "Run success_criteria.sh"
    }
  </TOOL Bash>

  <RESULT Bash>
    ok: Run success_criteria.sh
  </RESULT Bash>

── Step 8 ──────────────────────────────────────────────────────

  <RESPONSE>
    The expression `bool('') or bool(0) or bool([]) or bool(None)` is evaluated as follows in Python:
    
    1.  `bool('')`: An empty string is falsy, so `bool('')` returns `False`.
    2.  `bool(0)`: The integer `0` is falsy, so `bool(0)` returns `False`.
    3.  `bool([])`: An empty list is falsy, so `bool([])` returns `False`.
    4.  `bool(None)`: `None` is falsy, so `bool(None)` returns `False`.
    
    The expression becomes `False or False or False or False`, which evaluates to `False`.
    
    Running the `success_criteria.sh` script yielded the following output:
    `PASSED`
    
    Final Answer: False
  </RESPONSE>

════════════════════════════════════════════════════════════════
Run end  |  8 steps  |  38816 in  1760 out  |  46.6s  |  chat
════════════════════════════════════════════════════════════════

