════════════════════════════════════════════════════════════════
Run  2026-06-02 13:54:17  |  local  |  chat
════════════════════════════════════════════════════════════════

<USER>
  <note_path>jellyfin-screensaver.md</note_path>
  
  <note_content>
  # Project
  I would like to make a screensaver that pulls images from my jellyfin server and plays them in a slideshow. The jellyfin server is at media.halfab.net
  
  ## Guide
  This should be a QML-based wallpaper plugin that fetches jellyfin images directly vir `XMLHttpRequest` and cycles them. 
  - should be appliable to either the desktop background, lockscreen and screen saver
  </note_content>
</USER>

── Step 1 ──────────────────────────────────────────────────────

  <THINKING>
    The user wants to create a QML-based wallpaper plugin that acts as a screensaver.
    It should:
    1. Pull images from a Jellyfin server (`media.halfab.net`).
    2. Play them in a slideshow.
    3. Use `XMLHttpRequest` to fetch data/images.
    4. Be applicable to desktop background, lockscreen, and screensaver.
    
    Since the user provided a note with the project idea, they are likely looking for a starting point, architecture, or code snippets to implement this.
    
    Wait, the user didn't actually *ask* a question in the prompt. They just provided the note.
    Usually, when a user provides a note and no instruction, they might want me to:
    - Summarize it.
    - Refine it.
    - Start working on it.
    - Or they might have forgotten to ask the question.
    
    However, looking at the system prompt: "The user's active markdown note is provided as context, followed by their request. Reply with a plain-text message".
    The request is empty.
    
    Wait, I see `<note_path>` and `<note_content>`.
    The user's request is empty.
    
    Actually, looking at the prompt again, there is no text after the note content.
    Maybe I should ask how I can help with this project? Or maybe they want me to expand on the guide?
    
    Let's assume they want me to help them get started or provide a plan/implementation outline.
    
    Actually, looking at the prompt structure:
    `<note_path>...</note_path>`
    `<note_content>...</note_content>`
    (End of prompt)
    
    If the request is empty, I should probably ask what they want me to do with this note.
    
    However, I'll check if there's any implicit instruction.
    "I would like to make a screensaver..."
    "This should be a QML-based wallpaper plugin..."
    
    I will provide a high-level implementation plan and some initial QML/JS structure to get them started, as that's the most helpful response to a project description.
    
    Plan:
    1. **Architecture**:
       - QML for the UI/Slideshow.
       - JavaScript (`XMLHttpRequest`) for Jellyfin API calls.
       - A mechanism to integrate with the desktop/lockscreen (this depends heavily on the OS/Desktop Environment, e.g., KDE Plasma, GNOME, or a standalone app).
    
    2. **Jellyfin API Integration**:
       - Need to authenticate (likely via API key or user token).
       - Endpoints: `/Items` with `IncludeImages=true` or similar.
       - Fetching image URLs.
    
    3. **QML Implementation**:
       - `Timer` for the slideshow interval.
       - `Image` component to display the current image.
       - `Fade` animation for transitions.
    
    4. **Integration (The hard part)**:
       - On KDE Plasma, you can write a Wallpaper plugin.
       - On GNOME, it's harder (usually requires extensions or specific tools).
       - On a generic Linux system, a standalone QML app running in fullscreen could act as a screensaver.
    
    I'll draft a response that outlines these steps.
    
    Wait, I should check if I can find any specific info about "QML-based wallpaper plugin" for specific environments.
    KDE Plasma is the most common one that uses QML for wallpaper plugins.
    
    Let's provide a structured response.
    
    **Step 1: Jellyfin API Exploration**
    - Authentication: `api_key` in header.
    - Endpoint: `/Users/{userId}/Items?IncludeImages=true&Recursive=true&Limit=50` (or similar).
    - Image URL format: `https://media.halfab.net/Items/{ItemId}/Images/Primary`.
    
    **Step 2: QML Structure**
    - `Slideshow.qml`
    - `JellyfinClient.js`
    
    **Step 3: Implementation Details**
    
    I will respond by asking if they want a specific part implemented or a general outline. But better yet, I'll provide a "Getting Started" outline.
    
    Actually, I'll provide a breakdown of how to approach this.
    
    1. **API Strategy**: How to get the images.
    2. **QML Logic**: How to cycle them.
    3. **Environment**: Addressing the "desktop/lockscreen/screensaver" requirement.
    
    Let's refine the Jellyfin part.
    To get images:
    1. Get user/library items.
    2. Extract `Id`.
    3. Construct image URL.
    
    Wait, I'll just provide a high-level technical plan.
  </THINKING>

  <RESPONSE>
    This is an interesting project. Since you want it to be a **QML-based wallpaper plugin** that works across the desktop, lockscreen, and screensaver, the implementation strategy depends heavily on your Desktop Environment (DE). 
    
    The most straightforward path is targeting **KDE Plasma**, as it natively supports QML-based wallpaper plugins. For other environments (like GNOME), you would likely need to build a standalone QML application that runs in fullscreen and is triggered by a screensaver utility.
    
    Here is a high-level technical roadmap and a starting structure:
    
    ### 1. Jellyfin API Strategy
    To avoid heavy lifting, you'll want to use the Jellyfin API to fetch item metadata and then construct the image URLs.
    
    *   **Authentication:** Use an `api_key` passed in the `X-Api-Key` header.
    *   **Endpoint:** `/Users/{userId}/Items?IncludeImages=true&Recursive=true&Limit=100`
    *   **Image URL Pattern:** `https://media.halfab.net/Items/{ItemId}/Images/Primary`
    
    ### 2. Proposed Architecture
    
    #### `JellyfinClient.js` (Logic)
    This script will handle the `XMLHttpRequest` calls.
    ```javascript
    // Simplified logic
    function fetchImages(apiUrl, apiKey, callback) {
        var xhr = new XMLHttpRequest();
        xhr.onreadystatechange = function() {
            if (xhr.readyState === XMLHttpRequest.DONE) {
                if (xhr.status === 200) {
                    var response = JSON.parse(xhr.responseText);
                    var imageUrls = response.Items.map(item => 
                        apiUrl + "/Items/" + item.Id + "/Images/Primary"
                    );
                    callback(imageUrls);
                }
            }
        };
        xhr.open("GET", apiUrl, true);
        xhr.setRequestHeader("X-Api-Key", apiKey);
        xhr.send();
    }
    ```
    
    #### `Slideshow.qml` (UI)
    A simple QML component to handle the transitions.
    ```qml
    import QtQuick 2.15
    import QtQuick.Controls 2.15
    
    Item {
        property var images: []
        property int currentIndex: 0
        
        Image {
            id: displayImage
            anchors.fill: parent
            source: images.length > 0 ? images[currentIndex] : ""
            fillMode: Image.PreserveAspectCrop
            
            // Smooth transition
            Behavior on opacity { NumberAnimation { duration: 1000 } }
        }
    
        Timer {
            interval: 10000 // 10 seconds
            running: images.length > 0
            repeat: true
            onTriggered: {
                displayImage.opacity = 0;
                // Small delay to change source while invisible
                fadeTimer.start();
            }
        }
    
        Timer {
            id: fadeTimer
            interval: 500
            onTriggered: {
                currentIndex = (currentIndex + 1) % images.length;
                displayImage.opacity = 1;
            }
        }
    }
    ```
    
    ### 3. Implementation Challenges to Consider
    
    *   **The "Lockscreen/Screensaver" Requirement:** 
        *   **KDE Plasma:** You can write a `Plasma Wallpaper Plugin`. This handles the desktop background easily. For the lockscreen, you would need to look into the `kscreenlocker` integration.
        *   **Standalone:** If you want it to be a "Screensaver" in the traditional sense, you might build a QML app that uses `Window { visibility: Window.FullScreen }` and use a tool like `xscreensaver` or a custom script to launch it.
    *   **Caching:** `XMLHttpRequest` and QML's `Image` component handle some caching, but for a smooth experience, you might want to pre-fetch the *next* image in the array so there is no "white flash" during the transition.
    *   **Authentication:** If your Jellyfin server requires a user session rather than just an API key, you'll need to implement a login flow or allow the user to provide a `Token` in the plugin configuration.
    
    **How would you like to proceed? I can help you write the specific KDE Plasma plugin boilerplate, or refine the Jellyfin API fetching logic.**
  </RESPONSE>

════════════════════════════════════════════════════════════════
Run end  |  1 steps  |  2676 in  1970 out  |  49.0s  |  chat
════════════════════════════════════════════════════════════════

