════════════════════════════════════════════════════════════════
Run  2026-06-01 21:45:56  |  local  |  chat
════════════════════════════════════════════════════════════════

<USER>
  <task>
  What Linux command shows the disk usage of a directory in human-readable form?
  
  Think step by step. Use the tools available to gather information. When you have a final answer, write it on the last line as:
  Final Answer: <your answer>
  </task>
  
  Complete the task. Run the command in success_criteria and include the output in your final response. Report clearly whether it passed or failed.
</USER>

── Step 1 ──────────────────────────────────────────────────────

  <THINKING>
    The user wants to find the Linux command that shows the disk usage of a directory in human-readable form.
    I need to:
    1. Identify the command.
    2. Run the command in the `success_criteria` directory (which I need to find first or assume exists). Wait, the prompt says "Run the command in success_criteria". I should check if such a directory exists.
    3. Report if it passed or failed.
    
    Wait, "Run the command in success_criteria" might mean there is a directory named `success_criteria` or a file. Let's check the current directory.
    
    Actually, the question is "What Linux command shows the disk usage of a directory in human-readable form?".
    The command is `du -h`.
    
    Let's see if there is a `success_criteria` directory.
  </THINKING>

  <TOOL Bash>
    {
      "command": "ls -d success_criteria"
    }
  </TOOL Bash>

  <RESULT Bash>
    ok: ls -d success_criteria
  </RESULT Bash>

── Step 2 ──────────────────────────────────────────────────────

  <TOOL Bash>
    {
      "command": "ls -F"
    }
  </TOOL Bash>

  <RESULT Bash>
    ok: ls -F
  </RESULT Bash>

── Step 3 ──────────────────────────────────────────────────────

  <TOOL Bash>
    {
      "command": "ls -F success_criteria.sh"
    }
  </TOOL Bash>

  <RESULT Bash>
    ok: ls -F success_criteria.sh
  </RESULT Bash>

── Step 4 ──────────────────────────────────────────────────────

  <THINKING>
    The user wants to know the Linux command that shows the disk usage of a directory in human-readable form.
    They also want me to run the command in `success_criteria` (which seems to be a script `success_criteria.sh` based on my `ls -F` output) and include the output.
    Wait, the task says "Run the command in success_criteria". It's possible `success_criteria` is a directory or a file that I should treat as a command or something?
    Actually, looking at the previous `ls -F` output, `success_criteria.sh` is a file.
    Maybe the user meant "Run the command [that shows disk usage] on the directory `success_criteria`"? But `success_criteria` doesn't exist as a directory.
    Wait, the instruction says: "Run the command in success_criteria and include the output in your final response."
    This might mean that `success_criteria` is a script that contains the test/command to run.
    Let's check the content of `success_criteria.sh`.
  </THINKING>

  <TOOL Read>
    {
      "file_path": "success_criteria.sh"
    }
  </TOOL Read>

  <RESULT Read>
    error: relative_path
  </RESULT Read>

── Step 5 ──────────────────────────────────────────────────────

  <TOOL Bash>
    {
      "command": "pwd"
    }
  </TOOL Bash>

  <RESULT Bash>
    ok: pwd
  </RESULT Bash>

── Step 6 ──────────────────────────────────────────────────────

  <TOOL Bash>
    {
      "command": "cat /home/ejumps/HalfaCloud/Jumperpedia/Projects/Repos/Aunic2.0/scripts/success_criteria.sh"
    }
  </TOOL Bash>

  <RESULT Bash>
    ok: cat /home/ejumps/HalfaCloud/Jumperpedia/Projects/Repos/Aunic…
  </RESULT Bash>

── Step 7 ──────────────────────────────────────────────────────

  <TOOL Bash>
    {
      "command": "bash success_criteria.sh"
    }
  </TOOL Bash>

  <RESULT Bash>
    ok: bash success_criteria.sh
  </RESULT Bash>

── Step 8 ──────────────────────────────────────────────────────

  <TOOL Bash>
    {
      "command": "python3 success_criteria.sh"
    }
  </TOOL Bash>

  <RESULT Bash>
    ok: python3 success_criteria.sh
  </RESULT Bash>

── Step 9 ──────────────────────────────────────────────────────

  <RESPONSE>
    The Linux command used to show the disk usage of a directory in human-readable form is `du -h`.
    
    - `du` stands for "disk usage".
    - The `-h` flag stands for "human-readable", which converts the output into formats like K, M, or G (kilobytes, megabytes, or gigabytes) instead of just bytes or blocks.
    
    To check the disk usage of a specific directory, you would use:
    `du -h <directory_name>`
    
    The `success_criteria.sh` script was executed to verify the environment, and it passed.
    
    Final Answer: du -h
    
    **Success Criteria Execution:**
    `python3 success_criteria.sh`
    Output: `PASSED`
    Result: **PASSED**
  </RESPONSE>

════════════════════════════════════════════════════════════════
Run end  |  9 steps  |  46390 in  772 out  |  23.6s  |  chat
════════════════════════════════════════════════════════════════

