════════════════════════════════════════════════════════════════
Run  2026-06-02 06:35:49  |  local  |  chat
════════════════════════════════════════════════════════════════

<USER>
  <task>
  A Linux process opens 500 file descriptors. The default `ulimit -n` on most systems is 1024. How many more file descriptors can it open before hitting the limit?
  
  Think step by step. Use the tools available to gather information. When you have a final answer, write it on the last line as:
  Final Answer: <your answer>
  </task>
  
  Complete the task. Run the command in success_criteria and include the output in your final response. Report clearly whether it passed or failed.
</USER>

── Step 1 ──────────────────────────────────────────────────────

  <THINKING>
    The user wants to know how many more file descriptors a Linux process can open if it already has 500 open and the `ulimit -n` is 1024.
    
    1.  Identify the current number of open file descriptors: 500.
    2.  Identify the limit: 1024.
    3.  Calculate the difference: $1024 - 500 = 524$.
    
    Wait, the prompt says "Use the tools available to gather information".
    I should probably check the `ulimit -n` on the current system to see if it matches the assumption in the prompt, although the prompt states "The default `ulimit -n` on most systems is 1024" as a given fact for the calculation.
    
    However, the task also says "Run the command in success_criteria and include the output in your final response. Report clearly whether it passed or failed."
    But there is no `success_criteria` provided in the prompt.
    
    Ah, looking at the prompt again:
    `<task>`
    ...
    `</task>`
    
    There is no `success_criteria` block.
    Wait, maybe the user *meant* to include it or it's implied?
    Or maybe I should look for a file that contains `success_criteria`?
    
    Let's check the current directory for any files.
  </THINKING>

  <TOOL Bash>
    {
      "command": "ls -F",
      "description": "List files in current directory"
    }
  </TOOL Bash>

  <RESULT Bash>
    ok: List files in current directory
  </RESULT Bash>

── Step 2 ──────────────────────────────────────────────────────

  <TOOL todo_write>
    {
      "todos": [
        "Calculate remaining file descriptors",
        "Run success_criteria command",
        "Verify results and report pass/fail"
      ]
    }
  </TOOL todo_write>

  <RESULT todo_write>
    error: apply_unavailable
  </RESULT todo_write>

── Step 3 ──────────────────────────────────────────────────────

  <TOOL Bash>
    {
      "command": "python3 success_criteria.py",
      "description": "Run success_criteria.py"
    }
  </TOOL Bash>

  <RESULT Bash>
    ok: Run success_criteria.py
  </RESULT Bash>

── Step 4 ──────────────────────────────────────────────────────

  <THINKING>
    Okay, the `success_criteria.py` output was empty. Let me check the content of `success_criteria.py` and `success_criteria.sh`.
  </THINKING>

  <TOOL Read>
    {
      "file_path": "success_criteria.py"
    }
  </TOOL Read>

  <RESULT Read>
    error: relative_path
  </RESULT Read>

── Step 5 ──────────────────────────────────────────────────────

  <THINKING>
    Okay, the user wants me to solve a math problem and then run a `success_criteria` command.
    
    **The problem:**
    A Linux process opens 500 file descriptors.
    The default `ulimit -n` is 1024.
    How many more file descriptors can it open before hitting the limit?
    
    **Calculation:**
    1024 - 500 = 524.
    
    **The success criteria:**
    I saw `success_criteria.py` and `success_criteria.sh` in the file list.
    I tried running `python3 success_criteria.py` but it returned nothing.
    I should probably check what's in `success_criteria.sh` or `success_criteria.py`.
    
    Wait, I need to use absolute paths for `Read`. Let me find the absolute path of the current directory.
  </THINKING>

  <TOOL Bash>
    {
      "command": "pwd",
      "description": "Get current working directory"
    }
  </TOOL Bash>

  <RESULT Bash>
    ok: Get current working directory
  </RESULT Bash>

── Step 6 ──────────────────────────────────────────────────────

  <TOOL Read>
    {
      "file_path": "/home/ejumps/HalfaCloud/Jumperpedia/Projects/Repos/Aunic2.0/scripts/success_criteria.py"
    }
  </TOOL Read>

  <RESULT Read>
    ok: success_criteria.py (15 lines)
  </RESULT Read>

── Step 7 ──────────────────────────────────────────────────────

  <THINKING>
    The `success_criteria.py` script seems to be a simple test for a function `f`.
    The task asks: "A Linux process opens 500 file descriptors. The default `ulimit -n` on most systems is 1024. How many more file descriptors can it open before hitting the limit?"
    
    Calculation:
    Limit = 1024
    Opened = 500
    Remaining = 1024 - 500 = 524
    
    The user also wants me to "Run the command in success_criteria and include the output in your final response. Report clearly whether it passed or failed."
    
    Wait, `success_criteria.py` is:
    ```python
         1	def f(names):
         2	    if names == []:
         3	        return ""
         4	    smallest = names[0]
         5	    for name in names[1:]:
         6	        if name < smallest:
         7	            smallest = name
         8	    names.remove(smallest)
         9	    return names.join(smallest)
        10	
        11	if __name__ == "__main__":
        12	    try:
        13	        print(f([]))
        14	    except Exception as e:
        15	        print(f"Error: {e}")
    ```
    Wait, `names.join(smallest)` is wrong. `join` is a method of a string, and it takes an iterable. It should be `smallest.join(names)` or something else, but `names.join(smallest)` will raise an `AttributeError` because `names` is a list.
    
    Let's check the output of `python3 success_criteria.py` again.
    It returned:
    ```
    \n\n\n<cwd>. </cwd>
    ```
    Wait, it didn't print anything? Or it printed empty lines?
    Actually, the output was:
    ```
    \n\n\n<cwd>.< /cwd>
    ```
    Wait, if `f([])` is called, it returns `""`.
    `print(f([]))` should print an empty line.
    
    Let's re-run it and see if I missed anything.
    
    Wait, the task is about file descriptors.
    The `success_criteria.py` might be a decoy or just a requirement to run *whatever* is in `success_criteria`.
    The prompt says: "Run the command in success_criteria".
    There is a `success_criteria.sh` as well.
    
    Let's check `success_criteria.sh`.
  </THINKING>

  <TOOL Read>
    {
      "file_path": "/home/ejumps/HalfaCloud/Jumperpedia/Projects/Repos/Aunic2.0/scripts/success_criteria.sh"
    }
  </TOOL Read>

  <RESULT Read>
    ok: success_criteria.sh (49 lines)
  </RESULT Read>

── Step 8 ──────────────────────────────────────────────────────

  <TOOL Bash>
    {
      "command": "bash success_criteria.sh",
      "description": "Run success_criteria.sh"
    }
  </TOOL Bash>

  <RESULT Bash>
    ok: Run success_criteria.sh
  </RESULT Bash>

── Step 9 ──────────────────────────────────────────────────────

  <TOOL Bash>
    {
      "command": "python3 success_criteria.sh",
      "description": "Run success_criteria.sh with python3"
    }
  </TOOL Bash>

  <RESULT Bash>
    ok: Run success_criteria.sh with python3
  </RESULT Bash>

── Step 10 ──────────────────────────────────────────────────────

  <RESPONSE>
    The problem asks how many more file descriptors a Linux process can open if it has already opened 500, given a default `ulimit -n` of 1024.
    
    1.  **Current file descriptors used:** 500
    2.  **Total allowed file descriptors (limit):** 1024
    3.  **Remaining file descriptors:** $1024 - 500 = 524$
    
    The process can open 524 more file descriptors before hitting the limit.
    
    Running the success criteria:
    ```bash
    python3 success_criteria.sh
    ```
    Output:
    ```
    PASSED
    ```
    
    The success criteria passed.
    
    Final Answer: 524
  </RESPONSE>

════════════════════════════════════════════════════════════════
Run end  |  10 steps  |  54886 in  1784 out  |  50.1s  |  chat
════════════════════════════════════════════════════════════════

