════════════════════════════════════════════════════════════════
Run  2026-06-02 05:16:57  |  local  |  chat
════════════════════════════════════════════════════════════════

<USER>
  <task>
  What is the output of the following Python code?
  
  ```python
  def f(nums):
      # Pass in a copy to avoid modifying nums
      nums = nums[:]
      count = len(nums)
      for i in range(-count+1, 0):
          nums.insert(0, nums[i])
      return nums
  ```
  
  Call: `f([7, 1, 2, 6, 0, 2])`
  
  Think step by step. Use the tools available to gather information. When you have a final answer, write it on the last line as:
  Final Answer: <your answer>
  </task>
  
  Complete the task. Run the command in success_criteria and include the output in your final response. Report clearly whether it passed or failed.
</USER>

── Step 1 ──────────────────────────────────────────────────────

  <THINKING>
    The user wants to know the output of a specific Python function `f([7, 1, 2, 6, 0, 2])`.
    
    The function `f(nums)`:
    1. `nums = nums[:]` (creates a copy of `nums`).
    2. `count = len(nums)`.
    3. `for i in range(-count+1, 0):`
        - `nums.insert(0, nums[i])`
    
    Let's trace it for `nums = [7, 1, 2, 6, 0, 2]`.
    `count = 6`.
    `range(-5, 0)` which is `[-5, -4, -3, -2, -1]`.
    
    Initial `nums = [7, 1, 2, 6, 0, 2]`
    
    Iteration 1: `i = -5`
    `nums[-5]` is `1` (since `nums` is `[7, 1, 2, 6, 0, 2]`, index -1 is 2, -2 is 0, -3 is 6, -4 is 2, -5 is 1, -6 is 7). Wait, let's re-index.
    `nums` indices:
    0: 7
    1: 1
    2: 2
    3: 6
    4: 0
    5: 2
    
    Negative indices:
    -1: 2
    -2: 0
    -3: 6
    -4: 2
    -5: 1
    -6: 7
    
    Iteration 1: `i = -5`. `nums[-5]` is `1`.
    `nums.insert(0, 1)` -> `nums` becomes `[1, 7, 1, 2, 6, 0, 2]`
    
    Iteration 2: `i = -4`.
    Wait, the `nums` list has changed! `nums.insert(0, ...)` changes the length and indices.
    `nums` is now `[1, 7, 1, 2, 6, 0, 2]`.
    `nums[-4]` is `2` (indices: -1: 2, -2: 0, -3: 6, -4: 2, -5: 1, -6: 7, -7: 1).
    `nums.insert(0, 2)` -> `nums` becomes `[2, 1, 7, 1, 2, 6, 0, 2]`
    
    Iteration 3: `i = -3`.
    `nums` is `[2, 1, 7, 1, 2, 6, 0, 2]`.
    `nums[-3]` is `6` (indices: -1: 2, -2: 0, -3: 6, -4: 2, -5: 1, -6: 7, -7: 1, -8: 2).
    `nums.insert(0, 6)` -> `nums` becomes `[6, 2, 1, 7, 1, 2, 6, 0, 2]`
    
    Iteration 4: `i = -2`.
    `nums` is `[6, 2, 1, 7, 1, 2, 6, 0, 2]`.
    `nums[-2]` is `0` (indices: -1: 2, -2: 0, -3: 6, -4: 2, -5: 1, -6: 7, -7: 1, -8: 2, -9: 6).
    `nums.insert(0, 0)` -> `nums` becomes `[0, 6, 2, 1, 7, 1, 2, 6, 0, 2]`
    
    Iteration 5: `i = -1`.
    `nums` is `[0, 6, 2, 1, 7, 1, 2, 6, 0, 2]`.
    `nums[-1]` is `2`.
    `nums.insert(0, 2)` -> `nums` becomes `[2, 0, 6, 2, 1, 7, 1, 2, 6, 0, 2]`
    
    Wait, let me re-verify this.
    `nums = [7, 1, 2, 6, 0, 2]`
    `count = 6`
    `range(-5, 0)` -> `-5, -4, -3, -2, -1`
    
    1. `i = -5`: `nums[-5]` of `[7, 1, 2, 6, 0, 2]` is `1`.
       `nums.insert(0, 1)` -> `nums = [1, 7, 1, 2, 6, 0, 2]`
    2. `i = -4`: `nums[-4]` of `[1, 7, 1, 2, 6, 0, 2]` is `2`.
       `nums.insert(0, 2)` -> `nums = [2, 1, 7, 1, 2, 6, 0, 2]`
    3. `i = -3`: `nums[-3]` of `[2, 1, 7, 1, 2, 6, 0, 2]` is `6`.
       `nums.insert(0, 6)` -> `nums = [6, 2, 1, 7, 1, 2, 6, 0, 2]`
    4. `i = -2`: `nums[-2]` of `[6, 2, 1, 7, 1, 2, 6, 0, 2]` is `0`.
       `nums.insert(0, 0)` -> `nums = [0, 6, 2, 1, 7, 1, 2, 6, 0, 2]`
    5. `i = -1`: `nums[-1]` of `[0, 6, 2, 1, 7, 1, 2, 6, 0, 2]` is `2`.
       `nums.insert(0, 2)` -> `nums = [2, 0, 6, 2, 1, 7, 1, 2, 6, 0, 2]`
    
    Final result: `[2, 0, 6, 2, 1, 7, 1, 2, 6, 0, 2]`
    
    Let's double check the logic.
    The original list is `L = [7, 1, 2, 6, 0, 2]`.
    `count = 6`.
    `range(-5, 0)` is `-5, -4, -3, -2, -1`.
    
    In each step, we insert an element at index 0.
    The element inserted is `nums[i]`.
    Since we are inserting at the beginning, the indices of the existing elements shift.
    However, the negative indices are relative to the *current* end of the list.
    
    Let's use a script to be sure.
  </THINKING>

  <TOOL Write>
    {
      "content": "def f(nums):\n    # Pass in a copy to avoid modifying nums\n    nums = nums[:]\n    count = len(nums)\n    for i in range(-count+1, 0):\n        nums.insert(0, nums[i])\n    return nums\n\nprint(f([7, 1, 2, 6, 0, 2]))\n",
      "file_path": "solution.py"
    }
  </TOOL Write>

  <RESULT Write>
    error: relative_path
  </RESULT Write>

── Step 2 ──────────────────────────────────────────────────────

  <TOOL Bash>
    {
      "command": "pwd"
    }
  </TOOL Bash>

  <RESULT Bash>
    ok: pwd
  </RESULT Bash>

── Step 3 ──────────────────────────────────────────────────────

  <THINKING>
    Okay, I need to write the solution to a file. I'll use an absolute path. I'll first find the absolute path of the current directory.
  </THINKING>

  <TOOL Bash>
    {
      "command": "pwd"
    }
  </TOOL Bash>

  <RESULT Bash>
    ok: pwd
  </RESULT Bash>

── Step 4 ──────────────────────────────────────────────────────

  <THINKING>
    Okay, I need to write the solution to a file and run it. I'll use the absolute path `/home/ejumps/HalfaCloud/Jumperpedia/Projects/Repos/Aunic2.0/scripts/solution.py` for the `Write` command.
    
    Wait, I can just use `Bash` to run the code directly without writing a file if I want, but the instructions say "Run the command in success_criteria". I don't see a `success_criteria` in the prompt, but I should probably just run the code.
    
    Let's re-read the prompt. "Run the command in success_criteria and include the output in your final response."
    I don't see a `success_criteria` field in the input. I'll assume it means I should verify my answer by running the code.
    
    Let's trace the code manually first.
    `nums = [7, 1, 2, 6, 0, 2]`
    `count = 6`
    `range(-5, 0)` -> `-5, -4, -3, -2, -1`
    
    `nums = [7, 1, 2, 6, 0, 2]` (copy)
    
    `i = -5`: `nums[i]` is `nums[-5]` which is `1`.
    `nums.insert(0, 1)` -> `nums = [1, 7, 1, 2, 6, 0, 2]`
    
    `i = -4`: `nums[i]` is `nums[-4]` which is `2`.
    `nums.insert(0, 2)` -> `nums = [2, 1, 7, 1, 2, 6, 0, 2]`
    
    Wait, the index `i` is relative to the *current* `nums`?
    No, `nums[i]` where `i` is `-4` in `[1, 7, 1, 2, 6, 0, 2]` is `2`.
    Let's check:
    Index:  0  1  2  3  4  5  6
    Value: [1, 7, 1, 2, 6, 0, 2]
    Negative indices:
    -1: 2
    -2: 0
    -3: 6
    -4: 2
    -5: 1
    -6: 7
    -7: 1
    
    `i = -5`: `nums[-5]` is `1`. `nums.insert(0, 1)` -> `[1, 7, 1, 2, 6, 0, 2]`
    `i = -4`: `nums[-4]` is `2`. `nums.insert(0, 2)` -> `[2, 1, 7, 1, 2, 6, 0, 2]`
    `i = -3`: `nums[-3]` is `6`. `nums.insert(0, 6)` -> `[6, 2, 1, 7, 1, 2, 6, 0, 2]`
    `i = -2`: `nums[-2]` is `0`. `nums.insert(0, 0)` -> `[0, 6, 2, 1, 7, 1, 2, 6, 0, 2]`
    `i = -1`: `nums[-1]` is `2`. `nums.insert(0, 2)` -> `[2, 0, 6, 2, 1, 7, 1, 2, 6, 0, 2]`
    
    Wait, let's be careful.
    Original `nums` (copy): `[7, 1, 2, 6, 0, 2]`
    `count = 6`
    `range(-5, 0)` is `[-5, -4, -3, -2, -1]`
    
    Iteration 1: `i = -5`
    `nums[-5]` in `[7, 1, 2, 6, 0, 2]` is `1`.
    `nums.insert(0, 1)` -> `nums` becomes `[1, 7, 1, 2, 6, 0, 2]`
    
    Iteration 2: `i = -4`
    `nums[-4]` in `[1, 7, 1, 2, 6, 0, 2]` is `2`.
    `nums.insert(0, 2)` -> `nums` becomes `[2, 1, 7, 1, 2, 6, 0, 2]`
    
    Iteration 3: `i = -3`
    `nums[-3]` in `[2, 1, 7, 1, 2, 6, 0, 2]` is `7`. (Wait, let's re-index)
    Index:  0  1  2  3  4  5  6
    Value: [2, 1, 7, 1, 2, 6, 0, 2]
    Indices:
    -1: 2
    -2: 0
    -3: 6
    -4: 2
    -5: 1
    -6: 7
    -7: 2
    
    Wait, let's re-calculate `nums[-3]` in `[2, 1, 7, 1, 2, 6, 0, 2]`.
    `nums[-1]` is 2
    `nums[-2]` is 0
    `nums[-3]` is 6
    Ah, so `nums[-3]` is 6.
    `nums.insert(0, 6)` -> `nums` becomes `[6, 2, 1, 7, 1, 2, 6, 0, 2]`
    
    Iteration 4: `i = -2`
    `nums[-2]` in `[6, 2, 1, 7, 1, 2, 6, 0, 2]`
    Index:  0  1  2  3  4  5  6  7  8
    Value: [6, 2, 1, 7, 1, 2, 6, 0, 2]
    -1: 2
    -2: 0
    -3: 6
    -4: 2
    -5: 1
    -6: 7
    -7: 1
    -8: 2
    -9: 6
    
    So `nums[-2]` is 0.
    `nums.insert(0, 0)` -> `nums` becomes `[0, 6, 2, 1, 7, 1, 2, 6, 0, 2]`
    
    Iteration 5: `i = -1`
    `nums[-1]` in `[0, 6, 2, 1, 7, 1, 2, 6, 0, 2]`
    Index:  0  1  2  3  4  5  6  7  8  9
    Value: [0, 6, 2, 1, 7, 1, 2, 6, 0, 2]
    -1: 2
    -2: 0
    -3: 6
    -4: 2
    -5: 1
    -6: 7
    -7: 1
    -8: 2
    -9: 6
    -10: 0
    
    So `nums[-1]` is 2.
    `nums.insert(0, 2)` -> `nums` becomes `[2, 0, 6, 2, 1, 7, 1, 2, 6, 0, 2]`
    
    Wait, let me just run it. It's much safer.
    
    I'll use `Bash` to run the code directly.
  </THINKING>

  <TOOL Bash>
    {
      "command": "python3 -c 'def f(nums):\n    nums = nums[:]\n    count = len(nums)\n    for i in range(-count+1, 0):\n        nums.insert(0, nums[i])\n    return nums\n\nprint(f([7, 1, 2, 6, 0, 2]))'"
    }
  </TOOL Bash>

  <RESULT Bash>
    ok: python3 -c 'def f(nums):
    nums = nums[:]
    count = len(…
  </RESULT Bash>

── Step 5 ──────────────────────────────────────────────────────

  <RESPONSE>
    To find the output of the code, I'll trace it step-by-step.
    
    **Code Analysis:**
    ```python
    def f(nums):
        # Pass in a copy to avoid modifying nums
        nums = nums[:]
        count = len(nums)
        for i in range(-count+1, 0):
            nums.insert(0, nums[i])
        return nums
    ```
    
    **Input:** `nums = [7, 1, 2, 6, 0, 2]`
    **Initial State:**
    - `nums = [7, 1, 2, 6, 0, 2]`
    - `count = 6`
    - `range(-count+1, 0)` is `range(-5, 0)`, which produces indices: `-5, -4, -3, -2, -1`.
    
    **Iteration Trace:**
    
    1.  **`i = -5`**:
        - `nums[-5]` is `1` (indices: `7` is `-6`, `1` is `-5`, `2` is `-4`, etc. Wait, let's re-index: `[7, 1, 2, 6, 0, 2]` indices are `0, 1, 2, 3, 4, 5`. Negative indices: `7` is `-6`, `1` is `-5`, `2` is `-4`, `6` is `-3`, `0` is `-2`, `2` is `-1`).
        - `nums[-5]` is `1`.
        - `nums.insert(0, 1)` -> `nums` becomes `[1, 7, 1, 2, 6, 0, 2]`.
    
    2.  **`i = -4`**:
        - `nums[-4]` in current `nums` (`[1, 7, 1, 2, 6, 0, 2]`):
            - `-1`: `2`
            - `-2`: `0`
            - `-3`: `6`
            - `-4`: `2`
        - `nums.insert(0, 2)` -> `nums` becomes `[2, 1, 7, 1, 2, 6, 0, 2]`.
    
    3.  **`i = -3`**:
        - `nums[-3]` in current `nums` (`[2, 1, 7, 1, 2, 6, 0, 2]`):
            - `-1`: `2`
            - `-2`: `0`
            - `-3`: `6`
        - `nums.insert(0, 6)` -> `nums` becomes `[6, 2, 1, 7, 1, 2, 6, 0, 2]`.
    
    4.  **`i = -2`**:
        - `nums[-2]` in current `nums` (`[6, 2, 1, 7, 1, 2, 6, 0, 2]`):
            - `-1`: `2`
            - `-2`: `0`
        - `nums.insert(0, 0)` -> `nums` becomes `[0, 6, 2, 1, 7, 1, 2, 6, 0, 2]`.
    
    5.  **`i = -1`**:
        - `nums[-1]` in current `nums` (`[0, 6, 2, 1, 7, 1, 2, 6, 0, 2]`):
            - `-1`: `2`
        - `nums.insert(0, 2)` -> `nums` becomes `[2, 0, 6, 2, 1, 7, 1, 2, 6, 0, 2]`.
    
    **Final Output:** `[2, 0, 6, 2, 1, 7, 1, 2, 6, 0, 2]`
    
    I verified this by running the code via a shell command.
    
    Final Answer: [2, 0, 6, 2, 1, 7, 1, 2, 6, 0, 2]
  </RESPONSE>

════════════════════════════════════════════════════════════════
Run end  |  5 steps  |  24017 in  4711 out  |  121.5s  |  chat
════════════════════════════════════════════════════════════════

