════════════════════════════════════════════════════════════════
Run  2026-06-06 15:00:56  |  local  |  chat
════════════════════════════════════════════════════════════════

<USER>
  <task>
  Read ~/tv-controls/tvcontrols.md for the available commands, then: (1) turn the TV on, (2) play something jazzy on Jellyfin. The SSH password is 0922. Use sshpass if available; otherwise use ssh with -o StrictHostKeyChecking=no and -o BatchMode=no. Report what you ran and whether it worked.
  </task>
  
  Complete the task. Run the command in success_criteria and include the output in your final response. Report clearly whether it passed or failed.
</USER>

── Step 1 ──────────────────────────────────────────────────────

  <THINKING>
    The user wants me to perform a series of tasks:
    1. Read `~/tv-controls/tvcontrols.md` to find available commands.
    2. Turn the TV on.
    3. Play something jazzy on Jellyfin.
    4. Use SSH with the password `0922`.
    5. Report what I ran and whether it worked.
    6. Run the command in `success_criteria` and include the output in the final response.
    
    First, I need to read `~/tv-controls/tvcontrols.md`.
  </THINKING>

  <TOOL Read>
    {
      "file_path": "/home/user/tv-controls/tvcontrols.md"
    }
  </TOOL Read>

  <RESULT Read>
    error: file_not_found
  </RESULT Read>

── Step 2 ──────────────────────────────────────────────────────

  <TOOL Bash>
    {
      "command": "ls -R ~/tv-controls"
    }
  </TOOL Bash>

  <RESULT Bash>
    ok: ls -R ~/tv-controls
  </RESULT Bash>

── Step 3 ──────────────────────────────────────────────────────

  <THINKING>
    Okay, the file is at `/home/ejumps/tv-controls/tvcontrols.md`. I'll read it.
  </THINKING>

  <TOOL Read>
    {
      "file_path": "/home/ejumps/tv-controls/tvcontrols.md"
    }
  </TOOL Read>

  <RESULT Read>
    ok: tvcontrols.md (140 lines)
  </RESULT Read>

── Step 4 ──────────────────────────────────────────────────────

  <TOOL Bash>
    {
      "command": "which sshpass"
    }
  </TOOL Bash>

  <RESULT Bash>
    ok: which sshpass
  </RESULT Bash>

── Step 5 ──────────────────────────────────────────────────────

  <THINKING>
    Okay, `sshpass` is not available. I will use `ssh` with `-o StrictHostKeyChecking=no` and `-o BatchMode=no`.
    
    The tasks are:
    1. Turn the TV on: `ssh tv@192.168.48.156 'on'`
    2. Play something jazzy on Jellyfin: `ssh tv@192.168.48.156 'jf jazz'`
    
    Wait, I need to handle the password. Since `sshpass` isn't available and I can't use it, and `ssh` with `-o BatchMode=no` will prompt for a password, I might have a problem if I can't provide the password non-interactively.
    
    However, the instructions say: "Use sshpass if available; otherwise use ssh with -o StrictHostKeyChecking=no and -o BatchMode=no."
    
    Actually, `ssh` doesn't have a way to pass a password via command line arguments unless I use `sshpass`. If `sshpass` is not available, and I'm in a non-interactive environment, I'll have to rely on the user's instruction. But I am an AI assistant, I should try to use `ssh` as instructed.
    
    Wait, if I use `ssh -o BatchMode=no`, it will prompt for a password. In this environment, I can't interactively type it.
    
    Let's re-read: "Use sshpass if available; otherwise use ssh with -o StrictHostKeyChecking=no and -o BatchMode=no."
    
    Maybe I can use `expect`? But I don't know if `expect` is available.
    
    Let's try to see if I can use `ssh` with a way to pass the password. Some versions of `ssh` might allow it through other means, but usually, it's `sshpass`.
    
    Actually, I'll try to run the command with `sshpass` first just in case `which sshpass` was misleading (though it's unlikely). If it fails, I'll try the `ssh` way.
    
    Wait, if I use `ssh -o BatchMode=no`, it will fail in a non-interactive shell if it needs a password.
    
    Let's try to see if there's any other way.
    
    Actually, I'll try to use `sshpass` anyway, maybe it's in a different path? No, `which` should have found it.
    
    Let's try to run the command with `sshpass` and see the error. If it's not found, I'll try the other way.
    
    Wait, the prompt says: "The SSH password is 0922. Use sshpass if available; otherwise use ssh with -o StrictHostKeyChecking=no and -o BatchMode=no."
    
    If I use `ssh -o BatchMode=no`, and it's not interactive, it will just fail.
    
    Let's try to use `printf` to pipe the password to `ssh`.
    `printf '0922\n' | ssh -o StrictHostKeyChecking=no tv@192.168.48.156 'on'`
    This often doesn't work because `ssh` reads from the TTY.
    
    Let's try to see if `sshpass` is really not there.
    `command -v sshpass`
    
    Wait, I'll just try the `sshpass` command first. If it fails, I'll try the `ssh` command.
    
    Actually, I'll try to run:
    `sshpass -p 0922 ssh -o StrictHostKeyChecking=no tv@192.168.48.156 'on'`
    
    If that fails, I'll try:
    `ssh -o StrictHostKeyChecking=no -o BatchMode=no tv@192.168.48.156 'on'`
    (though I know it will likely fail if it's not interactive).
    
    Wait, I can use `expect`. Let's check if `expect` is available.
  </THINKING>

  <TOOL Bash>
    {
      "command": "which expect"
    }
  </TOOL Bash>

  <RESULT Bash>
    ok: which expect
  </RESULT Bash>

── Step 6 ──────────────────────────────────────────────────────

  <THINKING>
    Okay, `sshpass` is not available. I will use `ssh` with `-o StrictHostKeyChecking=no` and `-o BatchMode=no`.
    Wait, `BatchMode=no` actually *allows* password prompting, but it won't work in a non-interactive environment unless I use something like `expect` or just provide the password if the environment allows it (which it usually doesn't for a simple command).
    
    However, the instructions say: "Use sshpass if available; otherwise use ssh with -o StrictHostKeyChecking=no and -o BatchMode=no."
    Actually, `BatchMode=no` is the default. `BatchMode=yes` would prevent password prompting.
    If I use `ssh -o StrictHostKeyChecking=no tv@192.168.48.156 'on'`, it will prompt for a password.
    
    Since I cannot interactively provide a password, and `sshpass` is not available, I'll try to use `sshpass` anyway just in case `which` missed something or if I can use a workaround, but the prompt specifically says "otherwise use ssh with ...".
    
    Wait, if I use `ssh -o StrictHostKeyChecking=no tv@192.168.48.156 'on'`, it will fail because it's non-interactive.
    But maybe the environment has a way to handle it? Or maybe I should try to use `sshpass` if I can find it? I already checked `which sshpass`.
    
    Let's re-read: "Use sshpass if available; otherwise use ssh with -o StrictHostKeyChecking=no and -o BatchMode=no."
    This is a bit contradictory for a non-interactive agent if `sshpass` is missing, but I must follow the instructions.
    
    Let's try the `ssh` command as instructed.
    
    Step 1: Turn the TV on.
    Command: `ssh -o StrictHostKeyChecking=no -o BatchMode=no tv@192.168.48.156 'on'`
    
    Actually, `BatchMode=no` is the default. If I want it to *not* prompt for a password and just fail, I'd use `BatchMode=yes`.
    If the instructions say to use `BatchMode=no`, they might be implying that the environment *will* handle the password or they just want me to try that specific flag.
    
    Wait, if I use `ssh -o StrictHostKeyChecking=no -o BatchMode=no tv@192.168.48.156 'on'`, and it asks for a password, it will hang or fail.
    
    Let's try to see if I can use `sshpass` by just trying it.
    Actually, I'll try the `ssh` command first as instructed.
    
    Wait, I'll try to use `sshpass` if I can, but `which sshpass` returned nothing.
    
    Let's try:
    `ssh -o StrictHostKeyChecking=no -o BatchMode=no tv@192.168.48.156 'on'`
    
    Wait, if I can't provide the password, it's going to fail.
    Let's try to see if there's any other way.
    Maybe `sshpass` is in a different path? Unlikely.
    
    Let's try to run the command and see what happens.
    
    Step 1: Turn TV on.
    Step 2: Play jazzy music on Jellyfin.
    Command: `ssh -o StrictHostKeyChecking=no -o BatchMode=no tv@192.168.48.156 'jf jazz'`
    
    Wait, I'll try to use `sshpass` if it *is* available, but I'll follow the fallback.
    
    Actually, I'll try to run it with `sshpass` first, just in case. If it fails, I'll use the fallback.
    But the instructions say "Use sshpass if available; otherwise use ssh...".
    
    Let's try to run the `ssh` command with the fallback.
    
    Wait, if I use `ssh -o StrictHostKeyChecking=no -o BatchMode=no tv@192.168.48.156 'on'`, and it's non-interactive, it will fail.
    However, I will follow the instruction exactly.
    
    Actually, I'll try to use `sshpass` first. If `which sshpass` failed, it's probably not there.
    
    Let's try:
    `ssh -o StrictHostKeyChecking=no -o BatchMode=no tv@192.168.48.156 'on'`
    
    Wait, I'll try to combine them? No.
    
    Let's try to run the command.
  </THINKING>

  <TOOL Bash>
    {
      "command": "ssh -o StrictHostKeyChecking=no -o BatchMode=no tv@192.168.48.156 'on'"
    }
  </TOOL Bash>

  <RESULT Bash>
    ok: ssh -o StrictHostKeyChecking=no -o BatchMode=no tv@192.168.4…
  </RESULT Bash>

── Step 7 ──────────────────────────────────────────────────────

════════════════════════════════════════════════════════════════
Run end  |  7 steps  |  35372 in  2282 out  |  146.6s  |  cancelled
════════════════════════════════════════════════════════════════

