════════════════════════════════════════════════════════════════
Run  2026-06-02 03:39:38  |  local  |  chat
════════════════════════════════════════════════════════════════

<USER>
  <task>
  What is the output of the following Python code?
  
  ```python
  def f(text, char, min_count):
      count = text.count(char)
      if count < min_count:
          return text.swapcase()
      return text
  ```
  
  Call: `f("wwwwhhhtttpp", 'w', 3)`
  
  Think step by step. Use the tools available to gather information. When you have a final answer, write it on the last line as:
  Final Answer: <your answer>
  </task>
  
  Complete the task. Run the command in success_criteria and include the output in your final response. Report clearly whether it passed or failed.
</USER>

── Step 1 ──────────────────────────────────────────────────────

  <THINKING>
    The user wants to find the output of a specific Python function call.
    
    Function definition:
    ```python
    def f(text, char, min_count):
        count = text.count(char)
        if count < min_count:
            return text.swapcase()
        return text
    ```
    
    Call: `f("wwwwhhhtttpp", 'w', 3)`
    
    Step-by-step analysis:
    1.  `text` = "wwwwhhhtttpp"
    2.  `char` = 'w'
    3.  `min_count` = 3
    4.  `count = text.count('w')`
        - In "wwwwhhhtttpp", 'w' appears 4 times.
    5.  `count` (4) < `min_count` (3) is `4 < 3`, which is `False`.
    6.  The `if` block is skipped.
    7.  The function returns `text`, which is "wwwwhhhtttpp".
    
    Wait, let me double check.
    `text.count('w')` in "wwwwhhhtttpp" is indeed 4.
    `4 < 3` is `False`.
    So it returns `text`.
    
    Wait, let me check if I missed anything.
    `text` = "wwwwhhhtttpp"
    `char` = 'w'
    `min_count` = 3
    `text.count('w')` -> 4
    `4 < 3` -> False
    Returns "wwwwhhhtttpp"
    
    Let's verify this with a script.
  </THINKING>

  <TOOL Write>
    {
      "content": "def f(text, char, min_count):\n    count = text.count(char)\n    if count \u003c min_count:\n        return text.swapcase()\n    return text\n\nprint(f(\"wwwwhhhtttpp\", 'w', 3))\n",
      "file_path": "solution.py"
    }
  </TOOL Write>

  <RESULT Write>
    error: relative_path
  </RESULT Write>

── Step 2 ──────────────────────────────────────────────────────

  <THINKING>
    Okay, I need to provide an absolute path. I'll check the current directory first.
  </THINKING>

  <TOOL Bash>
    {
      "command": "pwd"
    }
  </TOOL Bash>

  <RESULT Bash>
    ok: pwd
  </RESULT Bash>

── Step 3 ──────────────────────────────────────────────────────

  <THINKING>
    Okay, I need to use an absolute path for `Write`. I'll use `/home/ejumps/HalfaCloud/Jumperpedia/Projects/Repos/Aunic2.0/scripts/solution.py`.
    
    Wait, I can just use `Bash` to write the file if I want to avoid absolute path issues with `Write`, but `Write` is better if I can get the path.
    
    Actually, I'll just use `Bash` to create the file.
  </THINKING>

  <TOOL Bash>
    {
      "command": "cat \u003c\u003cEOF \u003e solution.py\ndef f(text, char, min_count):\n    count = text.count(char)\n    if count \u003c min_count:\n        return text.swapcase()\n    return text\n\nprint(f(\"wwwwhhhtttpp\", 'w', 3))\nEOF\n"
    }
  </TOOL Bash>

  <RESULT Bash>
    ok: cat <<EOF > solution.py
def f(text, char, min_count):
    co…
  </RESULT Bash>

── Step 4 ──────────────────────────────────────────────────────

  <TOOL Bash>
    {
      "command": "python3 solution.py"
    }
  </TOOL Bash>

  <RESULT Bash>
    ok: python3 solution.py
  </RESULT Bash>

── Step 5 ──────────────────────────────────────────────────────

  <RESPONSE>
    The Python code defines a function `f(text, char, min_count)` that counts the occurrences of `char` in `text`. If the count is less than `min_count`, it returns the text with its case swapped using `swapcase()`; otherwise, it returns the original text.
    
    In the call `f("wwwwhhhtttpp", 'w', 3)`:
    1. `text` is `"wwwwhhhtttpp"`.
    2. `char` is `'w'`.
    3. `min_count` is `3`.
    4. `text.count('w')` is `4`.
    5. Since `4 < 3` is `False`, the function returns the original `text`.
    
    The output is `wwwwhhhtttpp`.
    
    Final Answer: wwwwhhhtttpp
  </RESPONSE>

════════════════════════════════════════════════════════════════
Run end  |  5 steps  |  23804 in  880 out  |  23.9s  |  chat
════════════════════════════════════════════════════════════════

