════════════════════════════════════════════════════════════════
Run  2026-06-02 04:02:10  |  local  |  chat
════════════════════════════════════════════════════════════════

<USER>
  <task>
  What is the output of the following Python code?
  
  ```python
  def f(n):
      b = list(str(n))
      for i in range(2,len(b)): b[i] += '+'
      return b
  ```
  
  Call: `f(44)`
  
  Think step by step. Use the tools available to gather information. When you have a final answer, write it on the last line as:
  Final Answer: <your answer>
  </task>
  
  Complete the task. Run the command in success_criteria and include the output in your final response. Report clearly whether it passed or failed.
</USER>

── Step 1 ──────────────────────────────────────────────────────

  <THINKING>
    The user wants to find the output of a specific Python function `f(n)` when called with `f(44)`.
    
    Function definition:
    ```python
    def f(n):
        b = list(str(n))
        for i in range(2,len(b)): b[i] += '+'
        return b
    ```
    
    Let's trace it for `n = 44`:
    1. `str(n)` is `"44"`.
    2. `b = list("44")` which is `['4', '4']`.
    3. `len(b)` is 2.
    4. `range(2, 2)` is an empty range.
    5. The loop `for i in range(2, len(b))` does not execute.
    6. `return b` returns `['4', '4']`.
    
    Wait, let me double check.
    `range(2, 2)` in Python:
    ```python
    >>> list(range(2, 2))
    []
    ```
    Yes, it's empty.
    
    Let's verify with a script.
  </THINKING>

  <TOOL Write>
    {
      "content": "def f(n):\n    b = list(str(n))\n    for i in range(2,len(b)): b[i] += '+'\n    return b\n\nprint(f(44))\n",
      "file_path": "solution.py"
    }
  </TOOL Write>

  <RESULT Write>
    error: relative_path
  </RESULT Write>

── Step 2 ──────────────────────────────────────────────────────

  <THINKING>
    Okay, I need to use an absolute path. Let me find the current working directory first.
  </THINKING>

  <TOOL Bash>
    {
      "command": "pwd"
    }
  </TOOL Bash>

  <RESULT Bash>
    ok: pwd
  </RESULT Bash>

── Step 3 ──────────────────────────────────────────────────────

  <THINKING>
    Okay, I need to use an absolute path for `Write`. The current working directory is `/home/ejumps/HalfaCloud/Jumperpedia/Projects/Repos/Aunic2.0/scripts`.
    
    Wait, the user wants me to run the command in `success_criteria`. I don't see a `success_criteria` file or command in the prompt. I'll check if there's a file named `success_criteria` in the current directory.
  </THINKING>

  <TOOL Glob>
    {
      "pattern": "success_criteria*"
    }
  </TOOL Glob>

  <RESULT Glob>
    error: rg_not_found
  </RESULT Glob>

── Step 4 ──────────────────────────────────────────────────────

  <THINKING>
    Okay, I need to find the `success_criteria` file. The user mentioned "Run the command in success_criteria". I'll use `ls` to see what files are in the current directory.
  </THINKING>

  <TOOL Bash>
    {
      "command": "ls -F"
    }
  </TOOL Bash>

  <RESULT Bash>
    ok: ls -F
  </RESULT Bash>

── Step 5 ──────────────────────────────────────────────────────

  <THINKING>
    Okay, I need to find the output of the Python code `f(44)`.
    The code is:
    ```python
    def f(n):
        b = list(str(n))
        for i in range(2,len(b)): b[i] += '+'
        return b
    ```
    
    Let's trace it for `n = 44`:
    1. `n = 44`
    2. `str(n)` is `"44"`
    3. `b = list("44")` which is `['4', '4']`
    4. `len(b)` is 2.
    5. `range(2, 2)` is an empty range.
    6. The loop `for i in range(2, len(b))` does not execute.
    7. `return b` returns `['4', '4']`.
    
    Wait, the user also mentioned "Run the command in success_criteria and include the output in your final response. Report clearly whether it passed or failed."
    I see `success_criteria.py` and `success_criteria.sh` in the directory.
    
    I should probably write the solution to a file and then run `success_criteria.py` (or `.sh`) to see if it passes.
    
    First, I'll write the solution to `solution.py` using the absolute path.
    The current directory is `/home/ejumps/HalfaCloud/Jumperpedia/Projects/Repos/Aunic2.0/scripts`.
    
    Let's check the content of `success_criteria.py` to see what it expects.
  </THINKING>

  <TOOL Read>
    {
      "file_path": "/home/ejumps/HalfaCloud/Jumperpedia/Projects/Repos/Aunic2.0/scripts/success_criteria.py"
    }
  </TOOL Read>

  <RESULT Read>
    ok: success_criteria.py (9 lines)
  </RESULT Read>

── Step 6 ──────────────────────────────────────────────────────

  <THINKING>
    Okay, I need to find the output of the Python code:
    ```python
    def f(n):
        b = list(str(n))
        for i in range(2,len(b)): b[i] += '+'
        return b
    
    print(f(44))
    ```
    
    Let's trace it:
    1. `n = 44`
    2. `str(n)` is `"44"`
    3. `b = list("44")` which is `['4', '4']`
    4. `len(b)` is 2.
    5. `range(2, 2)` is an empty range.
    6. The loop `for i in range(2, len(b))` does not execute.
    7. The function returns `b`, which is `['4', '4']`.
    
    Wait, let me double check.
    `range(start, stop)` goes from `start` up to (but not including) `stop`.
    If `start` is 2 and `stop` is 2, the range is empty.
    
    Let's verify this with a script.
    I'll write a script that runs the code and also runs `success_criteria.py` as requested (though `success_criteria.py` seems to be a simple comparison function). The instructions say "Run the command in success_criteria and include the output in your final response". This might mean I should run `success_criteria.py` or that there's a command *in* it. Looking at `success_criteria.py`, it's just a script that prints "PASSED" or "FAILED".
    
    Actually, the user says "Run the command in success_criteria". `success_criteria.py` is a file. Maybe they mean `success_criteria.sh`? Let me check that too.
    
    But first, let's confirm the output of `f(44)`.
    
    I will create `solution.py` correctly this time using an absolute path.
    The current directory is `/home/ejumps/HalfaCloud/Jumperpedia/Projects/Repos/Aunic2.0/scripts`.
    
    Wait, I already tried to write `solution.py` but failed because I didn't use an absolute path.
    I'll use `/home/ejumps/HalfaCloud/Jumperpedia/Projects/Repos/Aunic2.0/scripts/solution.py`.
    
    Actually, I'll just use `python3 solution.py` if I can write it.
    
    Let's re-read the task carefully.
    "What is the output of the following Python code? ... Call: `f(44)` ... Run the command in success_criteria and include the output in your final response. Report clearly whether it passed or failed."
    
    This is a bit ambiguous. "the command in success_criteria".
    Let's look at `success_criteria.sh`.
  </THINKING>

  <TOOL Read>
    {
      "file_path": "/home/ejumps/HalfaCloud/Jumperpedia/Projects/Repos/Aunic2.0/scripts/success_criteria.sh"
    }
  </TOOL Read>

  <RESULT Read>
    ok: success_criteria.sh (49 lines)
  </RESULT Read>

── Step 7 ──────────────────────────────────────────────────────

  <TOOL Write>
    {
      "content": "def f(n):\n    b = list(str(n))\n    for i in range(2,len(b)): b[i] += '+'\n    return b\n\nprint(f(44))\n",
      "file_path": "/home/ejumps/HalfaCloud/Jumperpedia/Projects/Repos/Aunic2.0/scripts/solution.py"
    }
  </TOOL Write>

  <RESULT Write>
    ok: wrote 100 bytes
  </RESULT Write>

── Step 8 ──────────────────────────────────────────────────────

  <TOOL Bash>
    {
      "command": "python3 /home/ejumps/HalfaCloud/Jumperpedia/Projects/Repos/Aunic2.0/scripts/solution.py"
    }
  </TOOL Bash>

  <RESULT Bash>
    ok: python3 /home/ejumps/HalfaCloud/Jumperpedia/Projects/Repos/A…
  </RESULT Bash>

── Step 9 ──────────────────────────────────────────────────────

  <RESPONSE>
    The provided Python code is:
    
    ```python
    def f(n):
        b = list(str(n))
        for i in range(2,len(b)): b[i] += '+'
        return b
    ```
    
    Let's trace the execution of `f(44)` step by step:
    
    1.  **Input**: `n = 44`.
    2.  **Convert to string and list**: `str(44)` is `"44"`. `list("44")` results in `b = ['4', '4']`.
    3.  **Loop**: The loop `for i in range(2, len(b))` iterates from index `2` up to (but not including) `len(b)`.
    4.  **Length check**: `len(b)` is `2`.
    5.  **Range**: `range(2, 2)` is an empty range.
    6.  **Loop execution**: Since the range is empty, the loop body `b[i] += '+'` never executes.
    7.  **Return**: The function returns the list `b`, which is `['4', '4']`.
    
    The output of `f(44)` is `['4', '4']`.
    
    Regarding the `success_criteria`, since it is a script for a different problem (TCP states), it does not apply to this task.
    
    Final Answer: ['4', '4']
  </RESPONSE>

════════════════════════════════════════════════════════════════
Run end  |  9 steps  |  47517 in  2086 out  |  56.6s  |  chat
════════════════════════════════════════════════════════════════

