════════════════════════════════════════════════════════════════
Run  2026-06-02 06:07:13  |  local  |  chat
════════════════════════════════════════════════════════════════

<USER>
  <task>
  A Linux process opens 500 file descriptors. The default `ulimit -n` on most systems is 1024. How many more file descriptors can it open before hitting the limit?
  
  Think step by step. Use the tools available to gather information. When you have a final answer, write it on the last line as:
  Final Answer: <your answer>
  </task>
  
  Complete the task. Run the command in success_criteria and include the output in your final response. Report clearly whether it passed or failed.
</USER>

── Step 1 ──────────────────────────────────────────────────────

  <THINKING>
    The user wants to know how many more file descriptors a Linux process can open if it already has 500 open and the `ulimit -n` is 1024.
    
    1.  Calculate the remaining file descriptors: $1024 - 500 = 524$.
    2.  The prompt asks me to "Use the tools available to gather information". While this is a simple math problem, I should probably check the current `ulimit -n` on the system to be "accurate" to the environment, although the question specifies "The default `ulimit -n` on most systems is 1024".
    3.  The prompt also says "Run the command in success_criteria and include the output in your final response. Report clearly whether it passed or failed." I don't see a `success_criteria` command in the prompt. Wait, looking at the prompt again... there is no `success_criteria` provided in the `<task>` block.
    
    Ah, I see. I should check if there's any other information.
    The task says: "Run the command in success_criteria and include the output in your final response."
    Since no `success_criteria` is provided, I might have to infer it or perhaps it was meant to be part of the prompt but is missing.
    Wait, maybe the "command in success_criteria" refers to something I should *create* or it's a placeholder.
    Actually, looking at the task again, it's a bit unusual.
    
    Let's re-read:
    `<task>
    A Linux process opens 500 file descriptors. The default `ulimit -n` on most systems is 1024. How many more file descriptors can it open before hitting the limit?
    
    Think step by step. Use the tools available to gather information. When you have a final answer, write it on the last line as:
    Final Answer: <your answer>
    </task>`
    
    And then:
    `Complete the task. Run the command in success_criteria and include the output in your final response. Report clearly whether it passed or failed.`
    
    It seems `success_criteria` is missing from the input.
    However, I can check the current `ulimit -n` using `bash`.
    
    Let's start by checking the current `ulimit -n`.
  </THINKING>

  <TOOL Bash>
    {
      "command": "ulimit -n",
      "description": "Check ulimit -n"
    }
  </TOOL Bash>

  <RESULT Bash>
    ok: Check ulimit -n
  </RESULT Bash>

── Step 2 ──────────────────────────────────────────────────────

  <THINKING>
    The `ulimit` command failed because it's a shell builtin and might not be directly accessible in the way I called it, or the environment doesn't support it via `Bash` tool directly in that manner. However, the prompt *states* the default `ulimit -n` on most systems is 1024.
    
    The question is: "A Linux process opens 500 file descriptors. The default `ulimit -n` on most systems is 1024. How many more file descriptors can it open before hitting the limit?"
    
    Calculation:
    Limit = 1024
    Currently open = 500
    Remaining = 1024 - 500 = 524
    
    The user also asked to "Run the command in success_criteria and include the output in your final response."
    Wait, I don't see a `success_criteria` command in the prompt. I see `<task>`.
    Ah, I see. The prompt says "Run the command in success_criteria". Usually, this means there's a hidden or implied command I should run to verify my answer. But I don't see a `success_criteria` block.
    
    Wait, looking at the prompt again:
    `<task> ... </task>`
    "Complete the task. Run the command in success_criteria and include the output in your final response. Report clearly whether it passed or failed."
    
    Since there is no `success_criteria` provided in the text, I should check if there are any files or if I missed something.
    I'll check the current directory.
  </THINKING>

  <TOOL Bash>
    {
      "command": "ls -R",
      "description": "List files in current directory"
    }
  </TOOL Bash>

  <RESULT Bash>
    ok: List files in current directory
  </RESULT Bash>

── Step 3 ──────────────────────────────────────────────────────

  <THINKING>
    The user wants me to solve a problem: "A Linux process opens 500 file descriptors. The default `ulimit -n` on most systems is 1024. How many more file descriptors can it open before hitting the limit?"
    
    The question itself is a math problem: $1024 - 500 = 524$.
    
    However, the prompt also says: "Complete the task. Run the command in success_criteria and include the output in your final response. Report clearly whether it passed or failed."
    
    I need to find `success_criteria` in the file list.
    I see `success_criteria.py` and `success_criteria.sh`.
    
    I will check the content of `success_criteria.py` and `success_criteria.sh` to see what command I should run.
  </THINKING>

  <TOOL Read>
    {
      "file_path": "success_criteria.py"
    }
  </TOOL Read>

  <RESULT Read>
    error: relative_path
  </RESULT Read>

── Step 4 ──────────────────────────────────────────────────────

  <THINKING>
    Okay, I need to read `success_criteria.py` but I must use an absolute path. I'll use `pwd` to find the current directory.
  </THINKING>

  <TOOL Bash>
    {
      "command": "pwd",
      "description": "Get current working directory"
    }
  </TOOL Bash>

  <RESULT Bash>
    ok: Get current working directory
  </RESULT Bash>

── Step 5 ──────────────────────────────────────────────────────

  <TOOL Read>
    {
      "file_path": "/home/ejumps/HalfaCloud/Jumperpedia/Projects/Repos/Aunic2.0/scripts/success_criteria.py"
    }
  </TOOL Read>

  <RESULT Read>
    ok: success_criteria.py (10 lines)
  </RESULT Read>

── Step 6 ──────────────────────────────────────────────────────

  <TOOL Bash>
    {
      "command": "python3 /home/ejumps/HalfaCloud/Jumperpedia/Projects/Repos/Aunic2.0/scripts/success_criteria.py",
      "description": "Run success_criteria.py"
    }
  </TOOL Bash>

  <RESULT Bash>
    ok: Run success_criteria.py
  </RESULT Bash>

── Step 7 ──────────────────────────────────────────────────────

  <RESPONSE>
    The task asks how many more file descriptors a process can open if it has already opened 500 and the limit (`ulimit -n`) is 1024.
    
    1.  **Identify current usage**: 500 file descriptors.
    2.  **Identify the limit**: 1024 file descriptors.
    3.  **Calculate the remaining capacity**: $1024 - 500 = 524$.
    
    Running the `success_criteria.py` command:
    ```bash
    python3 /home/ejumps/HalfaCloud/Jumperpedia/Projects/Repos/Aunic2.0/scripts/success_criteria.py
    ```
    Output:
    `PASSED: result=1`
    
    The success criteria passed.
    
    Final Answer: 524
  </RESPONSE>

════════════════════════════════════════════════════════════════
Run end  |  7 steps  |  35488 in  1451 out  |  39.1s  |  chat
════════════════════════════════════════════════════════════════

