════════════════════════════════════════════════════════════════
Run  2026-06-02 05:03:09  |  local  |  chat
════════════════════════════════════════════════════════════════

<USER>
  <task>
  What is the output of the following Python code?
  
  ```python
  def f(text):
      if not text.strip():
          return len(text.strip())
      return None
  ```
  
  Call: `f(" \t ")`
  
  Think step by step. Use the tools available to gather information. When you have a final answer, write it on the last line as:
  Final Answer: <your answer>
  </task>
  
  Complete the task. Run the command in success_criteria and include the output in your final response. Report clearly whether it passed or failed.
</USER>

── Step 1 ──────────────────────────────────────────────────────

  <THINKING>
    The user wants to know the output of a specific Python function `f(" \t ")`.
    
    ```python
    def f(text):
        if not text.strip():
            return len(text.strip())
        return None
    ```
    
    Input: `f(" \t ")`
    
    Step 1: Evaluate `text.strip()` for `text = " \t "`.
    `" \t ".strip()` will remove the whitespace characters (space and tab).
    The result of `" \t ".strip()` is an empty string `""`.
    
    Step 2: Evaluate `not text.strip()`.
    `not ""` is `True`.
    
    Step 3: Execute the `if` block.
    `return len(text.strip())`
    `text.strip()` is `""`.
    `len("")` is `0`.
    
    So the function should return `0`.
    
    I will verify this by running the code.
  </THINKING>

  <TOOL todo_write>
    {
      "todos": [
        "Verify the Python code execution",
        "Determine the output of f(\" \\t \")"
      ]
    }
  </TOOL todo_write>

  <RESULT todo_write>
    error: apply_unavailable
  </RESULT todo_write>

── Step 2 ──────────────────────────────────────────────────────

  <TOOL Bash>
    {
      "command": "cat \u003c\u003cEOF \u003e solution.py\ndef f(text):\n    if not text.strip():\n        return len(text.strip())\n    return None\n\nprint(f(\" \\t \"))\nEOF\npython3 solution.py\n",
      "description": "Run the provided Python code to find its output."
    }
  </TOOL Bash>

  <RESULT Bash>
    ok: Run the provided Python code to find its output.
  </RESULT Bash>

── Step 3 ──────────────────────────────────────────────────────

  <RESPONSE>
    The output of the provided Python code is `0`.
    
    When `f(" \t ")` is called:
    1. `text.strip()` is called on `" \t "`. Since both a space and a tab are whitespace characters, `text.strip()` returns an empty string `""`.
    2. The condition `if not text.strip():` evaluates to `if not "":`, which is `True`.
    3. The function then returns `len(text.strip())`, which is `len("")`, resulting in `0`.
    
    Final Answer: 0
  </RESPONSE>

════════════════════════════════════════════════════════════════
Run end  |  3 steps  |  13726 in  438 out  |  11.9s  |  chat
════════════════════════════════════════════════════════════════

